 ntfsfile

 Timestamp is 5dfcb48c (Fri Dec 20 14:46:20 2019)

 Preferred load address is 0000000061000000

 Start         Length     Name                   Class
 0001:00000000 0005a061H .text                   CODE
 0001:0005a100 0000654dH .text$                  CODE
 0001:00060650 0000a016H .text$x                 CODE
 0001:0006a670 000001e0H .text$yc                CODE
 0001:0006a850 00000262H .text$yd                CODE
 0002:00000000 00000470H .idata$5                DATA
 0002:00000470 00000008H .CRT$XCA                DATA
 0002:00000478 00000038H .CRT$XCU                DATA
 0002:000004b0 00000008H .CRT$XCZ                DATA
 0002:000004b8 00000008H .CRT$XIA                DATA
 0002:000004c0 00000010H .CRT$XIC                DATA
 0002:000004d0 00000008H .CRT$XIZ                DATA
 0002:000004d8 00000008H .CRT$XPA                DATA
 0002:000004e0 00000008H .CRT$XPZ                DATA
 0002:000004e8 00000008H .CRT$XTA                DATA
 0002:000004f0 00000008H .CRT$XTZ                DATA
 0002:00000500 000080e6H .rdata                  DATA
 0002:000085e8 00000066H .rdata$debug            DATA
 0002:00008650 0000130cH .rdata$r                DATA
 0002:00009960 00000008H .rtc$IAA                DATA
 0002:00009968 00000008H .rtc$IZZ                DATA
 0002:00009970 00000008H .rtc$TAA                DATA
 0002:00009978 00000008H .rtc$TZZ                DATA
 0002:00009980 00011348H .xdata                  DATA
 0002:0001acc8 000003d4H .xdata$x                DATA
 0002:0001b09c 00000078H .idata$2                DATA
 0002:0001b114 00000014H .idata$3                DATA
 0002:0001b128 00000470H .idata$4                DATA
 0002:0001b598 00000a7cH .idata$6                DATA
 0002:0001c020 0000015bH .edata                  DATA
 0003:00000000 00001880H .data                   DATA
 0003:00001880 000016d0H .bss                    DATA
 0004:00000000 00003ab0H .pdata                  DATA
 0005:00000000 00000058H .rsrc$01                DATA
 0005:00000060 00000318H .rsrc$02                DATA

  Address         Publics by Value              Rva+Base               Lib:Object

 0000:00000000       ___safe_se_handler_count   0000000000000000     <absolute>
 0000:00000000       ___safe_se_handler_table   0000000000000000     <absolute>
 0000:00000000       __ImageBase                0000000061000000     <linker-defined>
 0001:00000000       ?message@MsgError@@UEBA?AVUnicodeString@col@@XZ 0000000061001000 f i main.obj
 0001:00000010       ?get_system_message@@YA?AVUnicodeString@col@@K@Z 0000000061001010 f i main.obj
 0001:000000e0       ?message@SystemError@@UEBA?AVUnicodeString@col@@XZ 00000000610010e0 f i main.obj
 0001:00000110       ??1NtfsVolume@@QEAA@XZ     0000000061001110 f i main.obj
 0001:00000150       ?close@NtfsVolume@@QEAAXXZ 0000000061001150 f i main.obj
 0001:000001d0       ??0SystemError@@QEAA@AEBV0@@Z 00000000610011d0 f i main.obj
 0001:00000200       ??0Error@@QEAA@AEBV0@@Z    0000000061001200 f i main.obj
 0001:00000220       ??0FileAnalyzer@@QEAA@XZ   0000000061001220 f i main.obj
 0001:00000320       ??1FileAnalyzer@@QEAA@XZ   0000000061001320 f i main.obj
 0001:00000440       ?str_to_char_info@@YA?AV?$Array@UFAR_CHAR_INFO@@@col@@AEBVUnicodeString@2@AEBV?$Array@UFarColor@@@2@@Z 0000000061001440 f   main.obj
 0001:00000530       ?fmt_char_cnt@@YAIAEBVUnicodeString@col@@@Z 0000000061001530 f   main.obj
 0001:00000560       ?far_get_text@@YA?AVUnicodeString@col@@PEAX_K@Z 0000000061001560 f   main.obj
 0001:00000620       ?display_file_info@FileAnalyzer@@QEAAX_N@Z 0000000061001620 f   main.obj
 0001:0000dc30       ??1MsgError@@QEAA@XZ       000000006100ec30 f i main.obj
 0001:0000dc50       ??0MsgError@@QEAA@AEBV0@@Z 000000006100ec50 f i main.obj
 0001:0000dc90       ?process_file@FileAnalyzer@@QEAAXAEAVFileInfo@@_N@Z 000000006100ec90 f   main.obj
 0001:0000e220       ?process_recursive@FileAnalyzer@@QEAAXAEBVUnicodeString@col@@@Z 000000006100f220 f   main.obj
 0001:0000e5d0       ?panel_go_to_file@@YA_NAEBVUnicodeString@col@@@Z 000000006100f5d0 f   main.obj
 0001:0000e9c0       GetGlobalInfoW             000000006100f9c0 f   main.obj
 0001:0000ea40       OPENSSL_cpuid_setup        000000006100fa40 f   main.obj
 0001:0000ea50       SetStartupInfoW            000000006100fa50 f   main.obj
 0001:0000eb10       GetPluginInfoW             000000006100fb10 f   main.obj
 0001:0000eb90       ?process@FileAnalyzer@@QEAAXXZ 000000006100fb90 f   main.obj
 0001:0000eed0       ?th_proc@FileAnalyzer@@SAIPEAX@Z 000000006100fed0 f   main.obj
 0001:0000ef00       ?dialog_handler@FileAnalyzer@@QEAA_J_J0PEAX@Z 000000006100ff00 f   main.obj
 0001:0000f1d0       ?dlg_proc@FileAnalyzer@@SA_JPEAX_J10@Z 00000000610101d0 f   main.obj
 0001:0000f260       ?file_list_from_cmdline@@YA_NAEBVUnicodeString@col@@AEAV?$ObjectArray@VUnicodeString@col@@@2@AEAV12@@Z 0000000061010260 f   main.obj
 0001:0000f450       ?get_unicode_file_path@@YA?AVUnicodeString@col@@AEBUPluginPanelItem@@AEBV12@_N@Z 0000000061010450 f   main.obj
 0001:0000f480       ?file_list_from_panel@@YA_NAEAV?$ObjectArray@VUnicodeString@col@@@col@@_N@Z 0000000061010480 f   main.obj
 0001:0000f830       ?plugin_show_metadata@@YAXAEBV?$ObjectArray@VUnicodeString@col@@@col@@@Z 0000000061010830 f   main.obj
 0001:0000f9c0       ?plugin_process_contents@@YAXAEBV?$ObjectArray@VUnicodeString@col@@@col@@@Z 00000000610109c0 f   main.obj
 0001:0000fad0       ??1ContentInfo@@QEAA@XZ    0000000061010ad0 f i main.obj
 0001:0000fb70       OpenW                      0000000061010b70 f   main.obj
 0001:00011050       ClosePanelW                0000000061012050 f   main.obj
 0001:00011070       GetOpenPanelInfoW          0000000061012070 f   main.obj
 0001:00011090       GetFindDataW               0000000061012090 f   main.obj
 0001:000110d0       FreeFindDataW              00000000610120d0 f   main.obj
 0001:00011140       SetDirectoryW              0000000061012140 f   main.obj
 0001:000111e0       ConfigureW                 00000000610121e0 f   main.obj
 0001:000115a0       ??1FilePanelMode@@QEAA@XZ  00000000610125a0 f i main.obj
 0001:00011620       ??4FilePanelMode@@QEAAAEAU0@AEBU0@@Z 0000000061012620 f i main.obj
 0001:00011770       ProcessPanelInputW         0000000061012770 f   main.obj
 0001:000117d0       ProcessSynchroEventW       00000000610127d0 f   main.obj
 0001:00011800       DllMain                    0000000061012800 f   main.obj
 0001:00011820       ??1?$ObjectArray@VUnicodeString@col@@@col@@QEAA@XZ 0000000061012820 f i main.obj
 0001:00011830       ?extend@?$ObjectArray@V?$Array@PEB_W@col@@@col@@QEAAAEAV12@_K@Z 0000000061012830 f i file_panel.obj
 0001:00011830       ?extend@?$ObjectArray@VUnicodeString@col@@@col@@QEAAAEAV12@_K@Z 0000000061012830 f i main.obj
 0001:000118d0       ?item@?$ObjectArray@VUnicodeString@col@@@col@@QEAAAEAVUnicodeString@2@_K@Z 00000000610128d0 f i main.obj
 0001:00011910       ??Y?$ObjectArray@VUnicodeString@col@@@col@@QEAAAEAV01@AEBVUnicodeString@1@@Z 0000000061012910 f i main.obj
 0001:00011940       ??0?$Array@E@col@@QEAA@XZ  0000000061012940 f i main.obj
 0001:000119c0       ?item@?$Array@UFarDialogItem@@@col@@QEAAAEAUFarDialogItem@@_K@Z 00000000610129c0 f i main.obj
 0001:00011a30       ??1?$ObjectArray@UAttrInfo@@@col@@QEAA@XZ 0000000061012a30 f i main.obj
 0001:00011aa0       ??1?$ObjectArray@UFileNameAttr@@@col@@QEAA@XZ 0000000061012aa0 f i main.obj
 0001:00011b10       ?buf@?$Array@UFarColor@@@col@@QEAAPEAUFarColor@@_K@Z 0000000061012b10 f i main.obj
 0001:00011ba0       ?set_size@?$Array@UFarColor@@@col@@QEAAAEAV12@_K@Z 0000000061012ba0 f i main.obj
 0001:00011c40       ??1?$ObjectArray@VFileInfo@@@col@@QEAA@XZ 0000000061012c40 f i main.obj
 0001:00011c50       ??0?$Array@UFAR_CHAR_INFO@@@col@@QEAA@XZ 0000000061012c50 f i main.obj
 0001:00011c50       ??0?$Array@UFarListItem@@@col@@QEAA@XZ 0000000061012c50 f i dlgapi.obj
 0001:00011c50       ??0?$Array@UFarColor@@@col@@QEAA@XZ 0000000061012c50 f i main.obj
 0001:00011cd0       ??1?$Array@PEAX@col@@QEAA@XZ 0000000061012cd0 f i content.obj
 0001:00011cd0       ??1?$Array@UFarList@@@col@@QEAA@XZ 0000000061012cd0 f i content.obj
 0001:00011cd0       ??1FileVersionDialogData@@QEAA@XZ 0000000061012cd0 f i filever.obj
 0001:00011cd0       ??1?$Array@UFarMenuItem@@@col@@QEAA@XZ 0000000061012cd0 f i dlgapi.obj
 0001:00011cd0       ??1?$Array@UFarColor@@@col@@QEAA@XZ 0000000061012cd0 f i main.obj
 0001:00011cd0       ??1?$Array@UDataRun@FileInfo@@@col@@QEAA@XZ 0000000061012cd0 f i ntfs_file.obj
 0001:00011cd0       ??1?$Array@E@col@@QEAA@XZ  0000000061012cd0 f i main.obj
 0001:00011cd0       ??1?$Array@UPluginPanelItem@@@col@@QEAA@XZ 0000000061012cd0 f i file_panel.obj
 0001:00011cd0       ??1?$Array@I@col@@QEAA@XZ  0000000061012cd0 f i file_panel.obj
 0001:00011cd0       ??1?$Array@UClusterChain@@@col@@QEAA@XZ 0000000061012cd0 f i defragment.obj
 0001:00011cd0       ??1?$Array@PEB_W@col@@QEAA@XZ 0000000061012cd0 f i file_panel.obj
 0001:00011cd0       ??1?$Array@_N@col@@QEAA@XZ 0000000061012cd0 f i mftindex.obj
 0001:00011cd0       ??1?$Array@_K@col@@QEAA@XZ 0000000061012cd0 f i content.obj
 0001:00011cd0       ??1AnsiString@col@@QEAA@XZ 0000000061012cd0 f i content.obj
 0001:00011cd0       ??1?$Array@D@col@@QEAA@XZ  0000000061012cd0 f i utils.obj
 0001:00011cd0       ??1?$Array@UFarDialogItem@@@col@@QEAA@XZ 0000000061012cd0 f i main.obj
 0001:00011cd0       ??1?$Array@UFAR_CHAR_INFO@@@col@@QEAA@XZ 0000000061012cd0 f i main.obj
 0001:00011cd0       ??1UnicodeString@col@@QEAA@XZ 0000000061012cd0 f i main.obj
 0001:00011cf0       ?extend@?$Array@UFAR_CHAR_INFO@@@col@@QEAAAEAV12@_K@Z 0000000061012cf0 f i main.obj
 0001:00011dc0       ??4?$Array@UFAR_CHAR_INFO@@@col@@QEAAAEAV01@AEBV01@@Z 0000000061012dc0 f i main.obj
 0001:00011dc0       ??4UnicodeString@col@@QEAAAEAV01@AEBV01@@Z 0000000061012dc0 f i main.obj
 0001:00011e00       ?create@?$ObjectArray@V?$Array@PEB_W@col@@@col@@CAPEAUBuffer@12@PEBV?$Array@PEB_W@2@_K@Z 0000000061012e00 f i file_panel.obj
 0001:00011e00       ?create@?$ObjectArray@VUnicodeString@col@@@col@@CAPEAUBuffer@12@PEBVUnicodeString@2@_K@Z 0000000061012e00 f i main.obj
 0001:00011eb0       ?ref_resize@?$ObjectArray@V?$Array@PEB_W@col@@@col@@AEAAX_K@Z 0000000061012eb0 f i file_panel.obj
 0001:00011eb0       ?ref_resize@?$ObjectArray@VUnicodeString@col@@@col@@AEAAX_K@Z 0000000061012eb0 f i main.obj
 0001:00011f10       ?_cmp_def@?$ObjectArray@VUnicodeString@col@@@col@@CAHPEBX0@Z 0000000061012f10 f i main.obj
 0001:00011fd0       ?create@?$ObjectArray@UAttrInfo@@@col@@CAPEAUBuffer@12@PEBUAttrInfo@@_K@Z 0000000061012fd0 f i main.obj
 0001:000120e0       ?create@?$ObjectArray@UFileNameAttr@@@col@@CAPEAUBuffer@12@PEBUFileNameAttr@@_K@Z 00000000610130e0 f i main.obj
 0001:000121d0       ?create@?$ObjectArray@ULogRecord@@@col@@CAPEAUBuffer@12@PEBULogRecord@@_K@Z 00000000610131d0 f i main.obj
 0001:000121d0       ?create@?$ObjectArray@UNameValue@@@col@@CAPEAUBuffer@12@PEBUNameValue@@_K@Z 00000000610131d0 f i filever.obj
 0001:000121d0       ?create@?$ObjectArray@UListData@FarDialog@@@col@@CAPEAUBuffer@12@PEBUListData@FarDialog@@_K@Z 00000000610131d0 f i dlgapi.obj
 0001:00012290       ?resize@?$Array@UFarColor@@@col@@AEAAX_K@Z 0000000061013290 f i main.obj
 0001:00012310       ?create@?$ObjectArray@VFileInfo@@@col@@CAPEAUBuffer@12@PEBVFileInfo@@_K@Z 0000000061013310 f i main.obj
 0001:000123d0       ?clean@?$ObjectArray@VFileInfo@@@col@@AEAAXXZ 00000000610133d0 f i main.obj
 0001:00012530       ?_cmp_def@?$ObjectArray@VFileInfo@@@col@@CAHPEBX0@Z 0000000061013530 f i main.obj
 0001:00012550       ?replace@?$ObjectArray@VUnicodeString@col@@@col@@QEAAAEAV12@_K0PEBVUnicodeString@2@0@Z 0000000061013550 f i main.obj
 0001:000128b0       ?replace@?$Array@UFarColor@@@col@@QEAAAEAV12@_K0PEBUFarColor@@0@Z 00000000610138b0 f i main.obj
 0001:00012be0       ?copy_item@?$ObjectArray@VFileInfo@@@col@@CAXPEAVFileInfo@@PEBV3@@Z 0000000061013be0 f i main.obj
 0001:00012c90       ?clean_item@?$ObjectArray@VFileInfo@@@col@@CAXPEAVFileInfo@@@Z 0000000061013c90 f i main.obj
 0001:00012c90       ??1FileInfo@@QEAA@XZ       0000000061013c90 f i main.obj
 0001:00012cf0       ?ref_resize@?$ObjectArray@VFileInfo@@@col@@AEAAX_K@Z 0000000061013cf0 f i main.obj
 0001:00012d50       ?alloc@?$Array@UFarList@@@col@@AEAAPEAUBuffer@12@_K@Z 0000000061013d50 f i dlgapi.obj
 0001:00012d50       ?alloc@?$Array@UFarListItem@@@col@@AEAAPEAUBuffer@12@_K@Z 0000000061013d50 f i dlgapi.obj
 0001:00012d50       ?alloc@?$Array@UPluginPanelItem@@@col@@AEAAPEAUBuffer@12@_K@Z 0000000061013d50 f i file_panel.obj
 0001:00012d50       ?alloc@UnicodeString@col@@AEAAPEAUBuffer@12@_K@Z 0000000061013d50 f i main.obj
 0001:00012d50       ?alloc@?$Array@UFarColor@@@col@@AEAAPEAUBuffer@12@_K@Z 0000000061013d50 f i main.obj
 0001:00012d50       ?alloc@?$Array@UFAR_CHAR_INFO@@@col@@AEAAPEAUBuffer@12@_K@Z 0000000061013d50 f i main.obj
 0001:00012d50       ?alloc@?$Array@UFarMenuItem@@@col@@AEAAPEAUBuffer@12@_K@Z 0000000061013d50 f i dlgapi.obj
 0001:00012d50       ?alloc@?$Array@PEAVFilePanel@@@col@@AEAAPEAUBuffer@12@_K@Z 0000000061013d50 f i file_panel.obj
 0001:00012d50       ?alloc@?$Array@I@col@@AEAAPEAUBuffer@12@_K@Z 0000000061013d50 f i file_panel.obj
 0001:00012d50       ?alloc@?$Array@E@col@@AEAAPEAUBuffer@12@_K@Z 0000000061013d50 f i content.obj
 0001:00012d50       ?alloc@?$Array@UClusterChain@@@col@@AEAAPEAUBuffer@12@_K@Z 0000000061013d50 f i defragment.obj
 0001:00012d50       ?alloc@?$Array@PEAX@col@@AEAAPEAUBuffer@12@_K@Z 0000000061013d50 f i content.obj
 0001:00012d50       ?alloc@AnsiString@col@@AEAAPEAUBuffer@12@_K@Z 0000000061013d50 f i content.obj
 0001:00012d50       ?alloc@?$Array@_K@col@@AEAAPEAUBuffer@12@_K@Z 0000000061013d50 f i ntfs_file.obj
 0001:00012d50       ?alloc@?$Array@UFarDialogItem@@@col@@AEAAPEAUBuffer@12@_K@Z 0000000061013d50 f i main.obj
 0001:00012d50       ?alloc@?$Array@UDataRun@FileInfo@@@col@@AEAAPEAUBuffer@12@_K@Z 0000000061013d50 f i ntfs_file.obj
 0001:00012d50       ?alloc@?$Array@PEB_W@col@@AEAAPEAUBuffer@12@_K@Z 0000000061013d50 f i file_panel.obj
 0001:00012da0       ?ref_alloc@?$ObjectArray@UPluginItemList@@@col@@AEAAPEAUBuffer@12@_K@Z 0000000061013da0 f i file_panel.obj
 0001:00012da0       ?ref_alloc@?$Array@UFarListItem@@@col@@AEAAPEAUBuffer@12@_K@Z 0000000061013da0 f i dlgapi.obj
 0001:00012da0       ?ref_alloc@?$Array@UFAR_CHAR_INFO@@@col@@AEAAPEAUBuffer@12@_K@Z 0000000061013da0 f i main.obj
 0001:00012e30       ?replace@?$Array@UFarListItem@@@col@@QEAAAEAV12@_K0PEBUFarListItem@@0@Z 0000000061013e30 f i dlgapi.obj
 0001:00012e30       ?replace@?$Array@UFAR_CHAR_INFO@@@col@@QEAAAEAV12@_K0PEBUFAR_CHAR_INFO@@0@Z 0000000061013e30 f i main.obj
 0001:00013130       ??1AttrInfo@@QEAA@XZ       0000000061014130 f i main.obj
 0001:00013150       ??1FileNameAttr@@QEAA@XZ   0000000061014150 f i main.obj
 0001:00013170       ?ref_alloc@?$Array@UFarDialogItem@@@col@@AEAAPEAUBuffer@12@_K@Z 0000000061014170 f i main.obj
 0001:00013210       ?replace@?$Array@UFarDialogItem@@@col@@QEAAAEAV12@_K0PEBUFarDialogItem@@0@Z 0000000061014210 f i main.obj
 0001:000135b0       ?ref_alloc@?$ObjectArray@VFileInfo@@@col@@AEAAPEAUBuffer@12@_K@Z 00000000610145b0 f i main.obj
 0001:00013650       ?replace@?$ObjectArray@VFileInfo@@@col@@QEAAAEAV12@_K0PEBVFileInfo@@0@Z 0000000061014650 f i main.obj
 0001:00013b70       ?compare@UnicodeString@col@@QEBAHAEBV12@@Z 0000000061014b70 f i main.obj
 0001:00013be0       ?left@UnicodeString@col@@QEBA?AV12@_K@Z 0000000061014be0 f i main.obj
 0001:00013c10       ?slice@UnicodeString@col@@QEBA?AV12@_K0@Z 0000000061014c10 f i main.obj
 0001:00013c40       ??9UnicodeString@col@@QEBA_NAEBV01@@Z 0000000061014c40 f i main.obj
 0001:00013ca0       ?set_inc@UnicodeString@col@@QEAAAEAV12@_K@Z 0000000061014ca0 f i main.obj
 0001:00013d10       ??Hcol@@YA?AVUnicodeString@0@AEBV10@AEB_W@Z 0000000061014d10 f i main.obj
 0001:00013d80       ??Hcol@@YA?AVUnicodeString@0@AEBV10@0@Z 0000000061014d80 f i main.obj
 0001:00013df0       ?search@UnicodeString@col@@QEBA_K_K0PEB_W0@Z 0000000061014df0 f i main.obj
 0001:00013ec0       ??Hcol@@YA?AVUnicodeString@0@PEB_WAEBV10@@Z 0000000061014ec0 f i main.obj
 0001:00013f60       ??Hcol@@YA?AVUnicodeString@0@AEBV10@PEB_W@Z 0000000061014f60 f i main.obj
 0001:00013fe0       ?format@UnicodeString@col@@SA?AV12@PEB_WZZ 0000000061014fe0 f i main.obj
 0001:00014050       ?remove@UnicodeString@col@@QEAAAEAV12@_K0@Z 0000000061015050 f i main.obj
 0001:00014240       ?buf@UnicodeString@col@@QEAAPEA_W_K@Z 0000000061015240 f i main.obj
 0001:000142d0       ?set_size@UnicodeString@col@@QEAAAEAV12@_K@Z 00000000610152d0 f i main.obj
 0001:00014350       ?resize@UnicodeString@col@@AEAAX_K@Z 0000000061015350 f i main.obj
 0001:000143d0       ?do_format@UnicodeString@col@@AEAAAEAV12@PEB_WPEAD@Z 00000000610153d0 f i main.obj
 0001:00014d60       ?add_fmt@UnicodeString@col@@QEAAAEAV12@PEB_WZZ 0000000061015d60 f i main.obj
 0001:00014d90       ?strip@UnicodeString@col@@QEAAAEAV12@XZ 0000000061015d90 f i main.obj
 0001:00014e20       ?ref_alloc@UnicodeString@col@@AEAAPEAUBuffer@12@_K@Z 0000000061015e20 f i main.obj
 0001:00014eb0       ?replace@UnicodeString@col@@QEAAAEAV12@_K0PEB_W0@Z 0000000061015eb0 f i main.obj
 0001:000151c0       ??1bad_alloc@std@@UEAA@XZ  00000000610161c0 f i main.obj
 0001:000151d0       ??_Ebad_alloc@std@@UEAAPEAXI@Z 00000000610161d0 f i  CIL library: CIL module
 0001:000151d0       ??_Gbad_alloc@std@@UEAAPEAXI@Z 00000000610161d0 f i main.obj
 0001:00015210       ??0bad_alloc@std@@QEAA@AEBV01@@Z 0000000061016210 f i main.obj
 0001:00015240       ?create@UnicodeString@col@@CAPEAUBuffer@12@PEB_W_K@Z 0000000061016240 f i main.obj
 0001:000152f0       ?initialize@hash_crc32@@UEAA_NXZ 00000000610162f0 f i content.obj
 0001:00015300       ?update@hash_crc32@@UEAAXPEBX_K@Z 0000000061016300 f i content.obj
 0001:00015320       ?finalize@hash_crc32@@UEAAHPEAX@Z 0000000061016320 f i content.obj
 0001:00015350       ?initialize@hash_crc16@@UEAA_NXZ 0000000061016350 f i content.obj
 0001:00015360       ?update@hash_crc16@@UEAAXPEBX_K@Z 0000000061016360 f i content.obj
 0001:000153b0       ?finalize@hash_crc16@@UEAAHPEAX@Z 00000000610163b0 f i content.obj
 0001:000153d0       ??_EIHashCalc@@UEAAPEAXI@Z 00000000610163d0 f i  CIL library: CIL module
 0001:000153d0       ??_Ghash_crc32@@UEAAPEAXI@Z 00000000610163d0 f i content.obj
 0001:000153d0       ??_Ehash_md5@@UEAAPEAXI@Z  00000000610163d0 f i  CIL library: CIL module
 0001:000153d0       ??_Ghash_md5@@UEAAPEAXI@Z  00000000610163d0 f i content.obj
 0001:000153d0       ??_Ehash_crc32@@UEAAPEAXI@Z 00000000610163d0 f i  CIL library: CIL module
 0001:000153d0       ??_GIHashCalc@@UEAAPEAXI@Z 00000000610163d0 f i content.obj
 0001:000153d0       ??_Ehash_crc16@@UEAAPEAXI@Z 00000000610163d0 f i  CIL library: CIL module
 0001:000153d0       ??_Ehash_ed2k@@UEAAPEAXI@Z 00000000610163d0 f i  CIL library: CIL module
 0001:000153d0       ??_Ghash_sha256@@UEAAPEAXI@Z 00000000610163d0 f i content.obj
 0001:000153d0       ??_Ghash_ed2k@@UEAAPEAXI@Z 00000000610163d0 f i content.obj
 0001:000153d0       ??_Ghash_crc16@@UEAAPEAXI@Z 00000000610163d0 f i content.obj
 0001:000153d0       ??_Ehash_sha1@@UEAAPEAXI@Z 00000000610163d0 f i  CIL library: CIL module
 0001:000153d0       ??_Ghash_sha1@@UEAAPEAXI@Z 00000000610163d0 f i content.obj
 0001:000153d0       ??_Ehash_sha256@@UEAAPEAXI@Z 00000000610163d0 f i  CIL library: CIL module
 0001:00015400       ??1hash_crc16@@UEAA@XZ     0000000061016400 f i content.obj
 0001:00015400       ??1hash_sha256@@UEAA@XZ    0000000061016400 f i content.obj
 0001:00015400       ??1hash_crc32@@UEAA@XZ     0000000061016400 f i content.obj
 0001:00015400       ??1hash_md5@@UEAA@XZ       0000000061016400 f i content.obj
 0001:00015400       ??1hash_sha1@@UEAA@XZ      0000000061016400 f i content.obj
 0001:00015400       ??1hash_ed2k@@UEAA@XZ      0000000061016400 f i content.obj
 0001:00015410       ?initialize@hash_md5@@UEAA_NXZ 0000000061016410 f i content.obj
 0001:00015450       ?update@hash_md5@@UEAAXPEBX_K@Z 0000000061016450 f i content.obj
 0001:00015460       ?finalize@hash_md5@@UEAAHPEAX@Z 0000000061016460 f i content.obj
 0001:00015480       ?initialize@hash_sha1@@UEAA_NXZ 0000000061016480 f i content.obj
 0001:000154d0       ?update@hash_sha1@@UEAAXPEBX_K@Z 00000000610164d0 f i content.obj
 0001:000154e0       ?finalize@hash_sha1@@UEAAHPEAX@Z 00000000610164e0 f i content.obj
 0001:00015500       ?initialize@hash_sha256@@UEAA_NXZ 0000000061016500 f i content.obj
 0001:00015560       ?update@hash_sha256@@UEAAXPEBX_K@Z 0000000061016560 f i content.obj
 0001:00015570       ?finalize@hash_sha256@@UEAAHPEAX@Z 0000000061016570 f i content.obj
 0001:00015590       ?initialize@hash_sha3_256@@UEAA_NXZ 0000000061016590 f i content.obj
 0001:000155c0       ?update@hash_sha3_256@@UEAAXPEBX_K@Z 00000000610165c0 f i content.obj
 0001:000155d0       ?finalize@hash_sha3_256@@UEAAHPEAX@Z 00000000610165d0 f i content.obj
 0001:000155f0       ??_Ghash_sha3_256@@UEAAPEAXI@Z 00000000610165f0 f i content.obj
 0001:000155f0       ??_Ehash_sha3_256@@UEAAPEAXI@Z 00000000610165f0 f i  CIL library: CIL module
 0001:00015640       ??1hash_sha3_256@@UEAA@XZ  0000000061016640 f i content.obj
 0001:00015670       ?message@LzoError@@UEBA?AVUnicodeString@col@@XZ 0000000061016670 f i content.obj
 0001:00015840       ??1hash_compress@@UEAA@XZ  0000000061016840 f i content.obj
 0001:00015880       ?initialize@hash_compress@@UEAA_NXZ 0000000061016880 f i content.obj
 0001:00015910       ?update@hash_compress@@UEAAXPEBX_K@Z 0000000061016910 f i content.obj
 0001:000159b0       ?finalize@hash_compress@@UEAAHPEAX@Z 00000000610169b0 f i content.obj
 0001:000159c0       ??_Ghash_compress@@UEAAPEAXI@Z 00000000610169c0 f i content.obj
 0001:000159c0       ??_Ehash_compress@@UEAAPEAXI@Z 00000000610169c0 f i  CIL library: CIL module
 0001:00015a10       ??0LzoError@@QEAA@AEBV0@@Z 0000000061016a10 f i content.obj
 0001:00015a40       ?initialize@hash_ed2k@@UEAA_NXZ 0000000061016a40 f i content.obj
 0001:00015a90       ?update@hash_ed2k@@UEAAXPEBX_K@Z 0000000061016a90 f i content.obj
 0001:00015ce0       ?finalize@hash_ed2k@@UEAAHPEAX@Z 0000000061016ce0 f i content.obj
 0001:00015d50       ?options_dlg_proc@@YA_JPEAX_J10@Z 0000000061016d50 f   content.obj
 0001:000160f0       ?show_options_dialog@@YA_NAEAUContentOptions@@_N@Z 00000000610170f0 f   content.obj
 0001:00016760       ??1FarDialog@@QEAA@XZ      0000000061017760 f i content.obj
 0001:00016760       ??1CompressFilesDialog@@QEAA@XZ 0000000061017760 f i compress_files.obj
 0001:00016760       ??1FilePanelModeDialog@@QEAA@XZ 0000000061017760 f i file_panel.obj
 0001:000167c0       ?ed2k_extract_hash_from_url@@YA?AVUnicodeString@col@@AEBV12@@Z 00000000610177c0 f   content.obj
 0001:000168f0       ?save_hashes_to_file@@YAXAEBVUnicodeString@col@@AEBUContentOptions@@AEBUContentInfo@@@Z 00000000610178f0 f   content.obj
 0001:000174b0       ?result_dlg_proc@@YA_JPEAX_J10@Z 00000000610184b0 f   content.obj
 0001:00017b40       ?show_result_dialog@@YAXAEBVUnicodeString@col@@AEBUContentOptions@@AEBUContentInfo@@@Z 0000000061018b40 f   content.obj
 0001:00018cc0       ??1FileOverlappedRead@@QEAA@XZ 0000000061019cc0 f i content.obj
 0001:00018d10       ??1TwoBuffer@@QEAA@XZ      0000000061019d10 f i content.obj
 0001:00018d30       ??0SharedObjects@@QEAA@XZ  0000000061019d30 f i content.obj
 0001:000197e0       ?do_update_ui@ProcessFileProgress@@MEAAXXZ 000000006101a7e0 f i content.obj
 0001:00019e10       ?process_file_content@@YAXAEBVUnicodeString@col@@AEBUContentOptions@@AEAUContentInfo@@@Z 000000006101ae10 f   content.obj
 0001:00019fe0       ??1SharedObjects@@QEAA@XZ  000000006101afe0 f i content.obj
 0001:0001a080       ?show_result_dialog@@YAXAEBUCompressionStats@@@Z 000000006101b080 f   content.obj
 0001:0001a660       ?do_update_ui@CompressFilesProgress@@MEAAXXZ 000000006101b660 f i content.obj
 0001:0001aef0       ?do_update_ui@EstimationProgress@@MEAAXXZ 000000006101bef0 f i content.obj
 0001:0001b2e0       ?estimate_file_size@@YAXAEBVUnicodeString@col@@AEAUCompressionState@@AEAVEstimationProgress@@@Z 000000006101c2e0 f   content.obj
 0001:0001b3a0       ?estimate_directory_size@@YAXAEBVUnicodeString@col@@AEAUCompressionState@@AEAVEstimationProgress@@@Z 000000006101c3a0 f   content.obj
 0001:0001b670       ?update_ui@CompressOneFileProgress@@MEAAX_N@Z 000000006101c670 f i content.obj
 0001:0001b6b0       ??1ProcessFileProgress@@UEAA@XZ 000000006101c6b0 f i content.obj
 0001:0001b6b0       ??1CompressOneFileProgress@@UEAA@XZ 000000006101c6b0 f i content.obj
 0001:0001b6b0       ??1CompressFilesProgress@@UEAA@XZ 000000006101c6b0 f i content.obj
 0001:0001b6b0       ??1Progress@?3??store_mft_index@FilePanel@@AEAAXXZ@UEAA@XZ 000000006101c6b0 f i mftindex.obj
 0001:0001b6b0       ??1Progress@?1??load_mft_index@FilePanel@@AEAAXXZ@UEAA@XZ 000000006101c6b0 f i mftindex.obj
 0001:0001b6b0       ??1FileListProgress@@UEAA@XZ 000000006101c6b0 f i file_panel.obj
 0001:0001b6b0       ??1VolumeListProgress@?1??create_mft_index@FilePanel@@AEAAXXZ@UEAA@XZ 000000006101c6b0 f i mftindex.obj
 0001:0001b6b0       ??1Progress@?1??update_mft_index_from_usn@FilePanel@@AEAAXXZ@UEAA@XZ 000000006101c6b0 f i mftindex.obj
 0001:0001b6b0       ??1EstimationProgress@@UEAA@XZ 000000006101c6b0 f i content.obj
 0001:0001b6c0       ?compress_file@@YAXAEBVUnicodeString@col@@AEAUSharedObjects@@AEAUCompressionState@@AEAVCompressFilesProgress@@@Z 000000006101c6c0 f   content.obj
 0001:0001b860       ?compress_directory@@YAXAEBVUnicodeString@col@@AEAUSharedObjects@@AEAUCompressionState@@AEAVCompressFilesProgress@@@Z 000000006101c860 f   content.obj
 0001:0001bb20       ?compress_files@@YAXAEBV?$ObjectArray@VUnicodeString@col@@@col@@AEAUCompressionStats@@@Z 000000006101cb20 f   content.obj
 0001:0001bf70       ?replace@?$Array@E@col@@QEAAAEAV12@_K0PEBE0@Z 000000006101cf70 f i content.obj
 0001:0001c250       ?clean_item@?$ObjectArray@UListData@FarDialog@@@col@@CAXPEAUListData@FarDialog@@@Z 000000006101d250 f i content.obj
 0001:0001c250       ??1LogRecord@@QEAA@XZ      000000006101d250 f i main.obj
 0001:0001c250       ??1NameValue@@QEAA@XZ      000000006101d250 f i filever.obj
 0001:0001c250       ??1CertificateInfo@@QEAA@XZ 000000006101d250 f i filever.obj
 0001:0001c250       ?clean_item@?$ObjectArray@UNameValue@@@col@@CAXPEAUNameValue@@@Z 000000006101d250 f i filever.obj
 0001:0001c250       ??1ListData@FarDialog@@QEAA@XZ 000000006101d250 f i content.obj
 0001:0001c250       ??1PanelItemData@FilePanel@@QEAA@XZ 000000006101d250 f i file_panel.obj
 0001:0001c250       ?clean_item@?$ObjectArray@ULogRecord@@@col@@CAXPEAULogRecord@@@Z 000000006101d250 f i main.obj
 0001:0001c290       ?create@AnsiString@col@@CAPEAUBuffer@12@PEBD_K@Z 000000006101d290 f i content.obj
 0001:0001c330       ??Hcol@@YA?AVAnsiString@0@PEBDAEBV10@@Z 000000006101d330 f i content.obj
 0001:0001c3d0       ?ref_alloc@AnsiString@col@@AEAAPEAUBuffer@12@_K@Z 000000006101d3d0 f i content.obj
 0001:0001c460       ?replace@AnsiString@col@@QEAAAEAV12@_K0PEBD0@Z 000000006101d460 f i content.obj
 0001:0001c6f0       ??Hcol@@YA?AVAnsiString@0@AEBV10@PEBD@Z 000000006101d6f0 f i content.obj
 0001:0001c760       ?copy_fmt@UnicodeString@col@@QEAAAEAV12@PEB_WZZ 000000006101d760 f i content.obj
 0001:0001c7b0       ?update@Keccak1600@@QEAAXPEBX_K@Z 000000006101d7b0 f   sha3.obj
 0001:0001c8a0       ?finalize@Keccak1600@@QEAAXPEAX@Z 000000006101d8a0 f   sha3.obj
 0001:0001c940       ??_ECompressFilesProgress@@UEAAPEAXI@Z 000000006101d940 f i  CIL library: CIL module
 0001:0001c940       ??_EFileListProgress@@UEAAPEAXI@Z 000000006101d940 f i  CIL library: CIL module
 0001:0001c940       ??_GProgress@?3??store_mft_index@FilePanel@@AEAAXXZ@UEAAPEAXI@Z 000000006101d940 f i mftindex.obj
 0001:0001c940       ??_ECompressOneFileProgress@@UEAAPEAXI@Z 000000006101d940 f i  CIL library: CIL module
 0001:0001c940       ??_EVolumeListProgress@?1??create_mft_index@FilePanel@@AEAAXXZ@UEAAPEAXI@Z 000000006101d940 f i  CIL library: CIL module
 0001:0001c940       ??_EProgress@?3??store_mft_index@FilePanel@@AEAAXXZ@UEAAPEAXI@Z 000000006101d940 f i  CIL library: CIL module
 0001:0001c940       ??_EProcessFileProgress@@UEAAPEAXI@Z 000000006101d940 f i  CIL library: CIL module
 0001:0001c940       ??_GProcessFileProgress@@UEAAPEAXI@Z 000000006101d940 f i content.obj
 0001:0001c940       ??_GCompressFilesProgress@@UEAAPEAXI@Z 000000006101d940 f i content.obj
 0001:0001c940       ??_GProgress@?1??update_mft_index_from_usn@FilePanel@@AEAAXXZ@UEAAPEAXI@Z 000000006101d940 f i mftindex.obj
 0001:0001c940       ??_GEstimationProgress@@UEAAPEAXI@Z 000000006101d940 f i content.obj
 0001:0001c940       ??_GCompressOneFileProgress@@UEAAPEAXI@Z 000000006101d940 f i content.obj
 0001:0001c940       ??_EProgress@?1??load_mft_index@FilePanel@@AEAAXXZ@UEAAPEAXI@Z 000000006101d940 f i  CIL library: CIL module
 0001:0001c940       ??_EProgress@?1??update_mft_index_from_usn@FilePanel@@AEAAXXZ@UEAAPEAXI@Z 000000006101d940 f i  CIL library: CIL module
 0001:0001c940       ??_GProgressMonitor@@UEAAPEAXI@Z 000000006101d940 f i utils.obj
 0001:0001c940       ??_EEstimationProgress@@UEAAPEAXI@Z 000000006101d940 f i  CIL library: CIL module
 0001:0001c940       ??_GFileListProgress@@UEAAPEAXI@Z 000000006101d940 f i file_panel.obj
 0001:0001c940       ??_EProgressMonitor@@UEAAPEAXI@Z 000000006101d940 f i  CIL library: CIL module
 0001:0001c940       ??_GProgress@?1??load_mft_index@FilePanel@@AEAAXXZ@UEAAPEAXI@Z 000000006101d940 f i mftindex.obj
 0001:0001c940       ??_GVolumeListProgress@?1??create_mft_index@FilePanel@@AEAAXXZ@UEAAPEAXI@Z 000000006101d940 f i mftindex.obj
 0001:0001c970       ?invalidate_mft_index@FilePanel@@AEAAXXZ 000000006101d970 f i file_panel.obj
 0001:0001c9b0       ??0FilePanel@@AEAA@XZ      000000006101d9b0 f i file_panel.obj
 0001:0001cae0       ??1PanelState@@QEAA@XZ     000000006101dae0 f i file_panel.obj
 0001:0001cb40       ?save_state@@YA?AUPanelState@@PEAX@Z 000000006101db40 f   file_panel.obj
 0001:0001cdf0       ?restore_state@@YAXPEAXAEBUPanelState@@@Z 000000006101ddf0 f   file_panel.obj
 0001:0001d0b0       ?open@FilePanel@@SAPEAV1@XZ 000000006101e0b0 f   file_panel.obj
 0001:0001d200       ??4PanelState@@QEAAAEAU0@AEBU0@@Z 000000006101e200 f i file_panel.obj
 0001:0001d2c0       ??1FilePanel@@QEAA@XZ      000000006101e2c0 f i file_panel.obj
 0001:0001d430       ?apply_saved_state@FilePanel@@QEAAXXZ 000000006101e430 f   file_panel.obj
 0001:0001d4b0       ?close@FilePanel@@QEAAXXZ  000000006101e4b0 f   file_panel.obj
 0001:0001d5a0       ?on_close@FilePanel@@QEAAXXZ 000000006101e5a0 f   file_panel.obj
 0001:0001d6e0       ?get_active_panel@FilePanel@@SAPEAV1@XZ 000000006101e6e0 f   file_panel.obj
 0001:0001d7b0       ?do_update_ui@FileListProgress@@MEAAXXZ 000000006101e7b0 f   file_panel.obj
 0001:0001d940       ?fit_col_str@@YAAEAVUnicodeString@col@@AEAV12@_K@Z 000000006101e940 f   file_panel.obj
 0001:0001daa0       ?create_panel_items@FilePanel@@AEAA?AUPluginItemList@@AEBV?$list@UPanelItemData@FilePanel@@V?$allocator@UPanelItemData@FilePanel@@@std@@@std@@_N@Z 000000006101eaa0 f   file_panel.obj
 0001:0001e170       ?clean_item@?$ObjectArray@UPluginItemList@@@col@@CAXPEAUPluginItemList@@@Z 000000006101f170 f i file_panel.obj
 0001:0001e170       ??1PluginItemList@@QEAA@XZ 000000006101f170 f i file_panel.obj
 0001:0001e1b0       ?scan_dir@FilePanel@@AEAAXAEBVUnicodeString@col@@0AEAV?$list@UPanelItemData@FilePanel@@V?$allocator@UPanelItemData@FilePanel@@@std@@@std@@AEAVFileListProgress@@@Z 000000006101f1b0 f   file_panel.obj
 0001:0001f6e0       ?sort_file_list@FilePanel@@AEAAXAEAV?$list@UPanelItemData@FilePanel@@V?$allocator@UPanelItemData@FilePanel@@@std@@@std@@@Z 00000000610206e0 f   file_panel.obj
 0001:0001f7a0       ?new_file_list@FilePanel@@QEAAXAEAPEAUPluginPanelItem@@AEA_K_N@Z 00000000610207a0 f   file_panel.obj
 0001:0001fba0       ?change_directory@FilePanel@@QEAAXAEBVUnicodeString@col@@_N@Z 0000000061020ba0 f   file_panel.obj
 0001:000200b0       ?fill_plugin_info@FilePanel@@QEAAXPEAUOpenPanelInfo@@@Z 00000000610210b0 f   file_panel.obj
 0001:00020400       ?dialog_proc@FilePanelModeDialog@@CA_JPEAX_J10@Z 0000000061021400 f i file_panel.obj
 0001:00020b00       ?show@FilePanelModeDialog@@QEAA_NXZ 0000000061021b00 f i file_panel.obj
 0001:00021810       ?parse_column_spec@FilePanel@@AEAAXAEBVUnicodeString@col@@0AEAV23@1_N@Z 0000000061022810 f   file_panel.obj
 0001:00021eb0       ??0?$Array@UFarDialogItem@@@col@@QEAA@XZ 0000000061022eb0 f i main.obj
 0001:00021eb0       ??0?$Array@UPluginPanelItem@@@col@@QEAA@XZ 0000000061022eb0 f i file_panel.obj
 0001:00021f30       ??1?$ObjectArray@V?$Array@PEB_W@col@@@col@@QEAA@XZ 0000000061022f30 f i file_panel.obj
 0001:00021f30       ?clean@?$ObjectArray@VUnicodeString@col@@@col@@AEAAXXZ 0000000061022f30 f i main.obj
 0001:00021fa0       ??1?$ObjectArray@UPluginItemList@@@col@@QEAA@XZ 0000000061022fa0 f i file_panel.obj
 0001:00021fb0       ??0?$Array@PEAX@col@@QEAA@XZ 0000000061022fb0 f i dlgapi.obj
 0001:00021fb0       ??0?$Array@_K@col@@QEAA@XZ 0000000061022fb0 f i ntfs_file.obj
 0001:00021fb0       ??0?$Array@PEB_W@col@@QEAA@XZ 0000000061022fb0 f i file_panel.obj
 0001:00022030       ?extend@?$Array@PEB_W@col@@QEAAAEAV12@_K@Z 0000000061023030 f i file_panel.obj
 0001:000220f0       ??0?$Array@I@col@@QEAA@XZ  00000000610230f0 f i file_panel.obj
 0001:00022170       ??0?$Array@PEAVFilePanel@@@col@@QEAA@XZ 0000000061023170 f i file_panel.obj
 0001:000221f0       ??1?$ObjectArray@UFileRecord@FilePanel@@@col@@QEAA@XZ 00000000610231f0 f i file_panel.obj
 0001:00022260       ??0?$list@UPanelItemData@FilePanel@@V?$allocator@UPanelItemData@FilePanel@@@std@@@std@@QEAA@XZ 0000000061023260 f i file_panel.obj
 0001:00022280       ??1?$list@UPanelItemData@FilePanel@@V?$allocator@UPanelItemData@FilePanel@@@std@@@std@@QEAA@XZ 0000000061023280 f i file_panel.obj
 0001:000222a0       ?resize@?$Array@UPluginPanelItem@@@col@@AEAAX_K@Z 00000000610232a0 f i file_panel.obj
 0001:00022320       ?create@?$ObjectArray@UPluginItemList@@@col@@CAPEAUBuffer@12@PEBUPluginItemList@@_K@Z 0000000061023320 f i file_panel.obj
 0001:000223f0       ?clean@?$ObjectArray@UPluginItemList@@@col@@AEAAXXZ 00000000610233f0 f i file_panel.obj
 0001:00022570       ?remove@?$Array@PEB_W@col@@QEAAAEAV12@_K0@Z 0000000061023570 f i file_panel.obj
 0001:00022710       ?remove@?$Array@I@col@@QEAAAEAV12@_K0@Z 0000000061023710 f i file_panel.obj
 0001:000228b0       ?remove@?$Array@PEAVFilePanel@@@col@@QEAAAEAV12@_K0@Z 00000000610238b0 f i file_panel.obj
 0001:00022a70       ?create@?$ObjectArray@UFileRecord@FilePanel@@@col@@CAPEAUBuffer@12@PEBUFileRecord@FilePanel@@_K@Z 0000000061023a70 f i file_panel.obj
 0001:00022bb0       ??0?$_List_val@UPanelItemData@FilePanel@@V?$allocator@UPanelItemData@FilePanel@@@std@@@std@@QEAA@V?$allocator@UPanelItemData@FilePanel@@@1@@Z 0000000061023bb0 f i file_panel.obj
 0001:00022c20       ?ref_alloc@?$Array@UPluginPanelItem@@@col@@AEAAPEAUBuffer@12@_K@Z 0000000061023c20 f i file_panel.obj
 0001:00022cc0       ?replace@?$ObjectArray@UPluginItemList@@@col@@QEAAAEAV12@_K0PEBUPluginItemList@@0@Z 0000000061023cc0 f i file_panel.obj
 0001:00023200       ?replace@?$Array@PEB_W@col@@QEAAAEAV12@_K0PEBQEB_W0@Z 0000000061024200 f i file_panel.obj
 0001:00023510       ?replace@?$Array@I@col@@QEAAAEAV12@_K0PEBI0@Z 0000000061024510 f i file_panel.obj
 0001:00023820       ?replace@?$Array@PEAVFilePanel@@@col@@QEAAAEAV12@_K0PEBQEAVFilePanel@@0@Z 0000000061024820 f i file_panel.obj
 0001:00023b10       ?replace@?$ObjectArray@UFileRecord@FilePanel@@@col@@QEAAAEAV12@_K0PEBUFileRecord@FilePanel@@0@Z 0000000061024b10 f i file_panel.obj
 0001:00024140       ?clear@?$list@UPanelItemData@FilePanel@@V?$allocator@UPanelItemData@FilePanel@@@std@@@std@@QEAAXXZ 0000000061025140 f i file_panel.obj
 0001:000241c0       ?_Buynode@?$_List_val@UPanelItemData@FilePanel@@V?$allocator@UPanelItemData@FilePanel@@@std@@@std@@QEAAPEAU_Node@?$_List_nod@UPanelItemData@FilePanel@@V?$allocator@UPanelItemData@FilePanel@@@std@@@2@PEAU342@0AEBUPanelItemData@FilePanel@@@Z 00000000610251c0 f i file_panel.obj
 0001:00024270       ??1FileRecord@FilePanel@@QEAA@XZ 0000000061025270 f i file_panel.obj
 0001:00024290       ?replace@?$Array@UPluginPanelItem@@@col@@QEAAAEAV12@_K0PEBUPluginPanelItem@@0@Z 0000000061025290 f i file_panel.obj
 0001:000245b0       ?replace@?$ObjectArray@V?$Array@PEB_W@col@@@col@@QEAAAEAV12@_K0PEBV?$Array@PEB_W@2@0@Z 00000000610255b0 f i file_panel.obj
 0001:000248f0       ?ref_alloc@?$Array@I@col@@AEAAPEAUBuffer@12@_K@Z 00000000610258f0 f i file_panel.obj
 0001:00024980       ?ref_alloc@?$Array@PEAVFilePanel@@@col@@AEAAPEAUBuffer@12@_K@Z 0000000061025980 f i file_panel.obj
 0001:00024a10       ?ref_alloc@?$ObjectArray@UFileRecord@FilePanel@@@col@@AEAAPEAUBuffer@12@_K@Z 0000000061025a10 f i file_panel.obj
 0001:00024ab0       ??$sort@UDataSizeCmp@?3??sort_file_list@FilePanel@@AEAAXAEAV?$list@UPanelItemData@FilePanel@@V?$allocator@UPanelItemData@FilePanel@@@std@@@std@@@Z@@?$list@UPanelItemData@FilePanel@@V?$allocator@UPanelItemData@FilePanel@@@std@@@std@@QEAAXUDataSizeCmp@?3??sort_file_list@FilePanel@@AEAAXAEAV01@@Z@@Z 0000000061025ab0 f i file_panel.obj
 0001:00024f50       ??$sort@UDiskSizeCmp@?4??sort_file_list@FilePanel@@AEAAXAEAV?$list@UPanelItemData@FilePanel@@V?$allocator@UPanelItemData@FilePanel@@@std@@@std@@@Z@@?$list@UPanelItemData@FilePanel@@V?$allocator@UPanelItemData@FilePanel@@@std@@@std@@QEAAXUDiskSizeCmp@?4??sort_file_list@FilePanel@@AEAAXAEAV01@@Z@@Z 0000000061025f50 f i file_panel.obj
 0001:000253f0       ??$sort@UFragmentsCmp@?5??sort_file_list@FilePanel@@AEAAXAEAV?$list@UPanelItemData@FilePanel@@V?$allocator@UPanelItemData@FilePanel@@@std@@@std@@@Z@@?$list@UPanelItemData@FilePanel@@V?$allocator@UPanelItemData@FilePanel@@@std@@@std@@QEAAXUFragmentsCmp@?5??sort_file_list@FilePanel@@AEAAXAEAV01@@Z@@Z 00000000610263f0 f i file_panel.obj
 0001:00025890       ??$sort@UStreamsCmp@?6??sort_file_list@FilePanel@@AEAAXAEAV?$list@UPanelItemData@FilePanel@@V?$allocator@UPanelItemData@FilePanel@@@std@@@std@@@Z@@?$list@UPanelItemData@FilePanel@@V?$allocator@UPanelItemData@FilePanel@@@std@@@std@@QEAAXUStreamsCmp@?6??sort_file_list@FilePanel@@AEAAXAEAV01@@Z@@Z 0000000061026890 f i file_panel.obj
 0001:00025d30       ??$sort@UHardLinksCmp@?7??sort_file_list@FilePanel@@AEAAXAEAV?$list@UPanelItemData@FilePanel@@V?$allocator@UPanelItemData@FilePanel@@@std@@@std@@@Z@@?$list@UPanelItemData@FilePanel@@V?$allocator@UPanelItemData@FilePanel@@@std@@@std@@QEAAXUHardLinksCmp@?7??sort_file_list@FilePanel@@AEAAXAEAV01@@Z@@Z 0000000061026d30 f i file_panel.obj
 0001:000261d0       ??$sort@UMftRecordsCmp@?8??sort_file_list@FilePanel@@AEAAXAEAV?$list@UPanelItemData@FilePanel@@V?$allocator@UPanelItemData@FilePanel@@@std@@@std@@@Z@@?$list@UPanelItemData@FilePanel@@V?$allocator@UPanelItemData@FilePanel@@@std@@@std@@QEAAXUMftRecordsCmp@?8??sort_file_list@FilePanel@@AEAAXAEAV01@@Z@@Z 00000000610271d0 f i file_panel.obj
 0001:00026670       ??$sort@UFragmLevelCmp@?9??sort_file_list@FilePanel@@AEAAXAEAV?$list@UPanelItemData@FilePanel@@V?$allocator@UPanelItemData@FilePanel@@@std@@@std@@@Z@@?$list@UPanelItemData@FilePanel@@V?$allocator@UPanelItemData@FilePanel@@@std@@@std@@QEAAXUFragmLevelCmp@?9??sort_file_list@FilePanel@@AEAAXAEAV01@@Z@@Z 0000000061027670 f i file_panel.obj
 0001:000269c0       ??$sort@UValidSizeCmp@?L@??sort_file_list@FilePanel@@AEAAXAEAV?$list@UPanelItemData@FilePanel@@V?$allocator@UPanelItemData@FilePanel@@@std@@@std@@@Z@@?$list@UPanelItemData@FilePanel@@V?$allocator@UPanelItemData@FilePanel@@@std@@@std@@QEAAXUValidSizeCmp@?L@??sort_file_list@FilePanel@@AEAAXAEAV01@@Z@@Z 00000000610279c0 f i file_panel.obj
 0001:00026e60       ??$sort@UNameLenCmp@?M@??sort_file_list@FilePanel@@AEAAXAEAV?$list@UPanelItemData@FilePanel@@V?$allocator@UPanelItemData@FilePanel@@@std@@@std@@@Z@@?$list@UPanelItemData@FilePanel@@V?$allocator@UPanelItemData@FilePanel@@@std@@@std@@QEAAXUNameLenCmp@?M@??sort_file_list@FilePanel@@AEAAXAEAV01@@Z@@Z 0000000061027e60 f i file_panel.obj
 0001:00027310       ?_Splice_same@?$list@UPanelItemData@FilePanel@@V?$allocator@UPanelItemData@FilePanel@@@std@@@std@@QEAAXV?$_List_const_iterator@V?$_List_val@UPanelItemData@FilePanel@@V?$allocator@UPanelItemData@FilePanel@@@std@@@std@@@2@AEAV12@00_K@Z 0000000061028310 f i file_panel.obj
 0001:000273c0       ??$merge@UDataSizeCmp@?3??sort_file_list@FilePanel@@AEAAXAEAV?$list@UPanelItemData@FilePanel@@V?$allocator@UPanelItemData@FilePanel@@@std@@@std@@@Z@@?$list@UPanelItemData@FilePanel@@V?$allocator@UPanelItemData@FilePanel@@@std@@@std@@QEAAXAEAV01@UDataSizeCmp@?3??sort_file_list@FilePanel@@AEAAX0@Z@@Z 00000000610283c0 f i file_panel.obj
 0001:00027470       ??$merge@UDiskSizeCmp@?4??sort_file_list@FilePanel@@AEAAXAEAV?$list@UPanelItemData@FilePanel@@V?$allocator@UPanelItemData@FilePanel@@@std@@@std@@@Z@@?$list@UPanelItemData@FilePanel@@V?$allocator@UPanelItemData@FilePanel@@@std@@@std@@QEAAXAEAV01@UDiskSizeCmp@?4??sort_file_list@FilePanel@@AEAAX0@Z@@Z 0000000061028470 f i file_panel.obj
 0001:00027520       ??$merge@UFragmentsCmp@?5??sort_file_list@FilePanel@@AEAAXAEAV?$list@UPanelItemData@FilePanel@@V?$allocator@UPanelItemData@FilePanel@@@std@@@std@@@Z@@?$list@UPanelItemData@FilePanel@@V?$allocator@UPanelItemData@FilePanel@@@std@@@std@@QEAAXAEAV01@UFragmentsCmp@?5??sort_file_list@FilePanel@@AEAAX0@Z@@Z 0000000061028520 f i file_panel.obj
 0001:000275d0       ??$merge@UStreamsCmp@?6??sort_file_list@FilePanel@@AEAAXAEAV?$list@UPanelItemData@FilePanel@@V?$allocator@UPanelItemData@FilePanel@@@std@@@std@@@Z@@?$list@UPanelItemData@FilePanel@@V?$allocator@UPanelItemData@FilePanel@@@std@@@std@@QEAAXAEAV01@UStreamsCmp@?6??sort_file_list@FilePanel@@AEAAX0@Z@@Z 00000000610285d0 f i file_panel.obj
 0001:00027680       ??$merge@UHardLinksCmp@?7??sort_file_list@FilePanel@@AEAAXAEAV?$list@UPanelItemData@FilePanel@@V?$allocator@UPanelItemData@FilePanel@@@std@@@std@@@Z@@?$list@UPanelItemData@FilePanel@@V?$allocator@UPanelItemData@FilePanel@@@std@@@std@@QEAAXAEAV01@UHardLinksCmp@?7??sort_file_list@FilePanel@@AEAAX0@Z@@Z 0000000061028680 f i file_panel.obj
 0001:00027730       ??$merge@UMftRecordsCmp@?8??sort_file_list@FilePanel@@AEAAXAEAV?$list@UPanelItemData@FilePanel@@V?$allocator@UPanelItemData@FilePanel@@@std@@@std@@@Z@@?$list@UPanelItemData@FilePanel@@V?$allocator@UPanelItemData@FilePanel@@@std@@@std@@QEAAXAEAV01@UMftRecordsCmp@?8??sort_file_list@FilePanel@@AEAAX0@Z@@Z 0000000061028730 f i file_panel.obj
 0001:000277e0       ??$merge@UFragmLevelCmp@?9??sort_file_list@FilePanel@@AEAAXAEAV?$list@UPanelItemData@FilePanel@@V?$allocator@UPanelItemData@FilePanel@@@std@@@std@@@Z@@?$list@UPanelItemData@FilePanel@@V?$allocator@UPanelItemData@FilePanel@@@std@@@std@@QEAAXAEAV01@UFragmLevelCmp@?9??sort_file_list@FilePanel@@AEAAX0@Z@@Z 00000000610287e0 f i file_panel.obj
 0001:00027920       ??$merge@UValidSizeCmp@?L@??sort_file_list@FilePanel@@AEAAXAEAV?$list@UPanelItemData@FilePanel@@V?$allocator@UPanelItemData@FilePanel@@@std@@@std@@@Z@@?$list@UPanelItemData@FilePanel@@V?$allocator@UPanelItemData@FilePanel@@@std@@@std@@QEAAXAEAV01@UValidSizeCmp@?L@??sort_file_list@FilePanel@@AEAAX0@Z@@Z 0000000061028920 f i file_panel.obj
 0001:000279d0       ??$merge@UNameLenCmp@?M@??sort_file_list@FilePanel@@AEAAXAEAV?$list@UPanelItemData@FilePanel@@V?$allocator@UPanelItemData@FilePanel@@@std@@@std@@@Z@@?$list@UPanelItemData@FilePanel@@V?$allocator@UPanelItemData@FilePanel@@@std@@@std@@QEAAXAEAV01@UNameLenCmp@?M@??sort_file_list@FilePanel@@AEAAX0@Z@@Z 00000000610289d0 f i file_panel.obj
 0001:00027a90       ??$_Construct@UPanelItemData@FilePanel@@AEBU12@@std@@YAXPEAUPanelItemData@FilePanel@@AEBU12@@Z 0000000061028a90 f i file_panel.obj
 0001:00027b10       ?do_update_ui@CompressOneFileProgress@@MEAAXXZ 0000000061028b10 f i content.obj
 0001:00027b10       ??3@YAXPEAX0@Z             0000000061028b10 f i file_panel.obj
 0001:00027b20       ??Hcol@@YA?AVUnicodeString@0@AEB_WAEBV10@@Z 0000000061028b20 f i file_panel.obj
 0001:00027bb0       ?type_name@AttrInfo@@QEBA?AVUnicodeString@col@@XZ 0000000061028bb0 f   ntfs_file.obj
 0001:00027c80       ?find_full_paths@FileInfo@@QEAAXXZ 0000000061028c80 f   ntfs_file.obj
 0001:000284c0       ?load_mft_record@FileInfo@@AEAA_K_KAEAV?$Array@E@col@@@Z 00000000610294c0 f   ntfs_file.obj
 0001:00028710       ?find_attribute@FileInfo@@AEAAIAEBV?$Array@E@col@@IG@Z 0000000061029710 f   ntfs_file.obj
 0001:00028910       ?decode_data_runs@FileInfo@@AEAA?AV?$Array@UDataRun@FileInfo@@@col@@AEBV?$Array@E@3@I@Z 0000000061029910 f   ntfs_file.obj
 0001:00028bd0       ?process_attribute@FileInfo@@AEAAXAEBV?$Array@E@col@@I@Z 0000000061029bd0 f   ntfs_file.obj
 0001:00029520       ?process_attr_list_entry@FileInfo@@AEAAXPEBUATTR_LIST_ENTRY@@AEAV?$Array@_K@col@@@Z 000000006102a520 f   ntfs_file.obj
 0001:00029680       ?process_base_file_rec@FileInfo@@QEAAXXZ 000000006102a680 f   ntfs_file.obj
 0001:00029ee0       ?buf@?$Array@E@col@@QEAAPEAE_K@Z 000000006102aee0 f i ntfs_file.obj
 0001:00029f60       ?remove@?$Array@E@col@@QEAAAEAV12@_K0@Z 000000006102af60 f i ntfs_file.obj
 0001:0002a0e0       ??0?$Array@UDataRun@FileInfo@@@col@@QEAA@XZ 000000006102b0e0 f i ntfs_file.obj
 0001:0002a160       ?extend@?$Array@UDataRun@FileInfo@@@col@@QEAAAEAV12@_K@Z 000000006102b160 f i ntfs_file.obj
 0001:0002a230       ?resize@?$Array@E@col@@AEAAX_K@Z 000000006102b230 f i ntfs_file.obj
 0001:0002a2b0       ?ref_resize@?$ObjectArray@UAttrInfo@@@col@@AEAAX_K@Z 000000006102b2b0 f i ntfs_file.obj
 0001:0002a380       ?replace@?$ObjectArray@UAttrInfo@@@col@@QEAAAEAV12@_K0PEBUAttrInfo@@0@Z 000000006102b380 f i ntfs_file.obj
 0001:0002a990       ?replace@?$ObjectArray@UFileNameAttr@@@col@@QEAAAEAV12@_K0PEBUFileNameAttr@@0@Z 000000006102b990 f i ntfs_file.obj
 0001:0002aed0       ?ref_alloc@?$ObjectArray@UAttrInfo@@@col@@AEAAPEAUBuffer@12@_K@Z 000000006102bed0 f i ntfs_file.obj
 0001:0002af70       ?ref_alloc@?$ObjectArray@UFileNameAttr@@@col@@AEAAPEAUBuffer@12@_K@Z 000000006102bf70 f i ntfs_file.obj
 0001:0002b010       ?replace@?$Array@UDataRun@FileInfo@@@col@@QEAAAEAV12@_K0PEBUDataRun@FileInfo@@0@Z 000000006102c010 f i ntfs_file.obj
 0001:0002b010       ?replace@?$Array@UClusterChain@@@col@@QEAAAEAV12@_K0PEBUClusterChain@@0@Z 000000006102c010 f i defragment.obj
 0001:0002b2d0       ?replace@?$Array@_K@col@@QEAAAEAV12@_K0PEB_K0@Z 000000006102c2d0 f i ntfs_file.obj
 0001:0002b2d0       ?replace@?$Array@PEAX@col@@QEAAAEAV12@_K0PEBQEAX0@Z 000000006102c2d0 f i content.obj
 0001:0002b540       ?ref_alloc@?$Array@PEB_W@col@@AEAAPEAUBuffer@12@_K@Z 000000006102c540 f i file_panel.obj
 0001:0002b540       ?ref_alloc@?$ObjectArray@VUnicodeString@col@@@col@@AEAAPEAUBuffer@12@_K@Z 000000006102c540 f i main.obj
 0001:0002b540       ?ref_alloc@?$Array@PEAX@col@@AEAAPEAUBuffer@12@_K@Z 000000006102c540 f i content.obj
 0001:0002b540       ?ref_alloc@?$ObjectArray@V?$Array@PEB_W@col@@@col@@AEAAPEAUBuffer@12@_K@Z 000000006102c540 f i file_panel.obj
 0001:0002b540       ?ref_alloc@?$Array@_K@col@@AEAAPEAUBuffer@12@_K@Z 000000006102c540 f i ntfs_file.obj
 0001:0002b5d0       ??1Options@@QEAA@XZ        000000006102c5d0 f i options.obj
 0001:0002b600       ?create@Options@@QEAA_NXZ  000000006102c600 f i options.obj
 0001:0002b6c0       ?get_str@Options@@QEAA?AVUnicodeString@col@@PEB_WAEBV23@@Z 000000006102c6c0 f i options.obj
 0001:0002b7e0       ??0FilePanelMode@@QEAA@XZ  000000006102c7e0 f   options.obj
 0001:0002b8a0       ?load_plugin_options@@YAXXZ 000000006102c8a0 f   options.obj
 0001:0002c620       ?store_plugin_options@@YAXXZ 000000006102d620 f   options.obj
 0001:0002d7f0       ?unicode_to_oem@@YAXAEAVAnsiString@col@@AEBVUnicodeString@2@@Z 000000006102e7f0 f   utils.obj
 0001:0002d8a0       ?oem_to_unicode@@YAXAEAVUnicodeString@col@@AEBVAnsiString@2@@Z 000000006102e8a0 f   utils.obj
 0001:0002d940       ?unicode_to_oem@@YA?AVAnsiString@col@@AEBVUnicodeString@2@@Z 000000006102e940 f   utils.obj
 0001:0002d9a0       ?oem_to_unicode@@YA?AVUnicodeString@col@@AEBVAnsiString@2@@Z 000000006102e9a0 f   utils.obj
 0001:0002da00       ?ansi_to_unicode@@YA?AVUnicodeString@col@@AEBVAnsiString@2@I@Z 000000006102ea00 f   utils.obj
 0001:0002dcc0       ?unicode_to_ansi@@YA?AVAnsiString@col@@AEBVUnicodeString@2@I@Z 000000006102ecc0 f   utils.obj
 0001:0002de70       ?format_inf_amount@@YA?AVUnicodeString@col@@_K@Z 000000006102ee70 f   utils.obj
 0001:0002dfa0       ?format_inf_amount_short@@YA?AVUnicodeString@col@@_K_N@Z 000000006102efa0 f   utils.obj
 0001:0002dfe0       ?load_suffixes@@YAXXZ      000000006102efe0 f   utils.obj
 0001:0002e530       ?format_data_size@@YA?AVUnicodeString@col@@_KAEBV?$ObjectArray@VUnicodeString@col@@@2@@Z 000000006102f530 f   utils.obj
 0001:0002e7b0       ?format_time@@YA?AVUnicodeString@col@@_K@Z 000000006102f7b0 f   utils.obj
 0001:0002e840       ?format_time2@@YA?AVUnicodeString@col@@_K@Z 000000006102f840 f   utils.obj
 0001:0002e980       ?format_hex_array@@YA?AVUnicodeString@col@@AEBV?$Array@E@2@@Z 000000006102f980 f   utils.obj
 0001:0002ea10       ?word_wrap@@YA?AVUnicodeString@col@@AEBV12@_K@Z 000000006102fa10 f   utils.obj
 0001:0002eac0       ?get_module_version@@YA?AUModuleVersion@@PEAUHINSTANCE__@@@Z 000000006102fac0 f   utils.obj
 0001:0002ee00       ?locate_path_root@@YAXAEBVUnicodeString@col@@AEA_KAEA_N@Z 000000006102fe00 f   utils.obj
 0001:0002f010       ?extract_path_root@@YA?AVUnicodeString@col@@AEBV12@@Z 0000000061030010 f   utils.obj
 0001:0002f060       ?extract_file_name@@YA?AVUnicodeString@col@@AEBV12@@Z 0000000061030060 f   utils.obj
 0001:0002f120       ?extract_file_path@@YA?AVUnicodeString@col@@AEBV12@@Z 0000000061030120 f   utils.obj
 0001:0002f1c0       ?remove_path_root@@YA?AVUnicodeString@col@@AEBV12@@Z 00000000610301c0 f   utils.obj
 0001:0002f220       ?long_path@@YA?AVUnicodeString@col@@AEBV12@@Z 0000000061030220 f   utils.obj
 0001:0002f720       ?add_trailing_slash@@YA?AVUnicodeString@col@@AEBV12@@Z 0000000061030720 f   utils.obj
 0001:0002f780       ?del_trailing_slash@@YA?AVUnicodeString@col@@AEBV12@@Z 0000000061030780 f   utils.obj
 0001:0002f7d0       ?add_trailing_slash@@YA?AV?$basic_string@_WU?$char_traits@_W@std@@V?$allocator@_W@2@@std@@AEBV12@@Z 00000000610307d0 f   utils.obj
 0001:0002f840       ?del_trailing_slash@@YA?AV?$basic_string@_WU?$char_traits@_W@std@@V?$allocator@_W@2@@std@@AEBV12@@Z 0000000061030840 f   utils.obj
 0001:0002f8c0       ?int_to_str@@YA?AVUnicodeString@col@@H@Z 00000000610308c0 f   utils.obj
 0001:0002f950       ?center@@YA?AVUnicodeString@col@@AEBV12@_K@Z 0000000061030950 f   utils.obj
 0001:0002f9c0       ?fit_str@@YA?AVUnicodeString@col@@AEBV12@_K@Z 00000000610309c0 f   utils.obj
 0001:0002faa0       ?split_str@@YA?AV?$ObjectArray@VUnicodeString@col@@@col@@AEBVUnicodeString@2@_W@Z 0000000061030aa0 f   utils.obj
 0001:0002fbc0       ?round@@YAHN@Z             0000000061030bc0 f   utils.obj
 0001:0002fc00       ??1ProgressMonitor@@UEAA@XZ 0000000061030c00 f   utils.obj
 0001:0002fc70       ?update_ui@ProgressMonitor@@UEAAX_N@Z 0000000061030c70 f   utils.obj
 0001:0002fdf0       ?show@Log@@QEAAXXZ         0000000061030df0 f   utils.obj
 0001:000303c0       ?far_get_panel_dir@@YA?AVUnicodeString@col@@PEAX@Z 00000000610313c0 f   utils.obj
 0001:00030510       ?far_get_full_path@@YA?AVUnicodeString@col@@AEBV12@@Z 0000000061031510 f   utils.obj
 0001:00030640       ?far_get_panel_item@@YAPEAUPluginPanelItem@@PEAX_K@Z 0000000061031640 f   utils.obj
 0001:00030a40       ?far_get_selected_panel_item@@YAPEAUPluginPanelItem@@PEAX_K@Z 0000000061031a40 f   utils.obj
 0001:00030e40       ?error_dlg@@YAXAEBVError@@@Z 0000000061031e40 f   utils.obj
 0001:000310b0       ?error_dlg@@YAXAEBVexception@std@@@Z 00000000610320b0 f   utils.obj
 0001:000312e0       ?get_temp_path@@YA?AVUnicodeString@col@@XZ 00000000610322e0 f   utils.obj
 0001:000313a0       ??0Event@@QEAA@_N0@Z       00000000610323a0 f   utils.obj
 0001:00031400       ??0Semaphore@@QEAA@II@Z    0000000061032400 f   utils.obj
 0001:00031460       ??1Event@@QEAA@XZ          0000000061032460 f   utils.obj
 0001:00031460       ??1File@@QEAA@XZ           0000000061032460 f   utils.obj
 0001:00031460       ??1Semaphore@@QEAA@XZ      0000000061032460 f   utils.obj
 0001:00031470       ??0File@@QEAA@AEBVUnicodeString@col@@KKKK@Z 0000000061032470 f   utils.obj
 0001:00031520       ?size@File@@QEAA_KXZ       0000000061032520 f   utils.obj
 0001:00031580       ?read@File@@QEAAIPEAXI@Z   0000000061032580 f   utils.obj
 0001:000315e0       ??1FileEnum@@QEAA@XZ       00000000610325e0 f   utils.obj
 0001:00031620       ?next@FileEnum@@QEAA_NXZ   0000000061032620 f   utils.obj
 0001:000317b0       ?get_find_data@@YA?AUFindData@@AEBVUnicodeString@col@@@Z 00000000610327b0 f   utils.obj
 0001:00031840       ?substr@?$basic_string@_WU?$char_traits@_W@std@@V?$allocator@_W@2@@std@@QEBA?AV12@_K0@Z 0000000061032840 f i utils.obj
 0001:00031880       ?buf@?$Array@D@col@@QEAAPEAD_K@Z 0000000061032880 f i utils.obj
 0001:00031950       ??1?$unique_ptr@EU?$default_delete@E@std@@@std@@QEAA@XZ 0000000061032950 f i utils.obj
 0001:00031970       ?ref_alloc@?$Array@D@col@@AEAAPEAUBuffer@12@_K@Z 0000000061032970 f i utils.obj
 0001:00031970       ?ref_alloc@?$Array@E@col@@AEAAPEAUBuffer@12@_K@Z 0000000061032970 f i content.obj
 0001:00031a00       ??$?H_WU?$char_traits@_W@std@@V?$allocator@_W@1@@std@@YA?AV?$basic_string@_WU?$char_traits@_W@std@@V?$allocator@_W@2@@0@AEBV10@_W@Z 0000000061032a00 f i utils.obj
 0001:00031aa0       ?assign@?$basic_string@_WU?$char_traits@_W@std@@V?$allocator@_W@2@@std@@QEAAAEAV12@$$QEAV12@@Z 0000000061032aa0 f i utils.obj
 0001:00031b40       ?append@?$basic_string@_WU?$char_traits@_W@std@@V?$allocator@_W@2@@std@@QEAAAEAV12@_K_W@Z 0000000061032b40 f i utils.obj
 0001:00031c30       ?append@?$basic_string@_WU?$char_traits@_W@std@@V?$allocator@_W@2@@std@@QEAAAEAV12@AEBV12@_K1@Z 0000000061032c30 f i utils.obj
 0001:00031d40       ?compact@UnicodeString@col@@QEAAAEAV12@XZ 0000000061032d40 f i utils.obj
 0001:00031db0       ?right@UnicodeString@col@@QEBA?AV12@_K@Z 0000000061032db0 f i utils.obj
 0001:00031de0       ??1?$basic_string@_WU?$char_traits@_W@std@@V?$allocator@_W@2@@std@@QEAA@XZ 0000000061032de0 f i utils.obj
 0001:00031e10       ?erase@?$basic_string@_WU?$char_traits@_W@std@@V?$allocator@_W@2@@std@@QEAAAEAV12@_K0@Z 0000000061032e10 f i utils.obj
 0001:00031eb0       ?allocate@?$allocator@_W@std@@QEAAPEA_W_K@Z 0000000061032eb0 f i utils.obj
 0001:00031f20       ?_Copy@?$basic_string@_WU?$char_traits@_W@std@@V?$allocator@_W@2@@std@@QEAAX_K0@Z 0000000061032f20 f i utils.obj
 0001:00032070       ?_Grow@?$basic_string@_WU?$char_traits@_W@std@@V?$allocator@_W@2@@std@@QEAA_N_K_N@Z 0000000061033070 f i utils.obj
 0001:00032150       ?assign@?$basic_string@_WU?$char_traits@_W@std@@V?$allocator@_W@2@@std@@QEAAAEAV12@AEBV12@_K1@Z 0000000061033150 f i utils.obj
 0001:00032280       ?slice@UnicodeString@col@@QEBA?AV12@_K@Z 0000000061033280 f i utils.obj
 0001:000322b0       ?equal@UnicodeString@col@@QEBA_N_KPEB_W@Z 00000000610332b0 f i utils.obj
 0001:00032320       ?set_size@AnsiString@col@@QEAAAEAV12@_K@Z 0000000061033320 f i utils.obj
 0001:00032390       ?buf@AnsiString@col@@QEAAPEAD_K@Z 0000000061033390 f i utils.obj
 0001:00032470       ?get_real_path@@YA?AVUnicodeString@col@@AEBV12@@Z 0000000061033470 f   volume.obj
 0001:000325a0       ??0VolumeInfo@@QEAA@AEBVUnicodeString@col@@@Z 00000000610335a0 f   volume.obj
 0001:000326e0       ?get_volume_path@@YA?AVUnicodeString@col@@AEBV12@@Z 00000000610336e0 f   volume.obj
 0001:00032780       ?open@NtfsVolume@@QEAAXAEBVUnicodeString@col@@@Z 0000000061033780 f   volume.obj
 0001:00032a70       ?flush@NtfsVolume@@QEAAXXZ 0000000061033a70 f   volume.obj
 0001:00032b00       ?get_volume_guid@@YA?AVUnicodeString@col@@AEBV12@@Z 0000000061033b00 f   volume.obj
 0001:00032ec0       ?far_get_msg@@YA?AVUnicodeString@col@@H@Z 0000000061033ec0 f   dlgapi.obj
 0001:00032f20       ?get_msg_width@@YA_KXZ     0000000061033f20 f   dlgapi.obj
 0001:00032f70       ?far_menu@@YA_JAEBU_GUID@@AEBVUnicodeString@col@@AEBV?$ObjectArray@VUnicodeString@col@@@3@PEB_W@Z 0000000061033f70 f   dlgapi.obj
 0001:00033140       ?draw_text_box@@YAXAEBVUnicodeString@col@@AEBV?$ObjectArray@VUnicodeString@col@@@2@I@Z 0000000061034140 f   dlgapi.obj
 0001:00033430       ?frame@FarDialog@@AEAAXAEBVUnicodeString@col@@@Z 0000000061034430 f   dlgapi.obj
 0001:00033540       ?calc_frame_size@FarDialog@@AEAAXXZ 0000000061034540 f   dlgapi.obj
 0001:000335f0       ?separator@FarDialog@@QEAA_KXZ 00000000610345f0 f   dlgapi.obj
 0001:000336c0       ?separator@FarDialog@@QEAA_KAEBVUnicodeString@col@@@Z 00000000610346c0 f   dlgapi.obj
 0001:000337d0       ?label@FarDialog@@QEAA_KAEBVUnicodeString@col@@_KK@Z 00000000610347d0 f   dlgapi.obj
 0001:00033940       ?var_edit_box@FarDialog@@QEAA_KAEBVUnicodeString@col@@_KK@Z 0000000061034940 f   dlgapi.obj
 0001:00033a80       ?fix_edit_box@FarDialog@@QEAA_KAEBVUnicodeString@col@@_KK@Z 0000000061034a80 f   dlgapi.obj
 0001:00033bc0       ?button@FarDialog@@QEAA_KAEBVUnicodeString@col@@K_N@Z 0000000061034bc0 f   dlgapi.obj
 0001:00033d30       ?check_box@FarDialog@@QEAA_KAEBVUnicodeString@col@@HK@Z 0000000061034d30 f   dlgapi.obj
 0001:00033e90       ?combo_box@FarDialog@@QEAA_KAEBV?$ObjectArray@VUnicodeString@col@@@col@@_K1K@Z 0000000061034e90 f   dlgapi.obj
 0001:00034210       ?show@FarDialog@@QEAAHP6A_JPEAX_J10@ZPEB_W@Z 0000000061035210 f   dlgapi.obj
 0001:000342e0       ?get_text@FarDialog@@QEAA?AVUnicodeString@col@@_K@Z 00000000610352e0 f   dlgapi.obj
 0001:000343b0       ?link_label@FarDialog@@QEAAX_K0@Z 00000000610353b0 f   dlgapi.obj
 0001:000346a0       ?buf@?$Array@UFarDialogItem@@@col@@QEAAPEAUFarDialogItem@@_K@Z 00000000610356a0 f i dlgapi.obj
 0001:00034780       ?remove@?$Array@UFarDialogItem@@@col@@QEAAAEAV12@_K0@Z 0000000061035780 f i dlgapi.obj
 0001:00034990       ?replace@?$Array@UFarList@@@col@@QEAAAEAV12@_K0PEBUFarList@@0@Z 0000000061035990 f i dlgapi.obj
 0001:00034c30       ?replace@?$Array@UFarMenuItem@@@col@@QEAAAEAV12@_K0PEBUFarMenuItem@@0@Z 0000000061035c30 f i dlgapi.obj
 0001:00034ff0       ?ref_alloc@?$Array@UFarList@@@col@@AEAAPEAUBuffer@12@_K@Z 0000000061035ff0 f i dlgapi.obj
 0001:00034ff0       ?ref_alloc@?$Array@UFarColor@@@col@@AEAAPEAUBuffer@12@_K@Z 0000000061035ff0 f i main.obj
 0001:00035090       ?ref_alloc@?$Array@UFarMenuItem@@@col@@AEAAPEAUBuffer@12@_K@Z 0000000061036090 f i dlgapi.obj
 0001:00035130       ?add@Log@@QEAAXAEBVUnicodeString@col@@0@Z 0000000061036130 f i defragment.obj
 0001:00035220       ?do_update_ui@DefragProgress@@MEAAXXZ 0000000061036220 f i defragment.obj
 0001:00035760       ?update_defrag_ui@DefragProgress@@UEAAX_N@Z 0000000061036760 f i defragment.obj
 0001:00035770       ??_GDefragProgress@@UEAAPEAXI@Z 0000000061036770 f i defragment.obj
 0001:00035770       ??_EDefragProgress@@UEAAPEAXI@Z 0000000061036770 f i  CIL library: CIL module
 0001:000357c0       ??1DefragProgress@@UEAA@XZ 00000000610367c0 f i defragment.obj
 0001:00035800       ?defragment@@YAXAEBVUnicodeString@col@@AEAVIDefragProgress@@@Z 0000000061036800 f   defragment.obj
 0001:00036ca0       ?defragment@@YAXAEBV?$ObjectArray@VUnicodeString@col@@@col@@AEAULog@@@Z 0000000061037ca0 f   defragment.obj
 0001:00036e60       ?extend@?$Array@UClusterChain@@@col@@QEAAAEAV12@_K@Z 0000000061037e60 f i defragment.obj
 0001:00036f20       ?slice@?$Array@UClusterChain@@@col@@QEBA?AV12@_K0@Z 0000000061037f20 f i defragment.obj
 0001:00036f60       ?create@?$Array@UClusterChain@@@col@@CAPEAUBuffer@12@PEBUClusterChain@@_K@Z 0000000061037f60 f i defragment.obj
 0001:00037010       ?ref_alloc@?$ObjectArray@UListData@FarDialog@@@col@@AEAAPEAUBuffer@12@_K@Z 0000000061038010 f i dlgapi.obj
 0001:00037010       ?ref_alloc@?$ObjectArray@UVarVerInfo@@@col@@AEAAPEAUBuffer@12@_K@Z 0000000061038010 f i filever.obj
 0001:00037010       ?ref_alloc@?$ObjectArray@UNameValue@@@col@@AEAAPEAUBuffer@12@_K@Z 0000000061038010 f i filever.obj
 0001:00037010       ?ref_alloc@?$ObjectArray@ULogRecord@@@col@@AEAAPEAUBuffer@12@_K@Z 0000000061038010 f i defragment.obj
 0001:00037010       ?ref_alloc@?$Array@UDataRun@FileInfo@@@col@@AEAAPEAUBuffer@12@_K@Z 0000000061038010 f i ntfs_file.obj
 0001:00037010       ?ref_alloc@?$Array@UClusterChain@@@col@@AEAAPEAUBuffer@12@_K@Z 0000000061038010 f i defragment.obj
 0001:000370a0       ??$_cmp@UClusterChain_CompareCnt@?GA@??defragment@@YAXAEBVUnicodeString@col@@AEAVIDefragProgress@@@Z@UClusterChain@@@?$Array@UClusterChain@@@col@@CAHPEBX0@Z 00000000610380a0 f i defragment.obj
 0001:000370d0       ?add_file_records@FilePanel@@AEAAXAEAV?$list@UFileRecord@FilePanel@@V?$allocator@UFileRecord@FilePanel@@@std@@@std@@AEBVFileInfo@@@Z 00000000610380d0 f   mftindex.obj
 0001:00037760       ?prepare_usn_journal@FilePanel@@AEAAXXZ 0000000061038760 f   mftindex.obj
 0001:00037a10       ?delete_usn_journal@FilePanel@@AEAAXXZ 0000000061038a10 f   mftindex.obj
 0001:00037b30       ?create_mft_index@FilePanel@@AEAAXXZ 0000000061038b30 f   mftindex.obj
 0001:000382e0       ?update_mft_index_from_usn@FilePanel@@AEAAXXZ 00000000610392e0 f   mftindex.obj
 0001:00039320       ??1?$set@_KU?$less@_K@std@@V?$allocator@_K@2@@std@@QEAA@XZ 000000006103a320 f i mftindex.obj
 0001:00039360       ?mft_scan_dir@FilePanel@@AEAAX_KAEBVUnicodeString@col@@AEAV?$list@UPanelItemData@FilePanel@@V?$allocator@UPanelItemData@FilePanel@@@std@@@std@@AEAVFileListProgress@@@Z 000000006103a360 f   mftindex.obj
 0001:000396a0       ?mft_find_root@FilePanel@@AEBA_KXZ 000000006103a6a0 f   mftindex.obj
 0001:00039720       ?mft_find_path@FilePanel@@AEAA_KAEBVUnicodeString@col@@@Z 000000006103a720 f   mftindex.obj
 0001:00039920       ?open_volume@FilePanel@@AEAAXAEBVUnicodeString@col@@@Z 000000006103a920 f   mftindex.obj
 0001:000399f0       ?toggle_mft_mode@FilePanel@@QEAAXXZ 000000006103a9f0 f   mftindex.obj
 0001:00039c10       ?store_mft_index@FilePanel@@AEAAXXZ 000000006103ac10 f   mftindex.obj
 0001:0003b1d0       ?load_mft_index@FilePanel@@AEAAXXZ 000000006103c1d0 f   mftindex.obj
 0001:0003c390       ?get_mft_index_cache_name@FilePanel@@AEAA?AVUnicodeString@col@@XZ 000000006103d390 f   mftindex.obj
 0001:0003c810       ?mft_get_totals@FilePanel@@QEAA?AUTotals@1@AEBV?$ObjectArray@VUnicodeString@col@@@col@@@Z 000000006103d810 f   mftindex.obj
 0001:0003d220       ??1?$map@_KIU?$less@_K@std@@V?$allocator@U?$pair@$$CB_KI@std@@@2@@std@@QEAA@XZ 000000006103e220 f i mftindex.obj
 0001:0003d260       ??1?$list@UFileRecord@FilePanel@@V?$allocator@UFileRecord@FilePanel@@@std@@@std@@QEAA@XZ 000000006103e260 f i mftindex.obj
 0001:0003d2d0       ?count@?$_Tree@V?$_Tset_traits@_KU?$less@_K@std@@V?$allocator@_K@2@$0A@@std@@@std@@QEBA_KAEB_K@Z 000000006103e2d0 f i mftindex.obj
 0001:0003d3c0       ?count@?$_Tree@V?$_Tmap_traits@_KIU?$less@_K@std@@V?$allocator@U?$pair@$$CB_KI@std@@@2@$0A@@std@@@std@@QEBA_KAEB_K@Z 000000006103e3c0 f i mftindex.obj
 0001:0003d4b0       ?resize@?$ObjectArray@UFileRecord@FilePanel@@@col@@AEAAX_K@Z 000000006103e4b0 f i mftindex.obj
 0001:0003d530       ?ref_resize@?$ObjectArray@UFileRecord@FilePanel@@@col@@AEAAX_K@Z 000000006103e530 f i mftindex.obj
 0001:0003d630       ??1?$_Tree_val@V?$_Tmap_traits@V?$basic_string@_WU?$char_traits@_W@std@@V?$allocator@_W@2@@std@@V12@U?$less@V?$basic_string@_WU?$char_traits@_W@std@@V?$allocator@_W@2@@std@@@2@V?$allocator@U?$pair@$$CBV?$basic_string@_WU?$char_traits@_W@std@@V?$allocator@_W@2@@std@@V12@@std@@@2@$0A@@std@@@std@@QEAA@XZ 000000006103e630 f i volume_list.obj
 0001:0003d630       ??1?$_Tree_val@V?$_Tset_traits@_KU?$less@_K@std@@V?$allocator@_K@2@$0A@@std@@@std@@QEAA@XZ 000000006103e630 f i mftindex.obj
 0001:0003d630       ??1?$_Tree_val@V?$_Tmap_traits@_KIU?$less@_K@std@@V?$allocator@U?$pair@$$CB_KI@std@@@2@$0A@@std@@@std@@QEAA@XZ 000000006103e630 f i mftindex.obj
 0001:0003d640       ?_Buynode@?$_List_val@UFileRecord@FilePanel@@V?$allocator@UFileRecord@FilePanel@@@std@@@std@@QEAAPEAU_Node@?$_List_nod@UFileRecord@FilePanel@@V?$allocator@UFileRecord@FilePanel@@@std@@@2@PEAU342@0AEBUFileRecord@FilePanel@@@Z 000000006103e640 f i mftindex.obj
 0001:0003d6f0       ?erase@?$_Tree@V?$_Tset_traits@_KU?$less@_K@std@@V?$allocator@_K@2@$0A@@std@@@std@@QEAA?AV?$_Tree_const_iterator@V?$_Tree_val@V?$_Tset_traits@_KU?$less@_K@std@@V?$allocator@_K@2@$0A@@std@@@std@@@2@V32@0@Z 000000006103e6f0 f i mftindex.obj
 0001:0003d7d0       ?erase@?$_Tree@V?$_Tmap_traits@_KIU?$less@_K@std@@V?$allocator@U?$pair@$$CB_KI@std@@@2@$0A@@std@@@std@@QEAA?AV?$_Tree_iterator@V?$_Tree_val@V?$_Tmap_traits@_KIU?$less@_K@std@@V?$allocator@U?$pair@$$CB_KI@std@@@2@$0A@@std@@@std@@@2@V?$_Tree_const_iterator@V?$_Tree_val@V?$_Tmap_traits@_KIU?$less@_K@std@@V?$allocator@U?$pair@$$CB_KI@std@@@2@$0A@@std@@@std@@@2@0@Z 000000006103e7d0 f i mftindex.obj
 0001:0003d8b0       ?erase@?$_Tree@V?$_Tset_traits@_KU?$less@_K@std@@V?$allocator@_K@2@$0A@@std@@@std@@QEAA?AV?$_Tree_const_iterator@V?$_Tree_val@V?$_Tset_traits@_KU?$less@_K@std@@V?$allocator@_K@2@$0A@@std@@@std@@@2@V32@@Z 000000006103e8b0 f i mftindex.obj
 0001:0003dc10       ?clear@?$_Tree@V?$_Tset_traits@_KU?$less@_K@std@@V?$allocator@_K@2@$0A@@std@@@std@@QEAAXXZ 000000006103ec10 f i mftindex.obj
 0001:0003dc90       ?erase@?$_Tree@V?$_Tmap_traits@_KIU?$less@_K@std@@V?$allocator@U?$pair@$$CB_KI@std@@@2@$0A@@std@@@std@@QEAA?AV?$_Tree_iterator@V?$_Tree_val@V?$_Tmap_traits@_KIU?$less@_K@std@@V?$allocator@U?$pair@$$CB_KI@std@@@2@$0A@@std@@@std@@@2@V?$_Tree_const_iterator@V?$_Tree_val@V?$_Tmap_traits@_KIU?$less@_K@std@@V?$allocator@U?$pair@$$CB_KI@std@@@2@$0A@@std@@@std@@@2@@Z 000000006103ec90 f i mftindex.obj
 0001:0003dff0       ?clear@?$_Tree@V?$_Tmap_traits@_KIU?$less@_K@std@@V?$allocator@U?$pair@$$CB_KI@std@@@2@$0A@@std@@@std@@QEAAXXZ 000000006103eff0 f i mftindex.obj
 0001:0003e070       ?_Erase@?$_Tree@V?$_Tset_traits@_KU?$less@_K@std@@V?$allocator@_K@2@$0A@@std@@@std@@IEAAXPEAU_Node@?$_Tree_nod@V?$_Tset_traits@_KU?$less@_K@std@@V?$allocator@_K@2@$0A@@std@@@2@@Z 000000006103f070 f i mftindex.obj
 0001:0003e0c0       ?_Lrotate@?$_Tree@V?$_Tset_traits@_KU?$less@_K@std@@V?$allocator@_K@2@$0A@@std@@@std@@IEAAXPEAU_Node@?$_Tree_nod@V?$_Tset_traits@_KU?$less@_K@std@@V?$allocator@_K@2@$0A@@std@@@2@@Z 000000006103f0c0 f i mftindex.obj
 0001:0003e120       ?_Rrotate@?$_Tree@V?$_Tset_traits@_KU?$less@_K@std@@V?$allocator@_K@2@$0A@@std@@@std@@IEAAXPEAU_Node@?$_Tree_nod@V?$_Tset_traits@_KU?$less@_K@std@@V?$allocator@_K@2@$0A@@std@@@2@@Z 000000006103f120 f i mftindex.obj
 0001:0003e180       ?_Erase@?$_Tree@V?$_Tmap_traits@_KIU?$less@_K@std@@V?$allocator@U?$pair@$$CB_KI@std@@@2@$0A@@std@@@std@@IEAAXPEAU_Node@?$_Tree_nod@V?$_Tmap_traits@_KIU?$less@_K@std@@V?$allocator@U?$pair@$$CB_KI@std@@@2@$0A@@std@@@2@@Z 000000006103f180 f i mftindex.obj
 0001:0003e1d0       ?_Lrotate@?$_Tree@V?$_Tmap_traits@_KIU?$less@_K@std@@V?$allocator@U?$pair@$$CB_KI@std@@@2@$0A@@std@@@std@@IEAAXPEAU_Node@?$_Tree_nod@V?$_Tmap_traits@_KIU?$less@_K@std@@V?$allocator@U?$pair@$$CB_KI@std@@@2@$0A@@std@@@2@@Z 000000006103f1d0 f i mftindex.obj
 0001:0003e230       ?_Rrotate@?$_Tree@V?$_Tmap_traits@_KIU?$less@_K@std@@V?$allocator@U?$pair@$$CB_KI@std@@@2@$0A@@std@@@std@@IEAAXPEAU_Node@?$_Tree_nod@V?$_Tmap_traits@_KIU?$less@_K@std@@V?$allocator@U?$pair@$$CB_KI@std@@@2@$0A@@std@@@2@@Z 000000006103f230 f i mftindex.obj
 0001:0003e290       ??$swap@UFileRecord@FilePanel@@@std@@YAXAEAUFileRecord@FilePanel@@0@Z 000000006103f290 f i mftindex.obj
 0001:0003e3d0       ??4FileRecord@FilePanel@@QEAAAEAU01@AEBU01@@Z 000000006103f3d0 f i mftindex.obj
 0001:0003e480       ?_Linsert@?$_Tree@V?$_Tmap_traits@_KIU?$less@_K@std@@V?$allocator@U?$pair@$$CB_KI@std@@@2@$0A@@std@@@std@@QEAA?AU?$pair@V?$_Tree_iterator@V?$_Tree_val@V?$_Tmap_traits@_KIU?$less@_K@std@@V?$allocator@U?$pair@$$CB_KI@std@@@2@$0A@@std@@@std@@@std@@_N@2@PEAU_Node@?$_Tree_nod@V?$_Tmap_traits@_KIU?$less@_K@std@@V?$allocator@U?$pair@$$CB_KI@std@@@2@$0A@@std@@@2@_N@Z 000000006103f480 f i mftindex.obj
 0001:0003e5a0       ?_Insert@?$_Tree@V?$_Tset_traits@_KU?$less@_K@std@@V?$allocator@_K@2@$0A@@std@@@std@@IEAA?AV?$_Tree_const_iterator@V?$_Tree_val@V?$_Tset_traits@_KU?$less@_K@std@@V?$allocator@_K@2@$0A@@std@@@std@@@2@_NPEAU_Node@?$_Tree_nod@V?$_Tset_traits@_KU?$less@_K@std@@V?$allocator@_K@2@$0A@@std@@@2@1@Z 000000006103f5a0 f i mftindex.obj
 0001:0003e840       ?_Insert@?$_Tree@V?$_Tmap_traits@_KIU?$less@_K@std@@V?$allocator@U?$pair@$$CB_KI@std@@@2@$0A@@std@@@std@@IEAA?AV?$_Tree_iterator@V?$_Tree_val@V?$_Tmap_traits@_KIU?$less@_K@std@@V?$allocator@U?$pair@$$CB_KI@std@@@2@$0A@@std@@@std@@@2@_NPEAU_Node@?$_Tree_nod@V?$_Tmap_traits@_KIU?$less@_K@std@@V?$allocator@U?$pair@$$CB_KI@std@@@2@$0A@@std@@@2@1@Z 000000006103f840 f i mftindex.obj
 0001:0003eae0       ??$_cmp@UFileRecordCompare@FilePanel@@UFileRecord@2@@?$ObjectArray@UFileRecord@FilePanel@@@col@@CAHPEBX0@Z 000000006103fae0 f i mftindex.obj
 0001:0003eb10       ??$_cmp@UParentFileIndexCompare@?1??mft_scan_dir@FilePanel@@AEAAX_KAEBVUnicodeString@col@@AEAV?$list@UPanelItemData@FilePanel@@V?$allocator@UPanelItemData@FilePanel@@@std@@@std@@AEAVFileListProgress@@@Z@_K@?$ObjectArray@UFileRecord@FilePanel@@@col@@CAHPEBX0@Z 000000006103fb10 f i mftindex.obj
 0001:0003eb30       ??$_Buynode@$$CB_K@?$_Tree_val@V?$_Tset_traits@_KU?$less@_K@std@@V?$allocator@_K@2@$0A@@std@@@std@@QEAAPEAU_Node@?$_Tree_nod@V?$_Tset_traits@_KU?$less@_K@std@@V?$allocator@_K@2@$0A@@std@@@1@$$QEB_K@Z 000000006103fb30 f i mftindex.obj
 0001:0003eb30       ??$_Buynode@_K@?$_Tree_val@V?$_Tset_traits@_KU?$less@_K@std@@V?$allocator@_K@2@$0A@@std@@@std@@QEAAPEAU_Node@?$_Tree_nod@V?$_Tset_traits@_KU?$less@_K@std@@V?$allocator@_K@2@$0A@@std@@@1@$$QEA_K@Z 000000006103fb30 f i mftindex.obj
 0001:0003eb70       ??$_Buynode@U?$pair@_KI@std@@@?$_Tree_val@V?$_Tmap_traits@_KIU?$less@_K@std@@V?$allocator@U?$pair@$$CB_KI@std@@@2@$0A@@std@@@std@@QEAAPEAU_Node@?$_Tree_nod@V?$_Tmap_traits@_KIU?$less@_K@std@@V?$allocator@U?$pair@$$CB_KI@std@@@2@$0A@@std@@@1@$$QEAU?$pair@_KI@1@@Z 000000006103fb70 f i mftindex.obj
 0001:0003ebb0       ?copy_item@?$ObjectArray@UFileRecord@FilePanel@@@col@@CAXPEAUFileRecord@FilePanel@@PEBU34@@Z 000000006103fbb0 f i file_panel.obj
 0001:0003ebb0       ??$_Construct@UFileRecord@FilePanel@@AEBU12@@std@@YAXPEAUFileRecord@FilePanel@@AEBU12@@Z 000000006103fbb0 f i mftindex.obj
 0001:0003ec30       ?_Buynode@?$_Tree_val@V?$_Tset_traits@_KU?$less@_K@std@@V?$allocator@_K@2@$0A@@std@@@std@@QEAAPEAU_Node@?$_Tree_nod@V?$_Tset_traits@_KU?$less@_K@std@@V?$allocator@_K@2@$0A@@std@@@2@XZ 000000006103fc30 f i mftindex.obj
 0001:0003ecb0       ?_Buynode@?$_Tree_val@V?$_Tmap_traits@_KIU?$less@_K@std@@V?$allocator@U?$pair@$$CB_KI@std@@@2@$0A@@std@@@std@@QEAAPEAU_Node@?$_Tree_nod@V?$_Tmap_traits@_KIU?$less@_K@std@@V?$allocator@U?$pair@$$CB_KI@std@@@2@$0A@@std@@@2@XZ 000000006103fcb0 f i mftindex.obj
 0001:0003ed30       ?get_version_info@@YA?AUVersionData@@AEBVUnicodeString@col@@@Z 000000006103fd30 f   filever.obj
 0001:000418c0       ??1VersionData@@QEAA@XZ    00000000610428c0 f i filever.obj
 0001:00041950       ??1VarVerInfo@@QEAA@XZ     0000000061042950 f i filever.obj
 0001:00041960       ?get_certificate_info@@YA?AUCertificateInfo@@PEAXPEBU_CMSG_SIGNER_INFO@@@Z 0000000061042960 f   filever.obj
 0001:00041b10       ?get_signature_info@@YA?AV?$ObjectArray@UNameValue@@@col@@AEBVUnicodeString@2@@Z 0000000061042b10 f   filever.obj
 0001:00043270       ?verify_signature@@YAJAEBVUnicodeString@col@@@Z 0000000061044270 f   filever.obj
 0001:00043360       ?get_prop_list@@YA?AV?$ObjectArray@UNameValue@@@col@@AEBVUnicodeString@2@@Z 0000000061044360 f   filever.obj
 0001:00043860       ?file_version_dialog_proc@@YA_JPEAX_J10@Z 0000000061044860 f   filever.obj
 0001:00043e50       ?show_file_version_dialog@@YAXAEBVUnicodeString@col@@AEBUVersionData@@@Z 0000000061044e50 f   filever.obj
 0001:00045060       ?plugin_show_file_version@@YAXAEBVUnicodeString@col@@@Z 0000000061046060 f   filever.obj
 0001:000452f0       ??1?$ObjectArray@UListData@FarDialog@@@col@@QEAA@XZ 00000000610462f0 f i content.obj
 0001:000452f0       ??1?$ObjectArray@UNameValue@@@col@@QEAA@XZ 00000000610462f0 f i filever.obj
 0001:000452f0       ??1Log@@QEAA@XZ            00000000610462f0 f i main.obj
 0001:00045300       ??1?$ObjectArray@UVarVerInfo@@@col@@QEAA@XZ 0000000061046300 f i filever.obj
 0001:00045370       ??1?$_com_ptr_t@V?$_com_IIID@UIPropertySetStorage@@$1?_GUID_0000013a_0000_0000_c000_000000000046@@3U__s_GUID@@B@@@@QEAA@XZ 0000000061046370 f i filever.obj
 0001:00045370       ??1?$_com_ptr_t@V?$_com_IIID@UIPropertyStorage@@$1?_GUID_00000138_0000_0000_c000_000000000046@@3U__s_GUID@@B@@@@QEAA@XZ 0000000061046370 f i filever.obj
 0001:00045390       ?clean@?$ObjectArray@UListData@FarDialog@@@col@@AEAAXXZ 0000000061046390 f i content.obj
 0001:00045390       ?clean@?$ObjectArray@ULogRecord@@@col@@AEAAXXZ 0000000061046390 f i main.obj
 0001:00045390       ?clean@?$ObjectArray@UNameValue@@@col@@AEAAXXZ 0000000061046390 f i filever.obj
 0001:00045430       ?create@?$ObjectArray@UVarVerInfo@@@col@@CAPEAUBuffer@12@PEBUVarVerInfo@@_K@Z 0000000061046430 f i filever.obj
 0001:00045500       ?replace@?$ObjectArray@UListData@FarDialog@@@col@@QEAAAEAV12@_K0PEBUListData@FarDialog@@0@Z 0000000061046500 f i dlgapi.obj
 0001:00045500       ?replace@?$ObjectArray@UNameValue@@@col@@QEAAAEAV12@_K0PEBUNameValue@@0@Z 0000000061046500 f i filever.obj
 0001:00045500       ?replace@?$ObjectArray@ULogRecord@@@col@@QEAAAEAV12@_K0PEBULogRecord@@0@Z 0000000061046500 f i defragment.obj
 0001:000458f0       ?replace@?$ObjectArray@UVarVerInfo@@@col@@QEAAAEAV12@_K0PEBUVarVerInfo@@0@Z 00000000610468f0 f i filever.obj
 0001:00045d40       ??1CriticalSection@@UEAA@XZ 0000000061046d40 f i compress_files.obj
 0001:00045d60       ??_GCriticalSection@@UEAAPEAXI@Z 0000000061046d60 f i compress_files.obj
 0001:00045d60       ??_ECriticalSection@@UEAAPEAXI@Z 0000000061046d60 f i  CIL library: CIL module
 0001:00045da0       ?init_comp_api@@YAXXZ      0000000061046da0 f   compress_files.obj
 0001:00045e60       ?get_comp_work_buffer_size@@YAIXZ 0000000061046e60 f   compress_files.obj
 0001:00045ed0       ?get_cluster_size@@YAIAEBVUnicodeString@col@@@Z 0000000061046ed0 f   compress_files.obj
 0001:00045f20       ?get_time@@YA_KXZ          0000000061046f20 f   compress_files.obj
 0001:00045f70       ?get_time_freq@@YA_KXZ     0000000061046f70 f   compress_files.obj
 0001:00045fc0       ??0Buffer@@QEAA@XZ         0000000061046fc0 f i compress_files.obj
 0001:00045fe0       ??1Buffer@@QEAA@XZ         0000000061046fe0 f i compress_files.obj
 0001:00046030       ?allocate@Buffer@@QEAAXIII@Z 0000000061047030 f i compress_files.obj
 0001:000460c0       ??0BufferArray@@QEAA@II@Z  00000000610470c0 f i compress_files.obj
 0001:000461a0       ??1BufferArray@@QEAA@XZ    00000000610471a0 f i compress_files.obj
 0001:000461e0       ?update_defrag_ui@CompressFiles@@UEAAX_N@Z 00000000610471e0 f i compress_files.obj
 0001:00046200       ??0CompressFiles@@QEAA@AEBUCompressFilesParams@@AEAULog@@II@Z 0000000061047200 f i compress_files.obj
 0001:00046350       ??_GCompressFiles@@UEAAPEAXI@Z 0000000061047350 f i compress_files.obj
 0001:00046350       ??_ECompressFiles@@UEAAPEAXI@Z 0000000061047350 f i  CIL library: CIL module
 0001:00046380       ??1CompressFiles@@UEAA@XZ  0000000061047380 f i compress_files.obj
 0001:00046460       ?stop_threads@WorkerThreads@@AEAAXXZ 0000000061047460 f i compress_files.obj
 0001:00046510       ?thread_proc@WorkerThreads@@CAIPEAX@Z 0000000061047510 f i compress_files.obj
 0001:00046540       ??0WorkerThreads@@QEAA@AEAUCompressFiles@@@Z 0000000061047540 f i compress_files.obj
 0001:00046690       ??1WorkerThreads@@QEAA@XZ  0000000061047690 f i compress_files.obj
 0001:000466d0       ?do_update_ui@CompressFiles@@UEAAXXZ 00000000610476d0 f   compress_files.obj
 0001:00047820       ?estimate_file_size@CompressFiles@@QEAAXAEBUFindData@@@Z 0000000061048820 f   compress_files.obj
 0001:000478c0       ?estimate_directory_size@CompressFiles@@QEAAXAEBVUnicodeString@col@@@Z 00000000610488c0 f   compress_files.obj
 0001:00047a60       ?run_compression_thread@CompressFiles@@QEAAXXZ 0000000061048a60 f   compress_files.obj
 0001:00047ce0       ??0ReadOnlyFileAccess@@QEAA@AEBVUnicodeString@col@@@Z 0000000061048ce0 f i compress_files.obj
 0001:00047df0       ??1ReadOnlyFileAccess@@QEAA@XZ 0000000061048df0 f i compress_files.obj
 0001:00047e40       ?compress_file@CompressFiles@@QEAAXAEBVUnicodeString@col@@AEBUFindData@@@Z 0000000061048e40 f   compress_files.obj
 0001:00048420       ?compress_directory@CompressFiles@@QEAAXAEBVUnicodeString@col@@@Z 0000000061049420 f   compress_files.obj
 0001:000485b0       ?process@CompressFiles@@QEAAXAEBV?$ObjectArray@VUnicodeString@col@@@col@@@Z 00000000610495b0 f   compress_files.obj
 0001:00048a80       ?dialog_proc@CompressFilesDialog@@CA_JPEAX_J10@Z 0000000061049a80 f i compress_files.obj
 0001:00048bf0       ??0CompressFilesDialog@@QEAA@AEAUCompressFilesParams@@@Z 0000000061049bf0 f i compress_files.obj
 0001:00048cb0       ?show@CompressFilesDialog@@QEAA_NXZ 0000000061049cb0 f i compress_files.obj
 0001:00048fb0       ?show_compress_files_dialog@@YA_NAEAUCompressFilesParams@@@Z 0000000061049fb0 f   compress_files.obj
 0001:00049040       ??1?$vector@PEAXV?$allocator@PEAX@std@@@std@@QEAA@XZ 000000006104a040 f i compress_files.obj
 0001:00049070       ?reserve@?$vector@PEAXV?$allocator@PEAX@std@@@std@@QEAAX_K@Z 000000006104a070 f i compress_files.obj
 0001:00049130       ?_Reserve@?$vector@PEAXV?$allocator@PEAX@std@@@std@@IEAAX_K@Z 000000006104a130 f i compress_files.obj
 0001:000491c0       ?allocate@?$allocator@PEAX@std@@QEAAPEAPEAX_K@Z 000000006104a1c0 f i compress_files.obj
 0001:00049230       ??$_Insert@V?$_Vector_iterator@V?$_Vector_val@PEAXV?$allocator@PEAX@std@@@std@@@std@@@?$vector@PEAXV?$allocator@PEAX@std@@@std@@QEAAXV?$_Vector_const_iterator@V?$_Vector_val@PEAXV?$allocator@PEAX@std@@@std@@@1@V?$_Vector_iterator@V?$_Vector_val@PEAXV?$allocator@PEAX@std@@@std@@@1@1Uforward_iterator_tag@1@@Z 000000006104a230 f i compress_files.obj
 0001:000493b0       ??$_Uninit_copy@V?$_Vector_iterator@V?$_Vector_val@PEAXV?$allocator@PEAX@std@@@std@@@std@@PEAPEAXV?$allocator@PEAX@2@@std@@YAPEAPEAXV?$_Vector_iterator@V?$_Vector_val@PEAXV?$allocator@PEAX@std@@@std@@@0@0PEAPEAXAEAV?$allocator@PEAX@0@U_Nonscalar_ptr_iterator_tag@0@@Z 000000006104a3b0 f i compress_files.obj
 0001:000493f0       ??$_Rotate@PEAPEAX_JPEAX@std@@YAXPEAPEAX00PEA_J0@Z 000000006104a3f0 f i compress_files.obj
 0001:000494b0       ??1VolumeEnum@@QEAA@XZ     000000006104a4b0 f i volume_list.obj
 0001:000494e0       ?next@VolumeEnum@@QEAA_NXZ 000000006104a4e0 f i volume_list.obj
 0001:000495a0       ?get_volume_path@VolumeEnum@@QEBA?AV?$basic_string@_WU?$char_traits@_W@std@@V?$allocator@_W@2@@std@@XZ 000000006104a5a0 f i volume_list.obj
 0001:000495f0       ?next@LogicalDrivesEnum@@QEAA_NXZ 000000006104a5f0 f i volume_list.obj
 0001:00049710       ?get_drive@LogicalDrivesEnum@@QEBA?AV?$basic_string@_WU?$char_traits@_W@std@@V?$allocator@_W@2@@std@@XZ 000000006104a710 f i volume_list.obj
 0001:00049760       ?get_volume_mount_points@@YA?AV?$list@V?$basic_string@_WU?$char_traits@_W@std@@V?$allocator@_W@2@@std@@V?$allocator@V?$basic_string@_WU?$char_traits@_W@std@@V?$allocator@_W@2@@std@@@2@@std@@AEBV?$basic_string@_WU?$char_traits@_W@std@@V?$allocator@_W@2@@2@@Z 000000006104a760 f   volume_list.obj
 0001:00049aa0       ?get_device_path@@YA_NAEBV?$basic_string@_WU?$char_traits@_W@std@@V?$allocator@_W@2@@std@@AEAV12@@Z 000000006104aaa0 f   volume_list.obj
 0001:00049d00       ?enum_volumes@@YA?AV?$list@UVolumeItem@@V?$allocator@UVolumeItem@@@std@@@std@@XZ 000000006104ad00 f   volume_list.obj
 0001:0004a570       ??1LogicalDrivesEnum@@QEAA@XZ 000000006104b570 f i volume_list.obj
[...]
 0001:000698f0       ?dtor$132@?0??display_file_info@FileAnalyzer@@QEAAX_N@Z@4HA 000000006106a8f0 f    CIL library: CIL module
 0001:00069900       ?dtor$133@?0??display_file_info@FileAnalyzer@@QEAAX_N@Z@4HA 000000006106a900 f    CIL library: CIL module
 0001:00069910       ?dtor$134@?0??display_file_info@FileAnalyzer@@QEAAX_N@Z@4HA 000000006106a910 f    CIL library: CIL module
 0001:00069920       ?dtor$135@?0??display_file_info@FileAnalyzer@@QEAAX_N@Z@4HA 000000006106a920 f    CIL library: CIL module
 0001:00069930       ?dtor$136@?0??display_file_info@FileAnalyzer@@QEAAX_N@Z@4HA 000000006106a930 f    CIL library: CIL module
 0001:00069940       ?dtor$138@?0??display_file_info@FileAnalyzer@@QEAAX_N@Z@4HA 000000006106a940 f    CIL library: CIL module
 0001:00069950       ?dtor$139@?0??display_file_info@FileAnalyzer@@QEAAX_N@Z@4HA 000000006106a950 f    CIL library: CIL module
 0001:00069960       ?dtor$140@?0??display_file_info@FileAnalyzer@@QEAAX_N@Z@4HA 000000006106a960 f    CIL library: CIL module
 0001:00069970       ?dtor$141@?0??display_file_info@FileAnalyzer@@QEAAX_N@Z@4HA 000000006106a970 f    CIL library: CIL module
 0001:00069980       ?dtor$142@?0??display_file_info@FileAnalyzer@@QEAAX_N@Z@4HA 000000006106a980 f    CIL library: CIL module
 0001:00069990       ?dtor$143@?0??display_file_info@FileAnalyzer@@QEAAX_N@Z@4HA 000000006106a990 f    CIL library: CIL module
 0001:000699a0       ?dtor$144@?0??display_file_info@FileAnalyzer@@QEAAX_N@Z@4HA 000000006106a9a0 f    CIL library: CIL module
 0001:000699b0       ?dtor$145@?0??display_file_info@FileAnalyzer@@QEAAX_N@Z@4HA 000000006106a9b0 f    CIL library: CIL module
 0001:000699c0       ?dtor$146@?0??display_file_info@FileAnalyzer@@QEAAX_N@Z@4HA 000000006106a9c0 f    CIL library: CIL module
 0001:000699d0       ?dtor$147@?0??display_file_info@FileAnalyzer@@QEAAX_N@Z@4HA 000000006106a9d0 f    CIL library: CIL module
 0001:000699e0       ?dtor$148@?0??display_file_info@FileAnalyzer@@QEAAX_N@Z@4HA 000000006106a9e0 f    CIL library: CIL module
 0001:000699f0       ?dtor$149@?0??display_file_info@FileAnalyzer@@QEAAX_N@Z@4HA 000000006106a9f0 f    CIL library: CIL module
 0001:00069a00       ?dtor$152@?0??display_file_info@FileAnalyzer@@QEAAX_N@Z@4HA 000000006106aa00 f    CIL library: CIL module
 0001:00069a10       ?dtor$153@?0??display_file_info@FileAnalyzer@@QEAAX_N@Z@4HA 000000006106aa10 f    CIL library: CIL module
 0001:00069a20       ?dtor$154@?0??display_file_info@FileAnalyzer@@QEAAX_N@Z@4HA 000000006106aa20 f    CIL library: CIL module
 0001:00069a30       ?dtor$156@?0??display_file_info@FileAnalyzer@@QEAAX_N@Z@4HA 000000006106aa30 f    CIL library: CIL module
 0001:00069a40       ?dtor$157@?0??display_file_info@FileAnalyzer@@QEAAX_N@Z@4HA 000000006106aa40 f    CIL library: CIL module
 0001:00069a50       ?dtor$158@?0??display_file_info@FileAnalyzer@@QEAAX_N@Z@4HA 000000006106aa50 f    CIL library: CIL module
 0001:00069a60       ?dtor$160@?0??display_file_info@FileAnalyzer@@QEAAX_N@Z@4HA 000000006106aa60 f    CIL library: CIL module
 0001:00069a70       ?dtor$161@?0??display_file_info@FileAnalyzer@@QEAAX_N@Z@4HA 000000006106aa70 f    CIL library: CIL module
 0001:00069a80       ?dtor$162@?0??display_file_info@FileAnalyzer@@QEAAX_N@Z@4HA 000000006106aa80 f    CIL library: CIL module
 0001:00069ab0       ?dtor$166@?0??display_file_info@FileAnalyzer@@QEAAX_N@Z@4HA 000000006106aab0 f    CIL library: CIL module
 0001:00069ac0       ?dtor$167@?0??display_file_info@FileAnalyzer@@QEAAX_N@Z@4HA 000000006106aac0 f    CIL library: CIL module
 0001:00069ad0       ?dtor$168@?0??display_file_info@FileAnalyzer@@QEAAX_N@Z@4HA 000000006106aad0 f    CIL library: CIL module
 0001:00069ae0       ?dtor$169@?0??display_file_info@FileAnalyzer@@QEAAX_N@Z@4HA 000000006106aae0 f    CIL library: CIL module
 0001:00069af0       ?dtor$171@?0??display_file_info@FileAnalyzer@@QEAAX_N@Z@4HA 000000006106aaf0 f    CIL library: CIL module
 0001:00069b00       ?dtor$172@?0??display_file_info@FileAnalyzer@@QEAAX_N@Z@4HA 000000006106ab00 f    CIL library: CIL module
 0001:00069b10       ?dtor$173@?0??display_file_info@FileAnalyzer@@QEAAX_N@Z@4HA 000000006106ab10 f    CIL library: CIL module
 0001:00069b20       ?dtor$174@?0??display_file_info@FileAnalyzer@@QEAAX_N@Z@4HA 000000006106ab20 f    CIL library: CIL module
 0001:00069b30       ?dtor$175@?0??display_file_info@FileAnalyzer@@QEAAX_N@Z@4HA 000000006106ab30 f    CIL library: CIL module
 0001:00069b40       ?dtor$177@?0??display_file_info@FileAnalyzer@@QEAAX_N@Z@4HA 000000006106ab40 f    CIL library: CIL module
 0001:00069b50       ?dtor$178@?0??display_file_info@FileAnalyzer@@QEAAX_N@Z@4HA 000000006106ab50 f    CIL library: CIL module
 0001:00069b60       ?dtor$179@?0??display_file_info@FileAnalyzer@@QEAAX_N@Z@4HA 000000006106ab60 f    CIL library: CIL module
 0001:00069b70       ?dtor$180@?0??display_file_info@FileAnalyzer@@QEAAX_N@Z@4HA 000000006106ab70 f    CIL library: CIL module
 0001:00069b80       ?dtor$183@?0??display_file_info@FileAnalyzer@@QEAAX_N@Z@4HA 000000006106ab80 f    CIL library: CIL module
 0001:00069b90       ?dtor$184@?0??display_file_info@FileAnalyzer@@QEAAX_N@Z@4HA 000000006106ab90 f    CIL library: CIL module
 0001:00069ba0       ?dtor$185@?0??display_file_info@FileAnalyzer@@QEAAX_N@Z@4HA 000000006106aba0 f    CIL library: CIL module
 0001:00069bb0       ?dtor$187@?0??display_file_info@FileAnalyzer@@QEAAX_N@Z@4HA 000000006106abb0 f    CIL library: CIL module
 0001:00069bc0       ?dtor$188@?0??display_file_info@FileAnalyzer@@QEAAX_N@Z@4HA 000000006106abc0 f    CIL library: CIL module
 0001:00069bd0       ?dtor$189@?0??display_file_info@FileAnalyzer@@QEAAX_N@Z@4HA 000000006106abd0 f    CIL library: CIL module
 0001:00069be0       ?dtor$191@?0??display_file_info@FileAnalyzer@@QEAAX_N@Z@4HA 000000006106abe0 f    CIL library: CIL module
 0001:00069bf0       ?dtor$192@?0??display_file_info@FileAnalyzer@@QEAAX_N@Z@4HA 000000006106abf0 f    CIL library: CIL module
 0001:00069c00       ?dtor$193@?0??display_file_info@FileAnalyzer@@QEAAX_N@Z@4HA 000000006106ac00 f    CIL library: CIL module
 0001:00069c40       ?dtor$197@?0??display_file_info@FileAnalyzer@@QEAAX_N@Z@4HA 000000006106ac40 f    CIL library: CIL module
 0001:00069c50       ?dtor$198@?0??display_file_info@FileAnalyzer@@QEAAX_N@Z@4HA 000000006106ac50 f    CIL library: CIL module
 0001:00069c60       ?dtor$199@?0??display_file_info@FileAnalyzer@@QEAAX_N@Z@4HA 000000006106ac60 f    CIL library: CIL module
 0001:00069c70       ?dtor$200@?0??display_file_info@FileAnalyzer@@QEAAX_N@Z@4HA 000000006106ac70 f    CIL library: CIL module
 0001:00069c80       ?dtor$202@?0??display_file_info@FileAnalyzer@@QEAAX_N@Z@4HA 000000006106ac80 f    CIL library: CIL module
 0001:00069c90       ?dtor$203@?0??display_file_info@FileAnalyzer@@QEAAX_N@Z@4HA 000000006106ac90 f    CIL library: CIL module
 0001:00069ca0       ?dtor$204@?0??display_file_info@FileAnalyzer@@QEAAX_N@Z@4HA 000000006106aca0 f    CIL library: CIL module
 0001:00069cb0       ?dtor$205@?0??display_file_info@FileAnalyzer@@QEAAX_N@Z@4HA 000000006106acb0 f    CIL library: CIL module
 0001:00069cc0       ?dtor$206@?0??display_file_info@FileAnalyzer@@QEAAX_N@Z@4HA 000000006106acc0 f    CIL library: CIL module
 0001:00069cd0       ?dtor$208@?0??display_file_info@FileAnalyzer@@QEAAX_N@Z@4HA 000000006106acd0 f    CIL library: CIL module
 0001:00069ce0       ?dtor$209@?0??display_file_info@FileAnalyzer@@QEAAX_N@Z@4HA 000000006106ace0 f    CIL library: CIL module
 0001:00069cf0       ?dtor$210@?0??display_file_info@FileAnalyzer@@QEAAX_N@Z@4HA 000000006106acf0 f    CIL library: CIL module
 0001:00069d00       ?dtor$211@?0??display_file_info@FileAnalyzer@@QEAAX_N@Z@4HA 000000006106ad00 f    CIL library: CIL module
 0001:00069d10       ?dtor$214@?0??display_file_info@FileAnalyzer@@QEAAX_N@Z@4HA 000000006106ad10 f    CIL library: CIL module
 0001:00069d20       ?dtor$215@?0??display_file_info@FileAnalyzer@@QEAAX_N@Z@4HA 000000006106ad20 f    CIL library: CIL module
 0001:00069d30       ?dtor$216@?0??display_file_info@FileAnalyzer@@QEAAX_N@Z@4HA 000000006106ad30 f    CIL library: CIL module
 0001:00069d40       ?dtor$218@?0??display_file_info@FileAnalyzer@@QEAAX_N@Z@4HA 000000006106ad40 f    CIL library: CIL module
 0001:00069d50       ?dtor$219@?0??display_file_info@FileAnalyzer@@QEAAX_N@Z@4HA 000000006106ad50 f    CIL library: CIL module
 0001:00069d60       ?dtor$220@?0??display_file_info@FileAnalyzer@@QEAAX_N@Z@4HA 000000006106ad60 f    CIL library: CIL module
 0001:00069d70       ?dtor$222@?0??display_file_info@FileAnalyzer@@QEAAX_N@Z@4HA 000000006106ad70 f    CIL library: CIL module
 0001:00069d80       ?dtor$223@?0??display_file_info@FileAnalyzer@@QEAAX_N@Z@4HA 000000006106ad80 f    CIL library: CIL module
 0001:00069d90       ?dtor$224@?0??display_file_info@FileAnalyzer@@QEAAX_N@Z@4HA 000000006106ad90 f    CIL library: CIL module
 0001:00069dd0       ?dtor$225@?0??display_file_info@FileAnalyzer@@QEAAX_N@Z@4HA 000000006106add0 f    CIL library: CIL module
 0001:00069e10       ?dtor$226@?0??display_file_info@FileAnalyzer@@QEAAX_N@Z@4HA 000000006106ae10 f    CIL library: CIL module
 0001:00069e50       ?dtor$228@?0??display_file_info@FileAnalyzer@@QEAAX_N@Z@4HA 000000006106ae50 f    CIL library: CIL module
 0001:00069e60       ?dtor$229@?0??display_file_info@FileAnalyzer@@QEAAX_N@Z@4HA 000000006106ae60 f    CIL library: CIL module
 0001:00069e70       ?dtor$230@?0??display_file_info@FileAnalyzer@@QEAAX_N@Z@4HA 000000006106ae70 f    CIL library: CIL module
 0001:00069e80       ?dtor$231@?0??display_file_info@FileAnalyzer@@QEAAX_N@Z@4HA 000000006106ae80 f    CIL library: CIL module
 0001:00069e90       ?dtor$233@?0??display_file_info@FileAnalyzer@@QEAAX_N@Z@4HA 000000006106ae90 f    CIL library: CIL module
 0001:00069ea0       ?dtor$234@?0??display_file_info@FileAnalyzer@@QEAAX_N@Z@4HA 000000006106aea0 f    CIL library: CIL module
 0001:00069eb0       ?dtor$235@?0??display_file_info@FileAnalyzer@@QEAAX_N@Z@4HA 000000006106aeb0 f    CIL library: CIL module
 0001:00069ec0       ?dtor$236@?0??display_file_info@FileAnalyzer@@QEAAX_N@Z@4HA 000000006106aec0 f    CIL library: CIL module
 0001:00069ed0       ?dtor$237@?0??display_file_info@FileAnalyzer@@QEAAX_N@Z@4HA 000000006106aed0 f    CIL library: CIL module
 0001:00069ee0       ?dtor$239@?0??display_file_info@FileAnalyzer@@QEAAX_N@Z@4HA 000000006106aee0 f    CIL library: CIL module
 0001:00069ef0       ?dtor$240@?0??display_file_info@FileAnalyzer@@QEAAX_N@Z@4HA 000000006106aef0 f    CIL library: CIL module
 0001:00069f00       ?dtor$241@?0??display_file_info@FileAnalyzer@@QEAAX_N@Z@4HA 000000006106af00 f    CIL library: CIL module
 0001:00069f10       ?dtor$242@?0??display_file_info@FileAnalyzer@@QEAAX_N@Z@4HA 000000006106af10 f    CIL library: CIL module
 0001:00069f20       ?dtor$243@?0??display_file_info@FileAnalyzer@@QEAAX_N@Z@4HA 000000006106af20 f    CIL library: CIL module
 0001:00069f30       ?dtor$0@?0??plugin_show_metadata@@YAXAEBV?$ObjectArray@VUnicodeString@col@@@col@@@Z@4HA 000000006106af30 f    CIL library: CIL module
 0001:00069f40       ?dtor$1@?0??plugin_show_metadata@@YAXAEBV?$ObjectArray@VUnicodeString@col@@@col@@@Z@4HA 000000006106af40 f    CIL library: CIL module
 0001:00069f50       ?dtor$2@?0??plugin_show_metadata@@YAXAEBV?$ObjectArray@VUnicodeString@col@@@col@@@Z@4HA 000000006106af50 f    CIL library: CIL module
 0001:00069f60       ?dtor$3@?0??plugin_show_metadata@@YAXAEBV?$ObjectArray@VUnicodeString@col@@@col@@@Z@4HA 000000006106af60 f    CIL library: CIL module
 0001:00069f70       OpenW$dtor$0               000000006106af70 f    CIL library: CIL module
 0001:00069f80       OpenW$dtor$1               000000006106af80 f    CIL library: CIL module
 0001:00069f90       OpenW$dtor$2               000000006106af90 f    CIL library: CIL module
 0001:00069fa0       OpenW$dtor$3               000000006106afa0 f    CIL library: CIL module
 0001:00069fb0       OpenW$dtor$4               000000006106afb0 f    CIL library: CIL module
 0001:00069fc0       OpenW$dtor$5               000000006106afc0 f    CIL library: CIL module
 0001:00069fd0       OpenW$dtor$6               000000006106afd0 f    CIL library: CIL module
 0001:00069fe0       OpenW$dtor$7               000000006106afe0 f    CIL library: CIL module
 0001:00069ff0       OpenW$dtor$8               000000006106aff0 f    CIL library: CIL module
 0001:0006a000       OpenW$dtor$9               000000006106b000 f    CIL library: CIL module
 0001:0006a010       OpenW$dtor$10              000000006106b010 f    CIL library: CIL module
 0001:0006a020       OpenW$dtor$11              000000006106b020 f    CIL library: CIL module
 0001:0006a030       OpenW$dtor$12              000000006106b030 f    CIL library: CIL module
 0001:0006a040       OpenW$dtor$13              000000006106b040 f    CIL library: CIL module
 0001:0006a050       OpenW$dtor$14              000000006106b050 f    CIL library: CIL module
 0001:0006a060       OpenW$catch$0              000000006106b060 f    CIL library: CIL module
 0001:0006a06d       __catch$OpenW$0            000000006106b06d f    CIL library: CIL module
 0001:0006a090       OpenW$dtor$15              000000006106b090 f    CIL library: CIL module
 0001:0006a0a0       OpenW$dtor$16              000000006106b0a0 f    CIL library: CIL module
 0001:0006a0b0       OpenW$dtor$17              000000006106b0b0 f    CIL library: CIL module
 0001:0006a0c0       OpenW$dtor$18              000000006106b0c0 f    CIL library: CIL module
 0001:0006a0d0       OpenW$dtor$19              000000006106b0d0 f    CIL library: CIL module
 0001:0006a0e0       OpenW$dtor$20              000000006106b0e0 f    CIL library: CIL module
 0001:0006a0f0       OpenW$dtor$21              000000006106b0f0 f    CIL library: CIL module
 0001:0006a100       OpenW$dtor$22              000000006106b100 f    CIL library: CIL module
 0001:0006a110       OpenW$dtor$23              000000006106b110 f    CIL library: CIL module
 0001:0006a120       OpenW$dtor$24              000000006106b120 f    CIL library: CIL module
 0001:0006a130       OpenW$dtor$25              000000006106b130 f    CIL library: CIL module
 0001:0006a140       OpenW$dtor$26              000000006106b140 f    CIL library: CIL module
 0001:0006a150       OpenW$dtor$27              000000006106b150 f    CIL library: CIL module
 0001:0006a160       OpenW$dtor$28              000000006106b160 f    CIL library: CIL module
 0001:0006a170       OpenW$dtor$54              000000006106b170 f    CIL library: CIL module
 0001:0006a180       OpenW$dtor$29              000000006106b180 f    CIL library: CIL module
 0001:0006a190       OpenW$dtor$30              000000006106b190 f    CIL library: CIL module
 0001:0006a1a0       OpenW$dtor$31              000000006106b1a0 f    CIL library: CIL module
 0001:0006a1b0       OpenW$dtor$32              000000006106b1b0 f    CIL library: CIL module
 0001:0006a1c0       OpenW$dtor$33              000000006106b1c0 f    CIL library: CIL module
 0001:0006a1d0       OpenW$dtor$34              000000006106b1d0 f    CIL library: CIL module
 0001:0006a1e0       OpenW$dtor$35              000000006106b1e0 f    CIL library: CIL module
 0001:0006a1f0       OpenW$dtor$36              000000006106b1f0 f    CIL library: CIL module
 0001:0006a200       OpenW$dtor$37              000000006106b200 f    CIL library: CIL module
 0001:0006a210       OpenW$dtor$38              000000006106b210 f    CIL library: CIL module
 0001:0006a220       OpenW$dtor$39              000000006106b220 f    CIL library: CIL module
 0001:0006a230       OpenW$dtor$40              000000006106b230 f    CIL library: CIL module
 0001:0006a240       OpenW$dtor$41              000000006106b240 f    CIL library: CIL module
 0001:0006a250       OpenW$dtor$42              000000006106b250 f    CIL library: CIL module
 0001:0006a260       OpenW$dtor$43              000000006106b260 f    CIL library: CIL module
 0001:0006a270       OpenW$dtor$44              000000006106b270 f    CIL library: CIL module
 0001:0006a280       OpenW$dtor$45              000000006106b280 f    CIL library: CIL module
 0001:0006a290       OpenW$dtor$46              000000006106b290 f    CIL library: CIL module
 0001:0006a2a0       OpenW$dtor$47              000000006106b2a0 f    CIL library: CIL module
 0001:0006a2b0       OpenW$dtor$48              000000006106b2b0 f    CIL library: CIL module
 0001:0006a2c0       OpenW$dtor$49              000000006106b2c0 f    CIL library: CIL module
 0001:0006a2d0       OpenW$catch$1              000000006106b2d0 f    CIL library: CIL module
 0001:0006a2dd       __catch$OpenW$2            000000006106b2dd f    CIL library: CIL module
 0001:0006a2f0       OpenW$catch$2              000000006106b2f0 f    CIL library: CIL module
 0001:0006a2fd       __catch$OpenW$3            000000006106b2fd f    CIL library: CIL module
 0001:0006a320       OpenW$catch$3              000000006106b320 f    CIL library: CIL module
 0001:0006a32d       __catch$OpenW$4            000000006106b32d f    CIL library: CIL module
 0001:0006a350       OpenW$catch$4              000000006106b350 f    CIL library: CIL module
 0001:0006a35e       __catch$OpenW$5            000000006106b35e f    CIL library: CIL module
 0001:0006a3e0       OpenW$dtor$50              000000006106b3e0 f    CIL library: CIL module
 0001:0006a3f0       ?dtor$0@?0???__Eg_file_panel_mode@@YAXXZ@4HA 000000006106b3f0 f    CIL library: CIL module
 0001:0006a400       ?dtor$1@?0???__Eg_file_panel_mode@@YAXXZ@4HA 000000006106b400 f    CIL library: CIL module
 0001:0006a410       ?dtor$2@?0???__Eg_file_panel_mode@@YAXXZ@4HA 000000006106b410 f    CIL library: CIL module
 0001:0006a420       ?dtor$3@?0???__Eg_file_panel_mode@@YAXXZ@4HA 000000006106b420 f    CIL library: CIL module
 0001:0006a430       _CallSETranslator$filt$0   000000006106b430 f   LIBCMT:trnsctrl.obj
 0001:0006a476       __FrameUnwindToState$filt$0 000000006106b476 f   LIBCMT:frame.obj
 0001:0006a496       __FrameUnwindToState$fin$1 000000006106b496 f   LIBCMT:frame.obj
 0001:0006a4bf       __DestructExceptionObject$filt$0 000000006106b4bf f   LIBCMT:frame.obj
 0001:0006a4d7       __CxxCallCatchBlock$filt$0 000000006106b4d7 f   LIBCMT:frame.obj
 0001:0006a5d7       __CxxCallCatchBlock$fin$1  000000006106b5d7 f   LIBCMT:frame.obj
 0001:0006a670       ??__Eg_colors@@YAXXZ       000000006106b670 f    CIL library: CIL module
 0001:0006a6f0       ??__Eg_file_panel_mode@@YAXXZ 000000006106b6f0 f    CIL library: CIL module
 0001:0006a7d0       ??__E?g_file_panels@FilePanel@@0V?$Array@PEAVFilePanel@@@col@@A@@YAXXZ 000000006106b7d0 f    CIL library: CIL module
 0001:0006a7f0       ??__Esize_suffixes@@YAXXZ  000000006106b7f0 f    CIL library: CIL module
 0001:0006a810       ??__Espeed_suffixes@@YAXXZ 000000006106b810 f    CIL library: CIL module
 0001:0006a830       ??__Eshort_size_suffixes@@YAXXZ 000000006106b830 f    CIL library: CIL module
 0001:0006a850       ??__Fg_colors@@YAXXZ       000000006106b850 f    CIL library: CIL module
 0001:0006a870       ??__Fg_file_panel_mode@@YAXXZ 000000006106b870 f    CIL library: CIL module
 0001:0006a8f0       ??__F?g_file_panels@FilePanel@@0V?$Array@PEAVFilePanel@@@col@@A@@YAXXZ 000000006106b8f0 f    CIL library: CIL module
 0001:0006a910       ??__Fsize_suffixes@@YAXXZ  000000006106b910 f    CIL library: CIL module
 0001:0006a980       ??__Fspeed_suffixes@@YAXXZ 000000006106b980 f    CIL library: CIL module
 0001:0006a9f0       ??__Fshort_size_suffixes@@YAXXZ 000000006106b9f0 f    CIL library: CIL module
 0001:0006aa60       ??__Fppi@?1??far_get_panel_item@@YAPEAUPluginPanelItem@@PEAX_K@Z@YAXXZ 000000006106ba60 f    CIL library: CIL module
 0001:0006aa80       ??__Fppi@?1??far_get_selected_panel_item@@YAPEAUPluginPanelItem@@PEAX_K@Z@YAXXZ 000000006106ba80 f    CIL library: CIL module
 0001:0006aa98       ??__Fnomem@?5???2@YAPEAX_K@Z@YAXXZ 000000006106ba98 f   LIBCMT:new.obj
