 ace

 Timestamp is 613cfd4b (Sat Sep 11 22:02:35 2021)

 Preferred load address is 0000000180000000

 Start         Length     Name                   Class
 0001:00000000 0000d980H .text$mn                CODE
 0001:0000d980 00000040H .text$mn$00             CODE
 0001:0000d9c0 000003aaH .text$x                 CODE
 0002:00000000 00000280H .idata$5                DATA
 0002:00000280 00000018H .00cfg                  DATA
 0002:00000298 00000008H .CRT$XCA                DATA
 0002:000002a0 00000008H .CRT$XCZ                DATA
 0002:000002a8 00000008H .CRT$XIA                DATA
 0002:000002b0 00000018H .CRT$XIC                DATA
 0002:000002c8 00000008H .CRT$XIZ                DATA
 0002:000002d0 00000008H .CRT$XPA                DATA
 0002:000002d8 00000010H .CRT$XPX                DATA
 0002:000002e8 00000008H .CRT$XPXA               DATA
 0002:000002f0 00000008H .CRT$XPZ                DATA
 0002:000002f8 00000008H .CRT$XTA                DATA
 0002:00000300 00000010H .CRT$XTZ                DATA
 0002:00000310 000075e8H .rdata                  DATA
 0002:000078f8 0000016cH .rdata$r                DATA
 0002:00007a64 0000035cH .rdata$zzzdbg           DATA
 0002:00007dc0 00000008H .rtc$IAA                DATA
 0002:00007dc8 00000008H .rtc$IZZ                DATA
 0002:00007dd0 00000008H .rtc$TAA                DATA
 0002:00007dd8 00000008H .rtc$TZZ                DATA
 0002:00007de0 00000d80H .xdata                  DATA
 0002:00008b60 00000090H .xdata$x                DATA
 0002:00008bf0 000000d0H .edata                  DATA
 0002:00008cc0 00000014H .idata$2                DATA
 0002:00008cd4 00000014H .idata$3                DATA
 0002:00008ce8 00000280H .idata$4                DATA
 0002:00008f68 000005b6H .idata$6                DATA
 0003:00000000 000009f0H .data                   DATA
 0003:000009f0 00000070H .data$r                 DATA
 0003:00000a60 00001220H .bss                    DATA
 0004:00000000 00000ffcH .pdata                  DATA
 0005:00000000 000000b4H .gfids$y                DATA
 0006:00000000 00000f80H .gxfg$y                 DATA
 0007:00000000 0000000cH .gehcont$y              DATA
 0008:00000000 00000060H .rsrc$01                DATA
 0008:00000060 00000368H .rsrc$02                DATA

  Address         Publics by Value              Rva+Base               Lib:Object

 0000:00000000       __guard_iat_count          0000000000000000     <absolute>
 0000:00000000       __guard_longjmp_table      0000000000000000     <absolute>
 0000:00000000       __dynamic_value_reloc_table 0000000000000000     <absolute>
 0000:00000000       __guard_longjmp_count      0000000000000000     <absolute>
 0000:00000000       __guard_iat_table          0000000000000000     <absolute>
 0000:00000000       __guard_fids_count         0000000000000000     <absolute>
 0000:00000000       ___safe_se_handler_table   0000000000000000     <absolute>
 0000:00000000       ___safe_se_handler_count   0000000000000000     <absolute>
 0000:00000000       __guard_fids_table         0000000000000000     <absolute>
 0000:00000100       __guard_flags              0000000000000100     <absolute>
 0000:00000000       __ImageBase                0000000180000000     <linker-defined>
 0001:00000000       IsArchive                  0000000180001000 f   ace.obj
 0001:00000080       OpenArchive                0000000180001080 f   ace.obj
 0001:000001e0       GetArcItem                 00000001800011e0 f   ace.obj
 0001:00000490       CloseArchive               0000000180001490 f   ace.obj
 0001:00000500       GetSFXPos                  0000000180001500 f   ace.obj
 0001:00000510       GetFormatName              0000000180001510 f   ace.obj
 0001:00000560       GetDefaultCommands         0000000180001560 f   ace.obj
 0001:000005b0       __security_check_cookie    00000001800015b0 f   LIBCMT:_amdsecgs_.obj
 0001:00000920       _DllMainCRTStartup         0000000180001920 f   LIBCMT:dll_dllmain.obj
 0001:00000960       __raise_securityfailure    0000000180001960 f   LIBCMT:gs_report.obj
 0001:00000994       __report_gsfailure         0000000180001994 f   LIBCMT:gs_report.obj
 0001:00000a68       __report_rangecheckfailure 0000000180001a68 f   LIBCMT:gs_report.obj
 0001:00000a7c       __report_securityfailure   0000000180001a7c f   LIBCMT:gs_report.obj
 0001:00000bfc       __scrt_acquire_startup_lock 0000000180001bfc f   LIBCMT:utility.obj
 0001:00000c38       __scrt_dllmain_after_initialize_c 0000000180001c38 f   LIBCMT:utility.obj
 0001:00000c6c       __scrt_dllmain_before_initialize_c 0000000180001c6c f   LIBCMT:utility.obj
 0001:00000c84       __scrt_dllmain_crt_thread_attach 0000000180001c84 f   LIBCMT:utility.obj
 0001:00000cac       __scrt_dllmain_crt_thread_detach 0000000180001cac f   LIBCMT:utility.obj
 0001:00000cc4       __scrt_dllmain_exception_filter 0000000180001cc4 f   LIBCMT:utility.obj
 0001:00000d28       __scrt_dllmain_uninitialize_c 0000000180001d28 f   LIBCMT:utility.obj
 0001:00000d58       __scrt_dllmain_uninitialize_critical 0000000180001d58 f   LIBCMT:utility.obj
 0001:00000d6c       __scrt_initialize_crt      0000000180001d6c f   LIBCMT:utility.obj
 0001:00000db8       __scrt_initialize_onexit_tables 0000000180001db8 f   LIBCMT:utility.obj
 0001:00000e84       __scrt_is_nonwritable_in_current_image 0000000180001e84 f   LIBCMT:utility.obj
 0001:00000f20       __scrt_release_startup_lock 0000000180001f20 f   LIBCMT:utility.obj
 0001:00000f44       __scrt_uninitialize_crt    0000000180001f44 f   LIBCMT:utility.obj
 0001:00000f70       _onexit                    0000000180001f70 f   LIBCMT:utility.obj
 0001:00000fc0       atexit                     0000000180001fc0 f   LIBCMT:utility.obj
 0001:00000fd8       __security_init_cookie     0000000180001fd8 f   LIBCMT:gs_support.obj
 0001:00001084       ?__scrt_initialize_type_info@@YAXXZ 0000000180002084 f   LIBCMT:tncleanup.obj
 0001:00001094       ?__scrt_uninitialize_type_info@@YAXXZ 0000000180002094 f   LIBCMT:tncleanup.obj
 0001:000010a0       __local_stdio_printf_options 00000001800020a0 f i LIBCMT:default_local_stdio_options.obj
 0001:000010a8       __local_stdio_scanf_options 00000001800020a8 f i LIBCMT:default_local_stdio_options.obj
 0001:000010b0       __scrt_initialize_default_local_stdio_options 00000001800020b0 f   LIBCMT:default_local_stdio_options.obj
 0001:000010cc       __scrt_get_dyn_tls_init_callback 00000001800020cc f   LIBCMT:dyn_tls_init.obj
 0001:000010d4       __crt_debugger_hook        00000001800020d4 f   LIBCMT:utility_desktop.obj
 0001:000010dc       __scrt_fastfail            00000001800020dc f   LIBCMT:utility_desktop.obj
 0001:00001224       _RTC_Initialize            0000000180002224 f   LIBCMT:_initsect_.obj
 0001:00001270       _RTC_Terminate             0000000180002270 f   LIBCMT:_initsect_.obj
 0001:000012bc       _guard_check_icall         00000001800022bc f i LIBCMT:checkcfg.obj
 0001:000012c4       __isa_available_init       00000001800022c4 f   LIBCMT:_cpu_disp_.obj
 0001:0000148c       _get_startup_argv_mode     000000018000248c f   LIBCMT:argv_mode.obj
 0001:0000148c       DllMain                    000000018000248c f   LIBCMT:dll_dllmain_stub.obj
 0001:00001494       __scrt_is_ucrt_dll_in_use  0000000180002494 f   LIBCMT:ucrt_detection.obj
 0001:000014a0       __C_specific_handler       00000001800024a0 f   libvcruntime:_chandler_.obj
 0001:0000169c       __vcrt_initialize          000000018000269c f   libvcruntime:initialization.obj
 0001:000016d0       __vcrt_thread_attach       00000001800026d0 f   libvcruntime:initialization.obj
 0001:000016e4       __vcrt_thread_detach       00000001800026e4 f   libvcruntime:initialization.obj
 0001:000016f8       __vcrt_uninitialize        00000001800026f8 f   libvcruntime:initialization.obj
 0001:00001718       __vcrt_uninitialize_critical 0000000180002718 f   libvcruntime:initialization.obj
 0001:00001728       __std_type_info_compare    0000000180002728 f   libvcruntime:std_type_info.obj
 0001:00001750       __std_type_info_destroy_list 0000000180002750 f   libvcruntime:std_type_info.obj
 0001:00001790       memset                     0000000180002790 f   libvcruntime:memset.obj
 0001:00001940       _local_unwind              0000000180002940 f   libvcruntime:_jmpuwind_.obj
 0001:00001970       _NLG_Notify                0000000180002970 f   libvcruntime:_jmpuwind_.obj
 0001:00001990       __NLG_Dispatch2            0000000180002990 f   libvcruntime:_jmpuwind_.obj
 0001:000019a0       __NLG_Return2              00000001800029a0 f   libvcruntime:_jmpuwind_.obj
 0001:000019a4       _guard_check_icall_nop     00000001800029a4 f   LIBCMT:guard_support.obj
 0001:000019a4       __except_validate_context_record 00000001800029a4 f   libvcruntime:jbcxrval.obj
 0001:000019a8       __vcrt_freefls             00000001800029a8 f   libvcruntime:per_thread_data.obj
 0001:000019c8       __vcrt_freeptd             00000001800029c8 f   libvcruntime:per_thread_data.obj
 0001:00001a18       __vcrt_getptd              0000000180002a18 f   libvcruntime:per_thread_data.obj
 0001:00001a34       __vcrt_getptd_noexit       0000000180002a34 f   libvcruntime:per_thread_data.obj
 0001:00001aec       __vcrt_initialize_ptd      0000000180002aec f   libvcruntime:per_thread_data.obj
 0001:00001b2c       __vcrt_uninitialize_ptd    0000000180002b2c f   libvcruntime:per_thread_data.obj
 0001:00001b50       __vcrt_initialize_locks    0000000180002b50 f   libvcruntime:locks.obj
 0001:00001b98       __vcrt_uninitialize_locks  0000000180002b98 f   libvcruntime:locks.obj
 0001:00001d98       __vcrt_FlsAlloc            0000000180002d98 f   libvcruntime:winapi_downlevel.obj
 0001:00001dec       __vcrt_FlsFree             0000000180002dec f   libvcruntime:winapi_downlevel.obj
 0001:00001e40       __vcrt_FlsGetValue         0000000180002e40 f   libvcruntime:winapi_downlevel.obj
 0001:00001e94       __vcrt_FlsSetValue         0000000180002e94 f   libvcruntime:winapi_downlevel.obj
 0001:00001efc       __vcrt_InitializeCriticalSectionEx 0000000180002efc f   libvcruntime:winapi_downlevel.obj
 0001:00001f74       __vcrt_initialize_winapi_thunks 0000000180002f74 f   libvcruntime:winapi_downlevel.obj
 0001:00001fc0       __vcrt_uninitialize_winapi_thunks 0000000180002fc0 f   libvcruntime:winapi_downlevel.obj
 0001:00002000       __vcrt_initialize_pure_virtual_call_handler 0000000180003000 f   libvcruntime:purevirt_data.obj
 0001:00002024       _initterm                  0000000180003024 f   libucrt:initterm.obj
 0001:00002068       _initterm_e                0000000180003068 f   libucrt:initterm.obj
 0001:000020b0       _seh_filter_dll            00000001800030b0 f   libucrt:exception_filter.obj
 0001:000020c4       _seh_filter_exe            00000001800030c4 f   libucrt:exception_filter.obj
 0001:000024e8       __acrt_initialize_thread_local_exit_callback 00000001800034e8 f   libucrt:exit.obj
 0001:000024f0       _cexit                     00000001800034f0 f   libucrt:exit.obj
 0001:00002500       _exit                      0000000180003500 f   libucrt:exit.obj
 0001:0000250c       _is_c_termination_complete 000000018000350c f   libucrt:exit.obj
 0001:000026d4       __acrt_allocate_buffer_for_argv 00000001800036d4 f   libucrt:argv_parsing.obj
 0001:00002734       _configure_narrow_argv     0000000180003734 f   libucrt:argv_parsing.obj
 0001:00002b00       __dcrt_uninitialize_environments_nolock 0000000180003b00 f   libucrt:environment_initialization.obj
 0001:00002b44       _initialize_narrow_environment 0000000180003b44 f   libucrt:environment_initialization.obj
 0001:00002e94       _crt_atexit                0000000180003e94 f   libucrt:onexit.obj
 0001:00002ea4       _execute_onexit_table      0000000180003ea4 f   libucrt:onexit.obj
 0001:00002ee8       _initialize_onexit_table   0000000180003ee8 f   libucrt:onexit.obj
 0001:00002f10       _register_onexit_function  0000000180003f10 f   libucrt:onexit.obj
 0001:00003098       __acrt_initialize          0000000180004098 f   libucrt:initialization.obj
 0001:000030ac       __acrt_thread_attach       00000001800040ac f   libucrt:initialization.obj
 0001:000030c0       __acrt_thread_detach       00000001800040c0 f   libucrt:initialization.obj
 0001:000030d0       __acrt_uninitialize        00000001800040d0 f   libucrt:initialization.obj
 0001:00003108       __acrt_uninitialize_critical 0000000180004108 f   libucrt:initialization.obj
 0001:00003118       terminate                  0000000180004118 f   libucrt:terminate.obj
 0001:00003144       _free_base                 0000000180004144 f   libucrt:free_base.obj
 0001:00003180       _malloc_base               0000000180004180 f   libucrt:malloc_base.obj
 0001:000031e0       strcpy_s                   00000001800041e0 f   libucrt:strcpy_s.obj
 0001:00003240       abort                      0000000180004240 f   libucrt:abort.obj
 0001:00003298       _calloc_base               0000000180004298 f   libucrt:calloc_base.obj
 0001:00003310       ?get_raw_ptd@__crt_cached_ptd_host@@QEAAPEAU__acrt_ptd@@XZ 0000000180004310 f i libucrt:output.obj
 0001:00003380       ?update_locale_slow@__crt_cached_ptd_host@@AEAAXXZ 0000000180004380 f i libucrt:output.obj
 0001:00003770       __acrt_freeptd             0000000180004770 f   libucrt:per_thread_data.obj
 0001:000037b4       __acrt_getptd              00000001800047b4 f   libucrt:per_thread_data.obj
 0001:00003888       __acrt_getptd_head         0000000180004888 f   libucrt:per_thread_data.obj
 0001:0000392c       __acrt_getptd_noexit       000000018000492c f   libucrt:per_thread_data.obj
 0001:000039f4       __acrt_getptd_noexit_explicit 00000001800049f4 f   libucrt:per_thread_data.obj
 0001:00003ab4       __acrt_initialize_ptd      0000000180004ab4 f   libucrt:per_thread_data.obj
 0001:00003af0       __acrt_uninitialize_ptd    0000000180004af0 f   libucrt:per_thread_data.obj
 0001:00003b14       __acrt_initialize_locks    0000000180004b14 f   libucrt:locks.obj
 0001:00003b5c       __acrt_lock                0000000180004b5c f   libucrt:locks.obj
 0001:00003b78       __acrt_uninitialize_locks  0000000180004b78 f   libucrt:locks.obj
 0001:00003bb0       __acrt_unlock              0000000180004bb0 f   libucrt:locks.obj
 0001:00003bcc       __acrt_get_process_end_policy 0000000180004bcc f   libucrt:win_policies.obj
 0001:00003c08       ?get_raw_ptd_noexit@__crt_cached_ptd_host@@QEAAPEAU__acrt_ptd@@XZ 0000000180004c08 f i libucrt:invalid_parameter.obj
 0001:00003c74       ?value@?$dual_state_global@P6AXPEB_W00I_K@Z@__crt_state_management@@QEAAAEAP6AXPEB_W00I_K@ZAEAV__crt_cached_ptd_host@@@Z 0000000180004c74 f i libucrt:invalid_parameter.obj
 0001:00003cc0       __acrt_call_reportfault    0000000180004cc0 f   libucrt:invalid_parameter.obj
 0001:00003e1c       __acrt_initialize_invalid_parameter_handler 0000000180004e1c f   libucrt:invalid_parameter.obj
 0001:00003e24       _invalid_parameter         0000000180004e24 f   libucrt:invalid_parameter.obj
 0001:00003ec0       _invalid_parameter_internal 0000000180004ec0 f   libucrt:invalid_parameter.obj
 0001:00003f90       _invalid_parameter_noinfo  0000000180004f90 f   libucrt:invalid_parameter.obj
 0001:00003fb0       _invoke_watson             0000000180004fb0 f   libucrt:invalid_parameter.obj
 0001:00003ff8       __acrt_errno_from_os_error 0000000180004ff8 f   libucrt:errno.obj
 0001:00004040       __acrt_errno_map_os_error  0000000180005040 f   libucrt:errno.obj
 0001:00004088       __acrt_errno_map_os_error_ptd 0000000180005088 f   libucrt:errno.obj
 0001:000040ac       __doserrno                 00000001800050ac f   libucrt:errno.obj
 0001:000040cc       _errno                     00000001800050cc f   libucrt:errno.obj
 0001:00004100       ??$__acrt_convert_wcs_mbs_cp@D_WV<lambda_7c9dea7b4ca7285d2cdb541a38da6275>@@U__crt_win32_buffer_internal_dynamic_resizing@@@@YAHQEBDAEAV?$__crt_win32_buffer@_WU__crt_win32_buffer_internal_dynamic_resizing@@@@AEBV<lambda_7c9dea7b4ca7285d2cdb541a38da6275>@@I@Z 0000000180005100 f i libucrt:argv_wildcards.obj
 0001:0000427c       ??$__acrt_convert_wcs_mbs_cp@_WDV<lambda_d8593a27d1aa8c02be35c86a17d324c4>@@U__crt_win32_buffer_internal_dynamic_resizing@@@@YAHQEB_WAEAV?$__crt_win32_buffer@DU__crt_win32_buffer_internal_dynamic_resizing@@@@AEBV<lambda_d8593a27d1aa8c02be35c86a17d324c4>@@I@Z 000000018000527c f i libucrt:argv_wildcards.obj
 0001:00004b24       ??0_LocaleUpdate@@QEAA@QEAU__crt_locale_pointers@@@Z 0000000180005b24 f i libucrt:argv_wildcards.obj
 0001:00004bc0       __acrt_expand_narrow_argv_wildcards 0000000180005bc0 f   libucrt:argv_wildcards.obj
 0001:00004bc8       ??$__acrt_convert_wcs_mbs_cp@_WDV<lambda_f788ae46380686e8b737efdd8c720d07>@@U__crt_win32_buffer_no_resizing@@@@YAHQEB_WAEAV?$__crt_win32_buffer@DU__crt_win32_buffer_no_resizing@@@@AEBV<lambda_f788ae46380686e8b737efdd8c720d07>@@I@Z 0000000180005bc8 f i libucrt:getmodulefilenamea.obj
 0001:00004ce4       __acrt_GetModuleFileNameA  0000000180005ce4 f   libucrt:getmodulefilenamea.obj
 0001:00005600       __acrt_initialize_multibyte 0000000180006600 f   libucrt:mbctype.obj
 0001:00005660       __acrt_update_thread_multibyte_data 0000000180006660 f   libucrt:mbctype.obj
 0001:0000567c       _setmbcp_nolock            000000018000667c f   libucrt:mbctype.obj
 0001:000059b0       _ismbblead                 00000001800069b0 f   libucrt:ismbbyte.obj
 0001:000059c4       __acrt_initialize_command_line 00000001800069c4 f   libucrt:argv_data.obj
 0001:000059ec       __acrt_uninitialize_command_line 00000001800069ec f   libucrt:argv_data.obj
 0001:000059f0       __acrt_MultiByteToWideChar 00000001800069f0 f   libucrt:multibytetowidechar.obj
 0001:00005a4c       __acrt_WideCharToMultiByte 0000000180006a4c f   libucrt:widechartomultibyte.obj
 0001:00005afc       __dcrt_get_narrow_environment_from_os 0000000180006afc f   libucrt:get_environment_from_os.obj
 0001:00005c0c       _recalloc_base             0000000180006c0c f   libucrt:recalloc.obj
 0001:00005e64       __acrt_AppPolicyGetProcessTerminationMethodInternal 0000000180006e64 f   libucrt:winapi_thunks.obj
 0001:00005ebc       __acrt_AreFileApisANSI     0000000180006ebc f   libucrt:winapi_thunks.obj
 0001:00005f00       __acrt_FlsAlloc            0000000180006f00 f   libucrt:winapi_thunks.obj
 0001:00005f08       __acrt_FlsFree             0000000180006f08 f   libucrt:winapi_thunks.obj
 0001:00005f10       __acrt_FlsGetValue         0000000180006f10 f   libucrt:winapi_thunks.obj
 0001:00005f18       __acrt_FlsSetValue         0000000180006f18 f   libucrt:winapi_thunks.obj
 0001:00005f20       __acrt_InitializeCriticalSectionEx 0000000180006f20 f   libucrt:winapi_thunks.obj
 0001:00005f90       __acrt_LCMapStringEx       0000000180006f90 f   libucrt:winapi_thunks.obj
 0001:0000607c       __acrt_LocaleNameToLCID    000000018000707c f   libucrt:winapi_thunks.obj
 0001:000060dc       __acrt_initialize_winapi_thunks 00000001800070dc f   libucrt:winapi_thunks.obj
 0001:00006110       __acrt_uninitialize_winapi_thunks 0000000180007110 f   libucrt:winapi_thunks.obj
 0001:00006154       __acrt_initialize_heap     0000000180007154 f   libucrt:heap_handle.obj
 0001:00006170       __acrt_uninitialize_heap   0000000180007170 f   libucrt:heap_handle.obj
 0001:00006374       __acrt_initialize_lowio    0000000180007374 f   libucrt:ioinit.obj
 0001:000063b0       __acrt_uninitialize_lowio  00000001800073b0 f   libucrt:ioinit.obj
 0001:000063f0       __acrt_execute_initializers 00000001800073f0 f   libucrt:shared_initialization.obj
 0001:00006484       __acrt_execute_uninitializers 0000000180007484 f   libucrt:shared_initialization.obj
 0001:000064cc       __acrt_initialize_new_handler 00000001800074cc f   libucrt:new_handler.obj
 0001:000064d4       _callnewh                  00000001800074d4 f   libucrt:new_handler.obj
 0001:00006510       _query_new_handler         0000000180007510 f   libucrt:new_handler.obj
 0001:0000658c       __acrt_get_sigabrt_handler 000000018000758c f   libucrt:signal.obj
 0001:000065bc       __acrt_initialize_signal_handlers 00000001800075bc f   libucrt:signal.obj
 0001:000065dc       raise                      00000001800075dc f   libucrt:signal.obj
 0001:0000685c       __acrt_has_user_matherr    000000018000785c f   libucrt:matherr.obj
 0001:0000687c       __acrt_initialize_user_matherr 000000018000787c f   libucrt:matherr.obj
 0001:00006884       __acrt_invoke_user_matherr 0000000180007884 f   libucrt:matherr.obj
 0001:00006a98       __acrt_stdio_flush_nolock  0000000180007a98 f   libucrt:fflush.obj
 0001:00006b24       _fflush_nolock             0000000180007b24 f   libucrt:fflush.obj
 0001:00006bf8       _flushall                  0000000180007bf8 f   libucrt:fflush.obj
 0001:00006c00       __acrt_initialize_stdio    0000000180007c00 f   libucrt:_file.obj
 0001:00006d20       __acrt_uninitialize_stdio  0000000180007d20 f   libucrt:_file.obj
 0001:00006d7c       _lock_file                 0000000180007d7c f   libucrt:_file.obj
 0001:00006d88       _unlock_file               0000000180007d88 f   libucrt:_file.obj
 0001:00006d94       _query_new_mode            0000000180007d94 f   libucrt:new_mode.obj
 0001:00006d9c       __acrt_update_locale_info  0000000180007d9c f   libucrt:locale_update.obj
 0001:00006dd0       __acrt_update_locale_info_explicit 0000000180007dd0 f   libucrt:locale_update.obj
 0001:00006e08       __acrt_update_multibyte_info 0000000180007e08 f   libucrt:locale_update.obj
 0001:00006e3c       __acrt_update_multibyte_info_explicit 0000000180007e3c f   libucrt:locale_update.obj
 0001:00006e74       _mbtowc_internal           0000000180007e74 f   libucrt:mbtowc.obj
 0001:00006fec       _fileno                    0000000180007fec f   libucrt:fileno.obj
 0001:00007084       __acrt_set_locale_changed  0000000180008084 f   libucrt:wsetlocale.obj
 0001:00007090       __acrt_uninitialize_locale 0000000180008090 f   libucrt:wsetlocale.obj
 0001:000070c0       __acrt_add_locale_ref      00000001800080c0 f   libucrt:locale_refcounting.obj
 0001:0000714c       __acrt_free_locale         000000018000814c f   libucrt:locale_refcounting.obj
 0001:000072c4       __acrt_locale_add_lc_time_reference 00000001800082c4 f   libucrt:locale_refcounting.obj
 0001:000072ec       __acrt_locale_free_lc_time_if_unreferenced 00000001800082ec f   libucrt:locale_refcounting.obj
 0001:00007324       __acrt_locale_release_lc_time_reference 0000000180008324 f   libucrt:locale_refcounting.obj
 0001:0000734c       __acrt_release_locale_ref  000000018000834c f   libucrt:locale_refcounting.obj
 0001:000073f4       __acrt_update_thread_locale_data 00000001800083f4 f   libucrt:locale_refcounting.obj
 0001:00007464       _updatetlocinfoEx_nolock   0000000180008464 f   libucrt:locale_refcounting.obj
 0001:000074d0       qsort                      00000001800084d0 f   libucrt:qsort.obj
 0001:000078e0       strncpy_s                  00000001800088e0 f   libucrt:strncpy_s.obj
 0001:00007a70       strpbrk                    0000000180008a70 f   libucrt:strpbrk.obj
 0001:00007e38       _mbsdec                    0000000180008e38 f   libucrt:mbsdec.obj
 0001:00007e40       _mbsdec_l                  0000000180008e40 f   libucrt:mbsdec.obj
 0001:00007eec       __acrt_GetStringTypeA      0000000180008eec f   libucrt:getstringtypea.obj
 0001:000083a8       __acrt_LCMapStringA        00000001800093a8 f   libucrt:lcmapstringa.obj
 0001:00008440       _msize_base                0000000180009440 f   libucrt:msize.obj
 0001:0000847c       _realloc_base              000000018000947c f   libucrt:realloc_base.obj
 0001:000084f8       wcsncmp                    00000001800094f8 f   libucrt:wcsncmp.obj
 0001:00008524       __acrt_DownlevelLocaleNameToLCID 0000000180009524 f   libucrt:lcidtoname_downlevel.obj
 0001:000085cc       __acrt_lowio_create_handle_array 00000001800095cc f   libucrt:osfinfo.obj
 0001:00008674       __acrt_lowio_destroy_handle_array 0000000180009674 f   libucrt:osfinfo.obj
 0001:000086c4       __acrt_lowio_ensure_fh_exists 00000001800096c4 f   libucrt:osfinfo.obj
 0001:0000876c       __acrt_lowio_lock_fh       000000018000976c f   libucrt:osfinfo.obj
 0001:00008794       __acrt_lowio_unlock_fh     0000000180009794 f   libucrt:osfinfo.obj
 0001:000087bc       _free_osfhnd               00000001800097bc f   libucrt:osfinfo.obj
 0001:00008878       _get_osfhandle             0000000180009878 f   libucrt:osfinfo.obj
 0001:0000897c       _commit                    000000018000997c f   libucrt:commit.obj
 0001:0000922c       _write_internal            000000018000a22c f   libucrt:write.obj
 0001:00009354       _write_nolock              000000018000a354 f   libucrt:write.obj
 0001:00009664       _fcloseall                 000000018000a664 f   libucrt:closeall.obj
 0001:00009718       __acrt_stdio_free_buffer_nolock 000000018000a718 f   libucrt:_freebuf.obj
 0001:00009758       _isatty                    000000018000a758 f   libucrt:isatty.obj
 0001:000097b8       ?__mbrtowc_utf8@__crt_mbstring@@YA_KPEA_WPEBD_KPEAU_Mbstatet@@AEAV__crt_cached_ptd_host@@@Z 000000018000a7b8 f   libucrt:mbrtowc.obj
 0001:000097fc       ?__mbsrtowcs_utf8@__crt_mbstring@@YA_KPEA_WPEAPEBD_KPEAU_Mbstatet@@AEAV__crt_cached_ptd_host@@@Z 000000018000a7fc f   libucrt:mbrtowc.obj
 0001:000099a0       __acrt_locale_free_monetary 000000018000a9a0 f   libucrt:initmon.obj
 0001:00009aac       __acrt_locale_free_numeric 000000018000aaac f   libucrt:initnum.obj
 0001:00009b4c       __acrt_locale_free_time    000000018000ab4c f   libucrt:inittime.obj
 0001:00009c54       __strncnt                  000000018000ac54 f   libucrt:strncnt.obj
 0001:00009c6c       __ascii_wcsnicmp           000000018000ac6c f   libucrt:wcsnicmp.obj
 0001:00009cb8       _query_app_type            000000018000acb8 f   libucrt:report_runtime_error.obj
 0001:00009d6c       _lseeki64_nolock_internal  000000018000ad6c f   libucrt:lseek.obj
 0001:00009d74       _putwch_nolock             000000018000ad74 f   libucrt:putwch.obj
 0001:00009ed0       fclose                     000000018000aed0 f   libucrt:fclose.obj
 0001:00009f70       log10                      000000018000af70 f   libucrt:log10.obj
 0001:0000a51c       ?reset_and_return@__crt_mbstring@@YA_K_KPEAU_Mbstatet@@@Z 000000018000b51c f   libucrt:common_utf8.obj
 0001:0000a524       ?return_illegal_sequence@__crt_mbstring@@YA_KPEAU_Mbstatet@@AEAV__crt_cached_ptd_host@@@Z 000000018000b524 f   libucrt:common_utf8.obj
 0001:0000a538       ?__mbrtoc32_utf8@__crt_mbstring@@YA_KPEA_UPEBD_KPEAU_Mbstatet@@AEAV__crt_cached_ptd_host@@@Z 000000018000b538 f   libucrt:mbrtoc32.obj
 0001:0000a714       __dcrt_lowio_ensure_console_output_initialized 000000018000b714 f   libucrt:initcon.obj
 0001:0000a768       __dcrt_terminate_console_output 000000018000b768 f   libucrt:initcon.obj
 0001:0000a784       __dcrt_write_console       000000018000b784 f   libucrt:initcon.obj
 0001:0000a8bc       _close_internal            000000018000b8bc f   libucrt:close.obj
 0001:0000a980       _close_nolock_internal     000000018000b980 f   libucrt:close.obj
 0001:0000aa50       ?__acrt_stdio_free_stream@@YAXV__crt_stdio_stream@@@Z 000000018000ba50 f   libucrt:stream.obj
 0001:0000ab90       _handle_error              000000018000bb90 f   libucrt:libm_error.obj
 0001:0000acc0       __acrt_initialize_fma3     000000018000bcc0 f   libucrt:fma3_available.obj
 0001:0000ad30       _log10_special             000000018000bd30 f   libucrt:log_special.obj
 0001:0000ae00       _get_fpsr                  000000018000be00 f   libucrt:fpsr.obj
 0001:0000ae10       _set_fpsr                  000000018000be10 f   libucrt:fpsr.obj
 0001:0000ae1a       _fclrf                     000000018000be1a f   libucrt:fpsr.obj
 0001:0000ae2e       _frnd                      000000018000be2e f   libucrt:fpsr.obj
 0001:0000ae50       _raise_exc                 000000018000be50 f   libucrt:fpexcept.obj
 0001:0000ae78       _raise_exc_ex              000000018000be78 f   libucrt:fpexcept.obj
 0001:0000b188       _set_errno_from_matherr    000000018000c188 f   libucrt:fpexcept.obj
 0001:0000b1b8       _clrfp                     000000018000c1b8 f   libucrt:fpctrl.obj
 0001:0000b1d8       _ctrlfp                    000000018000c1d8 f   libucrt:fpctrl.obj
 0001:0000b254       _set_statfp                000000018000c254 f   libucrt:fpctrl.obj
 0001:0000b274       _statfp                    000000018000c274 f   libucrt:fpctrl.obj
 0001:0000b286       IsProcessorFeaturePresent  000000018000c286 f   kernel32:KERNEL32.dll
 0001:0000b28c       RtlUnwindEx                000000018000c28c f   kernel32:KERNEL32.dll
 0001:0000b2a0       _FindPESection             000000018000c2a0 f   LIBCMT:pesect.obj
 0001:0000b2f0       _IsNonwritableInCurrentImage 000000018000c2f0 f   LIBCMT:pesect.obj
 0001:0000b340       _ValidateImageBase         000000018000c340 f   LIBCMT:pesect.obj
 0001:0000b370       __GSHandlerCheck           000000018000c370 f   LIBCMT:_gshandler_.obj
 0001:0000b390       __GSHandlerCheckCommon     000000018000c390 f   LIBCMT:_gshandler_.obj
 0001:0000b3ec       ??_Gtype_info@@UEAAPEAXI@Z 000000018000c3ec f i LIBCMT:std_type_info_static.obj
 0001:0000b3ec       ??_Etype_info@@UEAAPEAXI@Z 000000018000c3ec f i LIBCMT:std_type_info_static.obj
 0001:0000b430       _alloca_probe              000000018000c430 f   LIBCMT:_chkstk_.obj
 0001:0000b430       __chkstk                   000000018000c430 f   LIBCMT:_chkstk_.obj
 0001:0000b484       __GSHandlerCheck_EH        000000018000c484 f   LIBCMT:gshandlereh.obj
 0001:0000b504       ??3@YAXPEAX_K@Z            000000018000c504 f   LIBCMT:delete_scalar_size.obj
 0001:0000b50c       ??3@YAXPEAX@Z              000000018000c50c f   LIBCMT:delete_scalar.obj
 0001:0000b514       __DestructExceptionObject  000000018000c514 f   libvcruntime:frame.obj
 0001:0000b59c       ??0bad_exception@std@@QEAA@AEBV01@@Z 000000018000c59c f i libvcruntime:frame.obj
 0001:0000b5dc       ??0bad_exception@std@@QEAA@XZ 000000018000c5dc f i libvcruntime:frame.obj
 0001:0000b5fc       ??0exception@std@@QEAA@AEBV01@@Z 000000018000c5fc f i libvcruntime:frame.obj
 0001:0000b634       ??1bad_exception@std@@UEAA@XZ 000000018000c634 f i libvcruntime:frame.obj
 0001:0000b648       ??_Ebad_exception@std@@UEAAPEAXI@Z 000000018000c648 f i libvcruntime:frame.obj
 0001:0000b648       ??_Gexception@std@@UEAAPEAXI@Z 000000018000c648 f i libvcruntime:frame.obj
 0001:0000b648       ??_Eexception@std@@UEAAPEAXI@Z 000000018000c648 f i libvcruntime:frame.obj
 0001:0000b648       ??_Gbad_exception@std@@UEAAPEAXI@Z 000000018000c648 f i libvcruntime:frame.obj
 0001:0000bfe8       ?_CallMemberFunction0@@YAXPEAXP6AX0@Z@Z 000000018000cfe8 f i libvcruntime:frame.obj
 0001:0000bfec       ?_CallMemberFunction1@@YAXPEAXP6AX0@Z0@Z 000000018000cfec f i libvcruntime:frame.obj
 0001:0000bff8       ?_CallMemberFunction2@@YAXPEAXP6AX0@Z0H@Z 000000018000cff8 f i libvcruntime:frame.obj
 0001:0000c008       ?what@exception@std@@UEBAPEBDXZ 000000018000d008 f i libvcruntime:frame.obj
 0001:0000c01c       __AdjustPointer            000000018000d01c f   libvcruntime:frame.obj
 0001:0000c040       __BuildCatchObject         000000018000d040 f   libvcruntime:frame.obj
 0001:0000c104       __BuildCatchObjectHelper   000000018000d104 f   libvcruntime:frame.obj
 0001:0000c2e4       __CxxCallCatchBlock        000000018000d2e4 f   libvcruntime:frame.obj
 0001:0000c4d0       __FrameUnwindFilter        000000018000d4d0 f   libvcruntime:frame.obj
 0001:0000c51c       __FrameUnwindToState       000000018000d51c f   libvcruntime:frame.obj
 0001:0000c6b0       __InternalCxxFrameHandler  000000018000d6b0 f   libvcruntime:frame.obj
 0001:0000c908       __TypeMatch                000000018000d908 f   libvcruntime:frame.obj
 0001:0000ca48       __std_terminate            000000018000da48 f   libvcruntime:frame.obj
 0001:0000ca54       ?_ExecutionInCatch@@YAHPEAU_xDISPATCHER_CONTEXT@@PEBU_s_FuncInfo@@@Z 000000018000da54 f   libvcruntime:trnsctrl.obj
 0001:0000cac8       ?_GetEstablisherFrame@@YAPEA_KPEA_KPEAU_xDISPATCHER_CONTEXT@@PEBU_s_FuncInfo@@0@Z 000000018000dac8 f   libvcruntime:trnsctrl.obj
 0001:0000cb94       ?_GetRangeOfTrysToCheck@@YAPEBU_s_TryBlockMapEntry@@PEA_KPEBU_s_FuncInfo@@HHPEAI2PEAU_xDISPATCHER_CONTEXT@@@Z 000000018000db94 f   libvcruntime:trnsctrl.obj
 0001:0000ccc0       ?__FrameUnwindToEmptyState@@YAXPEA_KPEAU_xDISPATCHER_CONTEXT@@PEBU_s_FuncInfo@@@Z 000000018000dcc0 f   libvcruntime:trnsctrl.obj
 0001:0000cd54       ?__SehTransFilter@@YAHPEAU_EXCEPTION_POINTERS@@PEAUEHExceptionRecord@@PEA_KPEAU_CONTEXT@@PEAU_xDISPATCHER_CONTEXT@@PEBU_s_FuncInfo@@PEAH@Z 000000018000dd54 f   libvcruntime:trnsctrl.obj
 0001:0000cdec       _CallSETranslator          000000018000ddec f   libvcruntime:trnsctrl.obj
 0001:0000ce44       _CreateFrameInfo           000000018000de44 f   libvcruntime:trnsctrl.obj
 0001:0000ce80       _FindAndUnlinkFrame        000000018000de80 f   libvcruntime:trnsctrl.obj
 0001:0000ced8       _GetImageBase              000000018000ded8 f   libvcruntime:trnsctrl.obj
 0001:0000ceec       _GetThrowImageBase         000000018000deec f   libvcruntime:trnsctrl.obj
 0001:0000cf00       _IsExceptionObjectToBeDestroyed 000000018000df00 f   libvcruntime:trnsctrl.obj
 0001:0000cf30       _SetImageBase              000000018000df30 f   libvcruntime:trnsctrl.obj
 0001:0000cf48       _SetThrowImageBase         000000018000df48 f   libvcruntime:trnsctrl.obj
 0001:0000cf60       _UnwindNestedFrames        000000018000df60 f   libvcruntime:trnsctrl.obj
 0001:0000d084       __CxxFrameHandler3         000000018000e084 f   libvcruntime:trnsctrl.obj
 0001:0000d104       __C_specific_handler_noexcept 000000018000e104 f   libvcruntime:chandler_noexcept.obj
 0001:0000d150       memcpy                     000000018000e150 f   libvcruntime:memcpy.obj
 0001:0000d150       memmove                    000000018000e150 f   libvcruntime:memcpy.obj
 0001:0000d5a0       memcmp                     000000018000e5a0 f   libvcruntime:memcmp.obj
 0001:0000d668       ?__GetCurrentState@@YAHPEA_KPEAU_xDISPATCHER_CONTEXT@@PEBU_s_FuncInfo@@@Z 000000018000e668 f   libvcruntime:ehstate.obj
 0001:0000d690       ?__GetUnwindTryBlock@@YAHPEA_KPEAU_xDISPATCHER_CONTEXT@@PEBU_s_FuncInfo@@@Z 000000018000e690 f   libvcruntime:ehstate.obj
 0001:0000d6bc       ?__SetState@@YAXPEA_KPEAU_xDISPATCHER_CONTEXT@@PEBU_s_FuncInfo@@H@Z 000000018000e6bc f   libvcruntime:ehstate.obj
 0001:0000d6c8       ?__SetUnwindTryBlock@@YAXPEA_KPEAU_xDISPATCHER_CONTEXT@@PEBU_s_FuncInfo@@H@Z 000000018000e6c8 f   libvcruntime:ehstate.obj
 0001:0000d704       ?__StateFromControlPc@@YAHPEBU_s_FuncInfo@@PEAU_xDISPATCHER_CONTEXT@@@Z 000000018000e704 f   libvcruntime:ehstate.obj
 0001:0000d70c       ?__StateFromIp@@YAHPEBU_s_FuncInfo@@PEAU_xDISPATCHER_CONTEXT@@_J@Z 000000018000e70c f   libvcruntime:ehstate.obj
 0001:0000d790       _CallSettingFrame          000000018000e790 f   libvcruntime:handlers.obj
 0001:0000d7d0       __std_exception_copy       000000018000e7d0 f   libvcruntime:std_exception.obj
 0001:0000d860       __std_exception_destroy    000000018000e860 f   libvcruntime:std_exception.obj
 0001:0000d888       _CxxThrowException         000000018000e888 f   libvcruntime:throw.obj
 0001:0000d960       free                       000000018000e960 f   libucrt:free.obj
 0001:0000d974       malloc                     000000018000e974 f   libucrt:malloc.obj
 0001:0000d990       _guard_dispatch_icall_nop  000000018000e990 f   LIBCMT:_guard_dispatch_.obj
 0001:0000d9b0       _guard_xfg_dispatch_icall_nop 000000018000e9b0 f   libucrt:guard_xfg_dispatch.obj
 0002:00000000       __imp_ReadFile             000000018000f000     kernel32:KERNEL32.dll
 0002:00000008       __imp_HeapFree             000000018000f008     kernel32:KERNEL32.dll
 0002:00000010       __imp_SetFilePointer       000000018000f010     kernel32:KERNEL32.dll
 0002:00000018       __imp_LocalFileTimeToFileTime 000000018000f018     kernel32:KERNEL32.dll
 0002:00000020       __imp_CreateFileA          000000018000f020     kernel32:KERNEL32.dll
 0002:00000028       __imp_lstrcpyA             000000018000f028     kernel32:KERNEL32.dll
 0002:00000030       __imp_CloseHandle          000000018000f030     kernel32:KERNEL32.dll
 0002:00000038       __imp_HeapAlloc            000000018000f038     kernel32:KERNEL32.dll
 0002:00000040       __imp_GetFileSize          000000018000f040     kernel32:KERNEL32.dll
 0002:00000048       __imp_GetProcessHeap       000000018000f048     kernel32:KERNEL32.dll
 0002:00000050       __imp_DosDateTimeToFileTime 000000018000f050     kernel32:KERNEL32.dll
 0002:00000058       __imp_RtlCaptureContext    000000018000f058     kernel32:KERNEL32.dll
 0002:00000060       __imp_RtlLookupFunctionEntry 000000018000f060     kernel32:KERNEL32.dll
 0002:00000068       __imp_RtlVirtualUnwind     000000018000f068     kernel32:KERNEL32.dll
 0002:00000070       __imp_UnhandledExceptionFilter 000000018000f070     kernel32:KERNEL32.dll
 0002:00000078       __imp_SetUnhandledExceptionFilter 000000018000f078     kernel32:KERNEL32.dll
 0002:00000080       __imp_GetCurrentProcess    000000018000f080     kernel32:KERNEL32.dll
 0002:00000088       __imp_TerminateProcess     000000018000f088     kernel32:KERNEL32.dll
 0002:00000090       __imp_IsProcessorFeaturePresent 000000018000f090     kernel32:KERNEL32.dll
 0002:00000098       __imp_QueryPerformanceCounter 000000018000f098     kernel32:KERNEL32.dll
 0002:000000a0       __imp_GetCurrentProcessId  000000018000f0a0     kernel32:KERNEL32.dll
 0002:000000a8       __imp_GetCurrentThreadId   000000018000f0a8     kernel32:KERNEL32.dll
 0002:000000b0       __imp_GetSystemTimeAsFileTime 000000018000f0b0     kernel32:KERNEL32.dll
 0002:000000b8       __imp_InitializeSListHead  000000018000f0b8     kernel32:KERNEL32.dll
 0002:000000c0       __imp_IsDebuggerPresent    000000018000f0c0     kernel32:KERNEL32.dll
 0002:000000c8       __imp_GetStartupInfoW      000000018000f0c8     kernel32:KERNEL32.dll
 0002:000000d0       __imp_GetModuleHandleW     000000018000f0d0     kernel32:KERNEL32.dll
 0002:000000d8       __imp_RtlUnwindEx          000000018000f0d8     kernel32:KERNEL32.dll
 0002:000000e0       __imp_InterlockedFlushSList 000000018000f0e0     kernel32:KERNEL32.dll
 0002:000000e8       __imp_GetLastError         000000018000f0e8     kernel32:KERNEL32.dll
 0002:000000f0       __imp_SetLastError         000000018000f0f0     kernel32:KERNEL32.dll
 0002:000000f8       __imp_EnterCriticalSection 000000018000f0f8     kernel32:KERNEL32.dll
 0002:00000100       __imp_LeaveCriticalSection 000000018000f100     kernel32:KERNEL32.dll
 0002:00000108       __imp_DeleteCriticalSection 000000018000f108     kernel32:KERNEL32.dll
 0002:00000110       __imp_InitializeCriticalSectionAndSpinCount 000000018000f110     kernel32:KERNEL32.dll
 0002:00000118       __imp_TlsAlloc             000000018000f118     kernel32:KERNEL32.dll
 0002:00000120       __imp_TlsGetValue          000000018000f120     kernel32:KERNEL32.dll
 0002:00000128       __imp_TlsSetValue          000000018000f128     kernel32:KERNEL32.dll
 0002:00000130       __imp_TlsFree              000000018000f130     kernel32:KERNEL32.dll
 0002:00000138       __imp_FreeLibrary          000000018000f138     kernel32:KERNEL32.dll
 0002:00000140       __imp_GetProcAddress       000000018000f140     kernel32:KERNEL32.dll
 0002:00000148       __imp_LoadLibraryExW       000000018000f148     kernel32:KERNEL32.dll
 0002:00000150       __imp_ExitProcess          000000018000f150     kernel32:KERNEL32.dll
 0002:00000158       __imp_GetModuleHandleExW   000000018000f158     kernel32:KERNEL32.dll
 0002:00000160       __imp_GetModuleFileNameW   000000018000f160     kernel32:KERNEL32.dll
 0002:00000168       __imp_FindClose            000000018000f168     kernel32:KERNEL32.dll
 0002:00000170       __imp_FindFirstFileExW     000000018000f170     kernel32:KERNEL32.dll
 0002:00000178       __imp_FindNextFileW        000000018000f178     kernel32:KERNEL32.dll
 0002:00000180       __imp_IsValidCodePage      000000018000f180     kernel32:KERNEL32.dll
 0002:00000188       __imp_GetACP               000000018000f188     kernel32:KERNEL32.dll
 0002:00000190       __imp_GetOEMCP             000000018000f190     kernel32:KERNEL32.dll
 0002:00000198       __imp_GetCPInfo            000000018000f198     kernel32:KERNEL32.dll
 0002:000001a0       __imp_GetCommandLineA      000000018000f1a0     kernel32:KERNEL32.dll
 0002:000001a8       __imp_GetCommandLineW      000000018000f1a8     kernel32:KERNEL32.dll
 0002:000001b0       __imp_MultiByteToWideChar  000000018000f1b0     kernel32:KERNEL32.dll
 0002:000001b8       __imp_WideCharToMultiByte  000000018000f1b8     kernel32:KERNEL32.dll
 0002:000001c0       __imp_GetEnvironmentStringsW 000000018000f1c0     kernel32:KERNEL32.dll
 0002:000001c8       __imp_FreeEnvironmentStringsW 000000018000f1c8     kernel32:KERNEL32.dll
 0002:000001d0       __imp_FlsAlloc             000000018000f1d0     kernel32:KERNEL32.dll
 0002:000001d8       __imp_FlsGetValue          000000018000f1d8     kernel32:KERNEL32.dll
 0002:000001e0       __imp_FlsSetValue          000000018000f1e0     kernel32:KERNEL32.dll
 0002:000001e8       __imp_FlsFree              000000018000f1e8     kernel32:KERNEL32.dll
 0002:000001f0       __imp_LCMapStringW         000000018000f1f0     kernel32:KERNEL32.dll
 0002:000001f8       __imp_GetStdHandle         000000018000f1f8     kernel32:KERNEL32.dll
 0002:00000200       __imp_GetFileType          000000018000f200     kernel32:KERNEL32.dll
 0002:00000208       __imp_GetStringTypeW       000000018000f208     kernel32:KERNEL32.dll
 0002:00000210       __imp_HeapSize             000000018000f210     kernel32:KERNEL32.dll
 0002:00000218       __imp_HeapReAlloc          000000018000f218     kernel32:KERNEL32.dll
 0002:00000220       __imp_SetStdHandle         000000018000f220     kernel32:KERNEL32.dll
 0002:00000228       __imp_FlushFileBuffers     000000018000f228     kernel32:KERNEL32.dll
 0002:00000230       __imp_WriteFile            000000018000f230     kernel32:KERNEL32.dll
 0002:00000238       __imp_GetConsoleOutputCP   000000018000f238     kernel32:KERNEL32.dll
 0002:00000240       __imp_GetConsoleMode       000000018000f240     kernel32:KERNEL32.dll
 0002:00000248       __imp_SetFilePointerEx     000000018000f248     kernel32:KERNEL32.dll
 0002:00000250       __imp_CreateFileW          000000018000f250     kernel32:KERNEL32.dll
 0002:00000258       __imp_WriteConsoleW        000000018000f258     kernel32:KERNEL32.dll
 0002:00000260       __imp_RaiseException       000000018000f260     kernel32:KERNEL32.dll
 0002:00000268       __imp_RtlPcToFileHeader    000000018000f268     kernel32:KERNEL32.dll
 0002:00000270       __imp_EncodePointer        000000018000f270     kernel32:KERNEL32.dll
 0002:00000278       \177KERNEL32_NULL_THUNK_DATA 000000018000f278     kernel32:KERNEL32.dll
 0002:00000280       __guard_check_icall_fptr   000000018000f280     LIBCMT:guard_support.obj
 0002:00000288       __guard_dispatch_icall_fptr 000000018000f288     LIBCMT:guard_support.obj
 0002:00000290       __guard_xfg_dispatch_icall_fptr 000000018000f290     libucrt:guard_support.obj
 0002:00000298       __xc_a                     000000018000f298     LIBCMT:initializers.obj
 0002:000002a0       __xc_z                     000000018000f2a0     LIBCMT:initializers.obj
 0002:000002a8       __xi_a                     000000018000f2a8     LIBCMT:initializers.obj
 0002:000002b0       __acrt_multibyte_initializer 000000018000f2b0     libucrt:multibyte_initializer.obj
 0002:000002b8       __acrt_stdio_initializer   000000018000f2b8     libucrt:stdio_initializer.obj
 0002:000002c0       __acrt_tran_fma3_initializer 000000018000f2c0     libucrt:fma3_initializer.obj
 0002:000002c8       __xi_z                     000000018000f2c8     LIBCMT:initializers.obj
 0002:000002d0       __xp_a                     000000018000f2d0     LIBCMT:initializers.obj
 0002:000002d8       __acrt_locale_terminator   000000018000f2d8     libucrt:locale_initializer.obj
 0002:000002e0       __dcrt_console_output_terminator 000000018000f2e0     libucrt:console_output_initializer.obj
 0002:000002e8       __acrt_stdio_terminator    000000018000f2e8     libucrt:stdio_initializer.obj
 0002:000002f0       __xp_z                     000000018000f2f0     LIBCMT:initializers.obj
 0002:000002f8       __xt_a                     000000018000f2f8     LIBCMT:initializers.obj
 0002:00000300       __xt_z                     000000018000f300     LIBCMT:initializers.obj
 0002:00000310       _pRawDllMain               000000018000f310     LIBCMT:dll_dllmain.obj
 0002:00000310       _pDefaultRawDllMain        000000018000f310     LIBCMT:dll_dllmain.obj
 0002:00000348       ??_C@_1BC@DNHGCMLG@?$AAa?$AAd?$AAv?$AAa?$AAp?$AAi?$AA3?$AA2?$AA?$AA@ 000000018000f348     libvcruntime:winapi_downlevel.obj
 0002:00000360       ??_C@_1DM@KHCHBNEB@?$AAa?$AAp?$AAi?$AA?9?$AAm?$AAs?$AA?9?$AAw?$AAi?$AAn?$AA?9?$AAc?$AAo?$AAr?$AAe?$AA?9?$AAf?$AAi?$AAb?$AAe?$AAr?$AAs?$AA?9?$AAl?$AA1?$AA?9?$AA1?$AA?9?$AA1?$AA?$AA@ 000000018000f360     libvcruntime:winapi_downlevel.obj
 0002:000003a0       ??_C@_1DK@LPPGFMPP@?$AAa?$AAp?$AAi?$AA?9?$AAm?$AAs?$AA?9?$AAw?$AAi?$AAn?$AA?9?$AAc?$AAo?$AAr?$AAe?$AA?9?$AAs?$AAy?$AAn?$AAc?$AAh?$AA?9?$AAl?$AA1?$AA?9?$AA2?$AA?9?$AA0?$AA?$AA@ 000000018000f3a0     libvcruntime:winapi_downlevel.obj
 0002:000003e0       ??_C@_1BC@GDMECMAK@?$AAk?$AAe?$AAr?$AAn?$AAe?$AAl?$AA3?$AA2?$AA?$AA@ 000000018000f3e0     libvcruntime:winapi_downlevel.obj
 0002:00000400       ??_C@_08KNHFBNJ@FlsAlloc?$AA@ 000000018000f400     libvcruntime:winapi_downlevel.obj
 0002:00000418       ??_C@_07PEJMOBNF@FlsFree?$AA@ 000000018000f418     libvcruntime:winapi_downlevel.obj
 0002:00000428       ??_C@_0M@GDNOONDI@FlsGetValue?$AA@ 000000018000f428     libvcruntime:winapi_downlevel.obj
 0002:00000440       ??_C@_0M@JCPCPOEF@FlsSetValue?$AA@ 000000018000f440     libvcruntime:winapi_downlevel.obj
 0002:00000458       ??_C@_0BM@HCFOFFN@InitializeCriticalSectionEx?$AA@ 000000018000f458     libvcruntime:winapi_downlevel.obj
 0002:000007a0       ??_C@_08EHJDFFNH@__based?$CI?$AA@ 000000018000f7a0     libvcruntime:undname.obj
 0002:000007b0       ??_C@_07KOLFKCDI@__cdecl?$AA@ 000000018000f7b0     libvcruntime:undname.obj
 0002:000007b8       ??_C@_08GHMPAG@__pascal?$AA@ 000000018000f7b8     libvcruntime:undname.obj
 0002:000007c8       ??_C@_09IFJBGAPI@__stdcall?$AA@ 000000018000f7c8     libvcruntime:undname.obj
 0002:000007d8       ??_C@_0L@NPHFGOKO@__thiscall?$AA@ 000000018000f7d8     libvcruntime:undname.obj
 0002:000007e8       ??_C@_0L@JMKHOMEK@__fastcall?$AA@ 000000018000f7e8     libvcruntime:undname.obj
 0002:000007f8       ??_C@_0N@BCKKPABJ@__vectorcall?$AA@ 000000018000f7f8     libvcruntime:undname.obj
 0002:00000808       ??_C@_09HIJEGCPM@__clrcall?$AA@ 000000018000f808     libvcruntime:undname.obj
 0002:00000814       ??_C@_06GHPCKEAG@__eabi?$AA@ 000000018000f814     libvcruntime:undname.obj
 0002:00000820       ??_C@_07JOMMBBKO@__ptr64?$AA@ 000000018000f820     libvcruntime:undname.obj
 0002:00000828       ??_C@_0L@PILCLIHE@__restrict?$AA@ 000000018000f828     libvcruntime:undname.obj
 0002:00000838       ??_C@_0M@GFIIJFMG@__unaligned?$AA@ 000000018000f838     libvcruntime:undname.obj
 0002:00000848       ??_C@_09DHDLOLLB@restrict?$CI?$AA@ 000000018000f848     libvcruntime:undname.obj
 0002:00000852       ??_C@_00CNPNBAHC@?$AA@     000000018000f852     libvcruntime:undname.obj
 0002:00000854       ??_C@_04NIHEBCM@?5new?$AA@ 000000018000f854     libvcruntime:undname.obj
 0002:00000860       ??_C@_07FPCDHGMM@?5delete?$AA@ 000000018000f860     libvcruntime:undname.obj
 0002:00000868       ??_C@_01NEMOKFLO@?$DN?$AA@ 000000018000f868     libvcruntime:undname.obj
 0002:0000086c       ??_C@_02GPIOPFAK@?$DO?$DO?$AA@ 000000018000f86c     libvcruntime:undname.obj
 0002:00000870       ??_C@_02FODMEDOG@?$DM?$DM?$AA@ 000000018000f870     libvcruntime:undname.obj
 0002:00000874       ??_C@_01DCLJPIOD@?$CB?$AA@ 000000018000f874     libvcruntime:undname.obj
 0002:00000878       ??_C@_02EGOFBIJA@?$DN?$DN?$AA@ 000000018000f878     libvcruntime:undname.obj
 0002:0000087c       ??_C@_02FDNJECIE@?$CB?$DN?$AA@ 000000018000f87c     libvcruntime:undname.obj
 0002:00000880       ??_C@_02GPECMEKF@?$FL?$FN?$AA@ 000000018000f880     libvcruntime:undname.obj
 0002:00000888       ??_C@_08LHJFAFGD@operator?$AA@ 000000018000f888     libvcruntime:undname.obj
 0002:00000894       ??_C@_02HBOOOICD@?9?$DO?$AA@ 000000018000f894     libvcruntime:undname.obj
 0002:00000898       ??_C@_01NBENCBCI@?$CK?$AA@ 000000018000f898     libvcruntime:undname.obj
 0002:0000089c       ??_C@_02ECNGHCIF@?$CL?$CL?$AA@ 000000018000f89c     libvcruntime:undname.obj
 0002:000008a0       ??_C@_02BAABKJLB@?9?9?$AA@ 000000018000f8a0     libvcruntime:undname.obj
 0002:000008a4       ??_C@_01JOAMLHOP@?9?$AA@   000000018000f8a4     libvcruntime:undname.obj
 0002:000008a8       ??_C@_01MIFGBAGJ@?$CL?$AA@ 000000018000f8a8     libvcruntime:undname.obj
 0002:000008ac       ??_C@_01HNPIGOCE@?$CG?$AA@ 000000018000f8ac     libvcruntime:undname.obj
 0002:000008b0       ??_C@_03MNHNFDLC@?9?$DO?$CK?$AA@ 000000018000f8b0     libvcruntime:undname.obj
 0002:000008b4       ??_C@_01KMDKNFGN@?1?$AA@   000000018000f8b4     libvcruntime:undname.obj
 0002:000008b8       ??_C@_01FGNFDNOH@?$CF?$AA@ 000000018000f8b8     libvcruntime:undname.obj
 0002:000008bc       ??_C@_01MNNFJEPP@?$DM?$AA@ 000000018000f8bc     libvcruntime:undname.obj
 0002:000008c0       ??_C@_02EHCHHCKH@?$DM?$DN?$AA@ 000000018000f8c0     libvcruntime:undname.obj
 0002:000008c4       ??_C@_01PPODPGHN@?$DO?$AA@ 000000018000f8c4     libvcruntime:undname.obj
 0002:000008c8       ??_C@_02EEKDKGMJ@?$DO?$DN?$AA@ 000000018000f8c8     libvcruntime:undname.obj
 0002:000008cc       ??_C@_01IHBHIGKO@?0?$AA@   000000018000f8cc     libvcruntime:undname.obj
 0002:000008d0       ??_C@_02HCKGKOFO@?$CI?$CJ?$AA@ 000000018000f8d0     libvcruntime:undname.obj
 0002:000008d4       ??_C@_01PJKLJHI@?$HO?$AA@  000000018000f8d4     libvcruntime:undname.obj
 0002:000008d8       ??_C@_01JKBOJNNK@?$FO?$AA@ 000000018000f8d8     libvcruntime:undname.obj
 0002:000008dc       ??_C@_01DNKMNLPK@?$HM?$AA@ 000000018000f8dc     libvcruntime:undname.obj
 0002:000008e0       ??_C@_02PPKAJPJL@?$CG?$CG?$AA@ 000000018000f8e0     libvcruntime:undname.obj
 0002:000008e4       ??_C@_02NONPIBCD@?$HM?$HM?$AA@ 000000018000f8e4     libvcruntime:undname.obj
 0002:000008e8       ??_C@_02FPIMKNGF@?$CK?$DN?$AA@ 000000018000f8e8     libvcruntime:undname.obj
 0002:000008ec       ??_C@_02FOEOMHFC@?$CL?$DN?$AA@ 000000018000f8ec     libvcruntime:undname.obj
 0002:000008f0       ??_C@_02FKMDLLOA@?9?$DN?$AA@ 000000018000f8f0     libvcruntime:undname.obj
 0002:000008f4       ??_C@_02FJEHGPIO@?1?$DN?$AA@ 000000018000f8f4     libvcruntime:undname.obj
 0002:000008f8       ??_C@_02FENAOKFI@?$CF?$DN?$AA@ 000000018000f8f8     libvcruntime:undname.obj
 0002:000008fc       ??_C@_03IKFCCPFF@?$DO?$DO?$DN?$AA@ 000000018000f8fc     libvcruntime:undname.obj
 0002:00000900       ??_C@_03CDNPDDLA@?$DM?$DM?$DN?$AA@ 000000018000f900     libvcruntime:undname.obj
 0002:00000904       ??_C@_02FGJGFEAB@?$CG?$DN?$AA@ 000000018000f904     libvcruntime:undname.obj
 0002:00000908       ??_C@_02DHLNPPGH@?$HM?$DN?$AA@ 000000018000f908     libvcruntime:undname.obj
 0002:0000090c       ??_C@_02MHEGNOJ@?$FO?$DN?$AA@ 000000018000f90c     libvcruntime:undname.obj
 0002:00000910       ??_C@_09IFPLHPGF@?$GAvftable?8?$AA@ 000000018000f910     libvcruntime:undname.obj
 0002:00000920       ??_C@_09BLBHBJP@?$GAvbtable?8?$AA@ 000000018000f920     libvcruntime:undname.obj
 0002:00000930       ??_C@_07FEEIOKP@?$GAvcall?8?$AA@ 000000018000f930     libvcruntime:undname.obj
 0002:00000938       ??_C@_08LLFFHHDJ@?$GAtypeof?8?$AA@ 000000018000f938     libvcruntime:undname.obj
 0002:00000948       ??_C@_0BF@KDPPACIK@?$GAlocal?5static?5guard?8?$AA@ 000000018000f948     libvcruntime:undname.obj
 0002:00000960       ??_C@_08OBABFOLI@?$GAstring?8?$AA@ 000000018000f960     libvcruntime:undname.obj
 0002:00000970       ??_C@_0BD@JDLKDPAB@?$GAvbase?5destructor?8?$AA@ 000000018000f970     libvcruntime:undname.obj
 0002:00000988       ??_C@_0BN@DEGPLNFK@?$GAvector?5deleting?5destructor?8?$AA@ 000000018000f988     libvcruntime:undname.obj
 0002:000009a8       ??_C@_0BO@OBMKPJIG@?$GAdefault?5constructor?5closure?8?$AA@ 000000018000f9a8     libvcruntime:undname.obj
 0002:000009c8       ??_C@_0BN@IMDCHIKM@?$GAscalar?5deleting?5destructor?8?$AA@ 000000018000f9c8     libvcruntime:undname.obj
 0002:000009e8       ??_C@_0BO@PFGOCPJJ@?$GAvector?5constructor?5iterator?8?$AA@ 000000018000f9e8     libvcruntime:undname.obj
 0002:00000a08       ??_C@_0BN@LFPFMEDL@?$GAvector?5destructor?5iterator?8?$AA@ 000000018000fa08     libvcruntime:undname.obj
 0002:00000a28       ??_C@_0CE@IKBNEHA@?$GAvector?5vbase?5constructor?5iterat@ 000000018000fa28     libvcruntime:undname.obj
 0002:00000a50       ??_C@_0BL@NILFHHPC@?$GAvirtual?5displacement?5map?8?$AA@ 000000018000fa50     libvcruntime:undname.obj
 0002:00000a70       ??_C@_0CB@JONCMFFK@?$GAeh?5vector?5constructor?5iterator?8@ 000000018000fa70     libvcruntime:undname.obj
 0002:00000a98       ??_C@_0CA@GCEOPDGL@?$GAeh?5vector?5destructor?5iterator?8?$AA@ 000000018000fa98     libvcruntime:undname.obj
 0002:00000ab8       ??_C@_0CH@OOJPLCPH@?$GAeh?5vector?5vbase?5constructor?5ite@ 000000018000fab8     libvcruntime:undname.obj
 0002:00000ae0       ??_C@_0BL@LLKPOHJI@?$GAcopy?5constructor?5closure?8?$AA@ 000000018000fae0     libvcruntime:undname.obj
 0002:00000b00       ??_C@_0BA@KBCDOMBN@?$GAudt?5returning?8?$AA@ 000000018000fb00     libvcruntime:undname.obj
 0002:00000b10       ??_C@_03KLGMFNMG@?$GAEH?$AA@ 000000018000fb10     libvcruntime:undname.obj
 0002:00000b14       ??_C@_05KHLCHHI@?$GARTTI?$AA@ 000000018000fb14     libvcruntime:undname.obj
 0002:00000b20       ??_C@_0BA@KKLDJDLB@?$GAlocal?5vftable?8?$AA@ 000000018000fb20     libvcruntime:undname.obj
 0002:00000b30       ??_C@_0CE@IIHCMGGL@?$GAlocal?5vftable?5constructor?5closu@ 000000018000fb30     libvcruntime:undname.obj
 0002:00000b54       ??_C@_06FHBGPFGH@?5new?$FL?$FN?$AA@ 000000018000fb54     libvcruntime:undname.obj
 0002:00000b60       ??_C@_09LBNFPBCA@?5delete?$FL?$FN?$AA@ 000000018000fb60     libvcruntime:undname.obj
 0002:00000b70       ??_C@_0P@HJKNJFNN@?$GAomni?5callsig?8?$AA@ 000000018000fb70     libvcruntime:undname.obj
 0002:00000b80       ??_C@_0BL@CNOONJFP@?$GAplacement?5delete?5closure?8?$AA@ 000000018000fb80     libvcruntime:undname.obj
 0002:00000ba0       ??_C@_0BN@CKNJLHMB@?$GAplacement?5delete?$FL?$FN?5closure?8?$AA@ 000000018000fba0     libvcruntime:undname.obj
 0002:00000bc0       ??_C@_0CG@CFDHKGGD@?$GAmanaged?5vector?5constructor?5iter@ 000000018000fbc0     libvcruntime:undname.obj
 0002:00000be8       ??_C@_0CF@IMGKMJNO@?$GAmanaged?5vector?5destructor?5itera@ 000000018000fbe8     libvcruntime:undname.obj
 0002:00000c10       ??_C@_0CG@HLDDJMAG@?$GAeh?5vector?5copy?5constructor?5iter@ 000000018000fc10     libvcruntime:undname.obj
 0002:00000c38       ??_C@_0CM@FCBBDIGB@?$GAeh?5vector?5vbase?5copy?5constructo@ 000000018000fc38     libvcruntime:undname.obj
 0002:00000c68       ??_C@_0BL@CLIPGLGB@?$GAdynamic?5initializer?5for?5?8?$AA@ 000000018000fc68     libvcruntime:undname.obj
 0002:00000c88       ??_C@_0CB@PDBIFEP@?$GAdynamic?5atexit?5destructor?5for?5?8@ 000000018000fc88     libvcruntime:undname.obj
 0002:00000cb0       ??_C@_0CD@CGAJBKEJ@?$GAvector?5copy?5constructor?5iterato@ 000000018000fcb0     libvcruntime:undname.obj
 0002:00000cd8       ??_C@_0CJ@GJELGAMM@?$GAvector?5vbase?5copy?5constructor?5i@ 000000018000fcd8     libvcruntime:undname.obj
 0002:00000d08       ??_C@_0CL@FGIJHLCE@?$GAmanaged?5vector?5copy?5constructor@ 000000018000fd08     libvcruntime:undname.obj
 0002:00000d38       ??_C@_0BM@PMGGMLDN@?$GAlocal?5static?5thread?5guard?8?$AA@ 000000018000fd38     libvcruntime:undname.obj
 0002:00000d58       ??_C@_0N@BDNMDMOL@operator?5?$CC?$CC?5?$AA@ 000000018000fd58     libvcruntime:undname.obj
 0002:00000d68       ??_C@_0BC@DAFEJGAK@?5Type?5Descriptor?8?$AA@ 000000018000fd68     libvcruntime:undname.obj
 0002:00000d80       ??_C@_0BM@LDKODKLH@?5Base?5Class?5Descriptor?5at?5?$CI?$AA@ 000000018000fd80     libvcruntime:undname.obj
 0002:00000da0       ??_C@_0BD@LGICGFMM@?5Base?5Class?5Array?8?$AA@ 000000018000fda0     libvcruntime:undname.obj
 0002:00000db8       ??_C@_0BN@MECKDCOJ@?5Class?5Hierarchy?5Descriptor?8?$AA@ 000000018000fdb8     libvcruntime:undname.obj
 0002:00000dd8       ??_C@_0BK@CFCOFLF@?5Complete?5Object?5Locator?8?$AA@ 000000018000fdd8     libvcruntime:undname.obj
 0002:00000e00       __acrt_exception_action_table 000000018000fe00     libucrt:exception_filter.obj
 0002:00000ec0       __acrt_signal_action_table_count 000000018000fec0     libucrt:exception_filter.obj
 0002:00000ec8       __acrt_signal_action_first_fpe_index 000000018000fec8     libucrt:exception_filter.obj
 0002:00000ed0       __acrt_signal_action_fpe_count 000000018000fed0     libucrt:exception_filter.obj
 0002:00000f28       ??_C@_1BI@BGOHAHKC@?$AAm?$AAs?$AAc?$AAo?$AAr?$AAe?$AAe?$AA?4?$AAd?$AAl?$AAl@ 000000018000ff28     libucrt:exit.obj
 0002:00000f40       ??_C@_0P@MIGLKIOC@CorExitProcess@ 000000018000ff40     libucrt:exit.obj
 0002:00001228       ??_C@_1M@HPNHIDJI@?$AAj?$AAa?$AA?9?$AAJ?$AAP@ 0000000180010228     libucrt:mbctype.obj
 0002:00001238       ??_C@_1M@BIBDDEMK@?$AAz?$AAh?$AA?9?$AAC?$AAN@ 0000000180010238     libucrt:mbctype.obj
 0002:00001248       ??_C@_1M@JLOOOEGK@?$AAk?$AAo?$AA?9?$AAK?$AAR@ 0000000180010248     libucrt:mbctype.obj
 0002:00001258       ??_C@_1M@CLNBBOPM@?$AAz?$AAh?$AA?9?$AAT?$AAW@ 0000000180010258     libucrt:mbctype.obj
 0002:00001310       ??_C@_1EA@JGEFHKEI@?$AAa?$AAp?$AAi?$AA?9?$AAm?$AAs?$AA?9?$AAw?$AAi?$AAn?$AA?9?$AAc?$AAo?$AAr?$AAe@ 0000000180010310     libucrt:winapi_thunks.obj
 0002:00001350       ??_C@_1DI@IJCEHOCB@?$AAa?$AAp?$AAi?$AA?9?$AAm?$AAs?$AA?9?$AAw?$AAi?$AAn?$AA?9?$AAc?$AAo?$AAr?$AAe@ 0000000180010350     libucrt:winapi_thunks.obj
 0002:00001390       ??_C@_1EI@MPIAOHOC@?$AAa?$AAp?$AAi?$AA?9?$AAm?$AAs?$AA?9?$AAw?$AAi?$AAn?$AA?9?$AAc?$AAo?$AAr?$AAe@ 0000000180010390     libucrt:winapi_thunks.obj
 0002:000013e0       ??_C@_1FK@FPHCKFIE@?$AAa?$AAp?$AAi?$AA?9?$AAm?$AAs?$AA?9?$AAw?$AAi?$AAn?$AA?9?$AAc?$AAo?$AAr?$AAe@ 00000001800103e0     libucrt:winapi_thunks.obj
 0002:00001440       ??_C@_1EM@DILCGIIO@?$AAa?$AAp?$AAi?$AA?9?$AAm?$AAs?$AA?9?$AAw?$AAi?$AAn?$AA?9?$AAc?$AAo?$AAr?$AAe@ 0000000180010440     libucrt:winapi_thunks.obj
 0002:00001490       ??_C@_1DM@LNCGDDPN@?$AAa?$AAp?$AAi?$AA?9?$AAm?$AAs?$AA?9?$AAw?$AAi?$AAn?$AA?9?$AAc?$AAo?$AAr?$AAe@ 0000000180010490     libucrt:winapi_thunks.obj
 0002:000014d0       ??_C@_1DK@LPPGFMPP@?$AAa?$AAp?$AAi?$AA?9?$AAm?$AAs?$AA?9?$AAw?$AAi?$AAn?$AA?9?$AAc?$AAo?$AAr?$AAe@ 00000001800104d0     libucrt:winapi_thunks.obj
 0002:00001510       ??_C@_1DO@FPAPJEMD@?$AAa?$AAp?$AAi?$AA?9?$AAm?$AAs?$AA?9?$AAw?$AAi?$AAn?$AA?9?$AAc?$AAo?$AAr?$AAe@ 0000000180010510     libucrt:winapi_thunks.obj
 0002:00001550       ??_C@_1DK@NDHNAHIO@?$AAa?$AAp?$AAi?$AA?9?$AAm?$AAs?$AA?9?$AAw?$AAi?$AAn?$AA?9?$AAc?$AAo?$AAr?$AAe@ 0000000180010550     libucrt:winapi_thunks.obj
 0002:00001590       ??_C@_1DM@KGHDGBCM@?$AAa?$AAp?$AAi?$AA?9?$AAm?$AAs?$AA?9?$AAw?$AAi?$AAn?$AA?9?$AAc?$AAo?$AAr?$AAe@ 0000000180010590     libucrt:winapi_thunks.obj
 0002:000015d0       ??_C@_1EO@IJIOEFOH@?$AAa?$AAp?$AAi?$AA?9?$AAm?$AAs?$AA?9?$AAw?$AAi?$AAn?$AA?9?$AAr?$AAt?$AAc?$AAo@ 00000001800105d0     libucrt:winapi_thunks.obj
 0002:00001620       ??_C@_1FG@HHGEKANL@?$AAa?$AAp?$AAi?$AA?9?$AAm?$AAs?$AA?9?$AAw?$AAi?$AAn?$AA?9?$AAs?$AAe?$AAc?$AAu@ 0000000180010620     libucrt:winapi_thunks.obj
 0002:00001680       ??_C@_1EG@DBIOJECG@?$AAe?$AAx?$AAt?$AA?9?$AAm?$AAs?$AA?9?$AAw?$AAi?$AAn?$AA?9?$AAn?$AAt?$AAu?$AAs@ 0000000180010680     libucrt:winapi_thunks.obj
 0002:000016d0       ??_C@_1EO@FIHMJCLF@?$AAe?$AAx?$AAt?$AA?9?$AAm?$AAs?$AA?9?$AAw?$AAi?$AAn?$AA?9?$AAn?$AAt?$AAu?$AAs@ 00000001800106d0     libucrt:winapi_thunks.obj
 0002:00001720       ??_C@_1BC@DNHGCMLG@?$AAa?$AAd?$AAv?$AAa?$AAp?$AAi?$AA3?$AA2@ 0000000180010720     libucrt:winapi_thunks.obj
 0002:00001738       ??_C@_1BC@GDMECMAK@?$AAk?$AAe?$AAr?$AAn?$AAe?$AAl?$AA3?$AA2@ 0000000180010738     libucrt:winapi_thunks.obj
 0002:00001750       ??_C@_1M@OAIMIKLP@?$AAn?$AAt?$AAd?$AAl?$AAl@ 0000000180010750     libucrt:winapi_thunks.obj
 0002:00001760       ??_C@_1EG@DPGNFKGC@?$AAa?$AAp?$AAi?$AA?9?$AAm?$AAs?$AA?9?$AAw?$AAi?$AAn?$AA?9?$AAa?$AAp?$AAp?$AAm@ 0000000180010760     libucrt:winapi_thunks.obj
 0002:000017a8       ??_C@_1O@BCCLBEOE@?$AAu?$AAs?$AAe?$AAr?$AA3?$AA2@ 00000001800107a8     libucrt:winapi_thunks.obj
 0002:000017b8       ??_C@_1BA@PFFKHIOG@?$AAa?$AAp?$AAi?$AA?9?$AAm?$AAs?$AA?9@ 00000001800107b8     libucrt:winapi_thunks.obj
 0002:000017c8       ??_C@_1BA@IAIFMGEF@?$AAe?$AAx?$AAt?$AA?9?$AAm?$AAs?$AA?9@ 00000001800107c8     libucrt:winapi_thunks.obj
 0002:000017e0       ??_C@_0BA@FHFNEAED@AreFileApisANSI@ 00000001800107e0     libucrt:winapi_thunks.obj
 0002:000017f8       ??_C@_0BM@HCFOFFN@InitializeCriticalSectionEx@ 00000001800107f8     libucrt:winapi_thunks.obj
 0002:00001820       ??_C@_0O@KKBNKAPF@LCMapStringEx@ 0000000180010820     libucrt:winapi_thunks.obj
 0002:00001838       ??_C@_0BB@HBDEELFH@LocaleNameToLCID@ 0000000180010838     libucrt:winapi_thunks.obj
 0002:00001850       ??_C@_0CF@OJOFEIGO@AppPolicyGetProcessTerminationM@ 0000000180010850     libucrt:winapi_thunks.obj
 0002:00001880       __lc_time_c                0000000180010880     libucrt:nlsdata.obj
 0002:00001b40       ??_C@_03KOEHGMDN@Sun@      0000000180010b40     libucrt:nlsdata.obj
 0002:00001b44       ??_C@_03PDAGKDH@Mon@       0000000180010b44     libucrt:nlsdata.obj
 0002:00001b48       ??_C@_03NAGEINEP@Tue@      0000000180010b48     libucrt:nlsdata.obj
 0002:00001b4c       ??_C@_03MHOMLAJA@Wed@      0000000180010b4c     libucrt:nlsdata.obj
 0002:00001b50       ??_C@_03IOFIKPDN@Thu@      0000000180010b50     libucrt:nlsdata.obj
 0002:00001b54       ??_C@_03IDIOELNC@Fri@      0000000180010b54     libucrt:nlsdata.obj
 0002:00001b58       ??_C@_03FEFJNEK@Sat@       0000000180010b58     libucrt:nlsdata.obj
 0002:00001b5c       ??_C@_06OOPIFAJ@Sunday@    0000000180010b5c     libucrt:nlsdata.obj
 0002:00001b64       ??_C@_06JLEDEDGH@Monday@   0000000180010b64     libucrt:nlsdata.obj
 0002:00001b70       ??_C@_07BAAGCFCM@Tuesday@  0000000180010b70     libucrt:nlsdata.obj
 0002:00001b78       ??_C@_09DLIGFAKA@Wednesday@ 0000000180010b78     libucrt:nlsdata.obj
 0002:00001b88       ??_C@_08HACCIKIA@Thursday@ 0000000180010b88     libucrt:nlsdata.obj
 0002:00001b94       ??_C@_06JECMNKMI@Friday@   0000000180010b94     libucrt:nlsdata.obj
 0002:00001ba0       ??_C@_08INBOOONO@Saturday@ 0000000180010ba0     libucrt:nlsdata.obj
 0002:00001bac       ??_C@_03JIHJHPIE@Jan@      0000000180010bac     libucrt:nlsdata.obj
 0002:00001bb0       ??_C@_03HJBDCHOM@Feb@      0000000180010bb0     libucrt:nlsdata.obj
 0002:00001bb4       ??_C@_03ODNJBKGA@Mar@      0000000180010bb4     libucrt:nlsdata.obj
 0002:00001bb8       ??_C@_03LEOLGMJP@Apr@      0000000180010bb8     libucrt:nlsdata.obj
 0002:00001bbc       ??_C@_03CNMDKL@May@        0000000180010bbc     libucrt:nlsdata.obj
 0002:00001bc0       ??_C@_03IDFGHECI@Jun@      0000000180010bc0     libucrt:nlsdata.obj
 0002:00001bc4       ??_C@_03LBGABGKK@Jul@      0000000180010bc4     libucrt:nlsdata.obj
 0002:00001bc8       ??_C@_03IFJFEIGA@Aug@      0000000180010bc8     libucrt:nlsdata.obj
 0002:00001bcc       ??_C@_03GGCAPAJC@Sep@      0000000180010bcc     libucrt:nlsdata.obj
 0002:00001bd0       ??_C@_03BMAOKBAD@Oct@      0000000180010bd0     libucrt:nlsdata.obj
 0002:00001bd4       ??_C@_03JPJOFNIA@Nov@      0000000180010bd4     libucrt:nlsdata.obj
 0002:00001bd8       ??_C@_03MKABNOCG@Dec@      0000000180010bd8     libucrt:nlsdata.obj
 0002:00001be0       ??_C@_07CGJPFGJA@January@  0000000180010be0     libucrt:nlsdata.obj
 0002:00001be8       ??_C@_08GNJGEPFN@February@ 0000000180010be8     libucrt:nlsdata.obj
 0002:00001bf4       ??_C@_05HPCKOFNC@March@    0000000180010bf4     libucrt:nlsdata.obj
 0002:00001bfc       ??_C@_05DMJDNLEJ@April@    0000000180010bfc     libucrt:nlsdata.obj
 0002:00001c04       ??_C@_04CNLMGBGM@June@     0000000180010c04     libucrt:nlsdata.obj
 0002:00001c0c       ??_C@_04MIEPOIFP@July@     0000000180010c0c     libucrt:nlsdata.obj
 0002:00001c14       ??_C@_06LBBHFDDG@August@   0000000180010c14     libucrt:nlsdata.obj
 0002:00001c20       ??_C@_09BHHEALKD@September@ 0000000180010c20     libucrt:nlsdata.obj
 0002:00001c30       ??_C@_07JJNFCEND@October@  0000000180010c30     libucrt:nlsdata.obj
 0002:00001c38       ??_C@_08HCHEGEOA@November@ 0000000180010c38     libucrt:nlsdata.obj
 0002:00001c48       ??_C@_08EDHMEBNP@December@ 0000000180010c48     libucrt:nlsdata.obj
 0002:00001c54       ??_C@_02DEDBPAFC@AM@       0000000180010c54     libucrt:nlsdata.obj
 0002:00001c58       ??_C@_02CJNFDJBF@PM@       0000000180010c58     libucrt:nlsdata.obj
 0002:00001c60       ??_C@_08BPBNCDIB@MM?1dd?1yy@ 0000000180010c60     libucrt:nlsdata.obj
 0002:00001c70       ??_C@_0BE@CKGJFCPC@dddd?0?5MMMM?5dd?0?5yyyy@ 0000000180010c70     libucrt:nlsdata.obj
 0002:00001c88       ??_C@_08JCCMCCIL@HH?3mm?3ss@ 0000000180010c88     libucrt:nlsdata.obj
 0002:00001c98       ??_C@_17MBGCMIPB@?$AAS?$AAu?$AAn@ 0000000180010c98     libucrt:nlsdata.obj
 0002:00001ca0       ??_C@_17KBOMKBF@?$AAM?$AAo?$AAn@ 0000000180010ca0     libucrt:nlsdata.obj
 0002:00001ca8       ??_C@_17BMKGEGOJ@?$AAT?$AAu?$AAe@ 0000000180010ca8     libucrt:nlsdata.obj
 0002:00001cb0       ??_C@_17CJEDCEPE@?$AAW?$AAe?$AAd@ 0000000180010cb0     libucrt:nlsdata.obj
 0002:00001cb8       ??_C@_17PDPHAADD@?$AAT?$AAh?$AAu@ 0000000180010cb8     libucrt:nlsdata.obj
 0002:00001cc0       ??_C@_17HFOLPPLP@?$AAF?$AAr?$AAi@ 0000000180010cc0     libucrt:nlsdata.obj
 0002:00001cc8       ??_C@_17GGIBDPIH@?$AAS?$AAa?$AAt@ 0000000180010cc8     libucrt:nlsdata.obj
 0002:00001cd0       ??_C@_1O@IHNHDHPB@?$AAS?$AAu?$AAn?$AAd?$AAa?$AAy@ 0000000180010cd0     libucrt:nlsdata.obj
 0002:00001ce0       ??_C@_1O@MMNBFLIA@?$AAM?$AAo?$AAn?$AAd?$AAa?$AAy@ 0000000180010ce0     libucrt:nlsdata.obj
 0002:00001cf0       ??_C@_1BA@ENFBFFEK@?$AAT?$AAu?$AAe?$AAs?$AAd?$AAa?$AAy@ 0000000180010cf0     libucrt:nlsdata.obj
 0002:00001d00       ??_C@_1BE@EBOGMDOH@?$AAW?$AAe?$AAd?$AAn?$AAe?$AAs?$AAd?$AAa?$AAy@ 0000000180010d00     libucrt:nlsdata.obj
 0002:00001d18       ??_C@_1BC@HHMNLIHE@?$AAT?$AAh?$AAu?$AAr?$AAs?$AAd?$AAa?$AAy@ 0000000180010d18     libucrt:nlsdata.obj
 0002:00001d30       ??_C@_1O@PDICJHAG@?$AAF?$AAr?$AAi?$AAd?$AAa?$AAy@ 0000000180010d30     libucrt:nlsdata.obj
 0002:00001d40       ??_C@_1BC@ENMNNPAJ@?$AAS?$AAa?$AAt?$AAu?$AAr?$AAd?$AAa?$AAy@ 0000000180010d40     libucrt:nlsdata.obj
 0002:00001d58       ??_C@_17DKNBKCHM@?$AAJ?$AAa?$AAn@ 0000000180010d58     libucrt:nlsdata.obj
 0002:00001d60       ??_C@_17LMDJEKJN@?$AAF?$AAe?$AAb@ 0000000180010d60     libucrt:nlsdata.obj
 0002:00001d68       ??_C@_17CKNLEDEC@?$AAM?$AAa?$AAr@ 0000000180010d68     libucrt:nlsdata.obj
 0002:00001d70       ??_C@_17LFPOIHDD@?$AAA?$AAp?$AAr@ 0000000180010d70     libucrt:nlsdata.obj
 0002:00001d78       ??_C@_17PNNKMEED@?$AAM?$AAa?$AAy@ 0000000180010d78     libucrt:nlsdata.obj
 0002:00001d80       ??_C@_17KCJGOCPB@?$AAJ?$AAu?$AAn@ 0000000180010d80     libucrt:nlsdata.obj
 0002:00001d88       ??_C@_17IJPCKHK@?$AAJ?$AAu?$AAl@ 0000000180010d88     libucrt:nlsdata.obj
 0002:00001d90       ??_C@_17ICPELBCN@?$AAA?$AAu?$AAg@ 0000000180010d90     libucrt:nlsdata.obj
 0002:00001d98       ??_C@_17HCHCOKMG@?$AAS?$AAe?$AAp@ 0000000180010d98     libucrt:nlsdata.obj
 0002:00001da0       ??_C@_17FNLKOI@?$AAO?$AAc?$AAt@ 0000000180010da0     libucrt:nlsdata.obj
 0002:00001da8       ??_C@_17BBDMLCIG@?$AAN?$AAo?$AAv@ 0000000180010da8     libucrt:nlsdata.obj
 0002:00001db0       ??_C@_17EGKACKIF@?$AAD?$AAe?$AAc@ 0000000180010db0     libucrt:nlsdata.obj
 0002:00001db8       ??_C@_1BA@EFMEIEBA@?$AAJ?$AAa?$AAn?$AAu?$AAa?$AAr?$AAy@ 0000000180010db8     libucrt:nlsdata.obj
 0002:00001dc8       ??_C@_1BC@JGDDFFAM@?$AAF?$AAe?$AAb?$AAr?$AAu?$AAa?$AAr?$AAy@ 0000000180010dc8     libucrt:nlsdata.obj
 0002:00001de0       ??_C@_1M@IKEENEDF@?$AAM?$AAa?$AAr?$AAc?$AAh@ 0000000180010de0     libucrt:nlsdata.obj
 0002:00001df0       ??_C@_1M@GJNLMHFD@?$AAA?$AAp?$AAr?$AAi?$AAl@ 0000000180010df0     libucrt:nlsdata.obj
 0002:00001e00       ??_C@_19EPFLPGAP@?$AAJ?$AAu?$AAn?$AAe@ 0000000180010e00     libucrt:nlsdata.obj
 0002:00001e10       ??_C@_19BIFMLPCD@?$AAJ?$AAu?$AAl?$AAy@ 0000000180010e10     libucrt:nlsdata.obj
 0002:00001e20       ??_C@_1O@PAHLKOAC@?$AAA?$AAu?$AAg?$AAu?$AAs?$AAt@ 0000000180010e20     libucrt:nlsdata.obj
 0002:00001e30       ??_C@_1BE@DKAAMBJL@?$AAS?$AAe?$AAp?$AAt?$AAe?$AAm?$AAb?$AAe?$AAr@ 0000000180010e30     libucrt:nlsdata.obj
 0002:00001e48       ??_C@_1BA@EPANDLNG@?$AAO?$AAc?$AAt?$AAo?$AAb?$AAe?$AAr@ 0000000180010e48     libucrt:nlsdata.obj
 0002:00001e58       ??_C@_1BC@BGLIFPF@?$AAN?$AAo?$AAv?$AAe?$AAm?$AAb?$AAe?$AAr@ 0000000180010e58     libucrt:nlsdata.obj
 0002:00001e70       ??_C@_1BC@FEMKIFH@?$AAD?$AAe?$AAc?$AAe?$AAm?$AAb?$AAe?$AAr@ 0000000180010e70     libucrt:nlsdata.obj
 0002:00001e84       ??_C@_15ODEHAHHF@?$AAA?$AAM@ 0000000180010e84     libucrt:nlsdata.obj
 0002:00001e8c       ??_C@_15CLMNNGEL@?$AAP?$AAM@ 0000000180010e8c     libucrt:nlsdata.obj
 0002:00001e98       ??_C@_1BC@IEBCMHCM@?$AAM?$AAM?$AA?1?$AAd?$AAd?$AA?1?$AAy?$AAy@ 0000000180010e98     libucrt:nlsdata.obj
 0002:00001eb0       ??_C@_1CI@KNAKOEBC@?$AAd?$AAd?$AAd?$AAd?$AA?0?$AA?5?$AAM?$AAM?$AAM?$AAM?$AA?5?$AAd?$AAd?$AA?0?$AA?5@ 0000000180010eb0     libucrt:nlsdata.obj
 0002:00001ed8       ??_C@_1BC@GDGBMEMK@?$AAH?$AAH?$AA?3?$AAm?$AAm?$AA?3?$AAs?$AAs@ 0000000180010ed8     libucrt:nlsdata.obj
 0002:00001ef0       ??_C@_1M@BMHNFIME@?$AAe?$AAn?$AA?9?$AAU?$AAS@ 0000000180010ef0     libucrt:nlsdata.obj
 0002:00001f00       __newctype                 0000000180010f00     libucrt:ctype.obj
 0002:00002200       __newclmap                 0000000180011200     libucrt:ctype.obj
 0002:00002380       __newcumap                 0000000180011380     libucrt:ctype.obj
 0002:00003340       ??_C@_15EMKDOKLE@?$AAa?$AAr@ 0000000180012340     libucrt:lcidtoname_downlevel.obj
 0002:00003348       ??_C@_15KNPADPLH@?$AAb?$AAg@ 0000000180012348     libucrt:lcidtoname_downlevel.obj
 0002:00003350       ??_C@_15EDMHLDMO@?$AAc?$AAa@ 0000000180012350     libucrt:lcidtoname_downlevel.obj
 0002:00003358       ??_C@_1O@BPEAJADD@?$AAz?$AAh?$AA?9?$AAC?$AAH?$AAS@ 0000000180012358     libucrt:lcidtoname_downlevel.obj
 0002:00003368       ??_C@_15LJNHCMNK@?$AAc?$AAs@ 0000000180012368     libucrt:lcidtoname_downlevel.obj
 0002:00003370       ??_C@_15FOMCIDHG@?$AAd?$AAa@ 0000000180012370     libucrt:lcidtoname_downlevel.obj
 0002:00003378       ??_C@_15NBKABECB@?$AAd?$AAe@ 0000000180012378     libucrt:lcidtoname_downlevel.obj
 0002:00003380       ??_C@_15GHPEIIAO@?$AAe?$AAl@ 0000000180012380     libucrt:lcidtoname_downlevel.obj
 0002:00003388       ??_C@_15MNPNEAIF@?$AAe?$AAn@ 0000000180012388     libucrt:lcidtoname_downlevel.obj
 0002:00003390       ??_C@_15GPIOMPMH@?$AAe?$AAs@ 0000000180012390     libucrt:lcidtoname_downlevel.obj
 0002:00003398       ??_C@_15NGLOAKJC@?$AAf?$AAi@ 0000000180012398     libucrt:lcidtoname_downlevel.obj
 0002:000033a0       ??_C@_15FBKGNKAM@?$AAf?$AAr@ 00000001800123a0     libucrt:lcidtoname_downlevel.obj
 0002:000033a8       ??_C@_15KGGCNEFK@?$AAh?$AAe@ 00000001800123a8     libucrt:lcidtoname_downlevel.obj
 0002:000033b0       ??_C@_15PGHLIDMF@?$AAh?$AAu@ 00000001800123b0     libucrt:lcidtoname_downlevel.obj
 0002:000033b8       ??_C@_15BIEMAPLM@?$AAi?$AAs@ 00000001800123b8     libucrt:lcidtoname_downlevel.obj
 0002:000033c0       ??_C@_15IFJLDHAF@?$AAi?$AAt@ 00000001800123c0     libucrt:lcidtoname_downlevel.obj
 0002:000033c8       ??_C@_15GEMIOCAG@?$AAj?$AAa@ 00000001800123c8     libucrt:lcidtoname_downlevel.obj
 0002:000033d0       ??_C@_15EPELEGJA@?$AAk?$AAo@ 00000001800123d0     libucrt:lcidtoname_downlevel.obj
 0002:000033d8       ??_C@_15NDDHIMN@?$AAn?$AAl@ 00000001800123d8     libucrt:lcidtoname_downlevel.obj
 0002:000033e0       ??_C@_15BPIGNHCD@?$AAn?$AAo@ 00000001800123e0     libucrt:lcidtoname_downlevel.obj
 0002:000033e8       ??_C@_15DEOPBLCG@?$AAp?$AAl@ 00000001800123e8     libucrt:lcidtoname_downlevel.obj
 0002:000033f0       ??_C@_15KBECGEFG@?$AAp?$AAt@ 00000001800123f0     libucrt:lcidtoname_downlevel.obj
 0002:000033f8       ??_C@_15GLJCBFMD@?$AAr?$AAo@ 00000001800123f8     libucrt:lcidtoname_downlevel.obj
 0002:00003400       ??_C@_15FEDGKCDI@?$AAr?$AAu@ 0000000180012400     libucrt:lcidtoname_downlevel.obj
 0002:00003408       ??_C@_15GLKMLLHM@?$AAh?$AAr@ 0000000180012408     libucrt:lcidtoname_downlevel.obj
 0002:00003410       ??_C@_15CPKMFBDB@?$AAs?$AAk@ 0000000180012410     libucrt:lcidtoname_downlevel.obj
 0002:00003418       ??_C@_15BAAIOGMK@?$AAs?$AAq@ 0000000180012418     libucrt:lcidtoname_downlevel.obj
 0002:00003420       ??_C@_15INNPNOHD@?$AAs?$AAv@ 0000000180012420     libucrt:lcidtoname_downlevel.obj
 0002:00003428       ??_C@_15CABMMOGH@?$AAt?$AAh@ 0000000180012428     libucrt:lcidtoname_downlevel.obj
 0002:00003430       ??_C@_15BPLIHJJM@?$AAt?$AAr@ 0000000180012430     libucrt:lcidtoname_downlevel.obj
 0002:00003438       ??_C@_15NEOEKKDJ@?$AAu?$AAr@ 0000000180012438     libucrt:lcidtoname_downlevel.obj
 0002:00003440       ??_C@_15NFICGAJK@?$AAi?$AAd@ 0000000180012440     libucrt:lcidtoname_downlevel.obj
 0002:00003448       ??_C@_15PJPFLCCM@?$AAu?$AAk@ 0000000180012448     libucrt:lcidtoname_downlevel.obj
 0002:00003450       ??_C@_15HPJPHDM@?$AAb?$AAe@ 0000000180012450     libucrt:lcidtoname_downlevel.obj
 0002:00003458       ??_C@_15LCHLGJII@?$AAs?$AAl@ 0000000180012458     libucrt:lcidtoname_downlevel.obj
 0002:00003460       ??_C@_15PCFJPHHO@?$AAe?$AAt@ 0000000180012460     libucrt:lcidtoname_downlevel.obj
 0002:00003468       ??_C@_15HPFPGODN@?$AAl?$AAv@ 0000000180012468     libucrt:lcidtoname_downlevel.obj
 0002:00003470       ??_C@_15NFFGKGLG@?$AAl?$AAt@ 0000000180012470     libucrt:lcidtoname_downlevel.obj
 0002:00003478       ??_C@_15BDAKCCHN@?$AAf?$AAa@ 0000000180012478     libucrt:lcidtoname_downlevel.obj
 0002:00003480       ??_C@_15NFGIAIAJ@?$AAv?$AAi@ 0000000180012480     libucrt:lcidtoname_downlevel.obj
 0002:00003488       ??_C@_15LMKNDMHN@?$AAh?$AAy@ 0000000180012488     libucrt:lcidtoname_downlevel.obj
 0002:00003490       ??_C@_15IJBHMCFL@?$AAa?$AAz@ 0000000180012490     libucrt:lcidtoname_downlevel.obj
 0002:00003498       ??_C@_15EKOFJABL@?$AAe?$AAu@ 0000000180012498     libucrt:lcidtoname_downlevel.obj
 0002:000034a0       ??_C@_15BGHADCNK@?$AAm?$AAk@ 00000001800124a0     libucrt:lcidtoname_downlevel.obj
 0002:000034a8       ??_C@_15JDNICKHM@?$AAa?$AAf@ 00000001800124a8     libucrt:lcidtoname_downlevel.obj
 0002:000034b0       ??_C@_15KPJEDBKD@?$AAk?$AAa@ 00000001800124b0     libucrt:lcidtoname_downlevel.obj
 0002:000034b8       ??_C@_15PDNFFFEO@?$AAf?$AAo@ 00000001800124b8     libucrt:lcidtoname_downlevel.obj
 0002:000034c0       ??_C@_15OMLEGLOC@?$AAh?$AAi@ 00000001800124c0     libucrt:lcidtoname_downlevel.obj
 0002:000034c8       ??_C@_15IDNNENKK@?$AAm?$AAs@ 00000001800124c8     libucrt:lcidtoname_downlevel.obj
 0002:000034d0       ??_C@_15MACJNBMH@?$AAk?$AAk@ 00000001800124d0     libucrt:lcidtoname_downlevel.obj
 0002:000034d8       ??_C@_15DKDJEOND@?$AAk?$AAy@ 00000001800124d8     libucrt:lcidtoname_downlevel.obj
 0002:000034e0       ??_C@_15DFGDLJBG@?$AAs?$AAw@ 00000001800124e0     libucrt:lcidtoname_downlevel.obj
 0002:000034e8       ??_C@_15BBFAICNG@?$AAu?$AAz@ 00000001800124e8     libucrt:lcidtoname_downlevel.obj
 0002:000034f0       ??_C@_15DKNDCGEA@?$AAt?$AAt@ 00000001800124f0     libucrt:lcidtoname_downlevel.obj
 0002:000034f8       ??_C@_15MGIFMDPL@?$AAp?$AAa@ 00000001800124f8     libucrt:lcidtoname_downlevel.obj
 0002:00003500       ??_C@_15HCNDBBA@?$AAg?$AAu@ 0000000180012500     libucrt:lcidtoname_downlevel.obj
 0002:00003508       ??_C@_15FNBEIBON@?$AAt?$AAa@ 0000000180012508     libucrt:lcidtoname_downlevel.obj
 0002:00003510       ??_C@_15NCHGBGLK@?$AAt?$AAe@ 0000000180012510     libucrt:lcidtoname_downlevel.obj
 0002:00003518       ??_C@_15PHPHCBPF@?$AAk?$AAn@ 0000000180012518     libucrt:lcidtoname_downlevel.obj
 0002:00003520       ??_C@_15DLGBCKMP@?$AAm?$AAr@ 0000000180012520     libucrt:lcidtoname_downlevel.obj
 0002:00003528       ??_C@_15EABBLBFF@?$AAs?$AAa@ 0000000180012528     libucrt:lcidtoname_downlevel.obj
 0002:00003530       ??_C@_15CBKOMCOI@?$AAm?$AAn@ 0000000180012530     libucrt:lcidtoname_downlevel.obj
 0002:00003538       ??_C@_15CKDMCJAF@?$AAg?$AAl@ 0000000180012538     libucrt:lcidtoname_downlevel.obj
 0002:00003540       ??_C@_17CNJFBPG@?$AAk?$AAo?$AAk@ 0000000180012540     libucrt:lcidtoname_downlevel.obj
 0002:00003548       ??_C@_17FFBJICPL@?$AAs?$AAy?$AAr@ 0000000180012548     libucrt:lcidtoname_downlevel.obj
 0002:00003550       ??_C@_17KPNDCPAF@?$AAd?$AAi?$AAv@ 0000000180012550     libucrt:lcidtoname_downlevel.obj
 0002:00003558       ??_C@_11LOCGONAA@@         0000000180012558     libucrt:lcidtoname_downlevel.obj
 0002:00003560       ??_C@_1M@OKAHONE@?$AAa?$AAr?$AA?9?$AAS?$AAA@ 0000000180012560     libucrt:lcidtoname_downlevel.obj
 0002:00003570       ??_C@_1M@FFFIGIGK@?$AAb?$AAg?$AA?9?$AAB?$AAG@ 0000000180012570     libucrt:lcidtoname_downlevel.obj
 0002:00003580       ??_C@_1M@BJNKEDC@?$AAc?$AAa?$AA?9?$AAE?$AAS@ 0000000180012580     libucrt:lcidtoname_downlevel.obj
 0002:00003590       ??_C@_1M@IJJHFJHA@?$AAc?$AAs?$AA?9?$AAC?$AAZ@ 0000000180012590     libucrt:lcidtoname_downlevel.obj
 0002:000035a0       ??_C@_1M@CLPEOBGI@?$AAd?$AAa?$AA?9?$AAD?$AAK@ 00000001800125a0     libucrt:lcidtoname_downlevel.obj
 0002:000035b0       ??_C@_1M@MCMADGCB@?$AAd?$AAe?$AA?9?$AAD?$AAE@ 00000001800125b0     libucrt:lcidtoname_downlevel.obj
 0002:000035c0       ??_C@_1M@OOCKEMAM@?$AAe?$AAl?$AA?9?$AAG?$AAR@ 00000001800125c0     libucrt:lcidtoname_downlevel.obj
 0002:000035d0       ??_C@_1M@DDNJFGID@?$AAf?$AAi?$AA?9?$AAF?$AAI@ 00000001800125d0     libucrt:lcidtoname_downlevel.obj
 0002:000035e0       ??_C@_1M@GLIPPMAC@?$AAf?$AAr?$AA?9?$AAF?$AAR@ 00000001800125e0     libucrt:lcidtoname_downlevel.obj
 0002:000035f0       ??_C@_1M@GFMCHPE@?$AAh?$AAe?$AA?9?$AAI?$AAL@ 00000001800125f0     libucrt:lcidtoname_downlevel.obj
 0002:00003600       ??_C@_1M@MHLPGNKM@?$AAh?$AAu?$AA?9?$AAH?$AAU@ 0000000180012600     libucrt:lcidtoname_downlevel.obj
 0002:00003610       ??_C@_1M@LPDDNNPN@?$AAi?$AAs?$AA?9?$AAI?$AAS@ 0000000180012610     libucrt:lcidtoname_downlevel.obj
 0002:00003620       ??_C@_1M@MADIPODN@?$AAi?$AAt?$AA?9?$AAI?$AAT@ 0000000180012620     libucrt:lcidtoname_downlevel.obj
 0002:00003630       ??_C@_1M@IHBJJGG@?$AAn?$AAl?$AA?9?$AAN?$AAL@ 0000000180012630     libucrt:lcidtoname_downlevel.obj
 0002:00003640       ??_C@_1M@EANAGDL@?$AAn?$AAb?$AA?9?$AAN?$AAO@ 0000000180012640     libucrt:lcidtoname_downlevel.obj
 0002:00003650       ??_C@_1M@NEIEMEGP@?$AAp?$AAl?$AA?9?$AAP?$AAL@ 0000000180012650     libucrt:lcidtoname_downlevel.obj
 0002:00003660       ??_C@_1M@BOCFIGEP@?$AAp?$AAt?$AA?9?$AAB?$AAR@ 0000000180012660     libucrt:lcidtoname_downlevel.obj
 0002:00003670       ??_C@_1M@IMPFOPBG@?$AAr?$AAo?$AA?9?$AAR?$AAO@ 0000000180012670     libucrt:lcidtoname_downlevel.obj
 0002:00003680       ??_C@_1M@IDNNEJMM@?$AAr?$AAu?$AA?9?$AAR?$AAU@ 0000000180012680     libucrt:lcidtoname_downlevel.obj
 0002:00003690       ??_C@_1M@LILEEOGM@?$AAh?$AAr?$AA?9?$AAH?$AAR@ 0000000180012690     libucrt:lcidtoname_downlevel.obj
 0002:000036a0       ??_C@_1M@FKIFEHPB@?$AAs?$AAk?$AA?9?$AAS?$AAK@ 00000001800126a0     libucrt:lcidtoname_downlevel.obj
 0002:000036b0       ??_C@_1M@LJMAMNPJ@?$AAs?$AAq?$AA?9?$AAA?$AAL@ 00000001800126b0     libucrt:lcidtoname_downlevel.obj
[...]
 0006:000005b0       __guard_xfg__acrt_expand_narrow_argv_wildcards 000000018001d5b0     libucrt:argv_wildcards.obj
 0006:000005c0       __guard_xfg??0_LocaleUpdate@@QEAA@QEAU__crt_locale_pointers@@@Z 000000018001d5c0     libucrt:argv_wildcards.obj
 0006:000005d0       __guard_xfg??$common_expand_argv_wildcards@D@@YAHQEAPEADQEAPEAPEAD@Z 000000018001d5d0     libucrt:argv_wildcards.obj
 0006:000005e0       __guard_xfg??$__acrt_convert_wcs_mbs_cp@D_WV<lambda_7c9dea7b4ca7285d2cdb541a38da6275>@@U__crt_win32_buffer_internal_dynamic_resizing@@@@YAHQEBDAEAV?$__crt_win32_buffer@_WU__crt_win32_buffer_internal_dynamic_resizing@@@@AEBV<lambda_7c9dea7b4ca7285d2cdb541a38da6275>@@I@Z 000000018001d5e0     libucrt:argv_wildcards.obj
 0006:000005f0       __guard_xfg??$__acrt_convert_wcs_mbs_cp@_WDV<lambda_d8593a27d1aa8c02be35c86a17d324c4>@@U__crt_win32_buffer_internal_dynamic_resizing@@@@YAHQEB_WAEAV?$__crt_win32_buffer@DU__crt_win32_buffer_internal_dynamic_resizing@@@@AEBV<lambda_d8593a27d1aa8c02be35c86a17d324c4>@@I@Z 000000018001d5f0     libucrt:argv_wildcards.obj
 0006:00000600       __guard_xfg??$copy_and_add_argument_to_buffer@D@@YAHQEBD0_KAEAV?$argument_list@D@?A0x5f5c8891@@@Z 000000018001d600     libucrt:argv_wildcards.obj
 0006:00000610       __guard_xfg??$expand_argument_wildcards@D@@YAHQEAD0AEAV?$argument_list@D@?A0x5f5c8891@@@Z 000000018001d610     libucrt:argv_wildcards.obj
 0006:00000620       __guard_xfg?<lambda_invoker_cdecl>@<lambda_a1ce4c8ae42411fd470c77163914f50e>@@CAHPEBX0@Z 000000018001d620     libucrt:argv_wildcards.obj
 0006:00000630       __guard_xfg__acrt_GetModuleFileNameA 000000018001d630     libucrt:getmodulefilenamea.obj
 0006:00000640       __guard_xfg??$__acrt_convert_wcs_mbs_cp@_WDV<lambda_f788ae46380686e8b737efdd8c720d07>@@U__crt_win32_buffer_no_resizing@@@@YAHQEB_WAEAV?$__crt_win32_buffer@DU__crt_win32_buffer_no_resizing@@@@AEBV<lambda_f788ae46380686e8b737efdd8c720d07>@@I@Z 000000018001d640     libucrt:getmodulefilenamea.obj
 0006:00000650       __guard_xfg__acrt_update_thread_multibyte_data 000000018001d650     libucrt:mbctype.obj
 0006:00000660       __guard_xfg__acrt_initialize_multibyte 000000018001d660     libucrt:mbctype.obj
 0006:00000670       __guard_xfg_setmbcp_nolock 000000018001d670     libucrt:mbctype.obj
 0006:00000680       __guard_xfg?getSystemCP@@YAHH@Z 000000018001d680     libucrt:mbctype.obj
 0006:00000690       __guard_xfg?setSBCS@@YAXPEAU__crt_multibyte_data@@@Z 000000018001d690     libucrt:mbctype.obj
 0006:000006a0       __guard_xfg?update_thread_multibyte_data_internal@@YAPEAU__crt_multibyte_data@@QEAU__acrt_ptd@@QEAPEAU1@@Z 000000018001d6a0     libucrt:mbctype.obj
 0006:000006b0       __guard_xfg?setmbcp_internal@@YAHH_NQEAU__acrt_ptd@@QEAPEAU__crt_multibyte_data@@@Z 000000018001d6b0     libucrt:mbctype.obj
 0006:000006c0       __guard_xfg?setSBUpLow@@YAXPEAU__crt_multibyte_data@@@Z 000000018001d6c0     libucrt:mbctype.obj
 0006:000006d0       __guard_xfg??$?RV<lambda_efdfa57d1f175319df784efa44bb7b81>@@AEAV<lambda_5f0a4c1567f8adc6734073e5d1e1b35c>@@V<lambda_2e8a7d3640ea6ccb4c2413664c2db6fd>@@@?$__crt_seh_guarded_call@X@@QEAAX$$QEAV<lambda_efdfa57d1f175319df784efa44bb7b81>@@AEAV<lambda_5f0a4c1567f8adc6734073e5d1e1b35c>@@$$QEAV<lambda_2e8a7d3640ea6ccb4c2413664c2db6fd>@@@Z 000000018001d6d0     libucrt:mbctype.obj
 0006:000006e0       __guard_xfg_ismbblead      000000018001d6e0     libucrt:ismbbyte.obj
 0006:000006f0       __guard_xfg?x_ismbbtype_l@@YAHPEAU__crt_locale_pointers@@IHH@Z 000000018001d6f0     libucrt:ismbbyte.obj
 0006:00000700       __guard_xfg__acrt_initialize_command_line 000000018001d700     libucrt:argv_data.obj
 0006:00000710       __guard_xfg__acrt_uninitialize_command_line 000000018001d710     libucrt:argv_data.obj
 0006:00000720       __guard_xfg__acrt_MultiByteToWideChar 000000018001d720     libucrt:multibytetowidechar.obj
 0006:00000730       __guard_xfg__acrt_WideCharToMultiByte 000000018001d730     libucrt:widechartomultibyte.obj
 0006:00000740       __guard_xfg__dcrt_get_narrow_environment_from_os 000000018001d740     libucrt:get_environment_from_os.obj
 0006:00000750       __guard_xfg_recalloc_base  000000018001d750     libucrt:recalloc.obj
 0006:00000760       __guard_xfg__acrt_initialize_winapi_thunks 000000018001d760     libucrt:winapi_thunks.obj
 0006:00000770       __guard_xfg__acrt_uninitialize_winapi_thunks 000000018001d770     libucrt:winapi_thunks.obj
 0006:00000780       __guard_xfg__acrt_AreFileApisANSI 000000018001d780     libucrt:winapi_thunks.obj
 0006:00000790       __guard_xfg__acrt_FlsAlloc 000000018001d790     libucrt:winapi_thunks.obj
 0006:000007a0       __guard_xfg__acrt_FlsFree  000000018001d7a0     libucrt:winapi_thunks.obj
 0006:000007b0       __guard_xfg__acrt_FlsGetValue 000000018001d7b0     libucrt:winapi_thunks.obj
 0006:000007c0       __guard_xfg__acrt_FlsSetValue 000000018001d7c0     libucrt:winapi_thunks.obj
 0006:000007d0       __guard_xfg__acrt_InitializeCriticalSectionEx 000000018001d7d0     libucrt:winapi_thunks.obj
 0006:000007e0       __guard_xfg__acrt_LCMapStringEx 000000018001d7e0     libucrt:winapi_thunks.obj
 0006:000007f0       __guard_xfg__acrt_LocaleNameToLCID 000000018001d7f0     libucrt:winapi_thunks.obj
 0006:00000800       __guard_xfg__acrt_AppPolicyGetProcessTerminationMethodInternal 000000018001d800     libucrt:winapi_thunks.obj
 0006:00000810       __guard_xfg?try_get_function@@YAPEAXW4function_id@?A0x391cf84c@@QEBDQEBW4module_id@2@2@Z 000000018001d810     libucrt:winapi_thunks.obj
 0006:00000820       __guard_xfg__acrt_initialize_heap 000000018001d820     libucrt:heap_handle.obj
 0006:00000830       __guard_xfg__acrt_uninitialize_heap 000000018001d830     libucrt:heap_handle.obj
 0006:00000840       __guard_xfg__acrt_initialize_lowio 000000018001d840     libucrt:ioinit.obj
 0006:00000850       __guard_xfg__acrt_uninitialize_lowio 000000018001d850     libucrt:ioinit.obj
 0006:00000860       __guard_xfg?initialize_inherited_file_handles_nolock@@YAXXZ 000000018001d860     libucrt:ioinit.obj
 0006:00000870       __guard_xfg?initialize_stdio_handles_nolock@@YAXXZ 000000018001d870     libucrt:ioinit.obj
 0006:00000880       __guard_xfg__acrt_execute_initializers 000000018001d880     libucrt:shared_initialization.obj
 0006:00000890       __guard_xfg__acrt_execute_uninitializers 000000018001d890     libucrt:shared_initialization.obj
 0006:000008a0       __guard_xfg_callnewh       000000018001d8a0     libucrt:new_handler.obj
 0006:000008b0       __guard_xfg__acrt_initialize_new_handler 000000018001d8b0     libucrt:new_handler.obj
 0006:000008c0       __guard_xfg_query_new_handler 000000018001d8c0     libucrt:new_handler.obj
 0006:000008d0       __guard_xfg__acrt_initialize_signal_handlers 000000018001d8d0     libucrt:signal.obj
 0006:000008e0       __guard_xfg__acrt_get_sigabrt_handler 000000018001d8e0     libucrt:signal.obj
 0006:000008f0       __guard_xfgraise           000000018001d8f0     libucrt:signal.obj
 0006:00000900       __guard_xfg??$?RV<lambda_450d765d439847d4c735a33c368b5fc0>@@AEAV<lambda_44731a7d0e6d81c3e6aa82d741081786>@@V<lambda_601a2a7da3b7a96e9554ac7215c4b07c>@@@?$__crt_seh_guarded_call@P6AXH@Z@@QEAAP6AXH@Z$$QEAV<lambda_450d765d439847d4c735a33c368b5fc0>@@AEAV<lambda_44731a7d0e6d81c3e6aa82d741081786>@@$$QEAV<lambda_601a2a7da3b7a96e9554ac7215c4b07c>@@@Z 000000018001d900     libucrt:signal.obj
 0006:00000910       __guard_xfg__acrt_initialize_user_matherr 000000018001d910     libucrt:matherr.obj
 0006:00000920       __guard_xfg__acrt_has_user_matherr 000000018001d920     libucrt:matherr.obj
 0006:00000930       __guard_xfg__acrt_invoke_user_matherr 000000018001d930     libucrt:matherr.obj
 0006:00000940       __guard_xfg_flushall       000000018001d940     libucrt:fflush.obj
 0006:00000950       __guard_xfg_fflush_nolock  000000018001d950     libucrt:fflush.obj
 0006:00000960       __guard_xfg__acrt_stdio_flush_nolock 000000018001d960     libucrt:fflush.obj
 0006:00000970       __guard_xfg?common_flush_all@@YAH_N@Z 000000018001d970     libucrt:fflush.obj
 0006:00000980       __guard_xfg??$?RV<lambda_842d9ff0dc9ef11c61343bbaebe7f885>@@AEAV<lambda_c5860995281e5c4ce005b3de8f5874ee>@@V<lambda_d90129c13df834fdcbf8d2b88dafcf2d>@@@?$__crt_seh_guarded_call@X@@QEAAX$$QEAV<lambda_842d9ff0dc9ef11c61343bbaebe7f885>@@AEAV<lambda_c5860995281e5c4ce005b3de8f5874ee>@@$$QEAV<lambda_d90129c13df834fdcbf8d2b88dafcf2d>@@@Z 000000018001d980     libucrt:fflush.obj
 0006:00000990       __guard_xfg??$?RV<lambda_886d6c58226a84441f68b9f2b8217b83>@@AEAV<lambda_ab61a845afdef5b7c387490eaf3616ee>@@V<lambda_f7f22ab5edc0698d5f6905b0d3f44752>@@@?$__crt_seh_guarded_call@X@@QEAAX$$QEAV<lambda_886d6c58226a84441f68b9f2b8217b83>@@AEAV<lambda_ab61a845afdef5b7c387490eaf3616ee>@@$$QEAV<lambda_f7f22ab5edc0698d5f6905b0d3f44752>@@@Z 000000018001d990     libucrt:fflush.obj
 0006:000009a0       __guard_xfg_lock_file      000000018001d9a0     libucrt:_file.obj
 0006:000009b0       __guard_xfg_unlock_file    000000018001d9b0     libucrt:_file.obj
 0006:000009c0       __guard_xfg__acrt_initialize_stdio 000000018001d9c0     libucrt:_file.obj
 0006:000009d0       __guard_xfg__acrt_uninitialize_stdio 000000018001d9d0     libucrt:_file.obj
 0006:000009e0       __guard_xfg_query_new_mode 000000018001d9e0     libucrt:new_mode.obj
 0006:000009f0       __guard_xfg__acrt_update_locale_info 000000018001d9f0     libucrt:locale_update.obj
 0006:00000a00       __guard_xfg__acrt_update_multibyte_info 000000018001da00     libucrt:locale_update.obj
 0006:00000a10       __guard_xfg__acrt_update_locale_info_explicit 000000018001da10     libucrt:locale_update.obj
 0006:00000a20       __guard_xfg__acrt_update_multibyte_info_explicit 000000018001da20     libucrt:locale_update.obj
 0006:00000a30       __guard_xfg_mbtowc_internal 000000018001da30     libucrt:mbtowc.obj
 0006:00000a40       __guard_xfg_fileno         000000018001da40     libucrt:fileno.obj
 0006:00000a50       __guard_xfg__acrt_set_locale_changed 000000018001da50     libucrt:wsetlocale.obj
 0006:00000a60       __guard_xfg__acrt_uninitialize_locale 000000018001da60     libucrt:wsetlocale.obj
 0006:00000a70       __guard_xfg??$?RV<lambda_410d79af7f07d98d83a3f525b3859a53>@@AEAV<lambda_3e16ef9562a7dcce91392c22ab16ea36>@@V<lambda_38119f0e861e05405d8a144b9b982f0a>@@@?$__crt_seh_guarded_call@X@@QEAAX$$QEAV<lambda_410d79af7f07d98d83a3f525b3859a53>@@AEAV<lambda_3e16ef9562a7dcce91392c22ab16ea36>@@$$QEAV<lambda_38119f0e861e05405d8a144b9b982f0a>@@@Z 000000018001da70     libucrt:wsetlocale.obj
 0006:00000a80       __guard_xfg__acrt_add_locale_ref 000000018001da80     libucrt:locale_refcounting.obj
 0006:00000a90       __guard_xfg__acrt_release_locale_ref 000000018001da90     libucrt:locale_refcounting.obj
 0006:00000aa0       __guard_xfg__acrt_free_locale 000000018001daa0     libucrt:locale_refcounting.obj
 0006:00000ab0       __guard_xfg__acrt_locale_add_lc_time_reference 000000018001dab0     libucrt:locale_refcounting.obj
 0006:00000ac0       __guard_xfg__acrt_locale_release_lc_time_reference 000000018001dac0     libucrt:locale_refcounting.obj
 0006:00000ad0       __guard_xfg__acrt_locale_free_lc_time_if_unreferenced 000000018001dad0     libucrt:locale_refcounting.obj
 0006:00000ae0       __guard_xfg__acrt_update_thread_locale_data 000000018001dae0     libucrt:locale_refcounting.obj
 0006:00000af0       __guard_xfg_updatetlocinfoEx_nolock 000000018001daf0     libucrt:locale_refcounting.obj
 0006:00000b00       __guard_xfgqsort           000000018001db00     libucrt:qsort.obj
 0006:00000b10       __guard_xfgstrncpy_s       000000018001db10     libucrt:strncpy_s.obj
 0006:00000b20       __guard_xfgstrpbrk         000000018001db20     libucrt:strpbrk.obj
 0006:00000b30       __guard_xfgfallbackMethod  000000018001db30     libucrt:strpbrk.obj
 0006:00000b40       __guard_xfg_mbsdec         000000018001db40     libucrt:mbsdec.obj
 0006:00000b50       __guard_xfg_mbsdec_l       000000018001db50     libucrt:mbsdec.obj
 0006:00000b60       __guard_xfg?initialize_multibyte@@YAHXZ 000000018001db60     libucrt:multibyte_initializer.obj
 0006:00000b70       __guard_xfg__acrt_GetStringTypeA 000000018001db70     libucrt:getstringtypea.obj
 0006:00000b80       __guard_xfg__acrt_LCMapStringA 000000018001db80     libucrt:lcmapstringa.obj
 0006:00000b90       __guard_xfg?__acrt_LCMapStringA_stat@@YAHPEAU__crt_locale_pointers@@PEB_WKPEBDHPEADHHH@Z 000000018001db90     libucrt:lcmapstringa.obj
 0006:00000ba0       __guard_xfg_msize_base     000000018001dba0     libucrt:msize.obj
 0006:00000bb0       __guard_xfg_realloc_base   000000018001dbb0     libucrt:realloc_base.obj
 0006:00000bc0       __guard_xfgwcsncmp         000000018001dbc0     libucrt:wcsncmp.obj
 0006:00000bd0       __guard_xfg__acrt_DownlevelLocaleNameToLCID 000000018001dbd0     libucrt:lcidtoname_downlevel.obj
 0006:00000be0       __guard_xfg_get_osfhandle  000000018001dbe0     libucrt:osfinfo.obj
 0006:00000bf0       __guard_xfg_free_osfhnd    000000018001dbf0     libucrt:osfinfo.obj
 0006:00000c00       __guard_xfg__acrt_lowio_create_handle_array 000000018001dc00     libucrt:osfinfo.obj
 0006:00000c10       __guard_xfg__acrt_lowio_destroy_handle_array 000000018001dc10     libucrt:osfinfo.obj
 0006:00000c20       __guard_xfg__acrt_lowio_ensure_fh_exists 000000018001dc20     libucrt:osfinfo.obj
 0006:00000c30       __guard_xfg__acrt_lowio_lock_fh 000000018001dc30     libucrt:osfinfo.obj
 0006:00000c40       __guard_xfg__acrt_lowio_unlock_fh 000000018001dc40     libucrt:osfinfo.obj
 0006:00000c50       __guard_xfg_commit         000000018001dc50     libucrt:commit.obj
 0006:00000c60       __guard_xfg??$?RV<lambda_a37b2b86f63e897a80ea819b0eb08c01>@@AEAV<lambda_38ce7e780aa69e748d6df282ebc68efe>@@V<lambda_99fb1378e971ab6e7edea83e3a7a83a2>@@@?$__crt_seh_guarded_call@H@@QEAAH$$QEAV<lambda_a37b2b86f63e897a80ea819b0eb08c01>@@AEAV<lambda_38ce7e780aa69e748d6df282ebc68efe>@@$$QEAV<lambda_99fb1378e971ab6e7edea83e3a7a83a2>@@@Z 000000018001dc60     libucrt:commit.obj
 0006:00000c70       __guard_xfg_write_nolock   000000018001dc70     libucrt:write.obj
 0006:00000c80       __guard_xfg_write_internal 000000018001dc80     libucrt:write.obj
 0006:00000c90       __guard_xfg?write_double_translated_ansi_nolock@@YA?AUwrite_result@?A0x17268360@@HQEBDIAEAV__crt_cached_ptd_host@@@Z 000000018001dc90     libucrt:write.obj
 0006:00000ca0       __guard_xfg?write_text_ansi_nolock@@YA?AUwrite_result@?A0x17268360@@HQEBDI@Z 000000018001dca0     libucrt:write.obj
 0006:00000cb0       __guard_xfg?write_text_utf16le_nolock@@YA?AUwrite_result@?A0x17268360@@HQEBDI@Z 000000018001dcb0     libucrt:write.obj
 0006:00000cc0       __guard_xfg?write_text_utf8_nolock@@YA?AUwrite_result@?A0x17268360@@HQEBDI@Z 000000018001dcc0     libucrt:write.obj
 0006:00000cd0       __guard_xfg_fcloseall      000000018001dcd0     libucrt:closeall.obj
 0006:00000ce0       __guard_xfg__acrt_stdio_free_buffer_nolock 000000018001dce0     libucrt:_freebuf.obj
 0006:00000cf0       __guard_xfg_isatty         000000018001dcf0     libucrt:isatty.obj
 0006:00000d00       __guard_xfg?__mbrtowc_utf8@__crt_mbstring@@YA_KPEA_WPEBD_KPEAU_Mbstatet@@AEAV__crt_cached_ptd_host@@@Z 000000018001dd00     libucrt:mbrtowc.obj
 0006:00000d10       __guard_xfg?__mbsrtowcs_utf8@__crt_mbstring@@YA_KPEA_WPEAPEBD_KPEAU_Mbstatet@@AEAV__crt_cached_ptd_host@@@Z 000000018001dd10     libucrt:mbrtowc.obj
 0006:00000d20       __guard_xfg__acrt_locale_free_monetary 000000018001dd20     libucrt:initmon.obj
 0006:00000d30       __guard_xfg__acrt_locale_free_numeric 000000018001dd30     libucrt:initnum.obj
 0006:00000d40       __guard_xfg__acrt_locale_free_time 000000018001dd40     libucrt:inittime.obj
 0006:00000d50       __guard_xfg?free_crt_array_internal@@YAXQEAPEBX_K@Z 000000018001dd50     libucrt:inittime.obj
 0006:00000d60       __guard_xfg__strncnt       000000018001dd60     libucrt:strncnt.obj
 0006:00000d70       __guard_xfg__ascii_wcsnicmp 000000018001dd70     libucrt:wcsnicmp.obj
 0006:00000d80       __guard_xfg_query_app_type 000000018001dd80     libucrt:report_runtime_error.obj
 0006:00000d90       __guard_xfg_lseeki64_nolock_internal 000000018001dd90     libucrt:lseek.obj
 0006:00000da0       __guard_xfg??$common_lseek_nolock@_J@@YA_JH_JHAEAV__crt_cached_ptd_host@@@Z 000000018001dda0     libucrt:lseek.obj
 0006:00000db0       __guard_xfg_putwch_nolock  000000018001ddb0     libucrt:putwch.obj
 0006:00000dc0       __guard_xfgfclose          000000018001ddc0     libucrt:fclose.obj
 0006:00000dd0       __guard_xfg?_fclose_nolock_internal@@YAHQEAU_iobuf@@AEAV__crt_cached_ptd_host@@@Z 000000018001ddd0     libucrt:fclose.obj
 0006:00000de0       __guard_xfg?_fclose_internal@@YAHQEAU_iobuf@@AEAV__crt_cached_ptd_host@@@Z 000000018001dde0     libucrt:fclose.obj
 0006:00000df0       __guard_xfg?return_illegal_sequence@__crt_mbstring@@YA_KPEAU_Mbstatet@@AEAV__crt_cached_ptd_host@@@Z 000000018001ddf0     libucrt:common_utf8.obj
 0006:00000e00       __guard_xfg?reset_and_return@__crt_mbstring@@YA_K_KPEAU_Mbstatet@@@Z 000000018001de00     libucrt:common_utf8.obj
 0006:00000e10       __guard_xfg?__mbrtoc32_utf8@__crt_mbstring@@YA_KPEA_UPEBD_KPEAU_Mbstatet@@AEAV__crt_cached_ptd_host@@@Z 000000018001de10     libucrt:mbrtoc32.obj
 0006:00000e20       __guard_xfg__dcrt_lowio_ensure_console_output_initialized 000000018001de20     libucrt:initcon.obj
 0006:00000e30       __guard_xfg__dcrt_write_console 000000018001de30     libucrt:initcon.obj
 0006:00000e40       __guard_xfg__dcrt_terminate_console_output 000000018001de40     libucrt:initcon.obj
 0006:00000e50       __guard_xfg_close_nolock_internal 000000018001de50     libucrt:close.obj
 0006:00000e60       __guard_xfg_close_internal 000000018001de60     libucrt:close.obj
 0006:00000e70       __guard_xfg??$?RV<lambda_ad8af0d99a0adf03d037d7dffe354bb5>@@AEAV<lambda_c9ba49e555ba839a7b07aa3fbecb7617>@@V<lambda_2f1ebd5d68526518146ae959c9e734c8>@@@?$__crt_seh_guarded_call@H@@QEAAH$$QEAV<lambda_ad8af0d99a0adf03d037d7dffe354bb5>@@AEAV<lambda_c9ba49e555ba839a7b07aa3fbecb7617>@@$$QEAV<lambda_2f1ebd5d68526518146ae959c9e734c8>@@@Z 000000018001de70     libucrt:close.obj
 0006:00000e80       __guard_xfg?__acrt_stdio_free_stream@@YAXV__crt_stdio_stream@@@Z 000000018001de80     libucrt:stream.obj
 0006:00000e90       __guard_xfg_call_matherr   000000018001de90     libucrt:libm_error.obj
 0006:00000ea0       __guard_xfg_exception_enabled 000000018001dea0     libucrt:libm_error.obj
 0006:00000eb0       __guard_xfg_handle_error   000000018001deb0     libucrt:libm_error.obj
 0006:00000ec0       __guard_xfg__acrt_initialize_fma3 000000018001dec0     libucrt:fma3_available.obj
 0006:00000ed0       __guard_xfg_log_special_common 000000018001ded0     libucrt:log_special.obj
 0006:00000ee0       __guard_xfg_log10_special  000000018001dee0     libucrt:log_special.obj
 0006:00000ef0       __guard_xfg_set_errno_from_matherr 000000018001def0     libucrt:fpexcept.obj
 0006:00000f00       __guard_xfg_raise_exc      000000018001df00     libucrt:fpexcept.obj
 0006:00000f10       __guard_xfg_raise_exc_ex   000000018001df10     libucrt:fpexcept.obj
 0006:00000f20       __guard_xfg_clrfp          000000018001df20     libucrt:fpctrl.obj
 0006:00000f30       __guard_xfg_ctrlfp         000000018001df30     libucrt:fpctrl.obj
 0006:00000f40       __guard_xfg_statfp         000000018001df40     libucrt:fpctrl.obj
 0006:00000f50       __guard_xfg_set_statfp     000000018001df50     libucrt:fpctrl.obj
 0006:00000f60       __guard_xfgfree            000000018001df60     libucrt:free.obj
 0006:00000f70       __guard_xfgmalloc          000000018001df70     libucrt:malloc.obj
 0007:00000000       __guard_ehcont_??R<lambda_6e4b09c48022b2350581041d5f6b0c4c>@@QEBA@XZ 000000018001e000     libucrt:exit.obj
 0007:00000004       __guard_ehcont_terminate   000000018001e004     libucrt:terminate.obj
 0007:00000008       __guard_ehcont__ctrlfp     000000018001e008     libucrt:fpctrl.obj
 0008:00000060       $R000000                   000000018001f060     ace.res
