 rar

 Timestamp is 613cfd51 (Sat Sep 11 22:02:41 2021)

 Preferred load address is 0000000180000000

 Start         Length     Name                   Class
 0001:00000000 0000dd70H .text$mn                CODE
 0001:0000dd70 00000040H .text$mn$00             CODE
 0001:0000ddb0 000003aaH .text$x                 CODE
 0002:00000000 00000288H .idata$5                DATA
 0002:00000288 00000018H .00cfg                  DATA
 0002:000002a0 00000008H .CRT$XCA                DATA
 0002:000002a8 00000008H .CRT$XCZ                DATA
 0002:000002b0 00000008H .CRT$XIA                DATA
 0002:000002b8 00000018H .CRT$XIC                DATA
 0002:000002d0 00000008H .CRT$XIZ                DATA
 0002:000002d8 00000008H .CRT$XPA                DATA
 0002:000002e0 00000010H .CRT$XPX                DATA
 0002:000002f0 00000008H .CRT$XPXA               DATA
 0002:000002f8 00000008H .CRT$XPZ                DATA
 0002:00000300 00000008H .CRT$XTA                DATA
 0002:00000308 00000008H .CRT$XTZ                DATA
 0002:00000310 00007568H .rdata                  DATA
 0002:00007878 0000016cH .rdata$r                DATA
 0002:000079e4 0000035cH .rdata$zzzdbg           DATA
 0002:00007d40 00000008H .rtc$IAA                DATA
 0002:00007d48 00000008H .rtc$IZZ                DATA
 0002:00007d50 00000008H .rtc$TAA                DATA
 0002:00007d58 00000008H .rtc$TZZ                DATA
 0002:00007d60 00000dc8H .xdata                  DATA
 0002:00008b28 00000088H .xdata$x                DATA
 0002:00008bb0 000000e4H .edata                  DATA
 0002:00008c94 00000028H .idata$2                DATA
 0002:00008cbc 00000014H .idata$3                DATA
 0002:00008cd0 00000288H .idata$4                DATA
 0002:00008f58 000005c0H .idata$6                DATA
 0003:00000000 000009f8H .data                   DATA
 0003:000009f8 00000078H .data$r                 DATA
 0003:00000a70 00003ce0H .bss                    DATA
 0004:00000000 00001044H .pdata                  DATA
 0005:00000000 000000b4H .gfids$y                DATA
 0006:00000000 00000f80H .gxfg$y                 DATA
 0007:00000000 0000000cH .gehcont$y              DATA
 0008:00000000 00000060H .rsrc$01                DATA
 0008:00000060 00000368H .rsrc$02                DATA

  Address         Publics by Value              Rva+Base               Lib:Object

 0000:00000000       __guard_iat_count          0000000000000000     <absolute>
 0000:00000000       __dynamic_value_reloc_table 0000000000000000     <absolute>
 0000:00000000       __guard_longjmp_count      0000000000000000     <absolute>
 0000:00000000       __guard_iat_table          0000000000000000     <absolute>
 0000:00000000       __guard_longjmp_table      0000000000000000     <absolute>
 0000:00000000       __guard_fids_count         0000000000000000     <absolute>
 0000:00000000       ___safe_se_handler_table   0000000000000000     <absolute>
 0000:00000000       ___safe_se_handler_count   0000000000000000     <absolute>
 0000:00000000       __guard_fids_table         0000000000000000     <absolute>
 0000:00000100       __guard_flags              0000000000000100     <absolute>
 0000:00000000       __ImageBase                0000000180000000     <linker-defined>
 0001:00000000       SetFarInfo                 0000000180001000 f   rar.obj
 0001:00000060       ?CallbackProc@@YAHI_J00@Z  0000000180001060 f   rar.obj
 0001:000001a0       IsArchive                  00000001800011a0 f   rar.obj
 0001:00000280       OpenArchive                0000000180001280 f   rar.obj
 0001:00000540       GetArcItem                 0000000180001540 f   rar.obj
 0001:00000730       CloseArchive               0000000180001730 f   rar.obj
 0001:000007a0       GetSFXPos                  00000001800017a0 f   rar.obj
 0001:000007b0       GetFormatName              00000001800017b0 f   rar.obj
 0001:00000800       GetDefaultCommands         0000000180001800 f   rar.obj
 0001:00000850       __security_check_cookie    0000000180001850 f   LIBCMT:_amdsecgs_.obj
 0001:00000874       __raise_securityfailure    0000000180001874 f   LIBCMT:gs_report.obj
 0001:000008a8       __report_gsfailure         00000001800018a8 f   LIBCMT:gs_report.obj
 0001:0000097c       __report_rangecheckfailure 000000018000197c f   LIBCMT:gs_report.obj
 0001:00000990       __report_securityfailure   0000000180001990 f   LIBCMT:gs_report.obj
 0001:00000e5c       _DllMainCRTStartup         0000000180001e5c f   LIBCMT:dll_dllmain.obj
 0001:00000e9c       __scrt_acquire_startup_lock 0000000180001e9c f   LIBCMT:utility.obj
 0001:00000ed8       __scrt_dllmain_after_initialize_c 0000000180001ed8 f   LIBCMT:utility.obj
 0001:00000f0c       __scrt_dllmain_before_initialize_c 0000000180001f0c f   LIBCMT:utility.obj
 0001:00000f24       __scrt_dllmain_crt_thread_attach 0000000180001f24 f   LIBCMT:utility.obj
 0001:00000f4c       __scrt_dllmain_crt_thread_detach 0000000180001f4c f   LIBCMT:utility.obj
 0001:00000f64       __scrt_dllmain_exception_filter 0000000180001f64 f   LIBCMT:utility.obj
 0001:00000fc8       __scrt_dllmain_uninitialize_c 0000000180001fc8 f   LIBCMT:utility.obj
 0001:00000ff8       __scrt_dllmain_uninitialize_critical 0000000180001ff8 f   LIBCMT:utility.obj
 0001:0000100c       __scrt_initialize_crt      000000018000200c f   LIBCMT:utility.obj
 0001:00001058       __scrt_initialize_onexit_tables 0000000180002058 f   LIBCMT:utility.obj
 0001:00001124       __scrt_is_nonwritable_in_current_image 0000000180002124 f   LIBCMT:utility.obj
 0001:000011c0       __scrt_release_startup_lock 00000001800021c0 f   LIBCMT:utility.obj
 0001:000011e4       __scrt_uninitialize_crt    00000001800021e4 f   LIBCMT:utility.obj
 0001:00001210       _onexit                    0000000180002210 f   LIBCMT:utility.obj
 0001:00001260       atexit                     0000000180002260 f   LIBCMT:utility.obj
 0001:00001278       __security_init_cookie     0000000180002278 f   LIBCMT:gs_support.obj
 0001:00001324       ?__scrt_initialize_type_info@@YAXXZ 0000000180002324 f   LIBCMT:tncleanup.obj
 0001:00001334       ?__scrt_uninitialize_type_info@@YAXXZ 0000000180002334 f   LIBCMT:tncleanup.obj
 0001:00001340       __local_stdio_printf_options 0000000180002340 f i LIBCMT:default_local_stdio_options.obj
 0001:00001348       __local_stdio_scanf_options 0000000180002348 f i LIBCMT:default_local_stdio_options.obj
 0001:00001350       __scrt_initialize_default_local_stdio_options 0000000180002350 f   LIBCMT:default_local_stdio_options.obj
 0001:0000136c       __scrt_get_dyn_tls_init_callback 000000018000236c f   LIBCMT:dyn_tls_init.obj
 0001:00001374       __crt_debugger_hook        0000000180002374 f   LIBCMT:utility_desktop.obj
 0001:0000137c       __scrt_fastfail            000000018000237c f   LIBCMT:utility_desktop.obj
 0001:000014c4       _RTC_Initialize            00000001800024c4 f   LIBCMT:_initsect_.obj
 0001:00001510       _RTC_Terminate             0000000180002510 f   LIBCMT:_initsect_.obj
 0001:0000155c       _guard_check_icall         000000018000255c f i LIBCMT:checkcfg.obj
 0001:00001564       __isa_available_init       0000000180002564 f   LIBCMT:_cpu_disp_.obj
 0001:0000172c       _get_startup_argv_mode     000000018000272c f   LIBCMT:argv_mode.obj
 0001:0000172c       DllMain                    000000018000272c f   LIBCMT:dll_dllmain_stub.obj
 0001:00001734       __scrt_is_ucrt_dll_in_use  0000000180002734 f   LIBCMT:ucrt_detection.obj
 0001:00001740       _guard_check_icall_nop     0000000180002740 f i LIBCMT:guard_support.obj
 0001:00001740       __except_validate_context_record 0000000180002740 f i libvcruntime:jbcxrval.obj
 0001:00001750       strrchr                    0000000180002750 f   libvcruntime:strrchr.obj
 0001:00001890       __C_specific_handler       0000000180002890 f   libvcruntime:_chandler_.obj
 0001:00001a8c       __vcrt_initialize          0000000180002a8c f   libvcruntime:initialization.obj
 0001:00001ac0       __vcrt_thread_attach       0000000180002ac0 f   libvcruntime:initialization.obj
 0001:00001ad4       __vcrt_thread_detach       0000000180002ad4 f   libvcruntime:initialization.obj
 0001:00001ae8       __vcrt_uninitialize        0000000180002ae8 f   libvcruntime:initialization.obj
 0001:00001b08       __vcrt_uninitialize_critical 0000000180002b08 f   libvcruntime:initialization.obj
 0001:00001b18       __std_type_info_compare    0000000180002b18 f   libvcruntime:std_type_info.obj
 0001:00001b40       __std_type_info_destroy_list 0000000180002b40 f   libvcruntime:std_type_info.obj
 0001:00001b80       memset                     0000000180002b80 f   libvcruntime:memset.obj
 0001:00001d30       _local_unwind              0000000180002d30 f   libvcruntime:_jmpuwind_.obj
 0001:00001d60       _NLG_Notify                0000000180002d60 f   libvcruntime:_jmpuwind_.obj
 0001:00001d80       __NLG_Dispatch2            0000000180002d80 f   libvcruntime:_jmpuwind_.obj
 0001:00001d90       __NLG_Return2              0000000180002d90 f   libvcruntime:_jmpuwind_.obj
 0001:00001d94       __vcrt_freefls             0000000180002d94 f   libvcruntime:per_thread_data.obj
 0001:00001db4       __vcrt_freeptd             0000000180002db4 f   libvcruntime:per_thread_data.obj
 0001:00001e04       __vcrt_getptd              0000000180002e04 f   libvcruntime:per_thread_data.obj
 0001:00001e20       __vcrt_getptd_noexit       0000000180002e20 f   libvcruntime:per_thread_data.obj
 0001:00001ed8       __vcrt_initialize_ptd      0000000180002ed8 f   libvcruntime:per_thread_data.obj
 0001:00001f18       __vcrt_uninitialize_ptd    0000000180002f18 f   libvcruntime:per_thread_data.obj
 0001:00001f3c       __vcrt_initialize_locks    0000000180002f3c f   libvcruntime:locks.obj
 0001:00001f84       __vcrt_uninitialize_locks  0000000180002f84 f   libvcruntime:locks.obj
 0001:00002184       __vcrt_FlsAlloc            0000000180003184 f   libvcruntime:winapi_downlevel.obj
 0001:000021d8       __vcrt_FlsFree             00000001800031d8 f   libvcruntime:winapi_downlevel.obj
 0001:0000222c       __vcrt_FlsGetValue         000000018000322c f   libvcruntime:winapi_downlevel.obj
 0001:00002280       __vcrt_FlsSetValue         0000000180003280 f   libvcruntime:winapi_downlevel.obj
 0001:000022e8       __vcrt_InitializeCriticalSectionEx 00000001800032e8 f   libvcruntime:winapi_downlevel.obj
 0001:00002360       __vcrt_initialize_winapi_thunks 0000000180003360 f   libvcruntime:winapi_downlevel.obj
 0001:000023ac       __vcrt_uninitialize_winapi_thunks 00000001800033ac f   libvcruntime:winapi_downlevel.obj
 0001:000023ec       __vcrt_initialize_pure_virtual_call_handler 00000001800033ec f   libvcruntime:purevirt_data.obj
 0001:00002410       _initterm                  0000000180003410 f   libucrt:initterm.obj
 0001:00002454       _initterm_e                0000000180003454 f   libucrt:initterm.obj
 0001:0000249c       _seh_filter_dll            000000018000349c f   libucrt:exception_filter.obj
 0001:000024b0       _seh_filter_exe            00000001800034b0 f   libucrt:exception_filter.obj
 0001:000028d4       __acrt_initialize_thread_local_exit_callback 00000001800038d4 f   libucrt:exit.obj
 0001:000028dc       _cexit                     00000001800038dc f   libucrt:exit.obj
 0001:000028ec       _exit                      00000001800038ec f   libucrt:exit.obj
 0001:000028f8       _is_c_termination_complete 00000001800038f8 f   libucrt:exit.obj
 0001:00002ac0       __acrt_allocate_buffer_for_argv 0000000180003ac0 f   libucrt:argv_parsing.obj
 0001:00002b20       _configure_narrow_argv     0000000180003b20 f   libucrt:argv_parsing.obj
 0001:00002eec       __dcrt_uninitialize_environments_nolock 0000000180003eec f   libucrt:environment_initialization.obj
 0001:00002f30       _initialize_narrow_environment 0000000180003f30 f   libucrt:environment_initialization.obj
 0001:00003280       _crt_atexit                0000000180004280 f   libucrt:onexit.obj
 0001:00003290       _execute_onexit_table      0000000180004290 f   libucrt:onexit.obj
 0001:000032d4       _initialize_onexit_table   00000001800042d4 f   libucrt:onexit.obj
 0001:000032fc       _register_onexit_function  00000001800042fc f   libucrt:onexit.obj
 0001:00003484       __acrt_initialize          0000000180004484 f   libucrt:initialization.obj
 0001:00003498       __acrt_thread_attach       0000000180004498 f   libucrt:initialization.obj
 0001:000034ac       __acrt_thread_detach       00000001800044ac f   libucrt:initialization.obj
 0001:000034bc       __acrt_uninitialize        00000001800044bc f   libucrt:initialization.obj
 0001:000034f4       __acrt_uninitialize_critical 00000001800044f4 f   libucrt:initialization.obj
 0001:00003504       terminate                  0000000180004504 f   libucrt:terminate.obj
 0001:00003530       _free_base                 0000000180004530 f   libucrt:free_base.obj
 0001:0000356c       _malloc_base               000000018000456c f   libucrt:malloc_base.obj
 0001:000035cc       strcpy_s                   00000001800045cc f   libucrt:strcpy_s.obj
 0001:0000362c       abort                      000000018000462c f   libucrt:abort.obj
 0001:00003684       _calloc_base               0000000180004684 f   libucrt:calloc_base.obj
 0001:00003700       ?get_raw_ptd@__crt_cached_ptd_host@@QEAAPEAU__acrt_ptd@@XZ 0000000180004700 f i libucrt:output.obj
 0001:00003770       ?update_locale_slow@__crt_cached_ptd_host@@AEAAXXZ 0000000180004770 f i libucrt:output.obj
 0001:00003b60       __acrt_freeptd             0000000180004b60 f   libucrt:per_thread_data.obj
 0001:00003ba4       __acrt_getptd              0000000180004ba4 f   libucrt:per_thread_data.obj
 0001:00003c78       __acrt_getptd_head         0000000180004c78 f   libucrt:per_thread_data.obj
 0001:00003d1c       __acrt_getptd_noexit       0000000180004d1c f   libucrt:per_thread_data.obj
 0001:00003de4       __acrt_getptd_noexit_explicit 0000000180004de4 f   libucrt:per_thread_data.obj
 0001:00003ea4       __acrt_initialize_ptd      0000000180004ea4 f   libucrt:per_thread_data.obj
 0001:00003ee0       __acrt_uninitialize_ptd    0000000180004ee0 f   libucrt:per_thread_data.obj
 0001:00003f04       __acrt_initialize_locks    0000000180004f04 f   libucrt:locks.obj
 0001:00003f4c       __acrt_lock                0000000180004f4c f   libucrt:locks.obj
 0001:00003f68       __acrt_uninitialize_locks  0000000180004f68 f   libucrt:locks.obj
 0001:00003fa0       __acrt_unlock              0000000180004fa0 f   libucrt:locks.obj
 0001:00003fbc       __acrt_get_process_end_policy 0000000180004fbc f   libucrt:win_policies.obj
 0001:00003ff8       ?get_raw_ptd_noexit@__crt_cached_ptd_host@@QEAAPEAU__acrt_ptd@@XZ 0000000180004ff8 f i libucrt:invalid_parameter.obj
 0001:00004064       ?value@?$dual_state_global@P6AXPEB_W00I_K@Z@__crt_state_management@@QEAAAEAP6AXPEB_W00I_K@ZAEAV__crt_cached_ptd_host@@@Z 0000000180005064 f i libucrt:invalid_parameter.obj
 0001:000040b0       __acrt_call_reportfault    00000001800050b0 f   libucrt:invalid_parameter.obj
 0001:0000420c       __acrt_initialize_invalid_parameter_handler 000000018000520c f   libucrt:invalid_parameter.obj
 0001:00004214       _invalid_parameter         0000000180005214 f   libucrt:invalid_parameter.obj
 0001:000042b0       _invalid_parameter_internal 00000001800052b0 f   libucrt:invalid_parameter.obj
 0001:00004380       _invalid_parameter_noinfo  0000000180005380 f   libucrt:invalid_parameter.obj
 0001:000043a0       _invoke_watson             00000001800053a0 f   libucrt:invalid_parameter.obj
 0001:000043e8       __acrt_errno_from_os_error 00000001800053e8 f   libucrt:errno.obj
 0001:00004430       __acrt_errno_map_os_error  0000000180005430 f   libucrt:errno.obj
 0001:00004478       __acrt_errno_map_os_error_ptd 0000000180005478 f   libucrt:errno.obj
 0001:0000449c       __doserrno                 000000018000549c f   libucrt:errno.obj
 0001:000044bc       _errno                     00000001800054bc f   libucrt:errno.obj
 0001:000044f0       ??$__acrt_convert_wcs_mbs_cp@D_WV<lambda_7c9dea7b4ca7285d2cdb541a38da6275>@@U__crt_win32_buffer_internal_dynamic_resizing@@@@YAHQEBDAEAV?$__crt_win32_buffer@_WU__crt_win32_buffer_internal_dynamic_resizing@@@@AEBV<lambda_7c9dea7b4ca7285d2cdb541a38da6275>@@I@Z 00000001800054f0 f i libucrt:argv_wildcards.obj
 0001:0000466c       ??$__acrt_convert_wcs_mbs_cp@_WDV<lambda_d8593a27d1aa8c02be35c86a17d324c4>@@U__crt_win32_buffer_internal_dynamic_resizing@@@@YAHQEB_WAEAV?$__crt_win32_buffer@DU__crt_win32_buffer_internal_dynamic_resizing@@@@AEBV<lambda_d8593a27d1aa8c02be35c86a17d324c4>@@I@Z 000000018000566c f i libucrt:argv_wildcards.obj
 0001:00004f14       ??0_LocaleUpdate@@QEAA@QEAU__crt_locale_pointers@@@Z 0000000180005f14 f i libucrt:argv_wildcards.obj
 0001:00004fb0       __acrt_expand_narrow_argv_wildcards 0000000180005fb0 f   libucrt:argv_wildcards.obj
 0001:00004fb8       ??$__acrt_convert_wcs_mbs_cp@_WDV<lambda_f788ae46380686e8b737efdd8c720d07>@@U__crt_win32_buffer_no_resizing@@@@YAHQEB_WAEAV?$__crt_win32_buffer@DU__crt_win32_buffer_no_resizing@@@@AEBV<lambda_f788ae46380686e8b737efdd8c720d07>@@I@Z 0000000180005fb8 f i libucrt:getmodulefilenamea.obj
 0001:000050d4       __acrt_GetModuleFileNameA  00000001800060d4 f   libucrt:getmodulefilenamea.obj
 0001:000059f0       __acrt_initialize_multibyte 00000001800069f0 f   libucrt:mbctype.obj
 0001:00005a50       __acrt_update_thread_multibyte_data 0000000180006a50 f   libucrt:mbctype.obj
 0001:00005a6c       _setmbcp_nolock            0000000180006a6c f   libucrt:mbctype.obj
 0001:00005da0       _ismbblead                 0000000180006da0 f   libucrt:ismbbyte.obj
 0001:00005db4       __acrt_initialize_command_line 0000000180006db4 f   libucrt:argv_data.obj
 0001:00005ddc       __acrt_uninitialize_command_line 0000000180006ddc f   libucrt:argv_data.obj
 0001:00005de0       __acrt_MultiByteToWideChar 0000000180006de0 f   libucrt:multibytetowidechar.obj
 0001:00005e3c       __acrt_WideCharToMultiByte 0000000180006e3c f   libucrt:widechartomultibyte.obj
 0001:00005eec       __dcrt_get_narrow_environment_from_os 0000000180006eec f   libucrt:get_environment_from_os.obj
 0001:00005ffc       _recalloc_base             0000000180006ffc f   libucrt:recalloc.obj
 0001:00006254       __acrt_AppPolicyGetProcessTerminationMethodInternal 0000000180007254 f   libucrt:winapi_thunks.obj
 0001:000062ac       __acrt_AreFileApisANSI     00000001800072ac f   libucrt:winapi_thunks.obj
 0001:000062f0       __acrt_FlsAlloc            00000001800072f0 f   libucrt:winapi_thunks.obj
 0001:000062f8       __acrt_FlsFree             00000001800072f8 f   libucrt:winapi_thunks.obj
 0001:00006300       __acrt_FlsGetValue         0000000180007300 f   libucrt:winapi_thunks.obj
 0001:00006308       __acrt_FlsSetValue         0000000180007308 f   libucrt:winapi_thunks.obj
 0001:00006310       __acrt_InitializeCriticalSectionEx 0000000180007310 f   libucrt:winapi_thunks.obj
 0001:00006380       __acrt_LCMapStringEx       0000000180007380 f   libucrt:winapi_thunks.obj
 0001:0000646c       __acrt_LocaleNameToLCID    000000018000746c f   libucrt:winapi_thunks.obj
 0001:000064cc       __acrt_initialize_winapi_thunks 00000001800074cc f   libucrt:winapi_thunks.obj
 0001:00006500       __acrt_uninitialize_winapi_thunks 0000000180007500 f   libucrt:winapi_thunks.obj
 0001:00006544       __acrt_initialize_heap     0000000180007544 f   libucrt:heap_handle.obj
 0001:00006560       __acrt_uninitialize_heap   0000000180007560 f   libucrt:heap_handle.obj
 0001:00006764       __acrt_initialize_lowio    0000000180007764 f   libucrt:ioinit.obj
 0001:000067a0       __acrt_uninitialize_lowio  00000001800077a0 f   libucrt:ioinit.obj
 0001:000067e0       __acrt_execute_initializers 00000001800077e0 f   libucrt:shared_initialization.obj
 0001:00006874       __acrt_execute_uninitializers 0000000180007874 f   libucrt:shared_initialization.obj
 0001:000068bc       __acrt_initialize_new_handler 00000001800078bc f   libucrt:new_handler.obj
 0001:000068c4       _callnewh                  00000001800078c4 f   libucrt:new_handler.obj
 0001:00006900       _query_new_handler         0000000180007900 f   libucrt:new_handler.obj
 0001:0000697c       __acrt_get_sigabrt_handler 000000018000797c f   libucrt:signal.obj
 0001:000069ac       __acrt_initialize_signal_handlers 00000001800079ac f   libucrt:signal.obj
 0001:000069cc       raise                      00000001800079cc f   libucrt:signal.obj
 0001:00006c4c       __acrt_has_user_matherr    0000000180007c4c f   libucrt:matherr.obj
 0001:00006c6c       __acrt_initialize_user_matherr 0000000180007c6c f   libucrt:matherr.obj
 0001:00006c74       __acrt_invoke_user_matherr 0000000180007c74 f   libucrt:matherr.obj
 0001:00006e88       __acrt_stdio_flush_nolock  0000000180007e88 f   libucrt:fflush.obj
 0001:00006f14       _fflush_nolock             0000000180007f14 f   libucrt:fflush.obj
 0001:00006fe8       _flushall                  0000000180007fe8 f   libucrt:fflush.obj
 0001:00006ff0       __acrt_initialize_stdio    0000000180007ff0 f   libucrt:_file.obj
 0001:00007110       __acrt_uninitialize_stdio  0000000180008110 f   libucrt:_file.obj
 0001:0000716c       _lock_file                 000000018000816c f   libucrt:_file.obj
 0001:00007178       _unlock_file               0000000180008178 f   libucrt:_file.obj
 0001:00007184       _query_new_mode            0000000180008184 f   libucrt:new_mode.obj
 0001:0000718c       __acrt_update_locale_info  000000018000818c f   libucrt:locale_update.obj
 0001:000071c0       __acrt_update_locale_info_explicit 00000001800081c0 f   libucrt:locale_update.obj
 0001:000071f8       __acrt_update_multibyte_info 00000001800081f8 f   libucrt:locale_update.obj
 0001:0000722c       __acrt_update_multibyte_info_explicit 000000018000822c f   libucrt:locale_update.obj
 0001:00007264       _mbtowc_internal           0000000180008264 f   libucrt:mbtowc.obj
 0001:000073dc       _fileno                    00000001800083dc f   libucrt:fileno.obj
 0001:00007474       __acrt_set_locale_changed  0000000180008474 f   libucrt:wsetlocale.obj
 0001:00007480       __acrt_uninitialize_locale 0000000180008480 f   libucrt:wsetlocale.obj
 0001:000074b0       __acrt_add_locale_ref      00000001800084b0 f   libucrt:locale_refcounting.obj
 0001:0000753c       __acrt_free_locale         000000018000853c f   libucrt:locale_refcounting.obj
 0001:000076b4       __acrt_locale_add_lc_time_reference 00000001800086b4 f   libucrt:locale_refcounting.obj
 0001:000076dc       __acrt_locale_free_lc_time_if_unreferenced 00000001800086dc f   libucrt:locale_refcounting.obj
 0001:00007714       __acrt_locale_release_lc_time_reference 0000000180008714 f   libucrt:locale_refcounting.obj
 0001:0000773c       __acrt_release_locale_ref  000000018000873c f   libucrt:locale_refcounting.obj
 0001:000077e4       __acrt_update_thread_locale_data 00000001800087e4 f   libucrt:locale_refcounting.obj
 0001:00007854       _updatetlocinfoEx_nolock   0000000180008854 f   libucrt:locale_refcounting.obj
 0001:000078c0       qsort                      00000001800088c0 f   libucrt:qsort.obj
 0001:00007cd0       strncpy_s                  0000000180008cd0 f   libucrt:strncpy_s.obj
 0001:00007e60       strpbrk                    0000000180008e60 f   libucrt:strpbrk.obj
 0001:00008228       _mbsdec                    0000000180009228 f   libucrt:mbsdec.obj
 0001:00008230       _mbsdec_l                  0000000180009230 f   libucrt:mbsdec.obj
 0001:000082dc       __acrt_GetStringTypeA      00000001800092dc f   libucrt:getstringtypea.obj
 0001:00008798       __acrt_LCMapStringA        0000000180009798 f   libucrt:lcmapstringa.obj
 0001:00008830       _msize_base                0000000180009830 f   libucrt:msize.obj
 0001:0000886c       _realloc_base              000000018000986c f   libucrt:realloc_base.obj
 0001:000088e8       wcsncmp                    00000001800098e8 f   libucrt:wcsncmp.obj
 0001:00008914       __acrt_DownlevelLocaleNameToLCID 0000000180009914 f   libucrt:lcidtoname_downlevel.obj
 0001:000089bc       __acrt_lowio_create_handle_array 00000001800099bc f   libucrt:osfinfo.obj
 0001:00008a64       __acrt_lowio_destroy_handle_array 0000000180009a64 f   libucrt:osfinfo.obj
 0001:00008ab4       __acrt_lowio_ensure_fh_exists 0000000180009ab4 f   libucrt:osfinfo.obj
 0001:00008b5c       __acrt_lowio_lock_fh       0000000180009b5c f   libucrt:osfinfo.obj
 0001:00008b84       __acrt_lowio_unlock_fh     0000000180009b84 f   libucrt:osfinfo.obj
 0001:00008bac       _free_osfhnd               0000000180009bac f   libucrt:osfinfo.obj
 0001:00008c68       _get_osfhandle             0000000180009c68 f   libucrt:osfinfo.obj
 0001:00008d6c       _commit                    0000000180009d6c f   libucrt:commit.obj
 0001:0000961c       _write_internal            000000018000a61c f   libucrt:write.obj
 0001:00009744       _write_nolock              000000018000a744 f   libucrt:write.obj
 0001:00009a54       _fcloseall                 000000018000aa54 f   libucrt:closeall.obj
 0001:00009b08       __acrt_stdio_free_buffer_nolock 000000018000ab08 f   libucrt:_freebuf.obj
 0001:00009b48       _isatty                    000000018000ab48 f   libucrt:isatty.obj
 0001:00009ba8       ?__mbrtowc_utf8@__crt_mbstring@@YA_KPEA_WPEBD_KPEAU_Mbstatet@@AEAV__crt_cached_ptd_host@@@Z 000000018000aba8 f   libucrt:mbrtowc.obj
 0001:00009bec       ?__mbsrtowcs_utf8@__crt_mbstring@@YA_KPEA_WPEAPEBD_KPEAU_Mbstatet@@AEAV__crt_cached_ptd_host@@@Z 000000018000abec f   libucrt:mbrtowc.obj
 0001:00009d90       __acrt_locale_free_monetary 000000018000ad90 f   libucrt:initmon.obj
 0001:00009e9c       __acrt_locale_free_numeric 000000018000ae9c f   libucrt:initnum.obj
 0001:00009f3c       __acrt_locale_free_time    000000018000af3c f   libucrt:inittime.obj
 0001:0000a044       __strncnt                  000000018000b044 f   libucrt:strncnt.obj
 0001:0000a05c       __ascii_wcsnicmp           000000018000b05c f   libucrt:wcsnicmp.obj
 0001:0000a0a8       _query_app_type            000000018000b0a8 f   libucrt:report_runtime_error.obj
 0001:0000a15c       _lseeki64_nolock_internal  000000018000b15c f   libucrt:lseek.obj
 0001:0000a164       _putwch_nolock             000000018000b164 f   libucrt:putwch.obj
 0001:0000a2c0       fclose                     000000018000b2c0 f   libucrt:fclose.obj
 0001:0000a360       log10                      000000018000b360 f   libucrt:log10.obj
 0001:0000a90c       ?reset_and_return@__crt_mbstring@@YA_K_KPEAU_Mbstatet@@@Z 000000018000b90c f   libucrt:common_utf8.obj
 0001:0000a914       ?return_illegal_sequence@__crt_mbstring@@YA_KPEAU_Mbstatet@@AEAV__crt_cached_ptd_host@@@Z 000000018000b914 f   libucrt:common_utf8.obj
 0001:0000a928       ?__mbrtoc32_utf8@__crt_mbstring@@YA_KPEA_UPEBD_KPEAU_Mbstatet@@AEAV__crt_cached_ptd_host@@@Z 000000018000b928 f   libucrt:mbrtoc32.obj
 0001:0000ab04       __dcrt_lowio_ensure_console_output_initialized 000000018000bb04 f   libucrt:initcon.obj
 0001:0000ab58       __dcrt_terminate_console_output 000000018000bb58 f   libucrt:initcon.obj
 0001:0000ab74       __dcrt_write_console       000000018000bb74 f   libucrt:initcon.obj
 0001:0000acac       _close_internal            000000018000bcac f   libucrt:close.obj
 0001:0000ad70       _close_nolock_internal     000000018000bd70 f   libucrt:close.obj
 0001:0000ae40       ?__acrt_stdio_free_stream@@YAXV__crt_stdio_stream@@@Z 000000018000be40 f   libucrt:stream.obj
 0001:0000af80       _handle_error              000000018000bf80 f   libucrt:libm_error.obj
 0001:0000b0b0       __acrt_initialize_fma3     000000018000c0b0 f   libucrt:fma3_available.obj
 0001:0000b120       _log10_special             000000018000c120 f   libucrt:log_special.obj
 0001:0000b1f0       _get_fpsr                  000000018000c1f0 f   libucrt:fpsr.obj
 0001:0000b200       _set_fpsr                  000000018000c200 f   libucrt:fpsr.obj
 0001:0000b20a       _fclrf                     000000018000c20a f   libucrt:fpsr.obj
 0001:0000b21e       _frnd                      000000018000c21e f   libucrt:fpsr.obj
 0001:0000b240       _raise_exc                 000000018000c240 f   libucrt:fpexcept.obj
 0001:0000b268       _raise_exc_ex              000000018000c268 f   libucrt:fpexcept.obj
 0001:0000b578       _set_errno_from_matherr    000000018000c578 f   libucrt:fpexcept.obj
 0001:0000b5a8       _clrfp                     000000018000c5a8 f   libucrt:fpctrl.obj
 0001:0000b5c8       _ctrlfp                    000000018000c5c8 f   libucrt:fpctrl.obj
 0001:0000b644       _set_statfp                000000018000c644 f   libucrt:fpctrl.obj
 0001:0000b664       _statfp                    000000018000c664 f   libucrt:fpctrl.obj
 0001:0000b676       IsProcessorFeaturePresent  000000018000c676 f   kernel32:KERNEL32.dll
 0001:0000b67c       RtlUnwindEx                000000018000c67c f   kernel32:KERNEL32.dll
 0001:0000b690       _FindPESection             000000018000c690 f   LIBCMT:pesect.obj
 0001:0000b6e0       _IsNonwritableInCurrentImage 000000018000c6e0 f   LIBCMT:pesect.obj
 0001:0000b730       _ValidateImageBase         000000018000c730 f   LIBCMT:pesect.obj
 0001:0000b760       __GSHandlerCheck           000000018000c760 f   LIBCMT:_gshandler_.obj
 0001:0000b780       __GSHandlerCheckCommon     000000018000c780 f   LIBCMT:_gshandler_.obj
 0001:0000b7dc       ??_Etype_info@@UEAAPEAXI@Z 000000018000c7dc f i LIBCMT:std_type_info_static.obj
 0001:0000b7dc       ??_Gtype_info@@UEAAPEAXI@Z 000000018000c7dc f i LIBCMT:std_type_info_static.obj
 0001:0000b820       _alloca_probe              000000018000c820 f   LIBCMT:_chkstk_.obj
 0001:0000b820       __chkstk                   000000018000c820 f   LIBCMT:_chkstk_.obj
 0001:0000b874       __GSHandlerCheck_EH        000000018000c874 f   LIBCMT:gshandlereh.obj
 0001:0000b8f4       ??3@YAXPEAX_K@Z            000000018000c8f4 f   LIBCMT:delete_scalar_size.obj
 0001:0000b8fc       ??3@YAXPEAX@Z              000000018000c8fc f   LIBCMT:delete_scalar.obj
 0001:0000b904       __DestructExceptionObject  000000018000c904 f   libvcruntime:frame.obj
 0001:0000b98c       ??0bad_exception@std@@QEAA@AEBV01@@Z 000000018000c98c f i libvcruntime:frame.obj
 0001:0000b9cc       ??0bad_exception@std@@QEAA@XZ 000000018000c9cc f i libvcruntime:frame.obj
 0001:0000b9ec       ??0exception@std@@QEAA@AEBV01@@Z 000000018000c9ec f i libvcruntime:frame.obj
 0001:0000ba24       ??1bad_exception@std@@UEAA@XZ 000000018000ca24 f i libvcruntime:frame.obj
 0001:0000ba38       ??_Eexception@std@@UEAAPEAXI@Z 000000018000ca38 f i libvcruntime:frame.obj
 0001:0000ba38       ??_Gexception@std@@UEAAPEAXI@Z 000000018000ca38 f i libvcruntime:frame.obj
 0001:0000ba38       ??_Ebad_exception@std@@UEAAPEAXI@Z 000000018000ca38 f i libvcruntime:frame.obj
 0001:0000ba38       ??_Gbad_exception@std@@UEAAPEAXI@Z 000000018000ca38 f i libvcruntime:frame.obj
 0001:0000c3d8       ?_CallMemberFunction0@@YAXPEAXP6AX0@Z@Z 000000018000d3d8 f i libvcruntime:frame.obj
 0001:0000c3dc       ?_CallMemberFunction1@@YAXPEAXP6AX0@Z0@Z 000000018000d3dc f i libvcruntime:frame.obj
 0001:0000c3e8       ?_CallMemberFunction2@@YAXPEAXP6AX0@Z0H@Z 000000018000d3e8 f i libvcruntime:frame.obj
 0001:0000c3f8       ?what@exception@std@@UEBAPEBDXZ 000000018000d3f8 f i libvcruntime:frame.obj
 0001:0000c40c       __AdjustPointer            000000018000d40c f   libvcruntime:frame.obj
 0001:0000c430       __BuildCatchObject         000000018000d430 f   libvcruntime:frame.obj
 0001:0000c4f4       __BuildCatchObjectHelper   000000018000d4f4 f   libvcruntime:frame.obj
 0001:0000c6d4       __CxxCallCatchBlock        000000018000d6d4 f   libvcruntime:frame.obj
 0001:0000c8c0       __FrameUnwindFilter        000000018000d8c0 f   libvcruntime:frame.obj
 0001:0000c90c       __FrameUnwindToState       000000018000d90c f   libvcruntime:frame.obj
 0001:0000caa0       __InternalCxxFrameHandler  000000018000daa0 f   libvcruntime:frame.obj
 0001:0000ccf8       __TypeMatch                000000018000dcf8 f   libvcruntime:frame.obj
 0001:0000ce38       __std_terminate            000000018000de38 f   libvcruntime:frame.obj
 0001:0000ce44       ?_ExecutionInCatch@@YAHPEAU_xDISPATCHER_CONTEXT@@PEBU_s_FuncInfo@@@Z 000000018000de44 f   libvcruntime:trnsctrl.obj
 0001:0000ceb8       ?_GetEstablisherFrame@@YAPEA_KPEA_KPEAU_xDISPATCHER_CONTEXT@@PEBU_s_FuncInfo@@0@Z 000000018000deb8 f   libvcruntime:trnsctrl.obj
 0001:0000cf84       ?_GetRangeOfTrysToCheck@@YAPEBU_s_TryBlockMapEntry@@PEA_KPEBU_s_FuncInfo@@HHPEAI2PEAU_xDISPATCHER_CONTEXT@@@Z 000000018000df84 f   libvcruntime:trnsctrl.obj
 0001:0000d0b0       ?__FrameUnwindToEmptyState@@YAXPEA_KPEAU_xDISPATCHER_CONTEXT@@PEBU_s_FuncInfo@@@Z 000000018000e0b0 f   libvcruntime:trnsctrl.obj
 0001:0000d144       ?__SehTransFilter@@YAHPEAU_EXCEPTION_POINTERS@@PEAUEHExceptionRecord@@PEA_KPEAU_CONTEXT@@PEAU_xDISPATCHER_CONTEXT@@PEBU_s_FuncInfo@@PEAH@Z 000000018000e144 f   libvcruntime:trnsctrl.obj
 0001:0000d1dc       _CallSETranslator          000000018000e1dc f   libvcruntime:trnsctrl.obj
 0001:0000d234       _CreateFrameInfo           000000018000e234 f   libvcruntime:trnsctrl.obj
 0001:0000d270       _FindAndUnlinkFrame        000000018000e270 f   libvcruntime:trnsctrl.obj
 0001:0000d2c8       _GetImageBase              000000018000e2c8 f   libvcruntime:trnsctrl.obj
 0001:0000d2dc       _GetThrowImageBase         000000018000e2dc f   libvcruntime:trnsctrl.obj
 0001:0000d2f0       _IsExceptionObjectToBeDestroyed 000000018000e2f0 f   libvcruntime:trnsctrl.obj
 0001:0000d320       _SetImageBase              000000018000e320 f   libvcruntime:trnsctrl.obj
 0001:0000d338       _SetThrowImageBase         000000018000e338 f   libvcruntime:trnsctrl.obj
 0001:0000d350       _UnwindNestedFrames        000000018000e350 f   libvcruntime:trnsctrl.obj
 0001:0000d474       __CxxFrameHandler3         000000018000e474 f   libvcruntime:trnsctrl.obj
 0001:0000d4f4       __C_specific_handler_noexcept 000000018000e4f4 f   libvcruntime:chandler_noexcept.obj
 0001:0000d540       memcpy                     000000018000e540 f   libvcruntime:memcpy.obj
 0001:0000d540       memmove                    000000018000e540 f   libvcruntime:memcpy.obj
 0001:0000d990       memcmp                     000000018000e990 f   libvcruntime:memcmp.obj
 0001:0000da58       ?__GetCurrentState@@YAHPEA_KPEAU_xDISPATCHER_CONTEXT@@PEBU_s_FuncInfo@@@Z 000000018000ea58 f   libvcruntime:ehstate.obj
 0001:0000da80       ?__GetUnwindTryBlock@@YAHPEA_KPEAU_xDISPATCHER_CONTEXT@@PEBU_s_FuncInfo@@@Z 000000018000ea80 f   libvcruntime:ehstate.obj
 0001:0000daac       ?__SetState@@YAXPEA_KPEAU_xDISPATCHER_CONTEXT@@PEBU_s_FuncInfo@@H@Z 000000018000eaac f   libvcruntime:ehstate.obj
 0001:0000dab8       ?__SetUnwindTryBlock@@YAXPEA_KPEAU_xDISPATCHER_CONTEXT@@PEBU_s_FuncInfo@@H@Z 000000018000eab8 f   libvcruntime:ehstate.obj
 0001:0000daf4       ?__StateFromControlPc@@YAHPEBU_s_FuncInfo@@PEAU_xDISPATCHER_CONTEXT@@@Z 000000018000eaf4 f   libvcruntime:ehstate.obj
 0001:0000dafc       ?__StateFromIp@@YAHPEBU_s_FuncInfo@@PEAU_xDISPATCHER_CONTEXT@@_J@Z 000000018000eafc f   libvcruntime:ehstate.obj
 0001:0000db80       _CallSettingFrame          000000018000eb80 f   libvcruntime:handlers.obj
 0001:0000dbc0       __std_exception_copy       000000018000ebc0 f   libvcruntime:std_exception.obj
 0001:0000dc50       __std_exception_destroy    000000018000ec50 f   libvcruntime:std_exception.obj
 0001:0000dc78       _CxxThrowException         000000018000ec78 f   libvcruntime:throw.obj
 0001:0000dd50       free                       000000018000ed50 f   libucrt:free.obj
 0001:0000dd64       malloc                     000000018000ed64 f   libucrt:malloc.obj
 0001:0000dd80       _guard_dispatch_icall_nop  000000018000ed80 f   LIBCMT:_guard_dispatch_.obj
 0001:0000dda0       _guard_xfg_dispatch_icall_nop 000000018000eda0 f   libucrt:guard_xfg_dispatch.obj
 0002:00000000       __imp_LoadLibraryExA       0000000180010000     kernel32:KERNEL32.dll
 0002:00000008       __imp_lstrcatA             0000000180010008     kernel32:KERNEL32.dll
 0002:00000010       __imp_LocalFileTimeToFileTime 0000000180010010     kernel32:KERNEL32.dll
 0002:00000018       __imp_lstrcpyA             0000000180010018     kernel32:KERNEL32.dll
 0002:00000020       __imp_CloseHandle          0000000180010020     kernel32:KERNEL32.dll
 0002:00000028       __imp_GetProcAddress       0000000180010028     kernel32:KERNEL32.dll
 0002:00000030       __imp_lstrcpynA            0000000180010030     kernel32:KERNEL32.dll
 0002:00000038       __imp_FreeLibrary          0000000180010038     kernel32:KERNEL32.dll
 0002:00000040       __imp_WideCharToMultiByte  0000000180010040     kernel32:KERNEL32.dll
 0002:00000048       __imp_DosDateTimeToFileTime 0000000180010048     kernel32:KERNEL32.dll
 0002:00000050       __imp_RtlPcToFileHeader    0000000180010050     kernel32:KERNEL32.dll
 0002:00000058       __imp_RaiseException       0000000180010058     kernel32:KERNEL32.dll
 0002:00000060       __imp_RtlCaptureContext    0000000180010060     kernel32:KERNEL32.dll
 0002:00000068       __imp_RtlLookupFunctionEntry 0000000180010068     kernel32:KERNEL32.dll
 0002:00000070       __imp_RtlVirtualUnwind     0000000180010070     kernel32:KERNEL32.dll
 0002:00000078       __imp_UnhandledExceptionFilter 0000000180010078     kernel32:KERNEL32.dll
 0002:00000080       __imp_SetUnhandledExceptionFilter 0000000180010080     kernel32:KERNEL32.dll
 0002:00000088       __imp_GetCurrentProcess    0000000180010088     kernel32:KERNEL32.dll
 0002:00000090       __imp_TerminateProcess     0000000180010090     kernel32:KERNEL32.dll
 0002:00000098       __imp_IsProcessorFeaturePresent 0000000180010098     kernel32:KERNEL32.dll
 0002:000000a0       __imp_QueryPerformanceCounter 00000001800100a0     kernel32:KERNEL32.dll
 0002:000000a8       __imp_GetCurrentProcessId  00000001800100a8     kernel32:KERNEL32.dll
 0002:000000b0       __imp_GetCurrentThreadId   00000001800100b0     kernel32:KERNEL32.dll
 0002:000000b8       __imp_GetSystemTimeAsFileTime 00000001800100b8     kernel32:KERNEL32.dll
 0002:000000c0       __imp_InitializeSListHead  00000001800100c0     kernel32:KERNEL32.dll
 0002:000000c8       __imp_IsDebuggerPresent    00000001800100c8     kernel32:KERNEL32.dll
 0002:000000d0       __imp_GetStartupInfoW      00000001800100d0     kernel32:KERNEL32.dll
 0002:000000d8       __imp_GetModuleHandleW     00000001800100d8     kernel32:KERNEL32.dll
 0002:000000e0       __imp_RtlUnwindEx          00000001800100e0     kernel32:KERNEL32.dll
 0002:000000e8       __imp_InterlockedFlushSList 00000001800100e8     kernel32:KERNEL32.dll
 0002:000000f0       __imp_GetLastError         00000001800100f0     kernel32:KERNEL32.dll
 0002:000000f8       __imp_SetLastError         00000001800100f8     kernel32:KERNEL32.dll
 0002:00000100       __imp_EnterCriticalSection 0000000180010100     kernel32:KERNEL32.dll
 0002:00000108       __imp_LeaveCriticalSection 0000000180010108     kernel32:KERNEL32.dll
 0002:00000110       __imp_DeleteCriticalSection 0000000180010110     kernel32:KERNEL32.dll
 0002:00000118       __imp_InitializeCriticalSectionAndSpinCount 0000000180010118     kernel32:KERNEL32.dll
 0002:00000120       __imp_TlsAlloc             0000000180010120     kernel32:KERNEL32.dll
 0002:00000128       __imp_TlsGetValue          0000000180010128     kernel32:KERNEL32.dll
 0002:00000130       __imp_TlsSetValue          0000000180010130     kernel32:KERNEL32.dll
 0002:00000138       __imp_TlsFree              0000000180010138     kernel32:KERNEL32.dll
 0002:00000140       __imp_LoadLibraryExW       0000000180010140     kernel32:KERNEL32.dll
 0002:00000148       __imp_ExitProcess          0000000180010148     kernel32:KERNEL32.dll
 0002:00000150       __imp_GetModuleHandleExW   0000000180010150     kernel32:KERNEL32.dll
 0002:00000158       __imp_GetModuleFileNameW   0000000180010158     kernel32:KERNEL32.dll
 0002:00000160       __imp_HeapFree             0000000180010160     kernel32:KERNEL32.dll
 0002:00000168       __imp_HeapAlloc            0000000180010168     kernel32:KERNEL32.dll
 0002:00000170       __imp_FindClose            0000000180010170     kernel32:KERNEL32.dll
 0002:00000178       __imp_FindFirstFileExW     0000000180010178     kernel32:KERNEL32.dll
 0002:00000180       __imp_FindNextFileW        0000000180010180     kernel32:KERNEL32.dll
 0002:00000188       __imp_IsValidCodePage      0000000180010188     kernel32:KERNEL32.dll
 0002:00000190       __imp_GetACP               0000000180010190     kernel32:KERNEL32.dll
 0002:00000198       __imp_GetOEMCP             0000000180010198     kernel32:KERNEL32.dll
 0002:000001a0       __imp_GetCPInfo            00000001800101a0     kernel32:KERNEL32.dll
 0002:000001a8       __imp_GetCommandLineA      00000001800101a8     kernel32:KERNEL32.dll
 0002:000001b0       __imp_GetCommandLineW      00000001800101b0     kernel32:KERNEL32.dll
 0002:000001b8       __imp_MultiByteToWideChar  00000001800101b8     kernel32:KERNEL32.dll
 0002:000001c0       __imp_GetEnvironmentStringsW 00000001800101c0     kernel32:KERNEL32.dll
 0002:000001c8       __imp_FreeEnvironmentStringsW 00000001800101c8     kernel32:KERNEL32.dll
 0002:000001d0       __imp_FlsAlloc             00000001800101d0     kernel32:KERNEL32.dll
 0002:000001d8       __imp_FlsGetValue          00000001800101d8     kernel32:KERNEL32.dll
 0002:000001e0       __imp_FlsSetValue          00000001800101e0     kernel32:KERNEL32.dll
 0002:000001e8       __imp_FlsFree              00000001800101e8     kernel32:KERNEL32.dll
 0002:000001f0       __imp_LCMapStringW         00000001800101f0     kernel32:KERNEL32.dll
 0002:000001f8       __imp_GetProcessHeap       00000001800101f8     kernel32:KERNEL32.dll
 0002:00000200       __imp_GetStdHandle         0000000180010200     kernel32:KERNEL32.dll
 0002:00000208       __imp_GetFileType          0000000180010208     kernel32:KERNEL32.dll
 0002:00000210       __imp_GetStringTypeW       0000000180010210     kernel32:KERNEL32.dll
 0002:00000218       __imp_HeapSize             0000000180010218     kernel32:KERNEL32.dll
 0002:00000220       __imp_HeapReAlloc          0000000180010220     kernel32:KERNEL32.dll
 0002:00000228       __imp_SetStdHandle         0000000180010228     kernel32:KERNEL32.dll
 0002:00000230       __imp_FlushFileBuffers     0000000180010230     kernel32:KERNEL32.dll
 0002:00000238       __imp_WriteFile            0000000180010238     kernel32:KERNEL32.dll
 0002:00000240       __imp_GetConsoleOutputCP   0000000180010240     kernel32:KERNEL32.dll
 0002:00000248       __imp_GetConsoleMode       0000000180010248     kernel32:KERNEL32.dll
 0002:00000250       __imp_SetFilePointerEx     0000000180010250     kernel32:KERNEL32.dll
 0002:00000258       __imp_CreateFileW          0000000180010258     kernel32:KERNEL32.dll
 0002:00000260       __imp_WriteConsoleW        0000000180010260     kernel32:KERNEL32.dll
 0002:00000268       __imp_EncodePointer        0000000180010268     kernel32:KERNEL32.dll
 0002:00000270       \177KERNEL32_NULL_THUNK_DATA 0000000180010270     kernel32:KERNEL32.dll
 0002:00000278       __imp_OemToCharA           0000000180010278     user32:USER32.dll
 0002:00000280       \177USER32_NULL_THUNK_DATA 0000000180010280     user32:USER32.dll
 0002:00000288       __guard_check_icall_fptr   0000000180010288     LIBCMT:guard_support.obj
 0002:00000290       __guard_dispatch_icall_fptr 0000000180010290     LIBCMT:guard_support.obj
 0002:00000298       __guard_xfg_dispatch_icall_fptr 0000000180010298     libucrt:guard_support.obj
 0002:000002a0       __xc_a                     00000001800102a0     LIBCMT:initializers.obj
 0002:000002a8       __xc_z                     00000001800102a8     LIBCMT:initializers.obj
 0002:000002b0       __xi_a                     00000001800102b0     LIBCMT:initializers.obj
 0002:000002b8       __acrt_multibyte_initializer 00000001800102b8     libucrt:multibyte_initializer.obj
 0002:000002c0       __acrt_stdio_initializer   00000001800102c0     libucrt:stdio_initializer.obj
 0002:000002c8       __acrt_tran_fma3_initializer 00000001800102c8     libucrt:fma3_initializer.obj
 0002:000002d0       __xi_z                     00000001800102d0     LIBCMT:initializers.obj
 0002:000002d8       __xp_a                     00000001800102d8     LIBCMT:initializers.obj
 0002:000002e0       __acrt_locale_terminator   00000001800102e0     libucrt:locale_initializer.obj
 0002:000002e8       __dcrt_console_output_terminator 00000001800102e8     libucrt:console_output_initializer.obj
 0002:000002f0       __acrt_stdio_terminator    00000001800102f0     libucrt:stdio_initializer.obj
 0002:000002f8       __xp_z                     00000001800102f8     LIBCMT:initializers.obj
 0002:00000300       __xt_a                     0000000180010300     LIBCMT:initializers.obj
 0002:00000308       __xt_z                     0000000180010308     LIBCMT:initializers.obj
 0002:00000320       _pDefaultRawDllMain        0000000180010320     LIBCMT:dll_dllmain.obj
 0002:00000320       _pRawDllMain               0000000180010320     LIBCMT:dll_dllmain.obj
 0002:00000348       ??_C@_1BC@DNHGCMLG@?$AAa?$AAd?$AAv?$AAa?$AAp?$AAi?$AA3?$AA2?$AA?$AA@ 0000000180010348     libvcruntime:winapi_downlevel.obj
 0002:00000360       ??_C@_1DM@KHCHBNEB@?$AAa?$AAp?$AAi?$AA?9?$AAm?$AAs?$AA?9?$AAw?$AAi?$AAn?$AA?9?$AAc?$AAo?$AAr?$AAe?$AA?9?$AAf?$AAi?$AAb?$AAe?$AAr?$AAs?$AA?9?$AAl?$AA1?$AA?9?$AA1?$AA?9?$AA1?$AA?$AA@ 0000000180010360     libvcruntime:winapi_downlevel.obj
 0002:000003a0       ??_C@_1DK@LPPGFMPP@?$AAa?$AAp?$AAi?$AA?9?$AAm?$AAs?$AA?9?$AAw?$AAi?$AAn?$AA?9?$AAc?$AAo?$AAr?$AAe?$AA?9?$AAs?$AAy?$AAn?$AAc?$AAh?$AA?9?$AAl?$AA1?$AA?9?$AA2?$AA?9?$AA0?$AA?$AA@ 00000001800103a0     libvcruntime:winapi_downlevel.obj
 0002:000003e0       ??_C@_1BC@GDMECMAK@?$AAk?$AAe?$AAr?$AAn?$AAe?$AAl?$AA3?$AA2?$AA?$AA@ 00000001800103e0     libvcruntime:winapi_downlevel.obj
 0002:00000400       ??_C@_08KNHFBNJ@FlsAlloc?$AA@ 0000000180010400     libvcruntime:winapi_downlevel.obj
 0002:00000418       ??_C@_07PEJMOBNF@FlsFree?$AA@ 0000000180010418     libvcruntime:winapi_downlevel.obj
 0002:00000428       ??_C@_0M@GDNOONDI@FlsGetValue?$AA@ 0000000180010428     libvcruntime:winapi_downlevel.obj
 0002:00000440       ??_C@_0M@JCPCPOEF@FlsSetValue?$AA@ 0000000180010440     libvcruntime:winapi_downlevel.obj
 0002:00000458       ??_C@_0BM@HCFOFFN@InitializeCriticalSectionEx?$AA@ 0000000180010458     libvcruntime:winapi_downlevel.obj
 0002:000007a0       ??_C@_08EHJDFFNH@__based?$CI?$AA@ 00000001800107a0     libvcruntime:undname.obj
 0002:000007b0       ??_C@_07KOLFKCDI@__cdecl?$AA@ 00000001800107b0     libvcruntime:undname.obj
 0002:000007b8       ??_C@_08GHMPAG@__pascal?$AA@ 00000001800107b8     libvcruntime:undname.obj
 0002:000007c8       ??_C@_09IFJBGAPI@__stdcall?$AA@ 00000001800107c8     libvcruntime:undname.obj
 0002:000007d8       ??_C@_0L@NPHFGOKO@__thiscall?$AA@ 00000001800107d8     libvcruntime:undname.obj
 0002:000007e8       ??_C@_0L@JMKHOMEK@__fastcall?$AA@ 00000001800107e8     libvcruntime:undname.obj
 0002:000007f8       ??_C@_0N@BCKKPABJ@__vectorcall?$AA@ 00000001800107f8     libvcruntime:undname.obj
 0002:00000808       ??_C@_09HIJEGCPM@__clrcall?$AA@ 0000000180010808     libvcruntime:undname.obj
 0002:00000814       ??_C@_06GHPCKEAG@__eabi?$AA@ 0000000180010814     libvcruntime:undname.obj
 0002:00000820       ??_C@_07JOMMBBKO@__ptr64?$AA@ 0000000180010820     libvcruntime:undname.obj
 0002:00000828       ??_C@_0L@PILCLIHE@__restrict?$AA@ 0000000180010828     libvcruntime:undname.obj
 0002:00000838       ??_C@_0M@GFIIJFMG@__unaligned?$AA@ 0000000180010838     libvcruntime:undname.obj
 0002:00000848       ??_C@_09DHDLOLLB@restrict?$CI?$AA@ 0000000180010848     libvcruntime:undname.obj
 0002:00000854       ??_C@_04NIHEBCM@?5new?$AA@ 0000000180010854     libvcruntime:undname.obj
 0002:00000860       ??_C@_07FPCDHGMM@?5delete?$AA@ 0000000180010860     libvcruntime:undname.obj
 0002:00000868       ??_C@_01NEMOKFLO@?$DN?$AA@ 0000000180010868     libvcruntime:undname.obj
 0002:0000086c       ??_C@_02GPIOPFAK@?$DO?$DO?$AA@ 000000018001086c     libvcruntime:undname.obj
 0002:00000870       ??_C@_02FODMEDOG@?$DM?$DM?$AA@ 0000000180010870     libvcruntime:undname.obj
 0002:00000874       ??_C@_01DCLJPIOD@?$CB?$AA@ 0000000180010874     libvcruntime:undname.obj
 0002:00000878       ??_C@_02EGOFBIJA@?$DN?$DN?$AA@ 0000000180010878     libvcruntime:undname.obj
 0002:0000087c       ??_C@_02FDNJECIE@?$CB?$DN?$AA@ 000000018001087c     libvcruntime:undname.obj
 0002:00000880       ??_C@_02GPECMEKF@?$FL?$FN?$AA@ 0000000180010880     libvcruntime:undname.obj
 0002:00000888       ??_C@_08LHJFAFGD@operator?$AA@ 0000000180010888     libvcruntime:undname.obj
 0002:00000894       ??_C@_02HBOOOICD@?9?$DO?$AA@ 0000000180010894     libvcruntime:undname.obj
 0002:00000898       ??_C@_01NBENCBCI@?$CK?$AA@ 0000000180010898     libvcruntime:undname.obj
 0002:0000089c       ??_C@_02ECNGHCIF@?$CL?$CL?$AA@ 000000018001089c     libvcruntime:undname.obj
 0002:000008a0       ??_C@_02BAABKJLB@?9?9?$AA@ 00000001800108a0     libvcruntime:undname.obj
 0002:000008a4       ??_C@_01JOAMLHOP@?9?$AA@   00000001800108a4     libvcruntime:undname.obj
 0002:000008a8       ??_C@_01MIFGBAGJ@?$CL?$AA@ 00000001800108a8     libvcruntime:undname.obj
 0002:000008ac       ??_C@_01HNPIGOCE@?$CG?$AA@ 00000001800108ac     libvcruntime:undname.obj
 0002:000008b0       ??_C@_03MNHNFDLC@?9?$DO?$CK?$AA@ 00000001800108b0     libvcruntime:undname.obj
 0002:000008b4       ??_C@_01KMDKNFGN@?1?$AA@   00000001800108b4     libvcruntime:undname.obj
 0002:000008b8       ??_C@_01FGNFDNOH@?$CF?$AA@ 00000001800108b8     libvcruntime:undname.obj
 0002:000008bc       ??_C@_01MNNFJEPP@?$DM?$AA@ 00000001800108bc     libvcruntime:undname.obj
 0002:000008c0       ??_C@_02EHCHHCKH@?$DM?$DN?$AA@ 00000001800108c0     libvcruntime:undname.obj
 0002:000008c4       ??_C@_01PPODPGHN@?$DO?$AA@ 00000001800108c4     libvcruntime:undname.obj
 0002:000008c8       ??_C@_02EEKDKGMJ@?$DO?$DN?$AA@ 00000001800108c8     libvcruntime:undname.obj
 0002:000008cc       ??_C@_01IHBHIGKO@?0?$AA@   00000001800108cc     libvcruntime:undname.obj
 0002:000008d0       ??_C@_02HCKGKOFO@?$CI?$CJ?$AA@ 00000001800108d0     libvcruntime:undname.obj
 0002:000008d4       ??_C@_01PJKLJHI@?$HO?$AA@  00000001800108d4     libvcruntime:undname.obj
 0002:000008d8       ??_C@_01JKBOJNNK@?$FO?$AA@ 00000001800108d8     libvcruntime:undname.obj
 0002:000008dc       ??_C@_01DNKMNLPK@?$HM?$AA@ 00000001800108dc     libvcruntime:undname.obj
 0002:000008e0       ??_C@_02PPKAJPJL@?$CG?$CG?$AA@ 00000001800108e0     libvcruntime:undname.obj
 0002:000008e4       ??_C@_02NONPIBCD@?$HM?$HM?$AA@ 00000001800108e4     libvcruntime:undname.obj
 0002:000008e8       ??_C@_02FPIMKNGF@?$CK?$DN?$AA@ 00000001800108e8     libvcruntime:undname.obj
 0002:000008ec       ??_C@_02FOEOMHFC@?$CL?$DN?$AA@ 00000001800108ec     libvcruntime:undname.obj
 0002:000008f0       ??_C@_02FKMDLLOA@?9?$DN?$AA@ 00000001800108f0     libvcruntime:undname.obj
 0002:000008f4       ??_C@_02FJEHGPIO@?1?$DN?$AA@ 00000001800108f4     libvcruntime:undname.obj
 0002:000008f8       ??_C@_02FENAOKFI@?$CF?$DN?$AA@ 00000001800108f8     libvcruntime:undname.obj
 0002:000008fc       ??_C@_03IKFCCPFF@?$DO?$DO?$DN?$AA@ 00000001800108fc     libvcruntime:undname.obj
 0002:00000900       ??_C@_03CDNPDDLA@?$DM?$DM?$DN?$AA@ 0000000180010900     libvcruntime:undname.obj
 0002:00000904       ??_C@_02FGJGFEAB@?$CG?$DN?$AA@ 0000000180010904     libvcruntime:undname.obj
 0002:00000908       ??_C@_02DHLNPPGH@?$HM?$DN?$AA@ 0000000180010908     libvcruntime:undname.obj
 0002:0000090c       ??_C@_02MHEGNOJ@?$FO?$DN?$AA@ 000000018001090c     libvcruntime:undname.obj
 0002:00000910       ??_C@_09IFPLHPGF@?$GAvftable?8?$AA@ 0000000180010910     libvcruntime:undname.obj
 0002:00000920       ??_C@_09BLBHBJP@?$GAvbtable?8?$AA@ 0000000180010920     libvcruntime:undname.obj
 0002:00000930       ??_C@_07FEEIOKP@?$GAvcall?8?$AA@ 0000000180010930     libvcruntime:undname.obj
 0002:00000938       ??_C@_08LLFFHHDJ@?$GAtypeof?8?$AA@ 0000000180010938     libvcruntime:undname.obj
 0002:00000948       ??_C@_0BF@KDPPACIK@?$GAlocal?5static?5guard?8?$AA@ 0000000180010948     libvcruntime:undname.obj
 0002:00000960       ??_C@_08OBABFOLI@?$GAstring?8?$AA@ 0000000180010960     libvcruntime:undname.obj
 0002:00000970       ??_C@_0BD@JDLKDPAB@?$GAvbase?5destructor?8?$AA@ 0000000180010970     libvcruntime:undname.obj
 0002:00000988       ??_C@_0BN@DEGPLNFK@?$GAvector?5deleting?5destructor?8?$AA@ 0000000180010988     libvcruntime:undname.obj
 0002:000009a8       ??_C@_0BO@OBMKPJIG@?$GAdefault?5constructor?5closure?8?$AA@ 00000001800109a8     libvcruntime:undname.obj
 0002:000009c8       ??_C@_0BN@IMDCHIKM@?$GAscalar?5deleting?5destructor?8?$AA@ 00000001800109c8     libvcruntime:undname.obj
 0002:000009e8       ??_C@_0BO@PFGOCPJJ@?$GAvector?5constructor?5iterator?8?$AA@ 00000001800109e8     libvcruntime:undname.obj
 0002:00000a08       ??_C@_0BN@LFPFMEDL@?$GAvector?5destructor?5iterator?8?$AA@ 0000000180010a08     libvcruntime:undname.obj
 0002:00000a28       ??_C@_0CE@IKBNEHA@?$GAvector?5vbase?5constructor?5iterat@ 0000000180010a28     libvcruntime:undname.obj
 0002:00000a50       ??_C@_0BL@NILFHHPC@?$GAvirtual?5displacement?5map?8?$AA@ 0000000180010a50     libvcruntime:undname.obj
 0002:00000a70       ??_C@_0CB@JONCMFFK@?$GAeh?5vector?5constructor?5iterator?8@ 0000000180010a70     libvcruntime:undname.obj
 0002:00000a98       ??_C@_0CA@GCEOPDGL@?$GAeh?5vector?5destructor?5iterator?8?$AA@ 0000000180010a98     libvcruntime:undname.obj
 0002:00000ab8       ??_C@_0CH@OOJPLCPH@?$GAeh?5vector?5vbase?5constructor?5ite@ 0000000180010ab8     libvcruntime:undname.obj
 0002:00000ae0       ??_C@_0BL@LLKPOHJI@?$GAcopy?5constructor?5closure?8?$AA@ 0000000180010ae0     libvcruntime:undname.obj
 0002:00000b00       ??_C@_0BA@KBCDOMBN@?$GAudt?5returning?8?$AA@ 0000000180010b00     libvcruntime:undname.obj
 0002:00000b10       ??_C@_03KLGMFNMG@?$GAEH?$AA@ 0000000180010b10     libvcruntime:undname.obj
 0002:00000b14       ??_C@_05KHLCHHI@?$GARTTI?$AA@ 0000000180010b14     libvcruntime:undname.obj
 0002:00000b20       ??_C@_0BA@KKLDJDLB@?$GAlocal?5vftable?8?$AA@ 0000000180010b20     libvcruntime:undname.obj
 0002:00000b30       ??_C@_0CE@IIHCMGGL@?$GAlocal?5vftable?5constructor?5closu@ 0000000180010b30     libvcruntime:undname.obj
 0002:00000b54       ??_C@_06FHBGPFGH@?5new?$FL?$FN?$AA@ 0000000180010b54     libvcruntime:undname.obj
 0002:00000b60       ??_C@_09LBNFPBCA@?5delete?$FL?$FN?$AA@ 0000000180010b60     libvcruntime:undname.obj
 0002:00000b70       ??_C@_0P@HJKNJFNN@?$GAomni?5callsig?8?$AA@ 0000000180010b70     libvcruntime:undname.obj
 0002:00000b80       ??_C@_0BL@CNOONJFP@?$GAplacement?5delete?5closure?8?$AA@ 0000000180010b80     libvcruntime:undname.obj
 0002:00000ba0       ??_C@_0BN@CKNJLHMB@?$GAplacement?5delete?$FL?$FN?5closure?8?$AA@ 0000000180010ba0     libvcruntime:undname.obj
 0002:00000bc0       ??_C@_0CG@CFDHKGGD@?$GAmanaged?5vector?5constructor?5iter@ 0000000180010bc0     libvcruntime:undname.obj
 0002:00000be8       ??_C@_0CF@IMGKMJNO@?$GAmanaged?5vector?5destructor?5itera@ 0000000180010be8     libvcruntime:undname.obj
 0002:00000c10       ??_C@_0CG@HLDDJMAG@?$GAeh?5vector?5copy?5constructor?5iter@ 0000000180010c10     libvcruntime:undname.obj
 0002:00000c38       ??_C@_0CM@FCBBDIGB@?$GAeh?5vector?5vbase?5copy?5constructo@ 0000000180010c38     libvcruntime:undname.obj
 0002:00000c68       ??_C@_0BL@CLIPGLGB@?$GAdynamic?5initializer?5for?5?8?$AA@ 0000000180010c68     libvcruntime:undname.obj
 0002:00000c88       ??_C@_0CB@PDBIFEP@?$GAdynamic?5atexit?5destructor?5for?5?8@ 0000000180010c88     libvcruntime:undname.obj
 0002:00000cb0       ??_C@_0CD@CGAJBKEJ@?$GAvector?5copy?5constructor?5iterato@ 0000000180010cb0     libvcruntime:undname.obj
 0002:00000cd8       ??_C@_0CJ@GJELGAMM@?$GAvector?5vbase?5copy?5constructor?5i@ 0000000180010cd8     libvcruntime:undname.obj
 0002:00000d08       ??_C@_0CL@FGIJHLCE@?$GAmanaged?5vector?5copy?5constructor@ 0000000180010d08     libvcruntime:undname.obj
 0002:00000d38       ??_C@_0BM@PMGGMLDN@?$GAlocal?5static?5thread?5guard?8?$AA@ 0000000180010d38     libvcruntime:undname.obj
 0002:00000d58       ??_C@_0N@BDNMDMOL@operator?5?$CC?$CC?5?$AA@ 0000000180010d58     libvcruntime:undname.obj
 0002:00000d68       ??_C@_0BC@DAFEJGAK@?5Type?5Descriptor?8?$AA@ 0000000180010d68     libvcruntime:undname.obj
 0002:00000d80       ??_C@_0BM@LDKODKLH@?5Base?5Class?5Descriptor?5at?5?$CI?$AA@ 0000000180010d80     libvcruntime:undname.obj
 0002:00000da0       ??_C@_0BD@LGICGFMM@?5Base?5Class?5Array?8?$AA@ 0000000180010da0     libvcruntime:undname.obj
 0002:00000db8       ??_C@_0BN@MECKDCOJ@?5Class?5Hierarchy?5Descriptor?8?$AA@ 0000000180010db8     libvcruntime:undname.obj
 0002:00000dd8       ??_C@_0BK@CFCOFLF@?5Complete?5Object?5Locator?8?$AA@ 0000000180010dd8     libvcruntime:undname.obj
 0002:00000e00       __acrt_exception_action_table 0000000180010e00     libucrt:exception_filter.obj
 0002:00000ec0       __acrt_signal_action_table_count 0000000180010ec0     libucrt:exception_filter.obj
 0002:00000ec8       __acrt_signal_action_first_fpe_index 0000000180010ec8     libucrt:exception_filter.obj
 0002:00000ed0       __acrt_signal_action_fpe_count 0000000180010ed0     libucrt:exception_filter.obj
 0002:00000f28       ??_C@_1BI@BGOHAHKC@?$AAm?$AAs?$AAc?$AAo?$AAr?$AAe?$AAe?$AA?4?$AAd?$AAl?$AAl@ 0000000180010f28     libucrt:exit.obj
 0002:00000f40       ??_C@_0P@MIGLKIOC@CorExitProcess@ 0000000180010f40     libucrt:exit.obj
 0002:00001228       ??_C@_1M@HPNHIDJI@?$AAj?$AAa?$AA?9?$AAJ?$AAP@ 0000000180011228     libucrt:mbctype.obj
 0002:00001238       ??_C@_1M@BIBDDEMK@?$AAz?$AAh?$AA?9?$AAC?$AAN@ 0000000180011238     libucrt:mbctype.obj
 0002:00001248       ??_C@_1M@JLOOOEGK@?$AAk?$AAo?$AA?9?$AAK?$AAR@ 0000000180011248     libucrt:mbctype.obj
 0002:00001258       ??_C@_1M@CLNBBOPM@?$AAz?$AAh?$AA?9?$AAT?$AAW@ 0000000180011258     libucrt:mbctype.obj
 0002:00001310       ??_C@_1EA@JGEFHKEI@?$AAa?$AAp?$AAi?$AA?9?$AAm?$AAs?$AA?9?$AAw?$AAi?$AAn?$AA?9?$AAc?$AAo?$AAr?$AAe@ 0000000180011310     libucrt:winapi_thunks.obj
 0002:00001350       ??_C@_1DI@IJCEHOCB@?$AAa?$AAp?$AAi?$AA?9?$AAm?$AAs?$AA?9?$AAw?$AAi?$AAn?$AA?9?$AAc?$AAo?$AAr?$AAe@ 0000000180011350     libucrt:winapi_thunks.obj
 0002:00001390       ??_C@_1EI@MPIAOHOC@?$AAa?$AAp?$AAi?$AA?9?$AAm?$AAs?$AA?9?$AAw?$AAi?$AAn?$AA?9?$AAc?$AAo?$AAr?$AAe@ 0000000180011390     libucrt:winapi_thunks.obj
 0002:000013e0       ??_C@_1FK@FPHCKFIE@?$AAa?$AAp?$AAi?$AA?9?$AAm?$AAs?$AA?9?$AAw?$AAi?$AAn?$AA?9?$AAc?$AAo?$AAr?$AAe@ 00000001800113e0     libucrt:winapi_thunks.obj
 0002:00001440       ??_C@_1EM@DILCGIIO@?$AAa?$AAp?$AAi?$AA?9?$AAm?$AAs?$AA?9?$AAw?$AAi?$AAn?$AA?9?$AAc?$AAo?$AAr?$AAe@ 0000000180011440     libucrt:winapi_thunks.obj
 0002:00001490       ??_C@_1DM@LNCGDDPN@?$AAa?$AAp?$AAi?$AA?9?$AAm?$AAs?$AA?9?$AAw?$AAi?$AAn?$AA?9?$AAc?$AAo?$AAr?$AAe@ 0000000180011490     libucrt:winapi_thunks.obj
 0002:000014d0       ??_C@_1DK@LPPGFMPP@?$AAa?$AAp?$AAi?$AA?9?$AAm?$AAs?$AA?9?$AAw?$AAi?$AAn?$AA?9?$AAc?$AAo?$AAr?$AAe@ 00000001800114d0     libucrt:winapi_thunks.obj
 0002:00001510       ??_C@_1DO@FPAPJEMD@?$AAa?$AAp?$AAi?$AA?9?$AAm?$AAs?$AA?9?$AAw?$AAi?$AAn?$AA?9?$AAc?$AAo?$AAr?$AAe@ 0000000180011510     libucrt:winapi_thunks.obj
 0002:00001550       ??_C@_1DK@NDHNAHIO@?$AAa?$AAp?$AAi?$AA?9?$AAm?$AAs?$AA?9?$AAw?$AAi?$AAn?$AA?9?$AAc?$AAo?$AAr?$AAe@ 0000000180011550     libucrt:winapi_thunks.obj
 0002:00001590       ??_C@_1DM@KGHDGBCM@?$AAa?$AAp?$AAi?$AA?9?$AAm?$AAs?$AA?9?$AAw?$AAi?$AAn?$AA?9?$AAc?$AAo?$AAr?$AAe@ 0000000180011590     libucrt:winapi_thunks.obj
 0002:000015d0       ??_C@_1EO@IJIOEFOH@?$AAa?$AAp?$AAi?$AA?9?$AAm?$AAs?$AA?9?$AAw?$AAi?$AAn?$AA?9?$AAr?$AAt?$AAc?$AAo@ 00000001800115d0     libucrt:winapi_thunks.obj
 0002:00001620       ??_C@_1FG@HHGEKANL@?$AAa?$AAp?$AAi?$AA?9?$AAm?$AAs?$AA?9?$AAw?$AAi?$AAn?$AA?9?$AAs?$AAe?$AAc?$AAu@ 0000000180011620     libucrt:winapi_thunks.obj
 0002:00001680       ??_C@_1EG@DBIOJECG@?$AAe?$AAx?$AAt?$AA?9?$AAm?$AAs?$AA?9?$AAw?$AAi?$AAn?$AA?9?$AAn?$AAt?$AAu?$AAs@ 0000000180011680     libucrt:winapi_thunks.obj
 0002:000016d0       ??_C@_1EO@FIHMJCLF@?$AAe?$AAx?$AAt?$AA?9?$AAm?$AAs?$AA?9?$AAw?$AAi?$AAn?$AA?9?$AAn?$AAt?$AAu?$AAs@ 00000001800116d0     libucrt:winapi_thunks.obj
 0002:00001720       ??_C@_1BC@DNHGCMLG@?$AAa?$AAd?$AAv?$AAa?$AAp?$AAi?$AA3?$AA2@ 0000000180011720     libucrt:winapi_thunks.obj
 0002:00001738       ??_C@_1BC@GDMECMAK@?$AAk?$AAe?$AAr?$AAn?$AAe?$AAl?$AA3?$AA2@ 0000000180011738     libucrt:winapi_thunks.obj
 0002:00001750       ??_C@_1M@OAIMIKLP@?$AAn?$AAt?$AAd?$AAl?$AAl@ 0000000180011750     libucrt:winapi_thunks.obj
 0002:00001760       ??_C@_1EG@DPGNFKGC@?$AAa?$AAp?$AAi?$AA?9?$AAm?$AAs?$AA?9?$AAw?$AAi?$AAn?$AA?9?$AAa?$AAp?$AAp?$AAm@ 0000000180011760     libucrt:winapi_thunks.obj
 0002:000017a8       ??_C@_1O@BCCLBEOE@?$AAu?$AAs?$AAe?$AAr?$AA3?$AA2@ 00000001800117a8     libucrt:winapi_thunks.obj
 0002:000017b8       ??_C@_1BA@PFFKHIOG@?$AAa?$AAp?$AAi?$AA?9?$AAm?$AAs?$AA?9@ 00000001800117b8     libucrt:winapi_thunks.obj
 0002:000017c8       ??_C@_1BA@IAIFMGEF@?$AAe?$AAx?$AAt?$AA?9?$AAm?$AAs?$AA?9@ 00000001800117c8     libucrt:winapi_thunks.obj
 0002:000017e0       ??_C@_0BA@FHFNEAED@AreFileApisANSI@ 00000001800117e0     libucrt:winapi_thunks.obj
 0002:000017f8       ??_C@_0BM@HCFOFFN@InitializeCriticalSectionEx@ 00000001800117f8     libucrt:winapi_thunks.obj
 0002:00001820       ??_C@_0O@KKBNKAPF@LCMapStringEx@ 0000000180011820     libucrt:winapi_thunks.obj
 0002:00001838       ??_C@_0BB@HBDEELFH@LocaleNameToLCID@ 0000000180011838     libucrt:winapi_thunks.obj
 0002:00001850       ??_C@_0CF@OJOFEIGO@AppPolicyGetProcessTerminationM@ 0000000180011850     libucrt:winapi_thunks.obj
 0002:00001880       __lc_time_c                0000000180011880     libucrt:nlsdata.obj
 0002:00001b40       ??_C@_03KOEHGMDN@Sun@      0000000180011b40     libucrt:nlsdata.obj
 0002:00001b44       ??_C@_03PDAGKDH@Mon@       0000000180011b44     libucrt:nlsdata.obj
 0002:00001b48       ??_C@_03NAGEINEP@Tue@      0000000180011b48     libucrt:nlsdata.obj
 0002:00001b4c       ??_C@_03MHOMLAJA@Wed@      0000000180011b4c     libucrt:nlsdata.obj
 0002:00001b50       ??_C@_03IOFIKPDN@Thu@      0000000180011b50     libucrt:nlsdata.obj
 0002:00001b54       ??_C@_03IDIOELNC@Fri@      0000000180011b54     libucrt:nlsdata.obj
 0002:00001b58       ??_C@_03FEFJNEK@Sat@       0000000180011b58     libucrt:nlsdata.obj
 0002:00001b5c       ??_C@_06OOPIFAJ@Sunday@    0000000180011b5c     libucrt:nlsdata.obj
 0002:00001b64       ??_C@_06JLEDEDGH@Monday@   0000000180011b64     libucrt:nlsdata.obj
 0002:00001b70       ??_C@_07BAAGCFCM@Tuesday@  0000000180011b70     libucrt:nlsdata.obj
 0002:00001b78       ??_C@_09DLIGFAKA@Wednesday@ 0000000180011b78     libucrt:nlsdata.obj
 0002:00001b88       ??_C@_08HACCIKIA@Thursday@ 0000000180011b88     libucrt:nlsdata.obj
 0002:00001b94       ??_C@_06JECMNKMI@Friday@   0000000180011b94     libucrt:nlsdata.obj
 0002:00001ba0       ??_C@_08INBOOONO@Saturday@ 0000000180011ba0     libucrt:nlsdata.obj
 0002:00001bac       ??_C@_03JIHJHPIE@Jan@      0000000180011bac     libucrt:nlsdata.obj
 0002:00001bb0       ??_C@_03HJBDCHOM@Feb@      0000000180011bb0     libucrt:nlsdata.obj
 0002:00001bb4       ??_C@_03ODNJBKGA@Mar@      0000000180011bb4     libucrt:nlsdata.obj
 0002:00001bb8       ??_C@_03LEOLGMJP@Apr@      0000000180011bb8     libucrt:nlsdata.obj
 0002:00001bbc       ??_C@_03CNMDKL@May@        0000000180011bbc     libucrt:nlsdata.obj
 0002:00001bc0       ??_C@_03IDFGHECI@Jun@      0000000180011bc0     libucrt:nlsdata.obj
 0002:00001bc4       ??_C@_03LBGABGKK@Jul@      0000000180011bc4     libucrt:nlsdata.obj
 0002:00001bc8       ??_C@_03IFJFEIGA@Aug@      0000000180011bc8     libucrt:nlsdata.obj
 0002:00001bcc       ??_C@_03GGCAPAJC@Sep@      0000000180011bcc     libucrt:nlsdata.obj
 0002:00001bd0       ??_C@_03BMAOKBAD@Oct@      0000000180011bd0     libucrt:nlsdata.obj
 0002:00001bd4       ??_C@_03JPJOFNIA@Nov@      0000000180011bd4     libucrt:nlsdata.obj
 0002:00001bd8       ??_C@_03MKABNOCG@Dec@      0000000180011bd8     libucrt:nlsdata.obj
 0002:00001be0       ??_C@_07CGJPFGJA@January@  0000000180011be0     libucrt:nlsdata.obj
 0002:00001be8       ??_C@_08GNJGEPFN@February@ 0000000180011be8     libucrt:nlsdata.obj
 0002:00001bf4       ??_C@_05HPCKOFNC@March@    0000000180011bf4     libucrt:nlsdata.obj
 0002:00001bfc       ??_C@_05DMJDNLEJ@April@    0000000180011bfc     libucrt:nlsdata.obj
 0002:00001c04       ??_C@_04CNLMGBGM@June@     0000000180011c04     libucrt:nlsdata.obj
 0002:00001c0c       ??_C@_04MIEPOIFP@July@     0000000180011c0c     libucrt:nlsdata.obj
 0002:00001c14       ??_C@_06LBBHFDDG@August@   0000000180011c14     libucrt:nlsdata.obj
 0002:00001c20       ??_C@_09BHHEALKD@September@ 0000000180011c20     libucrt:nlsdata.obj
 0002:00001c30       ??_C@_07JJNFCEND@October@  0000000180011c30     libucrt:nlsdata.obj
 0002:00001c38       ??_C@_08HCHEGEOA@November@ 0000000180011c38     libucrt:nlsdata.obj
 0002:00001c48       ??_C@_08EDHMEBNP@December@ 0000000180011c48     libucrt:nlsdata.obj
 0002:00001c54       ??_C@_02DEDBPAFC@AM@       0000000180011c54     libucrt:nlsdata.obj
 0002:00001c58       ??_C@_02CJNFDJBF@PM@       0000000180011c58     libucrt:nlsdata.obj
 0002:00001c60       ??_C@_08BPBNCDIB@MM?1dd?1yy@ 0000000180011c60     libucrt:nlsdata.obj
 0002:00001c70       ??_C@_0BE@CKGJFCPC@dddd?0?5MMMM?5dd?0?5yyyy@ 0000000180011c70     libucrt:nlsdata.obj
 0002:00001c88       ??_C@_08JCCMCCIL@HH?3mm?3ss@ 0000000180011c88     libucrt:nlsdata.obj
 0002:00001c98       ??_C@_17MBGCMIPB@?$AAS?$AAu?$AAn@ 0000000180011c98     libucrt:nlsdata.obj
 0002:00001ca0       ??_C@_17KBOMKBF@?$AAM?$AAo?$AAn@ 0000000180011ca0     libucrt:nlsdata.obj
 0002:00001ca8       ??_C@_17BMKGEGOJ@?$AAT?$AAu?$AAe@ 0000000180011ca8     libucrt:nlsdata.obj
 0002:00001cb0       ??_C@_17CJEDCEPE@?$AAW?$AAe?$AAd@ 0000000180011cb0     libucrt:nlsdata.obj
 0002:00001cb8       ??_C@_17PDPHAADD@?$AAT?$AAh?$AAu@ 0000000180011cb8     libucrt:nlsdata.obj
 0002:00001cc0       ??_C@_17HFOLPPLP@?$AAF?$AAr?$AAi@ 0000000180011cc0     libucrt:nlsdata.obj
 0002:00001cc8       ??_C@_17GGIBDPIH@?$AAS?$AAa?$AAt@ 0000000180011cc8     libucrt:nlsdata.obj
 0002:00001cd0       ??_C@_1O@IHNHDHPB@?$AAS?$AAu?$AAn?$AAd?$AAa?$AAy@ 0000000180011cd0     libucrt:nlsdata.obj
 0002:00001ce0       ??_C@_1O@MMNBFLIA@?$AAM?$AAo?$AAn?$AAd?$AAa?$AAy@ 0000000180011ce0     libucrt:nlsdata.obj
 0002:00001cf0       ??_C@_1BA@ENFBFFEK@?$AAT?$AAu?$AAe?$AAs?$AAd?$AAa?$AAy@ 0000000180011cf0     libucrt:nlsdata.obj
 0002:00001d00       ??_C@_1BE@EBOGMDOH@?$AAW?$AAe?$AAd?$AAn?$AAe?$AAs?$AAd?$AAa?$AAy@ 0000000180011d00     libucrt:nlsdata.obj
 0002:00001d18       ??_C@_1BC@HHMNLIHE@?$AAT?$AAh?$AAu?$AAr?$AAs?$AAd?$AAa?$AAy@ 0000000180011d18     libucrt:nlsdata.obj
 0002:00001d30       ??_C@_1O@PDICJHAG@?$AAF?$AAr?$AAi?$AAd?$AAa?$AAy@ 0000000180011d30     libucrt:nlsdata.obj
 0002:00001d40       ??_C@_1BC@ENMNNPAJ@?$AAS?$AAa?$AAt?$AAu?$AAr?$AAd?$AAa?$AAy@ 0000000180011d40     libucrt:nlsdata.obj
 0002:00001d58       ??_C@_17DKNBKCHM@?$AAJ?$AAa?$AAn@ 0000000180011d58     libucrt:nlsdata.obj
 0002:00001d60       ??_C@_17LMDJEKJN@?$AAF?$AAe?$AAb@ 0000000180011d60     libucrt:nlsdata.obj
 0002:00001d68       ??_C@_17CKNLEDEC@?$AAM?$AAa?$AAr@ 0000000180011d68     libucrt:nlsdata.obj
 0002:00001d70       ??_C@_17LFPOIHDD@?$AAA?$AAp?$AAr@ 0000000180011d70     libucrt:nlsdata.obj
 0002:00001d78       ??_C@_17PNNKMEED@?$AAM?$AAa?$AAy@ 0000000180011d78     libucrt:nlsdata.obj
 0002:00001d80       ??_C@_17KCJGOCPB@?$AAJ?$AAu?$AAn@ 0000000180011d80     libucrt:nlsdata.obj
 0002:00001d88       ??_C@_17IJPCKHK@?$AAJ?$AAu?$AAl@ 0000000180011d88     libucrt:nlsdata.obj
 0002:00001d90       ??_C@_17ICPELBCN@?$AAA?$AAu?$AAg@ 0000000180011d90     libucrt:nlsdata.obj
 0002:00001d98       ??_C@_17HCHCOKMG@?$AAS?$AAe?$AAp@ 0000000180011d98     libucrt:nlsdata.obj
 0002:00001da0       ??_C@_17FNLKOI@?$AAO?$AAc?$AAt@ 0000000180011da0     libucrt:nlsdata.obj
 0002:00001da8       ??_C@_17BBDMLCIG@?$AAN?$AAo?$AAv@ 0000000180011da8     libucrt:nlsdata.obj
 0002:00001db0       ??_C@_17EGKACKIF@?$AAD?$AAe?$AAc@ 0000000180011db0     libucrt:nlsdata.obj
 0002:00001db8       ??_C@_1BA@EFMEIEBA@?$AAJ?$AAa?$AAn?$AAu?$AAa?$AAr?$AAy@ 0000000180011db8     libucrt:nlsdata.obj
 0002:00001dc8       ??_C@_1BC@JGDDFFAM@?$AAF?$AAe?$AAb?$AAr?$AAu?$AAa?$AAr?$AAy@ 0000000180011dc8     libucrt:nlsdata.obj
 0002:00001de0       ??_C@_1M@IKEENEDF@?$AAM?$AAa?$AAr?$AAc?$AAh@ 0000000180011de0     libucrt:nlsdata.obj
 0002:00001df0       ??_C@_1M@GJNLMHFD@?$AAA?$AAp?$AAr?$AAi?$AAl@ 0000000180011df0     libucrt:nlsdata.obj
 0002:00001e00       ??_C@_19EPFLPGAP@?$AAJ?$AAu?$AAn?$AAe@ 0000000180011e00     libucrt:nlsdata.obj
 0002:00001e10       ??_C@_19BIFMLPCD@?$AAJ?$AAu?$AAl?$AAy@ 0000000180011e10     libucrt:nlsdata.obj
 0002:00001e20       ??_C@_1O@PAHLKOAC@?$AAA?$AAu?$AAg?$AAu?$AAs?$AAt@ 0000000180011e20     libucrt:nlsdata.obj
 0002:00001e30       ??_C@_1BE@DKAAMBJL@?$AAS?$AAe?$AAp?$AAt?$AAe?$AAm?$AAb?$AAe?$AAr@ 0000000180011e30     libucrt:nlsdata.obj
 0002:00001e48       ??_C@_1BA@EPANDLNG@?$AAO?$AAc?$AAt?$AAo?$AAb?$AAe?$AAr@ 0000000180011e48     libucrt:nlsdata.obj
 0002:00001e58       ??_C@_1BC@BGLIFPF@?$AAN?$AAo?$AAv?$AAe?$AAm?$AAb?$AAe?$AAr@ 0000000180011e58     libucrt:nlsdata.obj
 0002:00001e70       ??_C@_1BC@FEMKIFH@?$AAD?$AAe?$AAc?$AAe?$AAm?$AAb?$AAe?$AAr@ 0000000180011e70     libucrt:nlsdata.obj
 0002:00001e84       ??_C@_15ODEHAHHF@?$AAA?$AAM@ 0000000180011e84     libucrt:nlsdata.obj
 0002:00001e8c       ??_C@_15CLMNNGEL@?$AAP?$AAM@ 0000000180011e8c     libucrt:nlsdata.obj
 0002:00001e98       ??_C@_1BC@IEBCMHCM@?$AAM?$AAM?$AA?1?$AAd?$AAd?$AA?1?$AAy?$AAy@ 0000000180011e98     libucrt:nlsdata.obj
 0002:00001eb0       ??_C@_1CI@KNAKOEBC@?$AAd?$AAd?$AAd?$AAd?$AA?0?$AA?5?$AAM?$AAM?$AAM?$AAM?$AA?5?$AAd?$AAd?$AA?0?$AA?5@ 0000000180011eb0     libucrt:nlsdata.obj
 0002:00001ed8       ??_C@_1BC@GDGBMEMK@?$AAH?$AAH?$AA?3?$AAm?$AAm?$AA?3?$AAs?$AAs@ 0000000180011ed8     libucrt:nlsdata.obj
 0002:00001ef0       ??_C@_1M@BMHNFIME@?$AAe?$AAn?$AA?9?$AAU?$AAS@ 0000000180011ef0     libucrt:nlsdata.obj
 0002:00001f00       __newctype                 0000000180011f00     libucrt:ctype.obj
 0002:00002200       __newclmap                 0000000180012200     libucrt:ctype.obj
 0002:00002380       __newcumap                 0000000180012380     libucrt:ctype.obj
 0002:00003340       ??_C@_15EMKDOKLE@?$AAa?$AAr@ 0000000180013340     libucrt:lcidtoname_downlevel.obj
 0002:00003348       ??_C@_15KNPADPLH@?$AAb?$AAg@ 0000000180013348     libucrt:lcidtoname_downlevel.obj
 0002:00003350       ??_C@_15EDMHLDMO@?$AAc?$AAa@ 0000000180013350     libucrt:lcidtoname_downlevel.obj
 0002:00003358       ??_C@_1O@BPEAJADD@?$AAz?$AAh?$AA?9?$AAC?$AAH?$AAS@ 0000000180013358     libucrt:lcidtoname_downlevel.obj
 0002:00003368       ??_C@_15LJNHCMNK@?$AAc?$AAs@ 0000000180013368     libucrt:lcidtoname_downlevel.obj
 0002:00003370       ??_C@_15FOMCIDHG@?$AAd?$AAa@ 0000000180013370     libucrt:lcidtoname_downlevel.obj
 0002:00003378       ??_C@_15NBKABECB@?$AAd?$AAe@ 0000000180013378     libucrt:lcidtoname_downlevel.obj
 0002:00003380       ??_C@_15GHPEIIAO@?$AAe?$AAl@ 0000000180013380     libucrt:lcidtoname_downlevel.obj
 0002:00003388       ??_C@_15MNPNEAIF@?$AAe?$AAn@ 0000000180013388     libucrt:lcidtoname_downlevel.obj
 0002:00003390       ??_C@_15GPIOMPMH@?$AAe?$AAs@ 0000000180013390     libucrt:lcidtoname_downlevel.obj
 0002:00003398       ??_C@_15NGLOAKJC@?$AAf?$AAi@ 0000000180013398     libucrt:lcidtoname_downlevel.obj
 0002:000033a0       ??_C@_15FBKGNKAM@?$AAf?$AAr@ 00000001800133a0     libucrt:lcidtoname_downlevel.obj
 0002:000033a8       ??_C@_15KGGCNEFK@?$AAh?$AAe@ 00000001800133a8     libucrt:lcidtoname_downlevel.obj
 0002:000033b0       ??_C@_15PGHLIDMF@?$AAh?$AAu@ 00000001800133b0     libucrt:lcidtoname_downlevel.obj
 0002:000033b8       ??_C@_15BIEMAPLM@?$AAi?$AAs@ 00000001800133b8     libucrt:lcidtoname_downlevel.obj
 0002:000033c0       ??_C@_15IFJLDHAF@?$AAi?$AAt@ 00000001800133c0     libucrt:lcidtoname_downlevel.obj
 0002:000033c8       ??_C@_15GEMIOCAG@?$AAj?$AAa@ 00000001800133c8     libucrt:lcidtoname_downlevel.obj
 0002:000033d0       ??_C@_15EPELEGJA@?$AAk?$AAo@ 00000001800133d0     libucrt:lcidtoname_downlevel.obj
 0002:000033d8       ??_C@_15NDDHIMN@?$AAn?$AAl@ 00000001800133d8     libucrt:lcidtoname_downlevel.obj
 0002:000033e0       ??_C@_15BPIGNHCD@?$AAn?$AAo@ 00000001800133e0     libucrt:lcidtoname_downlevel.obj
 0002:000033e8       ??_C@_15DEOPBLCG@?$AAp?$AAl@ 00000001800133e8     libucrt:lcidtoname_downlevel.obj
 0002:000033f0       ??_C@_15KBECGEFG@?$AAp?$AAt@ 00000001800133f0     libucrt:lcidtoname_downlevel.obj
 0002:000033f8       ??_C@_15GLJCBFMD@?$AAr?$AAo@ 00000001800133f8     libucrt:lcidtoname_downlevel.obj
 0002:00003400       ??_C@_15FEDGKCDI@?$AAr?$AAu@ 0000000180013400     libucrt:lcidtoname_downlevel.obj
 0002:00003408       ??_C@_15GLKMLLHM@?$AAh?$AAr@ 0000000180013408     libucrt:lcidtoname_downlevel.obj
 0002:00003410       ??_C@_15CPKMFBDB@?$AAs?$AAk@ 0000000180013410     libucrt:lcidtoname_downlevel.obj
 0002:00003418       ??_C@_15BAAIOGMK@?$AAs?$AAq@ 0000000180013418     libucrt:lcidtoname_downlevel.obj
 0002:00003420       ??_C@_15INNPNOHD@?$AAs?$AAv@ 0000000180013420     libucrt:lcidtoname_downlevel.obj
 0002:00003428       ??_C@_15CABMMOGH@?$AAt?$AAh@ 0000000180013428     libucrt:lcidtoname_downlevel.obj
 0002:00003430       ??_C@_15BPLIHJJM@?$AAt?$AAr@ 0000000180013430     libucrt:lcidtoname_downlevel.obj
 0002:00003438       ??_C@_15NEOEKKDJ@?$AAu?$AAr@ 0000000180013438     libucrt:lcidtoname_downlevel.obj
 0002:00003440       ??_C@_15NFICGAJK@?$AAi?$AAd@ 0000000180013440     libucrt:lcidtoname_downlevel.obj
 0002:00003448       ??_C@_15PJPFLCCM@?$AAu?$AAk@ 0000000180013448     libucrt:lcidtoname_downlevel.obj
 0002:00003450       ??_C@_15HPJPHDM@?$AAb?$AAe@ 0000000180013450     libucrt:lcidtoname_downlevel.obj
 0002:00003458       ??_C@_15LCHLGJII@?$AAs?$AAl@ 0000000180013458     libucrt:lcidtoname_downlevel.obj
 0002:00003460       ??_C@_15PCFJPHHO@?$AAe?$AAt@ 0000000180013460     libucrt:lcidtoname_downlevel.obj
 0002:00003468       ??_C@_15HPFPGODN@?$AAl?$AAv@ 0000000180013468     libucrt:lcidtoname_downlevel.obj
 0002:00003470       ??_C@_15NFFGKGLG@?$AAl?$AAt@ 0000000180013470     libucrt:lcidtoname_downlevel.obj
 0002:00003478       ??_C@_15BDAKCCHN@?$AAf?$AAa@ 0000000180013478     libucrt:lcidtoname_downlevel.obj
 0002:00003480       ??_C@_15NFGIAIAJ@?$AAv?$AAi@ 0000000180013480     libucrt:lcidtoname_downlevel.obj
 0002:00003488       ??_C@_15LMKNDMHN@?$AAh?$AAy@ 0000000180013488     libucrt:lcidtoname_downlevel.obj
 0002:00003490       ??_C@_15IJBHMCFL@?$AAa?$AAz@ 0000000180013490     libucrt:lcidtoname_downlevel.obj
 0002:00003498       ??_C@_15EKOFJABL@?$AAe?$AAu@ 0000000180013498     libucrt:lcidtoname_downlevel.obj
 0002:000034a0       ??_C@_15BGHADCNK@?$AAm?$AAk@ 00000001800134a0     libucrt:lcidtoname_downlevel.obj
 0002:000034a8       ??_C@_15JDNICKHM@?$AAa?$AAf@ 00000001800134a8     libucrt:lcidtoname_downlevel.obj
 0002:000034b0       ??_C@_15KPJEDBKD@?$AAk?$AAa@ 00000001800134b0     libucrt:lcidtoname_downlevel.obj
 0002:000034b8       ??_C@_15PDNFFFEO@?$AAf?$AAo@ 00000001800134b8     libucrt:lcidtoname_downlevel.obj
 0002:000034c0       ??_C@_15OMLEGLOC@?$AAh?$AAi@ 00000001800134c0     libucrt:lcidtoname_downlevel.obj
 0002:000034c8       ??_C@_15IDNNENKK@?$AAm?$AAs@ 00000001800134c8     libucrt:lcidtoname_downlevel.obj
 0002:000034d0       ??_C@_15MACJNBMH@?$AAk?$AAk@ 00000001800134d0     libucrt:lcidtoname_downlevel.obj
 0002:000034d8       ??_C@_15DKDJEOND@?$AAk?$AAy@ 00000001800134d8     libucrt:lcidtoname_downlevel.obj
 0002:000034e0       ??_C@_15DFGDLJBG@?$AAs?$AAw@ 00000001800134e0     libucrt:lcidtoname_downlevel.obj
 0002:000034e8       ??_C@_15BBFAICNG@?$AAu?$AAz@ 00000001800134e8     libucrt:lcidtoname_downlevel.obj
 0002:000034f0       ??_C@_15DKNDCGEA@?$AAt?$AAt@ 00000001800134f0     libucrt:lcidtoname_downlevel.obj
 0002:000034f8       ??_C@_15MGIFMDPL@?$AAp?$AAa@ 00000001800134f8     libucrt:lcidtoname_downlevel.obj
 0002:00003500       ??_C@_15HCNDBBA@?$AAg?$AAu@ 0000000180013500     libucrt:lcidtoname_downlevel.obj
 0002:00003508       ??_C@_15FNBEIBON@?$AAt?$AAa@ 0000000180013508     libucrt:lcidtoname_downlevel.obj
 0002:00003510       ??_C@_15NCHGBGLK@?$AAt?$AAe@ 0000000180013510     libucrt:lcidtoname_downlevel.obj
 0002:00003518       ??_C@_15PHPHCBPF@?$AAk?$AAn@ 0000000180013518     libucrt:lcidtoname_downlevel.obj
 0002:00003520       ??_C@_15DLGBCKMP@?$AAm?$AAr@ 0000000180013520     libucrt:lcidtoname_downlevel.obj
 0002:00003528       ??_C@_15EABBLBFF@?$AAs?$AAa@ 0000000180013528     libucrt:lcidtoname_downlevel.obj
 0002:00003530       ??_C@_15CBKOMCOI@?$AAm?$AAn@ 0000000180013530     libucrt:lcidtoname_downlevel.obj
 0002:00003538       ??_C@_15CKDMCJAF@?$AAg?$AAl@ 0000000180013538     libucrt:lcidtoname_downlevel.obj
 0002:00003540       ??_C@_17CNJFBPG@?$AAk?$AAo?$AAk@ 0000000180013540     libucrt:lcidtoname_downlevel.obj
 0002:00003548       ??_C@_17FFBJICPL@?$AAs?$AAy?$AAr@ 0000000180013548     libucrt:lcidtoname_downlevel.obj
 0002:00003550       ??_C@_17KPNDCPAF@?$AAd?$AAi?$AAv@ 0000000180013550     libucrt:lcidtoname_downlevel.obj
 0002:00003558       ??_C@_11LOCGONAA@@         0000000180013558     libucrt:lcidtoname_downlevel.obj
 0002:00003560       ??_C@_1M@OKAHONE@?$AAa?$AAr?$AA?9?$AAS?$AAA@ 0000000180013560     libucrt:lcidtoname_downlevel.obj
 0002:00003570       ??_C@_1M@FFFIGIGK@?$AAb?$AAg?$AA?9?$AAB?$AAG@ 0000000180013570     libucrt:lcidtoname_downlevel.obj
 0002:00003580       ??_C@_1M@BJNKEDC@?$AAc?$AAa?$AA?9?$AAE?$AAS@ 0000000180013580     libucrt:lcidtoname_downlevel.obj
 0002:00003590       ??_C@_1M@IJJHFJHA@?$AAc?$AAs?$AA?9?$AAC?$AAZ@ 0000000180013590     libucrt:lcidtoname_downlevel.obj
 0002:000035a0       ??_C@_1M@CLPEOBGI@?$AAd?$AAa?$AA?9?$AAD?$AAK@ 00000001800135a0     libucrt:lcidtoname_downlevel.obj
 0002:000035b0       ??_C@_1M@MCMADGCB@?$AAd?$AAe?$AA?9?$AAD?$AAE@ 00000001800135b0     libucrt:lcidtoname_downlevel.obj
 0002:000035c0       ??_C@_1M@OOCKEMAM@?$AAe?$AAl?$AA?9?$AAG?$AAR@ 00000001800135c0     libucrt:lcidtoname_downlevel.obj
 0002:000035d0       ??_C@_1M@DDNJFGID@?$AAf?$AAi?$AA?9?$AAF?$AAI@ 00000001800135d0     libucrt:lcidtoname_downlevel.obj
 0002:000035e0       ??_C@_1M@GLIPPMAC@?$AAf?$AAr?$AA?9?$AAF?$AAR@ 00000001800135e0     libucrt:lcidtoname_downlevel.obj
 0002:000035f0       ??_C@_1M@GFMCHPE@?$AAh?$AAe?$AA?9?$AAI?$AAL@ 00000001800135f0     libucrt:lcidtoname_downlevel.obj
 0002:00003600       ??_C@_1M@MHLPGNKM@?$AAh?$AAu?$AA?9?$AAH?$AAU@ 0000000180013600     libucrt:lcidtoname_downlevel.obj
 0002:00003610       ??_C@_1M@LPDDNNPN@?$AAi?$AAs?$AA?9?$AAI?$AAS@ 0000000180013610     libucrt:lcidtoname_downlevel.obj
 0002:00003620       ??_C@_1M@MADIPODN@?$AAi?$AAt?$AA?9?$AAI?$AAT@ 0000000180013620     libucrt:lcidtoname_downlevel.obj
 0002:00003630       ??_C@_1M@IHBJJGG@?$AAn?$AAl?$AA?9?$AAN?$AAL@ 0000000180013630     libucrt:lcidtoname_downlevel.obj
 0002:00003640       ??_C@_1M@EANAGDL@?$AAn?$AAb?$AA?9?$AAN?$AAO@ 0000000180013640     libucrt:lcidtoname_downlevel.obj
 0002:00003650       ??_C@_1M@NEIEMEGP@?$AAp?$AAl?$AA?9?$AAP?$AAL@ 0000000180013650     libucrt:lcidtoname_downlevel.obj
 0002:00003660       ??_C@_1M@BOCFIGEP@?$AAp?$AAt?$AA?9?$AAB?$AAR@ 0000000180013660     libucrt:lcidtoname_downlevel.obj
 0002:00003670       ??_C@_1M@IMPFOPBG@?$AAr?$AAo?$AA?9?$AAR?$AAO@ 0000000180013670     libucrt:lcidtoname_downlevel.obj
 0002:00003680       ??_C@_1M@IDNNEJMM@?$AAr?$AAu?$AA?9?$AAR?$AAU@ 0000000180013680     libucrt:lcidtoname_downlevel.obj
 0002:00003690       ??_C@_1M@LILEEOGM@?$AAh?$AAr?$AA?9?$AAH?$AAR@ 0000000180013690     libucrt:lcidtoname_downlevel.obj
[...]
 0006:000005b0       __guard_xfg__acrt_expand_narrow_argv_wildcards 00000001800225b0     libucrt:argv_wildcards.obj
 0006:000005c0       __guard_xfg??0_LocaleUpdate@@QEAA@QEAU__crt_locale_pointers@@@Z 00000001800225c0     libucrt:argv_wildcards.obj
 0006:000005d0       __guard_xfg??$common_expand_argv_wildcards@D@@YAHQEAPEADQEAPEAPEAD@Z 00000001800225d0     libucrt:argv_wildcards.obj
 0006:000005e0       __guard_xfg??$__acrt_convert_wcs_mbs_cp@D_WV<lambda_7c9dea7b4ca7285d2cdb541a38da6275>@@U__crt_win32_buffer_internal_dynamic_resizing@@@@YAHQEBDAEAV?$__crt_win32_buffer@_WU__crt_win32_buffer_internal_dynamic_resizing@@@@AEBV<lambda_7c9dea7b4ca7285d2cdb541a38da6275>@@I@Z 00000001800225e0     libucrt:argv_wildcards.obj
 0006:000005f0       __guard_xfg??$__acrt_convert_wcs_mbs_cp@_WDV<lambda_d8593a27d1aa8c02be35c86a17d324c4>@@U__crt_win32_buffer_internal_dynamic_resizing@@@@YAHQEB_WAEAV?$__crt_win32_buffer@DU__crt_win32_buffer_internal_dynamic_resizing@@@@AEBV<lambda_d8593a27d1aa8c02be35c86a17d324c4>@@I@Z 00000001800225f0     libucrt:argv_wildcards.obj
 0006:00000600       __guard_xfg??$copy_and_add_argument_to_buffer@D@@YAHQEBD0_KAEAV?$argument_list@D@?A0x5f5c8891@@@Z 0000000180022600     libucrt:argv_wildcards.obj
 0006:00000610       __guard_xfg??$expand_argument_wildcards@D@@YAHQEAD0AEAV?$argument_list@D@?A0x5f5c8891@@@Z 0000000180022610     libucrt:argv_wildcards.obj
 0006:00000620       __guard_xfg?<lambda_invoker_cdecl>@<lambda_a1ce4c8ae42411fd470c77163914f50e>@@CAHPEBX0@Z 0000000180022620     libucrt:argv_wildcards.obj
 0006:00000630       __guard_xfg__acrt_GetModuleFileNameA 0000000180022630     libucrt:getmodulefilenamea.obj
 0006:00000640       __guard_xfg??$__acrt_convert_wcs_mbs_cp@_WDV<lambda_f788ae46380686e8b737efdd8c720d07>@@U__crt_win32_buffer_no_resizing@@@@YAHQEB_WAEAV?$__crt_win32_buffer@DU__crt_win32_buffer_no_resizing@@@@AEBV<lambda_f788ae46380686e8b737efdd8c720d07>@@I@Z 0000000180022640     libucrt:getmodulefilenamea.obj
 0006:00000650       __guard_xfg__acrt_update_thread_multibyte_data 0000000180022650     libucrt:mbctype.obj
 0006:00000660       __guard_xfg__acrt_initialize_multibyte 0000000180022660     libucrt:mbctype.obj
 0006:00000670       __guard_xfg_setmbcp_nolock 0000000180022670     libucrt:mbctype.obj
 0006:00000680       __guard_xfg?getSystemCP@@YAHH@Z 0000000180022680     libucrt:mbctype.obj
 0006:00000690       __guard_xfg?setSBCS@@YAXPEAU__crt_multibyte_data@@@Z 0000000180022690     libucrt:mbctype.obj
 0006:000006a0       __guard_xfg?update_thread_multibyte_data_internal@@YAPEAU__crt_multibyte_data@@QEAU__acrt_ptd@@QEAPEAU1@@Z 00000001800226a0     libucrt:mbctype.obj
 0006:000006b0       __guard_xfg?setmbcp_internal@@YAHH_NQEAU__acrt_ptd@@QEAPEAU__crt_multibyte_data@@@Z 00000001800226b0     libucrt:mbctype.obj
 0006:000006c0       __guard_xfg?setSBUpLow@@YAXPEAU__crt_multibyte_data@@@Z 00000001800226c0     libucrt:mbctype.obj
 0006:000006d0       __guard_xfg??$?RV<lambda_efdfa57d1f175319df784efa44bb7b81>@@AEAV<lambda_5f0a4c1567f8adc6734073e5d1e1b35c>@@V<lambda_2e8a7d3640ea6ccb4c2413664c2db6fd>@@@?$__crt_seh_guarded_call@X@@QEAAX$$QEAV<lambda_efdfa57d1f175319df784efa44bb7b81>@@AEAV<lambda_5f0a4c1567f8adc6734073e5d1e1b35c>@@$$QEAV<lambda_2e8a7d3640ea6ccb4c2413664c2db6fd>@@@Z 00000001800226d0     libucrt:mbctype.obj
 0006:000006e0       __guard_xfg_ismbblead      00000001800226e0     libucrt:ismbbyte.obj
 0006:000006f0       __guard_xfg?x_ismbbtype_l@@YAHPEAU__crt_locale_pointers@@IHH@Z 00000001800226f0     libucrt:ismbbyte.obj
 0006:00000700       __guard_xfg__acrt_initialize_command_line 0000000180022700     libucrt:argv_data.obj
 0006:00000710       __guard_xfg__acrt_uninitialize_command_line 0000000180022710     libucrt:argv_data.obj
 0006:00000720       __guard_xfg__acrt_MultiByteToWideChar 0000000180022720     libucrt:multibytetowidechar.obj
 0006:00000730       __guard_xfg__acrt_WideCharToMultiByte 0000000180022730     libucrt:widechartomultibyte.obj
 0006:00000740       __guard_xfg__dcrt_get_narrow_environment_from_os 0000000180022740     libucrt:get_environment_from_os.obj
 0006:00000750       __guard_xfg_recalloc_base  0000000180022750     libucrt:recalloc.obj
 0006:00000760       __guard_xfg__acrt_initialize_winapi_thunks 0000000180022760     libucrt:winapi_thunks.obj
 0006:00000770       __guard_xfg__acrt_uninitialize_winapi_thunks 0000000180022770     libucrt:winapi_thunks.obj
 0006:00000780       __guard_xfg__acrt_AreFileApisANSI 0000000180022780     libucrt:winapi_thunks.obj
 0006:00000790       __guard_xfg__acrt_FlsAlloc 0000000180022790     libucrt:winapi_thunks.obj
 0006:000007a0       __guard_xfg__acrt_FlsFree  00000001800227a0     libucrt:winapi_thunks.obj
 0006:000007b0       __guard_xfg__acrt_FlsGetValue 00000001800227b0     libucrt:winapi_thunks.obj
 0006:000007c0       __guard_xfg__acrt_FlsSetValue 00000001800227c0     libucrt:winapi_thunks.obj
 0006:000007d0       __guard_xfg__acrt_InitializeCriticalSectionEx 00000001800227d0     libucrt:winapi_thunks.obj
 0006:000007e0       __guard_xfg__acrt_LCMapStringEx 00000001800227e0     libucrt:winapi_thunks.obj
 0006:000007f0       __guard_xfg__acrt_LocaleNameToLCID 00000001800227f0     libucrt:winapi_thunks.obj
 0006:00000800       __guard_xfg__acrt_AppPolicyGetProcessTerminationMethodInternal 0000000180022800     libucrt:winapi_thunks.obj
 0006:00000810       __guard_xfg?try_get_function@@YAPEAXW4function_id@?A0x391cf84c@@QEBDQEBW4module_id@2@2@Z 0000000180022810     libucrt:winapi_thunks.obj
 0006:00000820       __guard_xfg__acrt_initialize_heap 0000000180022820     libucrt:heap_handle.obj
 0006:00000830       __guard_xfg__acrt_uninitialize_heap 0000000180022830     libucrt:heap_handle.obj
 0006:00000840       __guard_xfg__acrt_initialize_lowio 0000000180022840     libucrt:ioinit.obj
 0006:00000850       __guard_xfg__acrt_uninitialize_lowio 0000000180022850     libucrt:ioinit.obj
 0006:00000860       __guard_xfg?initialize_inherited_file_handles_nolock@@YAXXZ 0000000180022860     libucrt:ioinit.obj
 0006:00000870       __guard_xfg?initialize_stdio_handles_nolock@@YAXXZ 0000000180022870     libucrt:ioinit.obj
 0006:00000880       __guard_xfg__acrt_execute_initializers 0000000180022880     libucrt:shared_initialization.obj
 0006:00000890       __guard_xfg__acrt_execute_uninitializers 0000000180022890     libucrt:shared_initialization.obj
 0006:000008a0       __guard_xfg_callnewh       00000001800228a0     libucrt:new_handler.obj
 0006:000008b0       __guard_xfg__acrt_initialize_new_handler 00000001800228b0     libucrt:new_handler.obj
 0006:000008c0       __guard_xfg_query_new_handler 00000001800228c0     libucrt:new_handler.obj
 0006:000008d0       __guard_xfg__acrt_initialize_signal_handlers 00000001800228d0     libucrt:signal.obj
 0006:000008e0       __guard_xfg__acrt_get_sigabrt_handler 00000001800228e0     libucrt:signal.obj
 0006:000008f0       __guard_xfgraise           00000001800228f0     libucrt:signal.obj
 0006:00000900       __guard_xfg??$?RV<lambda_450d765d439847d4c735a33c368b5fc0>@@AEAV<lambda_44731a7d0e6d81c3e6aa82d741081786>@@V<lambda_601a2a7da3b7a96e9554ac7215c4b07c>@@@?$__crt_seh_guarded_call@P6AXH@Z@@QEAAP6AXH@Z$$QEAV<lambda_450d765d439847d4c735a33c368b5fc0>@@AEAV<lambda_44731a7d0e6d81c3e6aa82d741081786>@@$$QEAV<lambda_601a2a7da3b7a96e9554ac7215c4b07c>@@@Z 0000000180022900     libucrt:signal.obj
 0006:00000910       __guard_xfg__acrt_initialize_user_matherr 0000000180022910     libucrt:matherr.obj
 0006:00000920       __guard_xfg__acrt_has_user_matherr 0000000180022920     libucrt:matherr.obj
 0006:00000930       __guard_xfg__acrt_invoke_user_matherr 0000000180022930     libucrt:matherr.obj
 0006:00000940       __guard_xfg_flushall       0000000180022940     libucrt:fflush.obj
 0006:00000950       __guard_xfg_fflush_nolock  0000000180022950     libucrt:fflush.obj
 0006:00000960       __guard_xfg__acrt_stdio_flush_nolock 0000000180022960     libucrt:fflush.obj
 0006:00000970       __guard_xfg?common_flush_all@@YAH_N@Z 0000000180022970     libucrt:fflush.obj
 0006:00000980       __guard_xfg??$?RV<lambda_842d9ff0dc9ef11c61343bbaebe7f885>@@AEAV<lambda_c5860995281e5c4ce005b3de8f5874ee>@@V<lambda_d90129c13df834fdcbf8d2b88dafcf2d>@@@?$__crt_seh_guarded_call@X@@QEAAX$$QEAV<lambda_842d9ff0dc9ef11c61343bbaebe7f885>@@AEAV<lambda_c5860995281e5c4ce005b3de8f5874ee>@@$$QEAV<lambda_d90129c13df834fdcbf8d2b88dafcf2d>@@@Z 0000000180022980     libucrt:fflush.obj
 0006:00000990       __guard_xfg??$?RV<lambda_886d6c58226a84441f68b9f2b8217b83>@@AEAV<lambda_ab61a845afdef5b7c387490eaf3616ee>@@V<lambda_f7f22ab5edc0698d5f6905b0d3f44752>@@@?$__crt_seh_guarded_call@X@@QEAAX$$QEAV<lambda_886d6c58226a84441f68b9f2b8217b83>@@AEAV<lambda_ab61a845afdef5b7c387490eaf3616ee>@@$$QEAV<lambda_f7f22ab5edc0698d5f6905b0d3f44752>@@@Z 0000000180022990     libucrt:fflush.obj
 0006:000009a0       __guard_xfg_lock_file      00000001800229a0     libucrt:_file.obj
 0006:000009b0       __guard_xfg_unlock_file    00000001800229b0     libucrt:_file.obj
 0006:000009c0       __guard_xfg__acrt_initialize_stdio 00000001800229c0     libucrt:_file.obj
 0006:000009d0       __guard_xfg__acrt_uninitialize_stdio 00000001800229d0     libucrt:_file.obj
 0006:000009e0       __guard_xfg_query_new_mode 00000001800229e0     libucrt:new_mode.obj
 0006:000009f0       __guard_xfg__acrt_update_locale_info 00000001800229f0     libucrt:locale_update.obj
 0006:00000a00       __guard_xfg__acrt_update_multibyte_info 0000000180022a00     libucrt:locale_update.obj
 0006:00000a10       __guard_xfg__acrt_update_locale_info_explicit 0000000180022a10     libucrt:locale_update.obj
 0006:00000a20       __guard_xfg__acrt_update_multibyte_info_explicit 0000000180022a20     libucrt:locale_update.obj
 0006:00000a30       __guard_xfg_mbtowc_internal 0000000180022a30     libucrt:mbtowc.obj
 0006:00000a40       __guard_xfg_fileno         0000000180022a40     libucrt:fileno.obj
 0006:00000a50       __guard_xfg__acrt_set_locale_changed 0000000180022a50     libucrt:wsetlocale.obj
 0006:00000a60       __guard_xfg__acrt_uninitialize_locale 0000000180022a60     libucrt:wsetlocale.obj
 0006:00000a70       __guard_xfg??$?RV<lambda_410d79af7f07d98d83a3f525b3859a53>@@AEAV<lambda_3e16ef9562a7dcce91392c22ab16ea36>@@V<lambda_38119f0e861e05405d8a144b9b982f0a>@@@?$__crt_seh_guarded_call@X@@QEAAX$$QEAV<lambda_410d79af7f07d98d83a3f525b3859a53>@@AEAV<lambda_3e16ef9562a7dcce91392c22ab16ea36>@@$$QEAV<lambda_38119f0e861e05405d8a144b9b982f0a>@@@Z 0000000180022a70     libucrt:wsetlocale.obj
 0006:00000a80       __guard_xfg__acrt_add_locale_ref 0000000180022a80     libucrt:locale_refcounting.obj
 0006:00000a90       __guard_xfg__acrt_release_locale_ref 0000000180022a90     libucrt:locale_refcounting.obj
 0006:00000aa0       __guard_xfg__acrt_free_locale 0000000180022aa0     libucrt:locale_refcounting.obj
 0006:00000ab0       __guard_xfg__acrt_locale_add_lc_time_reference 0000000180022ab0     libucrt:locale_refcounting.obj
 0006:00000ac0       __guard_xfg__acrt_locale_release_lc_time_reference 0000000180022ac0     libucrt:locale_refcounting.obj
 0006:00000ad0       __guard_xfg__acrt_locale_free_lc_time_if_unreferenced 0000000180022ad0     libucrt:locale_refcounting.obj
 0006:00000ae0       __guard_xfg__acrt_update_thread_locale_data 0000000180022ae0     libucrt:locale_refcounting.obj
 0006:00000af0       __guard_xfg_updatetlocinfoEx_nolock 0000000180022af0     libucrt:locale_refcounting.obj
 0006:00000b00       __guard_xfgqsort           0000000180022b00     libucrt:qsort.obj
 0006:00000b10       __guard_xfgstrncpy_s       0000000180022b10     libucrt:strncpy_s.obj
 0006:00000b20       __guard_xfgstrpbrk         0000000180022b20     libucrt:strpbrk.obj
 0006:00000b30       __guard_xfgfallbackMethod  0000000180022b30     libucrt:strpbrk.obj
 0006:00000b40       __guard_xfg_mbsdec         0000000180022b40     libucrt:mbsdec.obj
 0006:00000b50       __guard_xfg_mbsdec_l       0000000180022b50     libucrt:mbsdec.obj
 0006:00000b60       __guard_xfg?initialize_multibyte@@YAHXZ 0000000180022b60     libucrt:multibyte_initializer.obj
 0006:00000b70       __guard_xfg__acrt_GetStringTypeA 0000000180022b70     libucrt:getstringtypea.obj
 0006:00000b80       __guard_xfg__acrt_LCMapStringA 0000000180022b80     libucrt:lcmapstringa.obj
 0006:00000b90       __guard_xfg?__acrt_LCMapStringA_stat@@YAHPEAU__crt_locale_pointers@@PEB_WKPEBDHPEADHHH@Z 0000000180022b90     libucrt:lcmapstringa.obj
 0006:00000ba0       __guard_xfg_msize_base     0000000180022ba0     libucrt:msize.obj
 0006:00000bb0       __guard_xfg_realloc_base   0000000180022bb0     libucrt:realloc_base.obj
 0006:00000bc0       __guard_xfgwcsncmp         0000000180022bc0     libucrt:wcsncmp.obj
 0006:00000bd0       __guard_xfg__acrt_DownlevelLocaleNameToLCID 0000000180022bd0     libucrt:lcidtoname_downlevel.obj
 0006:00000be0       __guard_xfg_get_osfhandle  0000000180022be0     libucrt:osfinfo.obj
 0006:00000bf0       __guard_xfg_free_osfhnd    0000000180022bf0     libucrt:osfinfo.obj
 0006:00000c00       __guard_xfg__acrt_lowio_create_handle_array 0000000180022c00     libucrt:osfinfo.obj
 0006:00000c10       __guard_xfg__acrt_lowio_destroy_handle_array 0000000180022c10     libucrt:osfinfo.obj
 0006:00000c20       __guard_xfg__acrt_lowio_ensure_fh_exists 0000000180022c20     libucrt:osfinfo.obj
 0006:00000c30       __guard_xfg__acrt_lowio_lock_fh 0000000180022c30     libucrt:osfinfo.obj
 0006:00000c40       __guard_xfg__acrt_lowio_unlock_fh 0000000180022c40     libucrt:osfinfo.obj
 0006:00000c50       __guard_xfg_commit         0000000180022c50     libucrt:commit.obj
 0006:00000c60       __guard_xfg??$?RV<lambda_a37b2b86f63e897a80ea819b0eb08c01>@@AEAV<lambda_38ce7e780aa69e748d6df282ebc68efe>@@V<lambda_99fb1378e971ab6e7edea83e3a7a83a2>@@@?$__crt_seh_guarded_call@H@@QEAAH$$QEAV<lambda_a37b2b86f63e897a80ea819b0eb08c01>@@AEAV<lambda_38ce7e780aa69e748d6df282ebc68efe>@@$$QEAV<lambda_99fb1378e971ab6e7edea83e3a7a83a2>@@@Z 0000000180022c60     libucrt:commit.obj
 0006:00000c70       __guard_xfg_write_nolock   0000000180022c70     libucrt:write.obj
 0006:00000c80       __guard_xfg_write_internal 0000000180022c80     libucrt:write.obj
 0006:00000c90       __guard_xfg?write_double_translated_ansi_nolock@@YA?AUwrite_result@?A0x17268360@@HQEBDIAEAV__crt_cached_ptd_host@@@Z 0000000180022c90     libucrt:write.obj
 0006:00000ca0       __guard_xfg?write_text_ansi_nolock@@YA?AUwrite_result@?A0x17268360@@HQEBDI@Z 0000000180022ca0     libucrt:write.obj
 0006:00000cb0       __guard_xfg?write_text_utf16le_nolock@@YA?AUwrite_result@?A0x17268360@@HQEBDI@Z 0000000180022cb0     libucrt:write.obj
 0006:00000cc0       __guard_xfg?write_text_utf8_nolock@@YA?AUwrite_result@?A0x17268360@@HQEBDI@Z 0000000180022cc0     libucrt:write.obj
 0006:00000cd0       __guard_xfg_fcloseall      0000000180022cd0     libucrt:closeall.obj
 0006:00000ce0       __guard_xfg__acrt_stdio_free_buffer_nolock 0000000180022ce0     libucrt:_freebuf.obj
 0006:00000cf0       __guard_xfg_isatty         0000000180022cf0     libucrt:isatty.obj
 0006:00000d00       __guard_xfg?__mbrtowc_utf8@__crt_mbstring@@YA_KPEA_WPEBD_KPEAU_Mbstatet@@AEAV__crt_cached_ptd_host@@@Z 0000000180022d00     libucrt:mbrtowc.obj
 0006:00000d10       __guard_xfg?__mbsrtowcs_utf8@__crt_mbstring@@YA_KPEA_WPEAPEBD_KPEAU_Mbstatet@@AEAV__crt_cached_ptd_host@@@Z 0000000180022d10     libucrt:mbrtowc.obj
 0006:00000d20       __guard_xfg__acrt_locale_free_monetary 0000000180022d20     libucrt:initmon.obj
 0006:00000d30       __guard_xfg__acrt_locale_free_numeric 0000000180022d30     libucrt:initnum.obj
 0006:00000d40       __guard_xfg__acrt_locale_free_time 0000000180022d40     libucrt:inittime.obj
 0006:00000d50       __guard_xfg?free_crt_array_internal@@YAXQEAPEBX_K@Z 0000000180022d50     libucrt:inittime.obj
 0006:00000d60       __guard_xfg__strncnt       0000000180022d60     libucrt:strncnt.obj
 0006:00000d70       __guard_xfg__ascii_wcsnicmp 0000000180022d70     libucrt:wcsnicmp.obj
 0006:00000d80       __guard_xfg_query_app_type 0000000180022d80     libucrt:report_runtime_error.obj
 0006:00000d90       __guard_xfg_lseeki64_nolock_internal 0000000180022d90     libucrt:lseek.obj
 0006:00000da0       __guard_xfg??$common_lseek_nolock@_J@@YA_JH_JHAEAV__crt_cached_ptd_host@@@Z 0000000180022da0     libucrt:lseek.obj
 0006:00000db0       __guard_xfg_putwch_nolock  0000000180022db0     libucrt:putwch.obj
 0006:00000dc0       __guard_xfgfclose          0000000180022dc0     libucrt:fclose.obj
 0006:00000dd0       __guard_xfg?_fclose_nolock_internal@@YAHQEAU_iobuf@@AEAV__crt_cached_ptd_host@@@Z 0000000180022dd0     libucrt:fclose.obj
 0006:00000de0       __guard_xfg?_fclose_internal@@YAHQEAU_iobuf@@AEAV__crt_cached_ptd_host@@@Z 0000000180022de0     libucrt:fclose.obj
 0006:00000df0       __guard_xfg?return_illegal_sequence@__crt_mbstring@@YA_KPEAU_Mbstatet@@AEAV__crt_cached_ptd_host@@@Z 0000000180022df0     libucrt:common_utf8.obj
 0006:00000e00       __guard_xfg?reset_and_return@__crt_mbstring@@YA_K_KPEAU_Mbstatet@@@Z 0000000180022e00     libucrt:common_utf8.obj
 0006:00000e10       __guard_xfg?__mbrtoc32_utf8@__crt_mbstring@@YA_KPEA_UPEBD_KPEAU_Mbstatet@@AEAV__crt_cached_ptd_host@@@Z 0000000180022e10     libucrt:mbrtoc32.obj
 0006:00000e20       __guard_xfg__dcrt_lowio_ensure_console_output_initialized 0000000180022e20     libucrt:initcon.obj
 0006:00000e30       __guard_xfg__dcrt_write_console 0000000180022e30     libucrt:initcon.obj
 0006:00000e40       __guard_xfg__dcrt_terminate_console_output 0000000180022e40     libucrt:initcon.obj
 0006:00000e50       __guard_xfg_close_nolock_internal 0000000180022e50     libucrt:close.obj
 0006:00000e60       __guard_xfg_close_internal 0000000180022e60     libucrt:close.obj
 0006:00000e70       __guard_xfg??$?RV<lambda_ad8af0d99a0adf03d037d7dffe354bb5>@@AEAV<lambda_c9ba49e555ba839a7b07aa3fbecb7617>@@V<lambda_2f1ebd5d68526518146ae959c9e734c8>@@@?$__crt_seh_guarded_call@H@@QEAAH$$QEAV<lambda_ad8af0d99a0adf03d037d7dffe354bb5>@@AEAV<lambda_c9ba49e555ba839a7b07aa3fbecb7617>@@$$QEAV<lambda_2f1ebd5d68526518146ae959c9e734c8>@@@Z 0000000180022e70     libucrt:close.obj
 0006:00000e80       __guard_xfg?__acrt_stdio_free_stream@@YAXV__crt_stdio_stream@@@Z 0000000180022e80     libucrt:stream.obj
 0006:00000e90       __guard_xfg_call_matherr   0000000180022e90     libucrt:libm_error.obj
 0006:00000ea0       __guard_xfg_exception_enabled 0000000180022ea0     libucrt:libm_error.obj
 0006:00000eb0       __guard_xfg_handle_error   0000000180022eb0     libucrt:libm_error.obj
 0006:00000ec0       __guard_xfg__acrt_initialize_fma3 0000000180022ec0     libucrt:fma3_available.obj
 0006:00000ed0       __guard_xfg_log_special_common 0000000180022ed0     libucrt:log_special.obj
 0006:00000ee0       __guard_xfg_log10_special  0000000180022ee0     libucrt:log_special.obj
 0006:00000ef0       __guard_xfg_set_errno_from_matherr 0000000180022ef0     libucrt:fpexcept.obj
 0006:00000f00       __guard_xfg_raise_exc      0000000180022f00     libucrt:fpexcept.obj
 0006:00000f10       __guard_xfg_raise_exc_ex   0000000180022f10     libucrt:fpexcept.obj
 0006:00000f20       __guard_xfg_clrfp          0000000180022f20     libucrt:fpctrl.obj
 0006:00000f30       __guard_xfg_ctrlfp         0000000180022f30     libucrt:fpctrl.obj
 0006:00000f40       __guard_xfg_statfp         0000000180022f40     libucrt:fpctrl.obj
 0006:00000f50       __guard_xfg_set_statfp     0000000180022f50     libucrt:fpctrl.obj
 0006:00000f60       __guard_xfgfree            0000000180022f60     libucrt:free.obj
 0006:00000f70       __guard_xfgmalloc          0000000180022f70     libucrt:malloc.obj
 0007:00000000       __guard_ehcont_??R<lambda_6e4b09c48022b2350581041d5f6b0c4c>@@QEBA@XZ 0000000180023000     libucrt:exit.obj
 0007:00000004       __guard_ehcont_terminate   0000000180023004     libucrt:terminate.obj
 0007:00000008       __guard_ehcont__ctrlfp     0000000180023008     libucrt:fpctrl.obj
 0008:00000060       $R000000                   0000000180024060     rar.res
