 IntChecker2

 Timestamp is 617c097e (Fri Oct 29 14:47:26 2021)

 Preferred load address is 0000000180000000

 Start         Length     Name                   Class
 0001:00000000 000003a0H .text$di                CODE
 0001:000003a0 00060fe0H .text$mn                CODE
 0001:00061380 00000040H .text$mn$00             CODE
 0001:000613c0 00001fa0H .text$x                 CODE
 0001:00063360 00000110H .text$yd                CODE
 0002:00000000 00000378H .idata$5                DATA
 0002:00000378 00000028H .00cfg                  DATA
 0002:000003a0 00000008H .CRT$XCA                DATA
 0002:000003a8 00000018H .CRT$XCC                DATA
 0002:000003c0 00000010H .CRT$XCL                DATA
 0002:000003d0 00000008H .CRT$XCU                DATA
 0002:000003d8 00000008H .CRT$XCZ                DATA
 0002:000003e0 00000008H .CRT$XIA                DATA
 0002:000003e8 00000030H .CRT$XIC                DATA
 0002:00000418 00000008H .CRT$XIZ                DATA
 0002:00000420 00000008H .CRT$XPA                DATA
 0002:00000428 00000010H .CRT$XPX                DATA
 0002:00000438 00000008H .CRT$XPXA               DATA
 0002:00000440 00000008H .CRT$XPZ                DATA
 0002:00000448 00000008H .CRT$XTA                DATA
 0002:00000450 00000030H .CRT$XTZ                DATA
 0002:00000458 00000000H .gehcont$y              DATA
 0002:00000458 00000000H .gfids$y                DATA
 0002:00000480 0001ef00H .rdata                  DATA
 0002:0001f380 00000000H .rdata$CastGuardVftablesA DATA
 0002:0001f380 00000000H .rdata$CastGuardVftablesC DATA
 0002:0001f380 00002724H .rdata$r                DATA
 0002:00021aa4 0000015cH .rdata$voltmd           DATA
 0002:00021c00 00000358H .rdata$zzzdbg           DATA
 0002:00021f58 00000008H .rtc$IAA                DATA
 0002:00021f60 00000008H .rtc$IZZ                DATA
 0002:00021f68 00000008H .rtc$TAA                DATA
 0002:00021f70 00000008H .rtc$TZZ                DATA
 0002:00021f78 00005a70H .xdata                  DATA
 0002:000279e8 00000558H .xdata$x                DATA
 0002:00027f40 000000bcH .edata                  DATA
 0002:00027ffc 00000050H .idata$2                DATA
 0002:0002804c 00000014H .idata$3                DATA
 0002:00028060 00000378H .idata$4                DATA
 0002:000283d8 000007f8H .idata$6                DATA
 0003:00000000 00007980H .data                   DATA
 0003:00007980 00000430H .data$r                 DATA
 0003:00007db0 00000e80H .data$rs                DATA
 0003:00008c30 000020ccH .bss                    DATA
 0004:00000000 00004200H .pdata                  DATA
 0005:00000000 000000f4H _RDATA                  DATA
 0006:00000000 00000060H .rsrc$01                DATA
 0006:00000060 000002f8H .rsrc$02                DATA

  Address         Publics by Value              Rva+Base               Lib:Object

 0000:00000000       __guard_longjmp_table      0000000000000000     <absolute>
 0000:00000000       ___safe_se_handler_table   0000000000000000     <absolute>
 0000:00000000       __x64_code_ranges_to_entry_points_count 0000000000000000     <absolute>
 0000:00000000       __guard_fids_count         0000000000000000     <absolute>
 0000:00000000       __arm64x_extra_rfe_table   0000000000000000     <absolute>
 0000:00000000       __arm64x_redirection_metadata 0000000000000000     <absolute>
 0000:00000000       __guard_iat_table          0000000000000000     <absolute>
 0000:00000000       __hybrid_code_map          0000000000000000     <absolute>
 0000:00000000       __arm64x_extra_rfe_table_size 0000000000000000     <absolute>
 0000:00000000       ___safe_se_handler_count   0000000000000000     <absolute>
 0000:00000000       __guard_iat_count          0000000000000000     <absolute>
 0000:00000000       __guard_longjmp_count      0000000000000000     <absolute>
 0000:00000000       __x64_code_ranges_to_entry_points 0000000000000000     <absolute>
 0000:00000000       __dynamic_value_reloc_table 0000000000000000     <absolute>
 0000:00000000       __hybrid_auxiliary_iat     0000000000000000     <absolute>
 0000:00000000       __hybrid_auxiliary_iat_copy 0000000000000000     <absolute>
 0000:00000000       __guard_eh_cont_count      0000000000000000     <absolute>
 0000:00000000       __AbsoluteZero             0000000000000000     <absolute>
 0000:00000000       __guard_check_icall_a64n_fptr 0000000000000000     <absolute>
 0000:00000000       __guard_fids_table         0000000000000000     <absolute>
 0000:00000000       __arm64x_redirection_metadata_count 0000000000000000     <absolute>
 0000:00000000       __enclave_config           0000000000000000     <absolute>
 0000:00000000       __guard_eh_cont_table      0000000000000000     <absolute>
 0000:00000000       __arm64x_native_entrypoint 0000000000000000     <absolute>
 0000:00000000       __hybrid_code_map_count    0000000000000000     <absolute>
 0000:00000100       __guard_flags              0000000000000100     <absolute>
 0000:00000000       __ImageBase                0000000180000000     <linker-defined>
 0001:000003a0       ??4?$basic_string@_WU?$char_traits@_W@std@@V?$allocator@_W@2@@std@@QEAAAEAV01@$$QEAV01@@Z 00000001800013a0 f i trust.obj
 0001:00000440       ??0?$basic_string@_WU?$char_traits@_W@std@@V?$allocator@_W@2@@std@@QEAA@AEBV01@@Z 0000000180001440 f i trust.obj
 0001:00000540       ?_Xlen_string@std@@YAXXZ   0000000180001540 f i trust.obj
 0001:00000560       ??0bad_array_new_length@std@@QEAA@XZ 0000000180001560 f i trust.obj
 0001:00000590       ??1bad_function_call@std@@UEAA@XZ 0000000180001590 f i libcpmt:xthrow.obj
 0001:00000590       ??1bad_alloc@std@@UEAA@XZ  0000000180001590 f i trust.obj
 0001:00000590       ??1length_error@std@@UEAA@XZ 0000000180001590 f i libcpmt:xthrow.obj
 0001:00000590       ??1failure@ios_base@std@@UEAA@XZ 0000000180001590 f i hashing.obj
 0001:00000590       ??1bad_exception@std@@UEAA@XZ 0000000180001590 f i libvcruntime:frame.obj
 0001:00000590       ??1bad_cast@std@@UEAA@XZ   0000000180001590 f i hashing.obj
 0001:00000590       ??1out_of_range@std@@UEAA@XZ 0000000180001590 f i libcpmt:xthrow.obj
 0001:00000590       ??1system_error@std@@UEAA@XZ 0000000180001590 f i hashing.obj
 0001:00000590       ??1bad_array_new_length@std@@UEAA@XZ 0000000180001590 f i trust.obj
 0001:00000590       ??1regex_error@std@@UEAA@XZ 0000000180001590 f i libcpmt:xthrow.obj
 0001:00000590       ??1runtime_error@std@@UEAA@XZ 0000000180001590 f i hashing.obj
 0001:000005b0       ??_Eruntime_error@std@@UEAAPEAXI@Z 00000001800015b0 f i * CIL library *:* CIL module *
 0001:000005b0       ??_Ebad_array_new_length@std@@UEAAPEAXI@Z 00000001800015b0 f i * CIL library *:* CIL module *
 0001:000005b0       ??_Ebad_function_call@std@@UEAAPEAXI@Z 00000001800015b0 f i libcpmt:xthrow.obj
 0001:000005b0       ??_Gbad_exception@std@@UEAAPEAXI@Z 00000001800015b0 f i libvcruntime:frame.obj
 0001:000005b0       ??_Eout_of_range@std@@UEAAPEAXI@Z 00000001800015b0 f i libcpmt:xthrow.obj
 0001:000005b0       ??_Elength_error@std@@UEAAPEAXI@Z 00000001800015b0 f i libcpmt:xthrow.obj
 0001:000005b0       ??_Gbad_cast@std@@UEAAPEAXI@Z 00000001800015b0 f i hashing.obj
 0001:000005b0       ??_Gruntime_error@std@@UEAAPEAXI@Z 00000001800015b0 f i hashing.obj
 0001:000005b0       ??_Gout_of_range@std@@UEAAPEAXI@Z 00000001800015b0 f i libcpmt:xthrow.obj
 0001:000005b0       ??_Elogic_error@std@@UEAAPEAXI@Z 00000001800015b0 f i libcpmt:xthrow.obj
 0001:000005b0       ??_Ebad_exception@std@@UEAAPEAXI@Z 00000001800015b0 f i libvcruntime:frame.obj
 0001:000005b0       ??_Ebad_cast@std@@UEAAPEAXI@Z 00000001800015b0 f i * CIL library *:* CIL module *
 0001:000005b0       ??_Glength_error@std@@UEAAPEAXI@Z 00000001800015b0 f i libcpmt:xthrow.obj
 0001:000005b0       ??_Gbad_array_new_length@std@@UEAAPEAXI@Z 00000001800015b0 f i trust.obj
 0001:000005b0       ??_Eexception@std@@UEAAPEAXI@Z 00000001800015b0 f i * CIL library *:* CIL module *
 0001:000005b0       ??_Glogic_error@std@@UEAAPEAXI@Z 00000001800015b0 f i libcpmt:xthrow.obj
 0001:000005b0       ??_Ebad_alloc@std@@UEAAPEAXI@Z 00000001800015b0 f i * CIL library *:* CIL module *
 0001:000005b0       ??_Gbad_function_call@std@@UEAAPEAXI@Z 00000001800015b0 f i libcpmt:xthrow.obj
 0001:000005b0       ??_Gbad_alloc@std@@UEAAPEAXI@Z 00000001800015b0 f i trust.obj
 0001:000005b0       ??_Gexception@std@@UEAAPEAXI@Z 00000001800015b0 f i trust.obj
 0001:00000600       ??0bad_array_new_length@std@@QEAA@AEBV01@@Z 0000000180001600 f i trust.obj
 0001:00000640       ??0bad_alloc@std@@QEAA@AEBV01@@Z 0000000180001640 f i trust.obj
 0001:00000680       ?what@exception@std@@UEBAPEBDXZ 0000000180001680 f i trust.obj
 0001:000006a0       ??0exception@std@@QEAA@AEBV01@@Z 00000001800016a0 f i trust.obj
 0001:000006e0       ?_Throw_bad_array_new_length@std@@YAXXZ 00000001800016e0 f i trust.obj
 0001:000006e0       ?__scrt_throw_std_bad_array_new_length@@YAXXZ 00000001800016e0 f i LIBCMT:throw_bad_alloc.obj
 0001:00000700       ?assign@?$basic_string@_WU?$char_traits@_W@std@@V?$allocator@_W@2@@std@@QEAAAEAV12@QEB_W_K@Z 0000000180001700 f i trust.obj
 0001:000008a0       ??1?$basic_string@_WU?$char_traits@_W@std@@V?$allocator@_W@2@@std@@QEAA@XZ 00000001800018a0 f i trust.obj
 0001:000008a0       ??1path@filesystem@std@@QEAA@XZ 00000001800018a0 f i IntChecker2-Far3.obj
 0001:00000910       DllMain                    0000000180001910 f   dllmain.obj
 0001:00000910       _get_startup_argv_mode     0000000180001910 f   LIBCMT:argv_mode.obj
 0001:00000920       ??_E_Node_base@std@@UEAAPEAXI@Z 0000000180001920 f i * CIL library *:* CIL module *
 0001:00000920       ??_G_Node_endif@std@@UEAAPEAXI@Z 0000000180001920 f i hashing.obj
 0001:00000920       ??_G_Node_base@std@@UEAAPEAXI@Z 0000000180001920 f i hashing.obj
 0001:00000920       ??_E_Node_endif@std@@UEAAPEAXI@Z 0000000180001920 f i * CIL library *:* CIL module *
 0001:00000950       ??_G_Root_node@std@@UEAAPEAXI@Z 0000000180001950 f i hashing.obj
 0001:00000950       ??_E_Root_node@std@@UEAAPEAXI@Z 0000000180001950 f i * CIL library *:* CIL module *
 0001:00000980       ??_E_Node_back@std@@UEAAPEAXI@Z 0000000180001980 f i * CIL library *:* CIL module *
 0001:00000980       ??_G_Node_capture@std@@UEAAPEAXI@Z 0000000180001980 f i hashing.obj
 0001:00000980       ??_E_Node_capture@std@@UEAAPEAXI@Z 0000000180001980 f i * CIL library *:* CIL module *
 0001:00000980       ??_E_Node_end_group@std@@UEAAPEAXI@Z 0000000180001980 f i * CIL library *:* CIL module *
 0001:00000980       ??_E_Node_end_rep@std@@UEAAPEAXI@Z 0000000180001980 f i * CIL library *:* CIL module *
 0001:00000980       ??_G_Node_end_group@std@@UEAAPEAXI@Z 0000000180001980 f i hashing.obj
 0001:00000980       ??_G_Node_end_rep@std@@UEAAPEAXI@Z 0000000180001980 f i hashing.obj
 0001:00000980       ??_G_Node_back@std@@UEAAPEAXI@Z 0000000180001980 f i hashing.obj
 0001:000009b0       ??_E_Node_assert@std@@UEAAPEAXI@Z 00000001800019b0 f i * CIL library *:* CIL module *
 0001:000009b0       ??_G_Node_assert@std@@UEAAPEAXI@Z 00000001800019b0 f i hashing.obj
 0001:00000a40       ??_E_Node_if@std@@UEAAPEAXI@Z 0000000180001a40 f i * CIL library *:* CIL module *
 0001:00000a40       ??_G_Node_if@std@@UEAAPEAXI@Z 0000000180001a40 f i hashing.obj
 0001:00000b00       ??_E_Node_rep@std@@UEAAPEAXI@Z 0000000180001b00 f i * CIL library *:* CIL module *
 0001:00000b00       ??_G_Node_rep@std@@UEAAPEAXI@Z 0000000180001b00 f i hashing.obj
 0001:00000b30       ?_Calculate_loop_simplicity@std@@YAXPEAV_Node_base@1@0PEAV_Node_rep@1@@Z 0000000180001b30 f i hashing.obj
 0001:00000c10       ?_Throw_tree_length_error@std@@YAXXZ 0000000180001c10 f i hashing.obj
 0001:00000c30       ??1HashAlgoInfo@@QEAA@XZ   0000000180001c30 f i hashing.obj
 0001:00000cf0       ?SetFileHash@HashList@@QEAAXAEBV?$basic_string@_WU?$char_traits@_W@std@@V?$allocator@_W@2@@std@@V?$basic_string@DU?$char_traits@D@std@@V?$allocator@D@2@@3@W4rhash_ids@@@Z 0000000180001cf0 f   hashing.obj
 0001:00000fd0       ??1FileHashInfo@@QEAA@XZ   0000000180001fd0 f i hashing.obj
 0001:00001090       ?SaveHashesToFile@HashList@@AEAA_NAEBV?$basic_string@_WU?$char_traits@_W@std@@V?$allocator@_W@2@@std@@AEAV?$vector@UFileHashInfo@@V?$allocator@UFileHashInfo@@@std@@@3@I_N@Z 0000000180002090 f   hashing.obj
 0001:000014e0       ??_D?$basic_stringstream@DU?$char_traits@D@std@@V?$allocator@D@2@@std@@QEAAXXZ 00000001800024e0 f i hashing.obj
 0001:000015e0       ?SaveList@HashList@@QEAA_NPEB_WI@Z 00000001800025e0 f   hashing.obj
 0001:000016b0       ?SaveListSeparate@HashList@@QEAA_NPEB_WIAEAH1@Z 00000001800026b0 f   hashing.obj
 0001:00001b40       ?SaveListEachDir@HashList@@QEAA_NPEB_WIAEAH1@Z 0000000180002b40 f   hashing.obj
 0001:000023f0       ??1?$map@V?$basic_string@_WU?$char_traits@_W@std@@V?$allocator@_W@2@@std@@V?$vector@UFileHashInfo@@V?$allocator@UFileHashInfo@@@std@@@2@U?$less@V?$basic_string@_WU?$char_traits@_W@std@@V?$allocator@_W@2@@std@@@2@V?$allocator@U?$pair@$$CBV?$basic_string@_WU?$char_traits@_W@std@@V?$allocator@_W@2@@std@@V?$vector@UFileHashInfo@@V?$allocator@UFileHashInfo@@@std@@@2@@std@@@2@@std@@QEAA@XZ 00000001800033f0 f i hashing.obj
 0001:00002400       ?LoadList@HashList@@QEAA_NPEB_WI_N@Z 0000000180003400 f   hashing.obj
 0001:00002790       ?DetectFormat@HashList@@AEAA_NPEBDIPEB_WAEAHAEAW4HashListFormat@@@Z 0000000180003790 f   hashing.obj
 0001:00002a80       ?TryParseBSD@HashList@@AEAA_NPEBDIAEAUFileHashInfo@@@Z 0000000180003a80 f   hashing.obj
 0001:00002f20       ??1?$match_results@PEBDV?$allocator@V?$sub_match@PEBD@std@@@std@@@std@@QEAA@XZ 0000000180003f20 f i hashing.obj
 0001:00002fa0       ?TryParseSimple@HashList@@AEAA_NPEBDIHAEAUFileHashInfo@@@Z 0000000180003fa0 f   hashing.obj
 0001:000034c0       ?TryParseSfv@HashList@@AEAA_NPEBDIHAEAUFileHashInfo@@@Z 00000001800044c0 f   hashing.obj
 0001:000039e0       ?ToString@FileHashInfo@@QEBA?AV?$basic_string@_WU?$char_traits@_W@std@@V?$allocator@_W@2@@std@@XZ 00000001800049e0 f   hashing.obj
 0001:00003c60       ??_D?$basic_stringstream@_WU?$char_traits@_W@std@@V?$allocator@_W@2@@std@@QEAAXXZ 0000000180004c60 f i hashing.obj
 0001:00003d60       ?GenerateHash@@YA?AW4GenResult@@AEBV?$basic_string@_WU?$char_traits@_W@std@@V?$allocator@_W@2@@std@@V?$vector@W4rhash_ids@@V?$allocator@W4rhash_ids@@@std@@@3@AEAV?$vector@V?$basic_string@DU?$char_traits@D@std@@V?$allocator@D@2@@std@@V?$allocator@V?$basic_string@DU?$char_traits@D@std@@V?$allocator@D@2@@std@@@2@@3@_NP6A_NPEAX_J@Z4@Z 0000000180004d60 f   hashing.obj
 0001:000042f0       ?GenerateHash@@YA?AW4GenResult@@AEBV?$basic_string@_WU?$char_traits@_W@std@@V?$allocator@_W@2@@std@@W4rhash_ids@@AEAV?$basic_string@DU?$char_traits@D@std@@V?$allocator@D@2@@3@_NP6A_NPEAX_J@Z4@Z 00000001800052f0 f   hashing.obj
 0001:00004500       ?DetectHashAlgo@@YA?AV?$vector@HV?$allocator@H@std@@@std@@AEBV?$basic_string@DU?$char_traits@D@std@@V?$allocator@D@2@@2@@Z 0000000180005500 f   hashing.obj
 0001:00004670       ??1?$vector@V?$basic_string@DU?$char_traits@D@std@@V?$allocator@D@2@@std@@V?$allocator@V?$basic_string@DU?$char_traits@D@std@@V?$allocator@D@2@@std@@@2@@std@@QEAA@XZ 0000000180005670 f i hashing.obj
 0001:000046e0       ??1?$_Vb_val@V?$allocator@_N@std@@@std@@QEAA@XZ 00000001800056e0 f i hashing.obj
 0001:000046e0       ??1?$vector@_NV?$allocator@_N@std@@@std@@QEAA@XZ 00000001800056e0 f i hashing.obj
 0001:000046e0       ??1?$vector@HV?$allocator@H@std@@@std@@QEAA@XZ 00000001800056e0 f i hashing.obj
 0001:000046e0       ??1?$vector@W4rhash_ids@@V?$allocator@W4rhash_ids@@@std@@@std@@QEAA@XZ 00000001800056e0 f i hashing.obj
 0001:00004740       ?seekpos@?$basic_stringbuf@_WU?$char_traits@_W@std@@V?$allocator@_W@2@@std@@MEAA?AV?$fpos@U_Mbstatet@@@2@V32@H@Z 0000000180005740 f i hashing.obj
 0001:00004850       ?seekoff@?$basic_stringbuf@_WU?$char_traits@_W@std@@V?$allocator@_W@2@@std@@MEAA?AV?$fpos@U_Mbstatet@@@2@_JHH@Z 0000000180005850 f i hashing.obj
 0001:000049d0       ?underflow@?$basic_stringbuf@_WU?$char_traits@_W@std@@V?$allocator@_W@2@@std@@MEAAGXZ 00000001800059d0 f i hashing.obj
 0001:00004a40       ?pbackfail@?$basic_stringbuf@_WU?$char_traits@_W@std@@V?$allocator@_W@2@@std@@MEAAGG@Z 0000000180005a40 f i hashing.obj
 0001:00004aa0       ?overflow@?$basic_stringbuf@_WU?$char_traits@_W@std@@V?$allocator@_W@2@@std@@MEAAGG@Z 0000000180005aa0 f i hashing.obj
 0001:00004cf0       ??1?$basic_stringbuf@_WU?$char_traits@_W@std@@V?$allocator@_W@2@@std@@UEAA@XZ 0000000180005cf0 f i hashing.obj
 0001:00004e00       ?_Unlock@?$basic_streambuf@_WU?$char_traits@_W@std@@@std@@UEAAXXZ 0000000180005e00 f i hashing.obj
 0001:00004e00       ExitFARW                   0000000180005e00 f i IntChecker2-Far3.obj
 0001:00004e00       ?SaveValue@?$DialogItemBinding@UFarDialogItem@@@@UEAAXPEAUFarDialogItem@@H@Z 0000000180005e00 f i IntChecker2-Far3.obj
 0001:00004e00       ?_Unlock@?$basic_streambuf@DU?$char_traits@D@std@@@std@@UEAAXXZ 0000000180005e00 f i hashing.obj
 0001:00004e00       ?imbue@?$basic_streambuf@DU?$char_traits@D@std@@@std@@MEAAXAEBVlocale@2@@Z 0000000180005e00 f i hashing.obj
 0001:00004e00       ?_Lock@?$basic_streambuf@_WU?$char_traits@_W@std@@@std@@UEAAXXZ 0000000180005e00 f i hashing.obj
 0001:00004e00       ?_Lock@?$basic_streambuf@DU?$char_traits@D@std@@@std@@UEAAXXZ 0000000180005e00 f i hashing.obj
 0001:00004e00       ?InitDialogItem@?$DialogBuilderBase@UFarDialogItem@@@@MEAAXPEAUFarDialogItem@@PEB_W@Z 0000000180005e00 f i IntChecker2-Far3.obj
 0001:00004e00       _guard_check_icall_nop     0000000180005e00 f i LIBCMT:guard_support.obj
 0001:00004e00       ?imbue@?$basic_streambuf@_WU?$char_traits@_W@std@@@std@@MEAAXAEBVlocale@2@@Z 0000000180005e00 f i hashing.obj
 0001:00004e10       ?sync@?$basic_streambuf@DU?$char_traits@D@std@@@std@@MEAAHXZ 0000000180005e10 f i hashing.obj
 0001:00004e10       ?CreateCheckBoxBinding@?$DialogBuilderBase@UFarDialogItem@@@@MEAAPEAU?$DialogItemBinding@UFarDialogItem@@@@PEAHH@Z 0000000180005e10 f i IntChecker2-Far3.obj
 0001:00004e10       ?AddUIntEditField@?$DialogBuilderBase@UFarDialogItem@@@@UEAAPEAUFarDialogItem@@PEAIH@Z 0000000180005e10 f i IntChecker2-Far3.obj
 0001:00004e10       ?AddIntEditField@?$DialogBuilderBase@UFarDialogItem@@@@UEAAPEAUFarDialogItem@@PEAHH@Z 0000000180005e10 f i IntChecker2-Far3.obj
 0001:00004e10       ?sync@?$basic_streambuf@_WU?$char_traits@_W@std@@@std@@MEAAHXZ 0000000180005e10 f i hashing.obj
 0001:00004e10       ?_Get_deleter@_Ref_count_base@std@@UEBAPEAXAEBVtype_info@@@Z 0000000180005e10 f i IntChecker2-Far3.obj
 0001:00004e10       ?_Move@?$_Func_impl_no_alloc@V?$_Binder@U_Unforced@std@@A6AXAEAVFar3Panel@@@ZAEAV3@@std@@X_J@std@@EEAAPEAV?$_Func_base@X_J@2@PEAX@Z 0000000180005e10 f i IntChecker2-Far3.obj
 0001:00004e10       ?showmanyc@?$basic_streambuf@_WU?$char_traits@_W@std@@@std@@MEAA_JXZ 0000000180005e10 f i hashing.obj
 0001:00004e10       ?showmanyc@?$basic_streambuf@DU?$char_traits@D@std@@@std@@MEAA_JXZ 0000000180005e10 f i hashing.obj
 0001:00004e10       ?CreateRadioButtonBinding@?$DialogBuilderBase@UFarDialogItem@@@@MEAAPEAU?$DialogItemBinding@UFarDialogItem@@@@PEAH@Z 0000000180005e10 f i IntChecker2-Far3.obj
 0001:00004e10       ?GetLangString@?$DialogBuilderBase@UFarDialogItem@@@@MEAAPEB_WH@Z 0000000180005e10 f i IntChecker2-Far3.obj
 0001:00004e20       ?setbuf@?$basic_streambuf@_WU?$char_traits@_W@std@@@std@@MEAAPEAV12@PEA_W_J@Z 0000000180005e20 f i hashing.obj
 0001:00004e20       ?setbuf@?$basic_streambuf@DU?$char_traits@D@std@@@std@@MEAAPEAV12@PEAD_J@Z 0000000180005e20 f i hashing.obj
 0001:00004e30       ?seekpos@?$basic_streambuf@_WU?$char_traits@_W@std@@@std@@MEAA?AV?$fpos@U_Mbstatet@@@2@V32@H@Z 0000000180005e30 f i hashing.obj
 0001:00004e30       ?seekoff@?$basic_streambuf@DU?$char_traits@D@std@@@std@@MEAA?AV?$fpos@U_Mbstatet@@@2@_JHH@Z 0000000180005e30 f i hashing.obj
 0001:00004e30       ?seekoff@?$basic_streambuf@_WU?$char_traits@_W@std@@@std@@MEAA?AV?$fpos@U_Mbstatet@@@2@_JHH@Z 0000000180005e30 f i hashing.obj
 0001:00004e30       ?seekpos@?$basic_streambuf@DU?$char_traits@D@std@@@std@@MEAA?AV?$fpos@U_Mbstatet@@@2@V32@H@Z 0000000180005e30 f i hashing.obj
 0001:00004e50       ?xsputn@?$basic_streambuf@_WU?$char_traits@_W@std@@@std@@MEAA_JPEB_W_J@Z 0000000180005e50 f i hashing.obj
 0001:00004f20       ?xsgetn@?$basic_streambuf@_WU?$char_traits@_W@std@@@std@@MEAA_JPEA_W_J@Z 0000000180005f20 f i hashing.obj
 0001:00004ff0       ?uflow@?$basic_streambuf@_WU?$char_traits@_W@std@@@std@@MEAAGXZ 0000000180005ff0 f i hashing.obj
 0001:00005030       ?pbackfail@?$basic_streambuf@_WU?$char_traits@_W@std@@@std@@MEAAGG@Z 0000000180006030 f i hashing.obj
 0001:00005030       ?overflow@?$basic_streambuf@_WU?$char_traits@_W@std@@@std@@MEAAGG@Z 0000000180006030 f i hashing.obj
 0001:00005030       ?underflow@?$basic_streambuf@_WU?$char_traits@_W@std@@@std@@MEAAGXZ 0000000180006030 f i hashing.obj
 0001:00005040       ??0?$basic_stringstream@_WU?$char_traits@_W@std@@V?$allocator@_W@2@@std@@QEAA@XZ 0000000180006040 f i hashing.obj
 0001:00005160       ??1?$basic_iostream@_WU?$char_traits@_W@std@@@std@@UEAA@XZ 0000000180006160 f i hashing.obj
 0001:000051e0       ??1?$basic_istream@_WU?$char_traits@_W@std@@@std@@UEAA@XZ 00000001800061e0 f i hashing.obj
 0001:00005210       ??1?$basic_ios@_WU?$char_traits@_W@std@@@std@@UEAA@XZ 0000000180006210 f i hashing.obj
 0001:00005210       ??1?$basic_ios@DU?$char_traits@D@std@@@std@@UEAA@XZ 0000000180006210 f i hashing.obj
 0001:00005230       ??1?$basic_regex@DV?$regex_traits@D@std@@@std@@QEAA@XZ 0000000180006230 f i hashing.obj
 0001:00005270       ??0?$basic_regex@DV?$regex_traits@D@std@@@std@@QEAA@PEBDW4syntax_option_type@regex_constants@1@@Z 0000000180006270 f i hashing.obj
 0001:000053f0       ?count@?$_Tree@V?$_Tmap_traits@V?$basic_string@_WU?$char_traits@_W@std@@V?$allocator@_W@2@@std@@V?$vector@UFileHashInfo@@V?$allocator@UFileHashInfo@@@std@@@2@U?$less@V?$basic_string@_WU?$char_traits@_W@std@@V?$allocator@_W@2@@std@@@2@V?$allocator@U?$pair@$$CBV?$basic_string@_WU?$char_traits@_W@std@@V?$allocator@_W@2@@std@@V?$vector@UFileHashInfo@@V?$allocator@UFileHashInfo@@@std@@@2@@std@@@2@$0A@@std@@@std@@QEBA_KAEBV?$basic_string@_WU?$char_traits@_W@std@@V?$allocator@_W@2@@2@@Z 00000001800063f0 f i hashing.obj
 0001:00005580       ??1?$_Tree@V?$_Tmap_traits@V?$basic_string@_WU?$char_traits@_W@std@@V?$allocator@_W@2@@std@@V?$vector@UFileHashInfo@@V?$allocator@UFileHashInfo@@@std@@@2@U?$less@V?$basic_string@_WU?$char_traits@_W@std@@V?$allocator@_W@2@@std@@@2@V?$allocator@U?$pair@$$CBV?$basic_string@_WU?$char_traits@_W@std@@V?$allocator@_W@2@@std@@V?$vector@UFileHashInfo@@V?$allocator@UFileHashInfo@@@std@@@2@@std@@@2@$0A@@std@@@std@@QEAA@XZ 0000000180006580 f i hashing.obj
 0001:000055f0       ?seekpos@?$basic_stringbuf@DU?$char_traits@D@std@@V?$allocator@D@2@@std@@MEAA?AV?$fpos@U_Mbstatet@@@2@V32@H@Z 00000001800065f0 f i hashing.obj
 0001:000056e0       ?seekoff@?$basic_stringbuf@DU?$char_traits@D@std@@V?$allocator@D@2@@std@@MEAA?AV?$fpos@U_Mbstatet@@@2@_JHH@Z 00000001800066e0 f i hashing.obj
 0001:00005840       ?underflow@?$basic_stringbuf@DU?$char_traits@D@std@@V?$allocator@D@2@@std@@MEAAHXZ 0000000180006840 f i hashing.obj
 0001:000058b0       ?pbackfail@?$basic_stringbuf@DU?$char_traits@D@std@@V?$allocator@D@2@@std@@MEAAHH@Z 00000001800068b0 f i hashing.obj
 0001:00005910       ?overflow@?$basic_stringbuf@DU?$char_traits@D@std@@V?$allocator@D@2@@std@@MEAAHH@Z 0000000180006910 f i hashing.obj
 0001:00005b20       ??1?$basic_stringbuf@DU?$char_traits@D@std@@V?$allocator@D@2@@std@@UEAA@XZ 0000000180006b20 f i hashing.obj
 0001:00005c20       ?xsputn@?$basic_streambuf@DU?$char_traits@D@std@@@std@@MEAA_JPEBD_J@Z 0000000180006c20 f i hashing.obj
 0001:00005cd0       ?xsgetn@?$basic_streambuf@DU?$char_traits@D@std@@@std@@MEAA_JPEAD_J@Z 0000000180006cd0 f i hashing.obj
 0001:00005d80       ?uflow@?$basic_streambuf@DU?$char_traits@D@std@@@std@@MEAAHXZ 0000000180006d80 f i hashing.obj
 0001:00005dc0       ?pbackfail@?$basic_streambuf@DU?$char_traits@D@std@@@std@@MEAAHH@Z 0000000180006dc0 f i hashing.obj
 0001:00005dc0       ?TextWidth@?$DialogBuilderBase@UFarDialogItem@@@@MEAAHAEBUFarDialogItem@@@Z 0000000180006dc0 f i IntChecker2-Far3.obj
 0001:00005dc0       ?overflow@?$basic_streambuf@DU?$char_traits@D@std@@@std@@MEAAHH@Z 0000000180006dc0 f i hashing.obj
 0001:00005dc0       ?underflow@?$basic_streambuf@DU?$char_traits@D@std@@@std@@MEAAHXZ 0000000180006dc0 f i hashing.obj
 0001:00005dd0       ??1?$basic_iostream@DU?$char_traits@D@std@@@std@@UEAA@XZ 0000000180006dd0 f i hashing.obj
 0001:00005e50       ??1?$basic_istream@DU?$char_traits@D@std@@@std@@UEAA@XZ 0000000180006e50 f i hashing.obj
 0001:00005e80       ??1HashList@@QEAA@XZ       0000000180006e80 f i IntChecker2-Far3.obj
 0001:00005e80       ??1?$vector@UFileHashInfo@@V?$allocator@UFileHashInfo@@@std@@@std@@QEAA@XZ 0000000180006e80 f i hashing.obj
 0001:00005e90       ??4?$basic_string@DU?$char_traits@D@std@@V?$allocator@D@2@@std@@QEAAAEAV01@$$QEAV01@@Z 0000000180006e90 f i hashing.obj
 0001:00005f20       ??_E?$basic_stringbuf@_WU?$char_traits@_W@std@@V?$allocator@_W@2@@std@@UEAAPEAXI@Z 0000000180006f20 f i * CIL library *:* CIL module *
 0001:00005f20       ??_G?$basic_stringbuf@_WU?$char_traits@_W@std@@V?$allocator@_W@2@@std@@UEAAPEAXI@Z 0000000180006f20 f i hashing.obj
 0001:00005f60       ??_E?$basic_streambuf@_WU?$char_traits@_W@std@@@std@@UEAAPEAXI@Z 0000000180006f60 f i * CIL library *:* CIL module *
 0001:00005f60       ??_G?$basic_streambuf@_WU?$char_traits@_W@std@@@std@@UEAAPEAXI@Z 0000000180006f60 f i hashing.obj
 0001:00005fe0       ??_E?$basic_stringstream@_WU?$char_traits@_W@std@@V?$allocator@_W@2@@std@@UEAAPEAXI@Z 0000000180006fe0 f i * CIL library *:* CIL module *
 0001:00005fe0       ??_G?$basic_stringstream@_WU?$char_traits@_W@std@@V?$allocator@_W@2@@std@@UEAAPEAXI@Z 0000000180006fe0 f i hashing.obj
 0001:00006020       ??_E?$basic_iostream@_WU?$char_traits@_W@std@@@std@@UEAAPEAXI@Z 0000000180007020 f i * CIL library *:* CIL module *
 0001:00006020       ??_G?$basic_iostream@_WU?$char_traits@_W@std@@@std@@UEAAPEAXI@Z 0000000180007020 f i hashing.obj
 0001:000060d0       ??_G?$basic_ostream@_WU?$char_traits@_W@std@@@std@@UEAAPEAXI@Z 00000001800070d0 f i hashing.obj
 0001:000060d0       ??_E?$basic_ostream@_WU?$char_traits@_W@std@@@std@@UEAAPEAXI@Z 00000001800070d0 f i * CIL library *:* CIL module *
 0001:00006140       ??_E?$basic_istream@_WU?$char_traits@_W@std@@@std@@UEAAPEAXI@Z 0000000180007140 f i * CIL library *:* CIL module *
 0001:00006140       ??_G?$basic_istream@_WU?$char_traits@_W@std@@@std@@UEAAPEAXI@Z 0000000180007140 f i hashing.obj
 0001:000061b0       ??_G?$basic_ios@_WU?$char_traits@_W@std@@@std@@UEAAPEAXI@Z 00000001800071b0 f i hashing.obj
 0001:000061b0       ??_E?$basic_ios@DU?$char_traits@D@std@@@std@@UEAAPEAXI@Z 00000001800071b0 f i * CIL library *:* CIL module *
 0001:000061b0       ??_E?$basic_ios@_WU?$char_traits@_W@std@@@std@@UEAAPEAXI@Z 00000001800071b0 f i * CIL library *:* CIL module *
 0001:000061b0       ??_G?$basic_ios@DU?$char_traits@D@std@@@std@@UEAAPEAXI@Z 00000001800071b0 f i hashing.obj
 0001:000061f0       ??1?$regex_traits@D@std@@QEAA@XZ 00000001800071f0 f i hashing.obj
 0001:00006220       ??_G?$basic_stringbuf@DU?$char_traits@D@std@@V?$allocator@D@2@@std@@UEAAPEAXI@Z 0000000180007220 f i hashing.obj
 0001:00006220       ??_E?$basic_stringbuf@DU?$char_traits@D@std@@V?$allocator@D@2@@std@@UEAAPEAXI@Z 0000000180007220 f i * CIL library *:* CIL module *
 0001:00006260       ??_E?$basic_streambuf@DU?$char_traits@D@std@@@std@@UEAAPEAXI@Z 0000000180007260 f i * CIL library *:* CIL module *
 0001:00006260       ??_G?$basic_streambuf@DU?$char_traits@D@std@@@std@@UEAAPEAXI@Z 0000000180007260 f i hashing.obj
 0001:000062e0       ??_E?$basic_stringstream@DU?$char_traits@D@std@@V?$allocator@D@2@@std@@UEAAPEAXI@Z 00000001800072e0 f i * CIL library *:* CIL module *
 0001:000062e0       ??_G?$basic_stringstream@DU?$char_traits@D@std@@V?$allocator@D@2@@std@@UEAAPEAXI@Z 00000001800072e0 f i hashing.obj
 0001:00006320       ??_E?$basic_iostream@DU?$char_traits@D@std@@@std@@UEAAPEAXI@Z 0000000180007320 f i * CIL library *:* CIL module *
 0001:00006320       ??_G?$basic_iostream@DU?$char_traits@D@std@@@std@@UEAAPEAXI@Z 0000000180007320 f i hashing.obj
 0001:000063d0       ??_E?$basic_ostream@DU?$char_traits@D@std@@@std@@UEAAPEAXI@Z 00000001800073d0 f i * CIL library *:* CIL module *
 0001:000063d0       ??_G?$basic_ostream@DU?$char_traits@D@std@@@std@@UEAAPEAXI@Z 00000001800073d0 f i hashing.obj
 0001:00006440       ??_G?$basic_istream@DU?$char_traits@D@std@@@std@@UEAAPEAXI@Z 0000000180007440 f i hashing.obj
 0001:00006440       ??_E?$basic_istream@DU?$char_traits@D@std@@@std@@UEAAPEAXI@Z 0000000180007440 f i * CIL library *:* CIL module *
 0001:000064b0       ??1?$_Tidy_guard@V?$vector@UFileHashInfo@@V?$allocator@UFileHashInfo@@@std@@@std@@@std@@QEAA@XZ 00000001800074b0 f i hashing.obj
 0001:000064c0       ?_Pnavail@?$basic_streambuf@DU?$char_traits@D@std@@@std@@IEBA_JXZ 00000001800074c0 f i hashing.obj
 0001:000064c0       ?_Pnavail@?$basic_streambuf@_WU?$char_traits@_W@std@@@std@@IEBA_JXZ 00000001800074c0 f i hashing.obj
 0001:000064e0       ?_Gnavail@?$basic_streambuf@_WU?$char_traits@_W@std@@@std@@IEBA_JXZ 00000001800074e0 f i hashing.obj
 0001:000064e0       ?_Gnavail@?$basic_streambuf@DU?$char_traits@D@std@@@std@@IEBA_JXZ 00000001800074e0 f i hashing.obj
 0001:00006500       ??0?$basic_iostream@_WU?$char_traits@_W@std@@@std@@QEAA@PEAV?$basic_streambuf@_WU?$char_traits@_W@std@@@1@@Z 0000000180007500 f i hashing.obj
 0001:00006670       ?_Tidy@?$basic_regex@DV?$regex_traits@D@std@@@std@@AEAAXXZ 0000000180007670 f i hashing.obj
 0001:000066f0       ??0?$basic_iostream@DU?$char_traits@D@std@@@std@@QEAA@PEAV?$basic_streambuf@DU?$char_traits@D@std@@@1@@Z 00000001800076f0 f i hashing.obj
 0001:00006860       ?_Tidy@?$vector@UFileHashInfo@@V?$allocator@UFileHashInfo@@@std@@@std@@AEAAXXZ 0000000180007860 f i hashing.obj
 0001:00006920       ?_Destroy@?$vector@UFileHashInfo@@V?$allocator@UFileHashInfo@@@std@@@std@@AEAAXPEAUFileHashInfo@@0@Z 0000000180007920 f i hashing.obj
 0001:00006960       ?deallocate@?$allocator@UPanelFileInfo@@@std@@QEAAXQEAUPanelFileInfo@@_K@Z 0000000180007960 f i IntChecker2-Far3.obj
 0001:00006960       ?deallocate@?$allocator@UFileHashInfo@@@std@@QEAAXQEAUFileHashInfo@@_K@Z 0000000180007960 f i hashing.obj
 0001:000069b0       ?_Xran@?$_String_val@U?$_Simple_types@_W@std@@@std@@SAXXZ 00000001800079b0 f i hashing.obj
 0001:000069d0       ??$?6U?$char_traits@D@std@@@std@@YAAEAV?$basic_ostream@DU?$char_traits@D@std@@@0@AEAV10@PEBD@Z 00000001800079d0 f i hashing.obj
 0001:00006c40       ??$endl@DU?$char_traits@D@std@@@std@@YAAEAV?$basic_ostream@DU?$char_traits@D@std@@@0@AEAV10@@Z 0000000180007c40 f i hashing.obj
 0001:00006ce0       ??$?6_WU?$char_traits@_W@std@@@std@@YAAEAV?$basic_ostream@_WU?$char_traits@_W@std@@@0@AEAV10@PEB_W@Z 0000000180007ce0 f i hashing.obj
 0001:00006f20       ??$_Emplace_reallocate@V?$basic_string@DU?$char_traits@D@std@@V?$allocator@D@2@@std@@@?$vector@V?$basic_string@DU?$char_traits@D@std@@V?$allocator@D@2@@std@@V?$allocator@V?$basic_string@DU?$char_traits@D@std@@V?$allocator@D@2@@std@@@2@@std@@QEAAPEAV?$basic_string@DU?$char_traits@D@std@@V?$allocator@D@2@@1@QEAV21@$$QEAV21@@Z 0000000180007f20 f i hashing.obj
 0001:000071b0       ??$_Emplace_reallocate@AEBW4rhash_ids@@@?$vector@W4rhash_ids@@V?$allocator@W4rhash_ids@@@std@@@std@@QEAAPEAW4rhash_ids@@QEAW42@AEBW42@@Z 00000001800081b0 f i hashing.obj
 0001:000071b0       ??$_Emplace_reallocate@AEBH@?$vector@HV?$allocator@H@std@@@std@@QEAAPEAHQEAHAEBH@Z 00000001800081b0 f i hashing.obj
 0001:00007350       ??$_Reset@PEBD@?$basic_regex@DV?$regex_traits@D@std@@@std@@AEAAXPEBD0W4syntax_option_type@regex_constants@1@Uforward_iterator_tag@1@@Z 0000000180008350 f i hashing.obj
 0001:000074f0       ??$_Try_emplace@AEBV?$basic_string@_WU?$char_traits@_W@std@@V?$allocator@_W@2@@std@@$$V@?$map@V?$basic_string@_WU?$char_traits@_W@std@@V?$allocator@_W@2@@std@@V?$vector@UFileHashInfo@@V?$allocator@UFileHashInfo@@@std@@@2@U?$less@V?$basic_string@_WU?$char_traits@_W@std@@V?$allocator@_W@2@@std@@@2@V?$allocator@U?$pair@$$CBV?$basic_string@_WU?$char_traits@_W@std@@V?$allocator@_W@2@@std@@V?$vector@UFileHashInfo@@V?$allocator@UFileHashInfo@@@std@@@2@@std@@@2@@std@@AEAA?AU?$pair@PEAU?$_Tree_node@U?$pair@$$CBV?$basic_string@_WU?$char_traits@_W@std@@V?$allocator@_W@2@@std@@V?$vector@UFileHashInfo@@V?$allocator@UFileHashInfo@@@std@@@2@@std@@PEAX@std@@_N@1@AEBV?$basic_string@_WU?$char_traits@_W@std@@V?$allocator@_W@2@@1@@Z 00000001800084f0 f i hashing.obj
 0001:00007740       ??$_Emplace_reallocate@AEBUFileHashInfo@@@?$vector@UFileHashInfo@@V?$allocator@UFileHashInfo@@@std@@@std@@QEAAPEAUFileHashInfo@@QEAU2@AEBU2@@Z 0000000180008740 f i hashing.obj
 0001:00007930       ??$_Destroy_range@V?$allocator@V?$basic_string@DU?$char_traits@D@std@@V?$allocator@D@2@@std@@@std@@@std@@YAXPEAV?$basic_string@DU?$char_traits@D@std@@V?$allocator@D@2@@0@QEAV10@AEAV?$allocator@V?$basic_string@DU?$char_traits@D@std@@V?$allocator@D@2@@std@@@0@@Z 0000000180008930 f i hashing.obj
 0001:000079c0       ??$use_facet@V?$ctype@_W@std@@@std@@YAAEBV?$ctype@_W@0@AEBVlocale@0@@Z 00000001800089c0 f i hashing.obj
 0001:00007ad0       ??1?$_Parser@PEBDDV?$regex_traits@D@std@@@std@@QEAA@XZ 0000000180008ad0 f i hashing.obj
 0001:00007b30       ?do_hash@?$collate@D@std@@MEBAJPEBD0@Z 0000000180008b30 f i hashing.obj
 0001:00007b70       ?do_transform@?$collate@D@std@@MEBA?AV?$basic_string@DU?$char_traits@D@std@@V?$allocator@D@2@@2@PEBD0@Z 0000000180008b70 f i hashing.obj
 0001:00007d10       ?do_compare@?$collate@D@std@@MEBAHPEBD000@Z 0000000180008d10 f i hashing.obj
 0001:00007d60       ?_Getcat@?$collate@D@std@@SA_KPEAPEBVfacet@locale@2@PEBV42@@Z 0000000180008d60 f i hashing.obj
 0001:00008080       ??1sentry@?$basic_ostream@DU?$char_traits@D@std@@@std@@QEAA@XZ 0000000180009080 f i hashing.obj
 0001:00008080       ??1sentry@?$basic_ostream@_WU?$char_traits@_W@std@@@std@@QEAA@XZ 0000000180009080 f i hashing.obj
 0001:000080c0       ??0sentry@?$basic_ostream@_WU?$char_traits@_W@std@@@std@@QEAA@AEAV12@@Z 00000001800090c0 f i hashing.obj
 0001:000081e0       ??0sentry@?$basic_ostream@DU?$char_traits@D@std@@@std@@QEAA@AEAV12@@Z 00000001800091e0 f i hashing.obj
 0001:00008260       ?_Xlength@?$vector@IV?$allocator@I@std@@@std@@CAXXZ 0000000180009260 f i hashing.obj
 0001:00008260       ?_Xlength@?$vector@HV?$allocator@H@std@@@std@@CAXXZ 0000000180009260 f i hashing.obj
 0001:00008260       ?_Xlength@?$vector@V?$function@$$A6AX_J@Z@std@@V?$allocator@V?$function@$$A6AX_J@Z@std@@@2@@std@@CAXXZ 0000000180009260 f i IntChecker2-Far3.obj
 0001:00008260       ?_Xlength@?$vector@DV?$allocator@D@std@@@std@@CAXXZ 0000000180009260 f i hashing.obj
 0001:00008260       ?_Xlength@?$vector@UFarMenuItem@@V?$allocator@UFarMenuItem@@@std@@@std@@CAXXZ 0000000180009260 f i IntChecker2-Far3.obj
 0001:00008260       ?_Xlength@?$vector@V?$sub_match@PEBD@std@@V?$allocator@V?$sub_match@PEBD@std@@@2@@std@@CAXXZ 0000000180009260 f i hashing.obj
 0001:00008260       ?_Xlength@?$vector@UFileHashInfo@@V?$allocator@UFileHashInfo@@@std@@@std@@CAXXZ 0000000180009260 f i hashing.obj
 0001:00008260       ?_Xlength@?$vector@_WV?$allocator@_W@std@@@std@@CAXXZ 0000000180009260 f i IntChecker2-Far3.obj
 0001:00008260       ?_Xlength@?$vector@V?$basic_string@DU?$char_traits@D@std@@V?$allocator@D@2@@std@@V?$allocator@V?$basic_string@DU?$char_traits@D@std@@V?$allocator@D@2@@std@@@2@@std@@CAXXZ 0000000180009260 f i hashing.obj
 0001:00008260       ?_Xlength@?$vector@U_Loop_vals_t@std@@V?$allocator@U_Loop_vals_t@std@@@2@@std@@CAXXZ 0000000180009260 f i hashing.obj
 0001:00008260       ?_Xlength@?$vector@_KV?$allocator@_K@std@@@std@@CAXXZ 0000000180009260 f i IntChecker2-Far3.obj
 0001:00008260       ?_Xlength@?$vector@W4rhash_ids@@V?$allocator@W4rhash_ids@@@std@@@std@@CAXXZ 0000000180009260 f i hashing.obj
 0001:00008260       ?_Xlength@?$vector@V?$basic_string@_WU?$char_traits@_W@std@@V?$allocator@_W@2@@std@@V?$allocator@V?$basic_string@_WU?$char_traits@_W@std@@V?$allocator@_W@2@@std@@@2@@std@@CAXXZ 0000000180009260 f i IntChecker2-Far3.obj
 0001:00008260       ?_Xlength@?$vector@UPanelFileInfo@@V?$allocator@UPanelFileInfo@@@std@@@std@@CAXXZ 0000000180009260 f i IntChecker2-Far3.obj
 0001:00008260       ?_Xlength@?$vector@U_Find_file_handle@filesystem@std@@V?$allocator@U_Find_file_handle@filesystem@std@@@3@@std@@CAXXZ 0000000180009260 f i IntChecker2-Far3.obj
 0001:00008260       ?_Xlength@?$vector@PEB_WV?$allocator@PEB_W@std@@@std@@CAXXZ 0000000180009260 f i IntChecker2-Far3.obj
 0001:00008260       ?_Xlength@?$vector@U_Grp_t@?$_Tgt_state_t@PEBD@std@@V?$allocator@U_Grp_t@?$_Tgt_state_t@PEBD@std@@@3@@std@@CAXXZ 0000000180009260 f i hashing.obj
 0001:00008280       ?_Insert_node@?$_Tree_val@U?$_Tree_simple_types@U?$pair@$$CBV?$basic_string@_WU?$char_traits@_W@std@@V?$allocator@_W@2@@std@@V?$vector@UFileHashInfo@@V?$allocator@UFileHashInfo@@@std@@@2@@std@@@std@@@std@@QEAAPEAU?$_Tree_node@U?$pair@$$CBV?$basic_string@_WU?$char_traits@_W@std@@V?$allocator@_W@2@@std@@V?$vector@UFileHashInfo@@V?$allocator@UFileHashInfo@@@std@@@2@@std@@PEAX@2@U?$_Tree_id@PEAU?$_Tree_node@U?$pair@$$CBV?$basic_string@_WU?$char_traits@_W@std@@V?$allocator@_W@2@@std@@V?$vector@UFileHashInfo@@V?$allocator@UFileHashInfo@@@std@@@2@@std@@PEAX@std@@@2@QEAU32@@Z 0000000180009280 f i hashing.obj
 0001:00008500       ?flush@?$basic_ostream@DU?$char_traits@D@std@@@std@@QEAAAEAV12@XZ 0000000180009500 f i hashing.obj
 0001:000085a0       ?put@?$basic_ostream@DU?$char_traits@D@std@@@std@@QEAAAEAV12@D@Z 00000001800095a0 f i hashing.obj
 0001:000086f0       ?_Change_array@?$vector@UFileHashInfo@@V?$allocator@UFileHashInfo@@@std@@@std@@AEAAXQEAUFileHashInfo@@_K1@Z 00000001800096f0 f i hashing.obj
 0001:000087d0       ?_Umove@?$vector@UFileHashInfo@@V?$allocator@UFileHashInfo@@@std@@@std@@AEAAPEAUFileHashInfo@@PEAU3@00@Z 00000001800097d0 f i hashing.obj
 0001:000087f0       ??_E?$collate@D@std@@MEAAPEAXI@Z 00000001800097f0 f i * CIL library *:* CIL module *
 0001:000087f0       ??_G?$collate@D@std@@MEAAPEAXI@Z 00000001800097f0 f i hashing.obj
 0001:00008840       ??1?$_Alloc_construct_ptr@V?$allocator@U?$_Tree_node@U?$pair@$$CBV?$basic_string@_WU?$char_traits@_W@std@@V?$allocator@_W@2@@std@@V?$vector@UFileHashInfo@@V?$allocator@UFileHashInfo@@@std@@@2@@std@@PEAX@std@@@std@@@std@@QEAA@XZ 0000000180009840 f i hashing.obj
 0001:00008840       ??1?$_Tree_temp_node_alloc@V?$allocator@U?$_Tree_node@U?$pair@$$CBV?$basic_string@_WU?$char_traits@_W@std@@V?$allocator@_W@2@@std@@V?$vector@UFileHashInfo@@V?$allocator@UFileHashInfo@@@std@@@2@@std@@PEAX@std@@@std@@@std@@QEAA@XZ 0000000180009840 f i hashing.obj
 0001:00008860       ??1_Sentry_base@?$basic_ostream@DU?$char_traits@D@std@@@std@@QEAA@XZ 0000000180009860 f i hashing.obj
 0001:00008860       ??1_Sentry_base@?$basic_ostream@_WU?$char_traits@_W@std@@@std@@QEAA@XZ 0000000180009860 f i hashing.obj
 0001:00008890       ?_Osfx@?$basic_ostream@_WU?$char_traits@_W@std@@@std@@QEAAXXZ 0000000180009890 f i hashing.obj
 0001:00008890       ?_Osfx@?$basic_ostream@DU?$char_traits@D@std@@@std@@QEAAXXZ 0000000180009890 f i hashing.obj
 0001:000088e0       ?append@?$basic_string@_WU?$char_traits@_W@std@@V?$allocator@_W@2@@std@@QEAAAEAV12@QEB_W_K@Z 00000001800098e0 f i hashing.obj
 0001:00008960       ?resize@?$basic_string@DU?$char_traits@D@std@@V?$allocator@D@2@@std@@QEAAX_KD@Z 0000000180009960 f i hashing.obj
 0001:00008a00       ??$_Insert_range@PEAUFileHashInfo@@@?$vector@UFileHashInfo@@V?$allocator@UFileHashInfo@@@std@@@std@@AEAAXV?$_Vector_const_iterator@V?$_Vector_val@U?$_Simple_types@UFileHashInfo@@@std@@@std@@@1@PEAUFileHashInfo@@1Uforward_iterator_tag@1@@Z 0000000180009a00 f i hashing.obj
 0001:00008e80       ??$_Regex_match1@PEBDV?$allocator@V?$sub_match@PEBD@std@@@std@@DV?$regex_traits@D@2@PEBD@std@@YA_NPEBD0PEAV?$match_results@PEBDV?$allocator@V?$sub_match@PEBD@std@@@std@@@0@AEBV?$basic_regex@DV?$regex_traits@D@std@@@0@W4match_flag_type@regex_constants@0@_N@Z 0000000180009e80 f i hashing.obj
 0001:00008fd0       ??$_Insert_string@_WU?$char_traits@_W@std@@_K@std@@YAAEAV?$basic_ostream@_WU?$char_traits@_W@std@@@0@AEAV10@QEB_W_K@Z 0000000180009fd0 f i hashing.obj
 0001:00009200       ??$_Insert_string@DU?$char_traits@D@std@@_K@std@@YAAEAV?$basic_ostream@DU?$char_traits@D@std@@@0@AEAV10@QEBD_K@Z 000000018000a200 f i hashing.obj
 0001:00009470       ??$_Erase_tree@V?$allocator@U?$_Tree_node@U?$pair@$$CBV?$basic_string@_WU?$char_traits@_W@std@@V?$allocator@_W@2@@std@@V?$vector@UFileHashInfo@@V?$allocator@UFileHashInfo@@@std@@@2@@std@@PEAX@std@@@std@@@?$_Tree_val@U?$_Tree_simple_types@U?$pair@$$CBV?$basic_string@_WU?$char_traits@_W@std@@V?$allocator@_W@2@@std@@V?$vector@UFileHashInfo@@V?$allocator@UFileHashInfo@@@std@@@2@@std@@@std@@@std@@QEAAXAEAV?$allocator@U?$_Tree_node@U?$pair@$$CBV?$basic_string@_WU?$char_traits@_W@std@@V?$allocator@_W@2@@std@@V?$vector@UFileHashInfo@@V?$allocator@UFileHashInfo@@@std@@@2@@std@@PEAX@std@@@1@PEAU?$_Tree_node@U?$pair@$$CBV?$basic_string@_WU?$char_traits@_W@std@@V?$allocator@_W@2@@std@@V?$vector@UFileHashInfo@@V?$allocator@UFileHashInfo@@@std@@@2@@std@@PEAX@1@@Z 000000018000a470 f i hashing.obj
 0001:000094f0       ??$_Uninitialized_move@PEAUFileHashInfo@@V?$allocator@UFileHashInfo@@@std@@@std@@YAPEAUFileHashInfo@@QEAU1@0PEAU1@AEAV?$allocator@UFileHashInfo@@@0@@Z 000000018000a4f0 f i hashing.obj
 0001:00009590       ??$_Reallocate_grow_by@V<lambda_1dfe18491bcca09701d8ccb01d0b0af4>@@PEB_W_K@?$basic_string@_WU?$char_traits@_W@std@@V?$allocator@_W@2@@std@@AEAAAEAV01@_KV<lambda_1dfe18491bcca09701d8ccb01d0b0af4>@@PEB_W_K@Z 000000018000a590 f i hashing.obj
 0001:00009750       ??$_Reallocate_grow_by@V<lambda_e1befb086ad3257e3f042a63030725f7>@@_KD@?$basic_string@DU?$char_traits@D@std@@V?$allocator@D@2@@std@@AEAAAEAV01@_KV<lambda_e1befb086ad3257e3f042a63030725f7>@@_KD@Z 000000018000a750 f i hashing.obj
 0001:000098e0       ??1?$_Matcher@PEBDDV?$regex_traits@D@std@@PEBD@std@@QEAA@XZ 000000018000a8e0 f i hashing.obj
 0001:00009960       ??1?$_Tgt_state_t@PEBD@std@@QEAA@XZ 000000018000a960 f i hashing.obj
 0001:00009a10       ??1?$pair@$$CBV?$basic_string@_WU?$char_traits@_W@std@@V?$allocator@_W@2@@std@@V?$vector@UFileHashInfo@@V?$allocator@UFileHashInfo@@@std@@@2@@std@@QEAA@XZ 000000018000aa10 f i hashing.obj
 0001:00009a80       ??1?$_Bt_state_t@PEBD@std@@QEAA@XZ 000000018000aa80 f i hashing.obj
 0001:00009ae0       ??1?$_Uninitialized_backout_al@V?$allocator@UFileHashInfo@@@std@@@std@@QEAA@XZ 000000018000aae0 f i hashing.obj
 0001:00009b20       ??1?$_Tidy_guard@V?$_Builder@PEBDDV?$regex_traits@D@std@@@std@@@std@@QEAA@XZ 000000018000ab20 f i hashing.obj
 0001:00009b80       ??1?$vector@U_Loop_vals_t@std@@V?$allocator@U_Loop_vals_t@std@@@2@@std@@QEAA@XZ 000000018000ab80 f i hashing.obj
 0001:00009be0       ?_Trim@?$vector@_NV?$allocator@_N@std@@@std@@QEAAX_K@Z 000000018000abe0 f i hashing.obj
 0001:00009c90       ??R?$mersenne_twister@I$0CA@$0CHA@$0BIN@$0BP@$0JJAILANP@$0L@$06$0JNCMFGIA@$0P@$0OPMGAAAA@$0BC@@std@@QEAAIXZ 000000018000ac90 f i hashing.obj
 0001:00009e20       ?_Xlen@?$vector@_NV?$allocator@_N@std@@@std@@QEBAXXZ 000000018000ae20 f i hashing.obj
 0001:00009e40       ?_Error@?$_Parser@PEBDDV?$regex_traits@D@std@@@std@@AEAAXW4error_type@regex_constants@2@@Z 000000018000ae40 f i hashing.obj
 0001:00009e50       ?_Trans@?$_Parser@PEBDDV?$regex_traits@D@std@@@std@@AEAAXXZ 000000018000ae50 f i hashing.obj
 0001:0000a100       ?_Disjunction@?$_Parser@PEBDDV?$regex_traits@D@std@@@std@@AEAAXXZ 000000018000b100 f i hashing.obj
 0001:0000a320       ?_End_group@?$_Builder@PEBDDV?$regex_traits@D@std@@@std@@QEAAXPEAV_Node_base@2@@Z 000000018000b320 f i hashing.obj
 0001:0000a3d0       ?_Begin_capture_group@?$_Builder@PEBDDV?$regex_traits@D@std@@@std@@QEAAPEAV_Node_base@2@I@Z 000000018000b3d0 f i hashing.obj
 0001:0000a460       ??$_Move_unchecked@PEAUFileHashInfo@@PEAU1@@std@@YAPEAUFileHashInfo@@PEAU1@00@Z 000000018000b460 f i hashing.obj
 0001:0000a4c0       ??$_Match@V?$allocator@V?$sub_match@PEBD@std@@@std@@@?$_Matcher@PEBDDV?$regex_traits@D@std@@PEBD@std@@QEAA_NPEAV?$match_results@PEBDV?$allocator@V?$sub_match@PEBD@std@@@std@@@1@_N@Z 000000018000b4c0 f i hashing.obj
 0001:0000a700       ?_Resize@?$match_results@PEBDV?$allocator@V?$sub_match@PEBD@std@@@std@@@std@@QEAAXI@Z 000000018000b700 f i hashing.obj
 0001:0000a7d0       ?resize@?$vector@_NV?$allocator@_N@std@@@std@@QEAAX_K_N@Z 000000018000b7d0 f i hashing.obj
 0001:0000a920       ?_Insert_n@?$vector@_NV?$allocator@_N@std@@@std@@QEAA?AV?$_Vb_iterator@U?$_Wrap_alloc@V?$allocator@I@std@@@std@@@2@V?$_Vb_const_iterator@U?$_Wrap_alloc@V?$allocator@I@std@@@std@@@2@_KAEB_N@Z 000000018000b920 f i hashing.obj
 0001:0000aae0       ?erase@?$vector@_NV?$allocator@_N@std@@@std@@QEAA?AV?$_Vb_iterator@U?$_Wrap_alloc@V?$allocator@I@std@@@std@@@2@V?$_Vb_const_iterator@U?$_Wrap_alloc@V?$allocator@I@std@@@std@@@2@0@Z 000000018000bae0 f i hashing.obj
 0001:0000ad20       ?_Insert_x@?$vector@_NV?$allocator@_N@std@@@std@@QEAA_KV?$_Vb_const_iterator@U?$_Wrap_alloc@V?$allocator@I@std@@@std@@@2@_K@Z 000000018000bd20 f i hashing.obj
 0001:0000af50       ?allocate@?$allocator@I@std@@QEAAPEAI_K@Z 000000018000bf50 f i hashing.obj
 0001:0000afc0       ?_Alternative@?$_Parser@PEBDDV?$regex_traits@D@std@@@std@@AEAA_NXZ 000000018000bfc0 f i hashing.obj
 0001:0000b390       ?_New_node@?$_Builder@PEBDDV?$regex_traits@D@std@@@std@@AEAAPEAV_Node_base@2@W4_Node_type@2@@Z 000000018000c390 f i hashing.obj
 0001:0000b410       ?_Match_pat@?$_Matcher@PEBDDV?$regex_traits@D@std@@PEBD@std@@AEAA_NPEAV_Node_base@2@@Z 000000018000c410 f i hashing.obj
 0001:0000b970       ??$_Resize_reallocate@U_Value_init_tag@std@@@?$vector@U_Grp_t@?$_Tgt_state_t@PEBD@std@@V?$allocator@U_Grp_t@?$_Tgt_state_t@PEBD@std@@@3@@std@@AEAAX_KAEBU_Value_init_tag@1@@Z 000000018000c970 f i hashing.obj
 0001:0000b970       ??$_Resize_reallocate@U_Value_init_tag@std@@@?$vector@U_Loop_vals_t@std@@V?$allocator@U_Loop_vals_t@std@@@2@@std@@AEAAX_KAEBU_Value_init_tag@1@@Z 000000018000c970 f i hashing.obj
 0001:0000bae0       ??0?$_Bt_state_t@PEBD@std@@QEAA@AEBV01@@Z 000000018000cae0 f i hashing.obj
 0001:0000bb80       ??4?$_Tgt_state_t@PEBD@std@@QEAAAEAV01@AEBV01@@Z 000000018000cb80 f i hashing.obj
 0001:0000bc20       ??4?$_Bt_state_t@PEBD@std@@QEAAAEAV01@AEBV01@@Z 000000018000cc20 f i hashing.obj
 0001:0000bcc0       ?_CharacterClass@?$_Parser@PEBDDV?$regex_traits@D@std@@@std@@AEAAXXZ 000000018000ccc0 f i hashing.obj
 0001:0000be20       ?_AtomEscape@?$_Parser@PEBDDV?$regex_traits@D@std@@@std@@AEAAXXZ 000000018000ce20 f i hashing.obj
 0001:0000bfa0       ?_Wrapped_disjunction@?$_Parser@PEBDDV?$regex_traits@D@std@@@std@@AEAA_NXZ 000000018000cfa0 f i hashing.obj
 0001:0000c1c0       ?_Quantifier@?$_Parser@PEBDDV?$regex_traits@D@std@@@std@@AEAAXXZ 000000018000d1c0 f i hashing.obj
 0001:0000c420       ?_Add_char@?$_Builder@PEBDDV?$regex_traits@D@std@@@std@@QEAAXD@Z 000000018000d420 f i hashing.obj
 0001:0000c530       ?_Do_if@?$_Matcher@PEBDDV?$regex_traits@D@std@@PEBD@std@@AEAA_NPEAV_Node_if@2@@Z 000000018000d530 f i hashing.obj
 0001:0000c940       ?_Do_rep@?$_Matcher@PEBDDV?$regex_traits@D@std@@PEBD@std@@AEAA_NPEAV_Node_rep@2@_NH@Z 000000018000d940 f i hashing.obj
 0001:0000cc40       ?_Do_class@?$_Matcher@PEBDDV?$regex_traits@D@std@@PEBD@std@@AEAA_NPEAV_Node_base@2@@Z 000000018000dc40 f i hashing.obj
 0001:0000cdf0       ?_Better_match@?$_Matcher@PEBDDV?$regex_traits@D@std@@PEBD@std@@AEAA_NXZ 000000018000ddf0 f i hashing.obj
 0001:0000cec0       ?_Is_wbound@?$_Matcher@PEBDDV?$regex_traits@D@std@@PEBD@std@@AEBA_NXZ 000000018000dec0 f i hashing.obj
 0001:0000cf40       ??$_Compare@PEBDPEBDV?$regex_traits@D@std@@@std@@YAPEBDPEBD000AEBV?$regex_traits@D@0@W4syntax_option_type@regex_constants@0@@Z 000000018000df40 f i hashing.obj
 0001:0000d070       ??$_Resize_reallocate@U_Value_init_tag@std@@@?$vector@V?$sub_match@PEBD@std@@V?$allocator@V?$sub_match@PEBD@std@@@2@@std@@AEAAX_KAEBU_Value_init_tag@1@@Z 000000018000e070 f i hashing.obj
 0001:0000d270       ??$_Resize_reallocate@I@?$vector@IV?$allocator@I@std@@@std@@AEAAX_KAEBI@Z 000000018000e270 f i hashing.obj
 0001:0000d3a0       ?translate@?$_Regex_traits@D@std@@QEBADD@Z 000000018000e3a0 f i hashing.obj
 0001:0000d450       ??_G?$_Node_class@DV?$regex_traits@D@std@@@std@@UEAAPEAXI@Z 000000018000e450 f i hashing.obj
 0001:0000d450       ??_E?$_Node_class@DV?$regex_traits@D@std@@@std@@UEAAPEAXI@Z 000000018000e450 f i * CIL library *:* CIL module *
 0001:0000d560       ?_Buy_raw@?$vector@U_Grp_t@?$_Tgt_state_t@PEBD@std@@V?$allocator@U_Grp_t@?$_Tgt_state_t@PEBD@std@@@3@@std@@AEAAX_K@Z 000000018000e560 f i hashing.obj
 0001:0000d5f0       ?_DecimalDigits@?$_Parser@PEBDDV?$regex_traits@D@std@@@std@@AEAA_NXZ 000000018000e5f0 f i hashing.obj
 0001:0000d6a0       ?_CharacterClassEscape@?$_Parser@PEBDDV?$regex_traits@D@std@@@std@@AEAA_N_N@Z 000000018000e6a0 f i hashing.obj
 0001:0000d7a0       ?_ClassRanges@?$_Parser@PEBDDV?$regex_traits@D@std@@@std@@AEAAXXZ 000000018000e7a0 f i hashing.obj
 0001:0000da20       ?_CharacterEscape@?$_Parser@PEBDDV?$regex_traits@D@std@@@std@@AEAA_NXZ 000000018000ea20 f i hashing.obj
 0001:0000df30       ?_Do_assert_group@?$_Parser@PEBDDV?$regex_traits@D@std@@@std@@AEAAX_N@Z 000000018000ef30 f i hashing.obj
 0001:0000e020       ?_Add_class@?$_Builder@PEBDDV?$regex_traits@D@std@@@std@@QEAAXXZ 000000018000f020 f i hashing.obj
 0001:0000e0b0       ?_Add_rep@?$_Builder@PEBDDV?$regex_traits@D@std@@@std@@QEAAXHH_N@Z 000000018000f0b0 f i hashing.obj
 0001:0000e390       ?_Do_rep0@?$_Matcher@PEBDDV?$regex_traits@D@std@@PEBD@std@@AEAA_NPEAV_Node_rep@2@_N@Z 000000018000f390 f i hashing.obj
 0001:0000e850       ?_Clear_and_reserve_geometric@?$vector@U_Grp_t@?$_Tgt_state_t@PEBD@std@@V?$allocator@U_Grp_t@?$_Tgt_state_t@PEBD@std@@@3@@std@@AEAAX_K@Z 000000018000f850 f i hashing.obj
 0001:0000e900       ?_Clear_and_reserve_geometric@?$vector@IV?$allocator@I@std@@@std@@AEAAX_K@Z 000000018000f900 f i hashing.obj
 0001:0000e9c0       ??_E?$_Node_str@D@std@@UEAAPEAXI@Z 000000018000f9c0 f i * CIL library *:* CIL module *
 0001:0000e9c0       ??_G?$_Node_str@D@std@@UEAAPEAXI@Z 000000018000f9c0 f i hashing.obj
 0001:0000ea10       ?_HexDigits@?$_Parser@PEBDDV?$regex_traits@D@std@@@std@@AEAAXH@Z 000000018000fa10 f i hashing.obj
 0001:0000eaf0       ?_ClassAtom@?$_Parser@PEBDDV?$regex_traits@D@std@@@std@@AEAA?AW4_Prs_ret@2@XZ 000000018000faf0 f i hashing.obj
 0001:0000ee70       ?_Add_range@?$_Builder@PEBDDV?$regex_traits@D@std@@@std@@QEAAXDD@Z 000000018000fe70 f i hashing.obj
 0001:0000f000       ?_Add_named_class@?$_Builder@PEBDDV?$regex_traits@D@std@@@std@@QEAAXF_N@Z 0000000180010000 f i hashing.obj
 0001:0000f0e0       ?_Add_char_to_array@?$_Builder@PEBDDV?$regex_traits@D@std@@@std@@AEAAXD@Z 00000001800100e0 f i hashing.obj
 0001:0000f180       ??$lookup_classname@PEBD@?$_Regex_traits@D@std@@QEBAFPEBD0_N@Z 0000000180010180 f i hashing.obj
 0001:0000f2d0       ??$_Reallocate_grow_by@V<lambda_319d5e083f45f90dcdce5dce53cbb275>@@D@?$basic_string@DU?$char_traits@D@std@@V?$allocator@D@2@@std@@AEAAAEAV01@_KV<lambda_319d5e083f45f90dcdce5dce53cbb275>@@D@Z 00000001800102d0 f i hashing.obj
 0001:0000f440       ??1?$vector@DV?$allocator@D@std@@@std@@QEAA@XZ 0000000180010440 f i hashing.obj
 0001:0000f4a0       ??1?$unique_ptr@V_Node_assert@std@@U?$default_delete@V_Node_assert@std@@@2@@std@@QEAA@XZ 00000001800104a0 f i hashing.obj
 0001:0000f4a0       ??1?$unique_ptr@V_Facet_base@std@@U?$default_delete@V_Facet_base@std@@@2@@std@@QEAA@XZ 00000001800104a0 f i hashing.obj
 0001:0000f4c0       ?_Do_ex_class@?$_Parser@PEBDDV?$regex_traits@D@std@@@std@@AEAAXW4_Meta_type@2@@Z 00000001800104c0 f i hashing.obj
 0001:0000f700       ?_Add_equiv@?$_Builder@PEBDDV?$regex_traits@D@std@@@std@@QEAAXPEBD0_J@Z 0000000180010700 f i hashing.obj
 0001:0000f890       ?_Char_to_elts@?$_Builder@PEBDDV?$regex_traits@D@std@@@std@@AEAAXPEBD0_JPEAPEAU?$_Sequence@D@2@@Z 0000000180010890 f i hashing.obj
 0001:0000f970       ??$transform_primary@PEAD@?$_Regex_traits@D@std@@QEBA?AV?$basic_string@DU?$char_traits@D@std@@V?$allocator@D@2@@1@PEAD0@Z 0000000180010970 f i hashing.obj
 0001:0000f970       ??$transform_primary@PEBD@?$_Regex_traits@D@std@@QEBA?AV?$basic_string@DU?$char_traits@D@std@@V?$allocator@D@2@@1@PEBD0@Z 0000000180010970 f i hashing.obj
 0001:0000fb58       ??_E?$basic_stringstream@_WU?$char_traits@_W@std@@V?$allocator@_W@2@@std@@$4PPPPPPPM@A@EAAPEAXI@Z 0000000180010b58 f i hashing.obj
 0001:0000fb64       ??_E?$basic_ostream@DU?$char_traits@D@std@@@std@@$4PPPPPPPM@A@EAAPEAXI@Z 0000000180010b64 f i hashing.obj
 0001:0000fb70       ??_E?$basic_stringstream@DU?$char_traits@D@std@@V?$allocator@D@2@@std@@$4PPPPPPPM@A@EAAPEAXI@Z 0000000180010b70 f i hashing.obj
 0001:0000fb7c       ??_E?$basic_iostream@_WU?$char_traits@_W@std@@@std@@$4PPPPPPPM@A@EAAPEAXI@Z 0000000180010b7c f i hashing.obj
 0001:0000fb88       ??_E?$basic_ostream@_WU?$char_traits@_W@std@@@std@@$4PPPPPPPM@A@EAAPEAXI@Z 0000000180010b88 f i hashing.obj
 0001:0000fb94       ??_E?$basic_istream@DU?$char_traits@D@std@@@std@@$4PPPPPPPM@A@EAAPEAXI@Z 0000000180010b94 f i hashing.obj
 0001:0000fba0       ??_E?$basic_istream@_WU?$char_traits@_W@std@@@std@@$4PPPPPPPM@A@EAAPEAXI@Z 0000000180010ba0 f i hashing.obj
 0001:0000fbac       ??_E?$basic_iostream@DU?$char_traits@D@std@@@std@@$4PPPPPPPM@A@EAAPEAXI@Z 0000000180010bac f i hashing.obj
 0001:0000fbc0       ??A?$basic_string@DU?$char_traits@D@std@@V?$allocator@D@2@@std@@QEAAAEAD_K@Z 0000000180010bc0 f i hashing.obj
 0001:0000fbe0       ??_E?$ctype@_W@std@@MEAAPEAXI@Z 0000000180010be0 f i * CIL library *:* CIL module *
 0001:0000fbe0       ??_G?$ctype@_W@std@@MEAAPEAXI@Z 0000000180010be0 f i hashing.obj
 0001:0000fc40       ?do_is@?$ctype@_W@std@@MEBAPEB_WPEB_W0PEAF@Z 0000000180010c40 f i hashing.obj
 0001:0000fc60       ?do_scan_is@?$ctype@_W@std@@MEBAPEB_WFPEB_W0@Z 0000000180010c60 f i hashing.obj
 0001:0000fcd0       ?do_is@?$ctype@_W@std@@MEBA_NF_W@Z 0000000180010cd0 f i hashing.obj
 0001:0000fd00       ?do_scan_not@?$ctype@_W@std@@MEBAPEB_WFPEB_W0@Z 0000000180010d00 f i hashing.obj
 0001:0000fd70       ?do_tolower@?$ctype@_W@std@@MEBAPEB_WPEA_WPEB_W@Z 0000000180010d70 f i hashing.obj
 0001:0000fdc0       ?do_tolower@?$ctype@_W@std@@MEBA_W_W@Z 0000000180010dc0 f i hashing.obj
 0001:0000fdd0       ?do_toupper@?$ctype@_W@std@@MEBAPEB_WPEA_WPEB_W@Z 0000000180010dd0 f i hashing.obj
 0001:0000fe20       ?do_toupper@?$ctype@_W@std@@MEBA_W_W@Z 0000000180010e20 f i hashing.obj
 0001:0000fe30       ?do_widen@?$ctype@_W@std@@MEBAPEBDPEBD0PEA_W@Z 0000000180010e30 f i hashing.obj
 0001:0000fed0       ?do_narrow@?$ctype@_W@std@@MEBAPEB_WPEB_W0DPEAD@Z 0000000180010ed0 f i hashing.obj
 0001:0000ff80       ?do_narrow@?$ctype@_W@std@@MEBAD_WD@Z 0000000180010f80 f i hashing.obj
 0001:0000ffe0       ?_Getcat@?$ctype@_W@std@@SA_KPEAPEBVfacet@locale@2@PEBV42@@Z 0000000180010fe0 f i hashing.obj
 0001:000101a0       ?do_widen@?$ctype@_W@std@@MEBA_WD@Z 00000001800111a0 f i hashing.obj
 0001:000101f0       ??$_Reallocate_grow_by@V<lambda_65e615be2a453ca0576c979606f46740>@@PEBD_K@?$basic_string@DU?$char_traits@D@std@@V?$allocator@D@2@@std@@AEAAAEAV01@_KV<lambda_65e615be2a453ca0576c979606f46740>@@PEBD_K@Z 00000001800111f0 f i hashing.obj
 0001:00010380       ?append@?$basic_string@DU?$char_traits@D@std@@V?$allocator@D@2@@std@@QEAAAEAV12@QEBD_K@Z 0000000180011380 f i hashing.obj
 0001:00010400       ??0_System_error@std@@IEAA@Verror_code@1@AEBV?$basic_string@DU?$char_traits@D@std@@V?$allocator@D@2@@1@@Z 0000000180011400 f i hashing.obj
 0001:000105a0       ??0failure@ios_base@std@@QEAA@PEBDAEBVerror_code@2@@Z 00000001800115a0 f i hashing.obj
 0001:00010680       ??_E_Generic_error_category@std@@UEAAPEAXI@Z 0000000180011680 f i * CIL library *:* CIL module *
 0001:00010680       ??_G_System_error_category@std@@UEAAPEAXI@Z 0000000180011680 f i IntChecker2-Far3.obj
 0001:00010680       ??_E_Iostream_error_category2@std@@UEAAPEAXI@Z 0000000180011680 f i * CIL library *:* CIL module *
 0001:00010680       ??_G_Generic_error_category@std@@UEAAPEAXI@Z 0000000180011680 f i IntChecker2-Far3.obj
 0001:00010680       ??_G_Iostream_error_category2@std@@UEAAPEAXI@Z 0000000180011680 f i hashing.obj
 0001:00010680       ??_E_System_error_category@std@@UEAAPEAXI@Z 0000000180011680 f i * CIL library *:* CIL module *
 0001:000106b0       ?name@_Iostream_error_category2@std@@UEBAPEBDXZ 00000001800116b0 f i hashing.obj
 0001:000106c0       ?message@_Iostream_error_category2@std@@UEBA?AV?$basic_string@DU?$char_traits@D@std@@V?$allocator@D@2@@2@H@Z 00000001800116c0 f i hashing.obj
 0001:00010740       ?equivalent@error_category@std@@UEBA_NAEBVerror_code@2@H@Z 0000000180011740 f i hashing.obj
 0001:00010760       ?default_error_condition@error_category@std@@UEBA?AVerror_condition@2@H@Z 0000000180011760 f i hashing.obj
 0001:00010770       ?equivalent@error_category@std@@UEBA_NHAEBVerror_condition@2@@Z 0000000180011770 f i hashing.obj
 0001:000107b0       ?make_error_code@std@@YA?AVerror_code@1@W4io_errc@1@@Z 00000001800117b0 f i hashing.obj
 0001:000107d0       ??_Esystem_error@std@@UEAAPEAXI@Z 00000001800117d0 f i * CIL library *:* CIL module *
 0001:000107d0       ??_Efailure@ios_base@std@@UEAAPEAXI@Z 00000001800117d0 f i * CIL library *:* CIL module *
 0001:000107d0       ??_Gsystem_error@std@@UEAAPEAXI@Z 00000001800117d0 f i hashing.obj
 0001:000107d0       ??_E_System_error@std@@UEAAPEAXI@Z 00000001800117d0 f i * CIL library *:* CIL module *
 0001:000107d0       ??_G_System_error@std@@UEAAPEAXI@Z 00000001800117d0 f i hashing.obj
 0001:000107d0       ??_Gfailure@ios_base@std@@UEAAPEAXI@Z 00000001800117d0 f i hashing.obj
 0001:00010820       ??0failure@ios_base@std@@QEAA@AEBV012@@Z 0000000180011820 f i hashing.obj
 0001:00010880       ??0system_error@std@@QEAA@AEBV01@@Z 0000000180011880 f i hashing.obj
 0001:000108e0       ??0_System_error@std@@QEAA@AEBV01@@Z 00000001800118e0 f i hashing.obj
 0001:00010930       ??0runtime_error@std@@QEAA@AEBV01@@Z 0000000180011930 f i hashing.obj
 0001:00010970       ?clear@ios_base@std@@QEAAXH_N@Z 0000000180011970 f i hashing.obj
 0001:000109f0       ??_G?$ctype@D@std@@MEAAPEAXI@Z 00000001800119f0 f i hashing.obj
 0001:000109f0       ??_E?$ctype@D@std@@MEAAPEAXI@Z 00000001800119f0 f i * CIL library *:* CIL module *
 0001:00010a60       ?do_tolower@?$ctype@D@std@@MEBAPEBDPEADPEBD@Z 0000000180011a60 f i hashing.obj
 0001:00010ab0       ?do_tolower@?$ctype@D@std@@MEBADD@Z 0000000180011ab0 f i hashing.obj
 0001:00010ac0       ?do_toupper@?$ctype@D@std@@MEBAPEBDPEADPEBD@Z 0000000180011ac0 f i hashing.obj
 0001:00010b10       ?do_toupper@?$ctype@D@std@@MEBADD@Z 0000000180011b10 f i hashing.obj
 0001:00010b20       ?do_widen@?$ctype@D@std@@MEBAPEBDPEBD0PEAD@Z 0000000180011b20 f i hashing.obj
 0001:00010b40       ?do_narrow@?$ctype@D@std@@MEBADDD@Z 0000000180011b40 f i hashing.obj
 0001:00010b40       ?do_widen@?$ctype@D@std@@MEBADD@Z 0000000180011b40 f i hashing.obj
 0001:00010b50       ?do_narrow@?$ctype@D@std@@MEBAPEBDPEBD0DPEAD@Z 0000000180011b50 f i hashing.obj
 0001:00010b70       ??1?$_Yarn@D@std@@QEAA@XZ  0000000180011b70 f i hashing.obj
 0001:00010b70       ??1?$_Yarn@_W@std@@QEAA@XZ 0000000180011b70 f i hashing.obj
 0001:00010ba0       ?_Getcat@?$ctype@D@std@@SA_KPEAPEBVfacet@locale@2@PEBV42@@Z 0000000180011ba0 f i hashing.obj
 0001:00010d30       ??0bad_cast@std@@QEAA@XZ   0000000180011d30 f i hashing.obj
 0001:00010d60       ??0bad_cast@std@@QEAA@AEBV01@@Z 0000000180011d60 f i hashing.obj
 0001:00010da0       ?_Throw_bad_cast@std@@YAXXZ 0000000180011da0 f i hashing.obj
 0001:00010dc0       ??$use_facet@V?$ctype@D@std@@@std@@YAAEBV?$ctype@D@0@AEBVlocale@0@@Z 0000000180011dc0 f i hashing.obj
 0001:00010ed0       ??_G_Facet_base@std@@UEAAPEAXI@Z 0000000180011ed0 f i hashing.obj
 0001:00010ed0       ??_E_Facet_base@std@@UEAAPEAXI@Z 0000000180011ed0 f i * CIL library *:* CIL module *
 0001:00010f00       ??1locale@std@@QEAA@XZ     0000000180011f00 f i hashing.obj
 0001:00010f30       ??_Eios_base@std@@UEAAPEAXI@Z 0000000180011f30 f i * CIL library *:* CIL module *
 0001:00010f30       ??_Gios_base@std@@UEAAPEAXI@Z 0000000180011f30 f i hashing.obj
 0001:00010f70       ?assign@?$basic_string@DU?$char_traits@D@std@@V?$allocator@D@2@@std@@QEAAAEAV12@QEBD_K@Z 0000000180011f70 f i hashing.obj
 0001:000110d0       ??0?$basic_string@DU?$char_traits@D@std@@V?$allocator@D@2@@std@@QEAA@QEBD@Z 00000001800120d0 f i hashing.obj
 0001:00011110       ??0?$basic_string@DU?$char_traits@D@std@@V?$allocator@D@2@@std@@QEAA@AEBV01@@Z 0000000180012110 f i hashing.obj
 0001:000111f0       ??1?$basic_string@DU?$char_traits@D@std@@V?$allocator@D@2@@std@@QEAA@XZ 00000001800121f0 f i hashing.obj
 0001:00011250       ?_Incref@facet@locale@std@@UEAAXXZ 0000000180012250 f i hashing.obj
 0001:00011260       ?_Decref@facet@locale@std@@UEAAPEAV_Facet_base@3@XZ 0000000180012260 f i hashing.obj
 0001:00011270       ??1DialogAPIBinding@@UEAA@XZ 0000000180012270 f i IntChecker2-Far3.obj
 0001:00011280       ?SaveValue@PluginCheckBoxBinding@@UEAAXPEAUFarDialogItem@@H@Z 0000000180012280 f i IntChecker2-Far3.obj
 0001:000112e0       ??_EPluginCheckBoxBinding@@UEAAPEAXI@Z 00000001800122e0 f i * CIL library *:* CIL module *
 0001:000112e0       ??_GPluginCheckBoxBinding@@UEAAPEAXI@Z 00000001800122e0 f i IntChecker2-Far3.obj
 0001:000112e0       ??_EPluginEditFieldBinding@@UEAAPEAXI@Z 00000001800122e0 f i * CIL library *:* CIL module *
 0001:000112e0       ??_GPluginEditFieldBinding@@UEAAPEAXI@Z 00000001800122e0 f i IntChecker2-Far3.obj
 0001:00011310       ?SaveValue@PluginRadioButtonBinding@@UEAAXPEAUFarDialogItem@@H@Z 0000000180012310 f i IntChecker2-Far3.obj
 0001:00011360       ??_EPluginRadioButtonBinding@@UEAAPEAXI@Z 0000000180012360 f i * CIL library *:* CIL module *
 0001:00011360       ??_GPluginRadioButtonBinding@@UEAAPEAXI@Z 0000000180012360 f i IntChecker2-Far3.obj
 0001:00011390       ?SaveValue@PluginEditFieldBinding@@UEAAXPEAUFarDialogItem@@H@Z 0000000180012390 f i IntChecker2-Far3.obj
 0001:000113d0       ?SaveValue@PluginIntEditFieldBinding@@UEAAXPEAUFarDialogItem@@H@Z 00000001800123d0 f i IntChecker2-Far3.obj
 0001:00011420       ??_GPluginIntEditFieldBinding@@UEAAPEAXI@Z 0000000180012420 f i IntChecker2-Far3.obj
 0001:00011420       ??_EPluginIntEditFieldBinding@@UEAAPEAXI@Z 0000000180012420 f i * CIL library *:* CIL module *
 0001:00011420       ??_EPluginUIntEditFieldBinding@@UEAAPEAXI@Z 0000000180012420 f i * CIL library *:* CIL module *
 0001:00011420       ??_GPluginUIntEditFieldBinding@@UEAAPEAXI@Z 0000000180012420 f i IntChecker2-Far3.obj
 0001:00011450       ?SaveValue@PluginUIntEditFieldBinding@@UEAAXPEAUFarDialogItem@@H@Z 0000000180012450 f i IntChecker2-Far3.obj
 0001:000114a0       ?SaveValue@PluginListControlBinding@@UEAAXPEAUFarDialogItem@@H@Z 00000001800124a0 f i IntChecker2-Far3.obj
 0001:00011520       ??_GPluginListControlBinding@@UEAAPEAXI@Z 0000000180012520 f i IntChecker2-Far3.obj
 0001:00011520       ??_EPluginListControlBinding@@UEAAPEAXI@Z 0000000180012520 f i * CIL library *:* CIL module *
 0001:00011590       ?InitDialogItem@PluginDialogBuilder@@MEAAXPEAUFarDialogItem@@PEB_W@Z 0000000180012590 f i IntChecker2-Far3.obj
 0001:000115c0       ?TextWidth@PluginDialogBuilder@@MEAAHAEBUFarDialogItem@@@Z 00000001800125c0 f i IntChecker2-Far3.obj
 0001:000115d0       ?GetLangString@PluginDialogBuilder@@MEAAPEB_WH@Z 00000001800125d0 f i IntChecker2-Far3.obj
 0001:000115f0       ?DoShowDialog@PluginDialogBuilder@@MEAA_JXZ 00000001800125f0 f i IntChecker2-Far3.obj
 0001:000116b0       ?CreateCheckBoxBinding@PluginDialogBuilder@@MEAAPEAU?$DialogItemBinding@UFarDialogItem@@@@PEAHH@Z 00000001800126b0 f i IntChecker2-Far3.obj
 0001:00011720       ?CreateRadioButtonBinding@PluginDialogBuilder@@MEAAPEAU?$DialogItemBinding@UFarDialogItem@@@@PEAH@Z 0000000180012720 f i IntChecker2-Far3.obj
 0001:00011780       ?AddListControl@PluginDialogBuilder@@IEAAPEAUFarDialogItem@@W4FARDIALOGITEMTYPES@@PEAHPEA_WHHPEBQEB_W_K4@Z 0000000180012780 f i IntChecker2-Far3.obj
 0001:00011900       ??1PluginDialogBuilder@@UEAA@XZ 0000000180012900 f i IntChecker2-Far3.obj
 0001:00011990       ?AddIntEditField@PluginDialogBuilder@@UEAAPEAUFarDialogItem@@PEAHH@Z 0000000180012990 f i IntChecker2-Far3.obj
 0001:00011ae0       ?AddUIntEditField@PluginDialogBuilder@@UEAAPEAUFarDialogItem@@PEAIH@Z 0000000180012ae0 f i IntChecker2-Far3.obj
 0001:00011c30       ??_GPluginDialogBuilder@@UEAAPEAXI@Z 0000000180012c30 f i IntChecker2-Far3.obj
 0001:00011c30       ??_EPluginDialogBuilder@@UEAAPEAXI@Z 0000000180012c30 f i * CIL library *:* CIL module *
 0001:00011ce0       ??1PluginSettings@@QEAA@XZ 0000000180012ce0 f i IntChecker2-Far3.obj
 0001:00011d00       ??1FarScreenSave@@QEAA@XZ  0000000180012d00 f i IntChecker2-Far3.obj
 0001:00011d20       ??0ProgressContext@@QEAA@H_J@Z 0000000180012d20 f i IntChecker2-Far3.obj
 0001:00012450       ??0FarMenu@@QEAA@PEBUPluginStartupInfo@@PEBU_GUID@@1PEB_W2@Z 0000000180013450 f i IntChecker2-Far3.obj
 0001:00012550       ?AddItemEx@FarMenu@@QEAAXPEB_WV?$function@$$A6AX_J@Z@std@@_K_J@Z 0000000180013550 f i IntChecker2-Far3.obj
 0001:00012660       ?Run@FarMenu@@QEAA_JXZ     0000000180013660 f i IntChecker2-Far3.obj
 0001:00012760       ??1?$function@$$A6AX_J@Z@std@@QEAA@XZ 0000000180013760 f i IntChecker2-Far3.obj
 0001:00012760       ??1?$function@$$A6AHPEB_W@Z@std@@QEAA@XZ 0000000180013760 f i IntChecker2-Far3.obj
 0001:00012760       ??1?$_Func_class@X_J@std@@QEAA@XZ 0000000180013760 f i IntChecker2-Far3.obj
 0001:00012790       ?_Make_ec@filesystem@std@@YA?AVerror_code@2@W4__std_win_error@@@Z 0000000180013790 f i IntChecker2-Far3.obj
 0001:000127b0       ?_Throw_system_error_from_std_win_error@filesystem@std@@YAXW4__std_win_error@@@Z 00000001800137b0 f i IntChecker2-Far3.obj
 0001:000127f0       ?_Find_root_name_end@filesystem@std@@YAPEB_WQEB_W0@Z 00000001800137f0 f i IntChecker2-Far3.obj
 0001:000128e0       ?_Is_dot_or_dotdot@filesystem@std@@YA_NAEBU__std_fs_find_data@@@Z 00000001800138e0 f i IntChecker2-Far3.obj
 0001:00012910       ??1_Find_file_handle@filesystem@std@@QEAA@XZ 0000000180013910 f i IntChecker2-Far3.obj
 0001:00012920       ??_0path@filesystem@std@@QEAAAEAV012@AEBV012@@Z 0000000180013920 f i IntChecker2-Far3.obj
 0001:00012bf0       ??0filesystem_error@filesystem@std@@QEAA@AEBV?$basic_string@DU?$char_traits@D@std@@V?$allocator@D@2@@2@Verror_code@2@@Z 0000000180013bf0 f i IntChecker2-Far3.obj
 0001:00012ca0       ??0filesystem_error@filesystem@std@@QEAA@AEBV?$basic_string@DU?$char_traits@D@std@@V?$allocator@D@2@@2@AEBVpath@12@Verror_code@2@@Z 0000000180013ca0 f i IntChecker2-Far3.obj
 0001:00012de0       ?what@filesystem_error@filesystem@std@@UEBAPEBDXZ 0000000180013de0 f i IntChecker2-Far3.obj
 0001:00012df0       ?_Pretty_message@filesystem_error@filesystem@std@@CA?AV?$basic_string@DU?$char_traits@D@std@@V?$allocator@D@2@@3@V?$basic_string_view@DU?$char_traits@D@std@@@3@AEBVpath@23@1@Z 0000000180013df0 f i IntChecker2-Far3.obj
 0001:000130d0       ??_Gfilesystem_error@filesystem@std@@UEAAPEAXI@Z 00000001800140d0 f i IntChecker2-Far3.obj
 0001:000130d0       ??_Efilesystem_error@filesystem@std@@UEAAPEAXI@Z 00000001800140d0 f i * CIL library *:* CIL module *
 0001:00013220       ??1filesystem_error@filesystem@std@@UEAA@XZ 0000000180014220 f i IntChecker2-Far3.obj
 0001:00013340       ?_Throw_fs_error@filesystem@std@@YAXPEBDW4__std_win_error@@@Z 0000000180014340 f i IntChecker2-Far3.obj
 0001:000133a0       ??0filesystem_error@filesystem@std@@QEAA@AEBV012@@Z 00000001800143a0 f i IntChecker2-Far3.obj
 0001:00013430       ?_Throw_fs_error@filesystem@std@@YAXPEBDW4__std_win_error@@AEBVpath@12@@Z 0000000180014430 f i IntChecker2-Far3.obj
 0001:000134a0       ?_Get_any_status@directory_entry@filesystem@std@@AEBA?AU_File_status_and_error@23@W4__std_fs_stats_flags@@@Z 00000001800144a0 f i IntChecker2-Far3.obj
 0001:00013610       ?_Open_dir@_Dir_enum_impl@filesystem@std@@SA?AW4__std_win_error@@AEAVpath@23@W4directory_options@23@AEAU_Find_file_handle@23@AEAU__std_fs_find_data@@@Z 0000000180014610 f i IntChecker2-Far3.obj
 0001:00013770       ?_Refresh@_Dir_enum_impl@filesystem@std@@QEAAXAEBU__std_fs_find_data@@@Z 0000000180014770 f i IntChecker2-Far3.obj
 0001:00013910       ??1directory_entry@filesystem@std@@QEAA@XZ 0000000180014910 f i IntChecker2-Far3.obj
 0001:00013980       ?_Advance_and_reset_if_no_more_files@_Recursive_dir_enum_impl@filesystem@std@@SA?AW4__std_win_error@@AEAV?$shared_ptr@U_Recursive_dir_enum_impl@filesystem@std@@@3@@Z 0000000180014980 f i IntChecker2-Far3.obj
 0001:00013d20       ??1_Dir_enum_impl@filesystem@std@@QEAA@XZ 0000000180014d20 f i IntChecker2-Far3.obj
 0001:00013d90       ??1recursive_directory_iterator@filesystem@std@@QEAA@XZ 0000000180014d90 f i IntChecker2-Far3.obj
 0001:00013d90       ??1?$shared_ptr@U_Recursive_dir_enum_impl@filesystem@std@@@std@@QEAA@XZ 0000000180014d90 f i IntChecker2-Far3.obj
 0001:00014010       ?GetPanelDirectory@Far3Panel@@QEAA?AV?$basic_string@_WU?$char_traits@_W@std@@V?$allocator@_W@2@@std@@XZ 0000000180015010 f i IntChecker2-Far3.obj
 0001:00014140       ?GetSelectedItemPath@Far3Panel@@QEAA?AV?$basic_string@_WU?$char_traits@_W@std@@V?$allocator@_W@2@@std@@XZ 0000000180015140 f i IntChecker2-Far3.obj
 0001:00014370       ?GetSelectedFiles@Far3Panel@@QEAAX_NPEAXAEAV?$vector@UPanelFileInfo@@V?$allocator@UPanelFileInfo@@@std@@@std@@@Z 0000000180015370 f i IntChecker2-Far3.obj
 0001:00014ec0       ?SetItemsSelection@Far3Panel@@QEAAXV?$function@$$A6AHPEB_W@Z@std@@@Z 0000000180015ec0 f i IntChecker2-Far3.obj
 0001:00015030       ?ClearSelection@Far3Panel@@QEAAXXZ 0000000180016030 f i IntChecker2-Far3.obj
 0001:000150b0       ??1PanelFileInfo@@QEAA@XZ  00000001800160b0 f i IntChecker2-Far3.obj
 0001:00018310       ??1ProgressContext@@QEAA@XZ 0000000180019310 f i IntChecker2-Far3.obj
 0001:00019e30       ??1HashGenerationParams@@QEAA@XZ 000000018001ae30 f i IntChecker2-Far3.obj
 0001:0001b7c0       ??1FarMenu@@QEAA@XZ        000000018001c7c0 f i IntChecker2-Far3.obj
 0001:0001d820       GetGlobalInfoW             000000018001e820 f   IntChecker2-Far3.obj
 0001:0001d8a0       SetStartupInfoW            000000018001e8a0 f   IntChecker2-Far3.obj
 0001:0001d990       GetPluginInfoW             000000018001e990 f   IntChecker2-Far3.obj
 0001:0001da30       ConfigureW                 000000018001ea30 f   IntChecker2-Far3.obj
 0001:0001e170       OpenW                      000000018001f170 f   IntChecker2-Far3.obj
 0001:0001eb00       ??1?$vector@_KV?$allocator@_K@std@@@std@@QEAA@XZ 000000018001fb00 f i IntChecker2-Far3.obj
 0001:0001eb60       ??1?$vector@UPanelFileInfo@@V?$allocator@UPanelFileInfo@@@std@@@std@@QEAA@XZ 000000018001fb60 f i IntChecker2-Far3.obj
 0001:0001ec20       ??1?$vector@U_Find_file_handle@filesystem@std@@V?$allocator@U_Find_file_handle@filesystem@std@@@3@@std@@QEAA@XZ 000000018001fc20 f i IntChecker2-Far3.obj
 0001:0001ecb0       ??1?$vector@V?$function@$$A6AX_J@Z@std@@V?$allocator@V?$function@$$A6AX_J@Z@std@@@2@@std@@QEAA@XZ 000000018001fcb0 f i IntChecker2-Far3.obj
 0001:0001ed60       ??1?$vector@UFarMenuItem@@V?$allocator@UFarMenuItem@@@std@@@std@@QEAA@XZ 000000018001fd60 f i IntChecker2-Far3.obj
 0001:0001ede0       ??1?$vector@_WV?$allocator@_W@std@@@std@@QEAA@XZ 000000018001fde0 f i IntChecker2-Far3.obj
 0001:0001ee40       ??1?$vector@V?$basic_string@_WU?$char_traits@_W@std@@V?$allocator@_W@2@@std@@V?$allocator@V?$basic_string@_WU?$char_traits@_W@std@@V?$allocator@_W@2@@std@@@2@@std@@QEAA@XZ 000000018001fe40 f i IntChecker2-Far3.obj
 0001:0001ee50       ?ShowDialogEx@?$DialogBuilderBase@UFarDialogItem@@@@QEAA_JXZ 000000018001fe50 f i IntChecker2-Far3.obj
 0001:0001ef90       ?AddButtons@?$DialogBuilderBase@UFarDialogItem@@@@QEAAPEAUFarDialogItem@@HPEBHHH@Z 000000018001ff90 f i IntChecker2-Far3.obj
 0001:0001f140       ?AddTextBefore@?$DialogBuilderBase@UFarDialogItem@@@@QEAAPEAUFarDialogItem@@PEAU2@PEB_W@Z 0000000180020140 f i IntChecker2-Far3.obj
 0001:0001f2b0       ?AddRadioButtons@?$DialogBuilderBase@UFarDialogItem@@@@QEAAPEAUFarDialogItem@@PEAHHQEBH_N@Z 00000001800202b0 f i IntChecker2-Far3.obj
 0001:0001f430       ?AddCheckbox@?$DialogBuilderBase@UFarDialogItem@@@@QEAAPEAUFarDialogItem@@PEB_WPEAHH_N@Z 0000000180020430 f i IntChecker2-Far3.obj
 0001:0001f550       ??1?$DialogBuilderBase@UFarDialogItem@@@@MEAA@XZ 0000000180020550 f i IntChecker2-Far3.obj
 0001:0001f5d0       ?DoShowDialog@?$DialogBuilderBase@UFarDialogItem@@@@MEAA_JXZ 00000001800205d0 f i IntChecker2-Far3.obj
 0001:0001f5e0       ?AddDialogItem@?$DialogBuilderBase@UFarDialogItem@@@@IEAAPEAUFarDialogItem@@W4FARDIALOGITEMTYPES@@PEB_W@Z 00000001800205e0 f i IntChecker2-Far3.obj
 0001:0001f790       ??_E?$DialogBuilderBase@UFarDialogItem@@@@MEAAPEAXI@Z 0000000180020790 f i * CIL library *:* CIL module *
 0001:0001f790       ??_G?$DialogBuilderBase@UFarDialogItem@@@@MEAAPEAXI@Z 0000000180020790 f i IntChecker2-Far3.obj
 0001:0001f820       ??_G?$DialogItemBinding@UFarDialogItem@@@@UEAAPEAXI@Z 0000000180020820 f i IntChecker2-Far3.obj
 0001:0001f820       ??_E?$DialogItemBinding@UFarDialogItem@@@@UEAAPEAXI@Z 0000000180020820 f i * CIL library *:* CIL module *
 0001:0001f850       ??1?$_Tidy_guard@V?$vector@V?$basic_string@_WU?$char_traits@_W@std@@V?$allocator@_W@2@@std@@V?$allocator@V?$basic_string@_WU?$char_traits@_W@std@@V?$allocator@_W@2@@std@@@2@@std@@@std@@QEAA@XZ 0000000180020850 f i IntChecker2-Far3.obj
 0001:0001f860       ?_Destroy@?$vector@UPanelFileInfo@@V?$allocator@UPanelFileInfo@@@std@@@std@@AEAAXPEAUPanelFileInfo@@0@Z 0000000180020860 f i IntChecker2-Far3.obj
 0001:0001f8a0       ?_Destroy@?$vector@V?$function@$$A6AX_J@Z@std@@V?$allocator@V?$function@$$A6AX_J@Z@std@@@2@@std@@AEAAXPEAV?$function@$$A6AX_J@Z@2@0@Z 00000001800208a0 f i IntChecker2-Far3.obj
 0001:0001f900       ?_Tidy@?$vector@V?$basic_string@_WU?$char_traits@_W@std@@V?$allocator@_W@2@@std@@V?$allocator@V?$basic_string@_WU?$char_traits@_W@std@@V?$allocator@_W@2@@std@@@2@@std@@AEAAXXZ 0000000180020900 f i IntChecker2-Far3.obj
 0001:0001f970       ?_Xrange@?$vector@UFileHashInfo@@V?$allocator@UFileHashInfo@@@std@@@std@@CAXXZ 0000000180020970 f i IntChecker2-Far3.obj
 0001:0001f990       ?UpdateBorderSize@?$DialogBuilderBase@UFarDialogItem@@@@IEAAXXZ 0000000180020990 f i IntChecker2-Far3.obj
 0001:0001fb70       ?deallocate@?$allocator@V?$function@$$A6AX_J@Z@std@@@std@@QEAAXQEAV?$function@$$A6AX_J@Z@2@_K@Z 0000000180020b70 f i IntChecker2-Far3.obj
 0001:0001fbc0       ?_Destroy@?$vector@V?$basic_string@_WU?$char_traits@_W@std@@V?$allocator@_W@2@@std@@V?$allocator@V?$basic_string@_WU?$char_traits@_W@std@@V?$allocator@_W@2@@std@@@2@@std@@AEAAXPEAV?$basic_string@_WU?$char_traits@_W@std@@V?$allocator@_W@2@@2@0@Z 0000000180020bc0 f i IntChecker2-Far3.obj
 0001:0001fbd0       ?deallocate@?$allocator@V?$basic_string@_WU?$char_traits@_W@std@@V?$allocator@_W@2@@std@@@std@@QEAAXQEAV?$basic_string@_WU?$char_traits@_W@std@@V?$allocator@_W@2@@2@_K@Z 0000000180020bd0 f i IntChecker2-Far3.obj
 0001:0001fc20       ??$_Convert_wide_to_narrow_replace_chars@U?$char_traits@D@std@@V?$allocator@D@2@@filesystem@std@@YA?AV?$basic_string@DU?$char_traits@D@std@@V?$allocator@D@2@@1@W4__std_code_page@@V?$basic_string_view@_WU?$char_traits@_W@std@@@1@AEBV?$allocator@D@1@@Z 0000000180020c20 f i IntChecker2-Far3.obj
 0001:0001fcf0       ??$_Initialize_dir_enum@U_Recursive_dir_enum_impl@filesystem@std@@@_Dir_enum_impl@filesystem@std@@SA?AW4__std_win_error@@AEAV?$shared_ptr@U_Recursive_dir_enum_impl@filesystem@std@@@2@AEBVpath@12@W4directory_options@12@@Z 0000000180020cf0 f i IntChecker2-Far3.obj
 0001:0001fed0       ??$_Emplace_reallocate@AEB_K@?$vector@_KV?$allocator@_K@std@@@std@@QEAAPEA_KQEA_KAEB_K@Z 0000000180020ed0 f i IntChecker2-Far3.obj
 0001:0001fed0       ??$_Emplace_reallocate@PEB_W@?$vector@PEB_WV?$allocator@PEB_W@std@@@std@@QEAAPEAPEB_WQEAPEB_W$$QEAPEB_W@Z 0000000180020ed0 f i IntChecker2-Far3.obj
 0001:00020070       ??$_Emplace_reallocate@AEBUPanelFileInfo@@@?$vector@UPanelFileInfo@@V?$allocator@UPanelFileInfo@@@std@@@std@@QEAAPEAUPanelFileInfo@@QEAU2@AEBU2@@Z 0000000180021070 f i IntChecker2-Far3.obj
 0001:000202f0       ??$_Emplace_reallocate@U_Find_file_handle@filesystem@std@@@?$vector@U_Find_file_handle@filesystem@std@@V?$allocator@U_Find_file_handle@filesystem@std@@@3@@std@@QEAAPEAU_Find_file_handle@filesystem@1@QEAU231@$$QEAU231@@Z 00000001800212f0 f i IntChecker2-Far3.obj
 0001:00020500       ??$_Emplace_reallocate@AEBV?$function@$$A6AX_J@Z@std@@@?$vector@V?$function@$$A6AX_J@Z@std@@V?$allocator@V?$function@$$A6AX_J@Z@std@@@2@@std@@QEAAPEAV?$function@$$A6AX_J@Z@1@QEAV21@AEBV21@@Z 0000000180021500 f i IntChecker2-Far3.obj
 0001:00020730       ??$_Emplace_reallocate@AEBUFarMenuItem@@@?$vector@UFarMenuItem@@V?$allocator@UFarMenuItem@@@std@@@std@@QEAAPEAUFarMenuItem@@QEAU2@AEBU2@@Z 0000000180021730 f i IntChecker2-Far3.obj
 0001:00020950       ??$_Emplace_reallocate@V?$basic_string@_WU?$char_traits@_W@std@@V?$allocator@_W@2@@std@@@?$vector@V?$basic_string@_WU?$char_traits@_W@std@@V?$allocator@_W@2@@std@@V?$allocator@V?$basic_string@_WU?$char_traits@_W@std@@V?$allocator@_W@2@@std@@@2@@std@@QEAAPEAV?$basic_string@_WU?$char_traits@_W@std@@V?$allocator@_W@2@@1@QEAV21@$$QEAV21@@Z 0000000180021950 f i IntChecker2-Far3.obj
 0001:00020b10       ??$_Emplace_reallocate@AEBV?$basic_string@_WU?$char_traits@_W@std@@V?$allocator@_W@2@@std@@@?$vector@V?$basic_string@_WU?$char_traits@_W@std@@V?$allocator@_W@2@@std@@V?$allocator@V?$basic_string@_WU?$char_traits@_W@std@@V?$allocator@_W@2@@std@@@2@@std@@QEAAPEAV?$basic_string@_WU?$char_traits@_W@std@@V?$allocator@_W@2@@1@QEAV21@AEBV21@@Z 0000000180021b10 f i IntChecker2-Far3.obj
 0001:00020cd0       ??$_Reallocate_grow_by@V<lambda_25953b27f3c43b57ba59f021c7f225c5>@@_W@?$basic_string@_WU?$char_traits@_W@std@@V?$allocator@_W@2@@std@@AEAAAEAV01@_KV<lambda_25953b27f3c43b57ba59f021c7f225c5>@@_W@Z 0000000180021cd0 f i IntChecker2-Far3.obj
 0001:00020e70       ??$_Reallocate_grow_by@V<lambda_9013ee9e23efe4882b67eff5b0ecf103>@@$$V@?$basic_string@DU?$char_traits@D@std@@V?$allocator@D@2@@std@@AEAAAEAV01@_KV<lambda_9013ee9e23efe4882b67eff5b0ecf103>@@@Z 0000000180021e70 f i IntChecker2-Far3.obj
 0001:00020fc0       ??$_Destroy_range@V?$allocator@V?$basic_string@_WU?$char_traits@_W@std@@V?$allocator@_W@2@@std@@@std@@@std@@YAXPEAV?$basic_string@_WU?$char_traits@_W@std@@V?$allocator@_W@2@@0@QEAV10@AEAV?$allocator@V?$basic_string@_WU?$char_traits@_W@std@@V?$allocator@_W@2@@std@@@0@@Z 0000000180021fc0 f i IntChecker2-Far3.obj
 0001:00021050       ??1_Creator@_Dir_enum_impl@filesystem@std@@QEAA@XZ 0000000180022050 f i IntChecker2-Far3.obj
 0001:000210c0       ?insert@?$basic_string@_WU?$char_traits@_W@std@@V?$allocator@_W@2@@std@@QEAAAEAV12@_KQEB_W0@Z 00000001800220c0 f i IntChecker2-Far3.obj
 0001:000211c0       ??0?$basic_string@_WU?$char_traits@_W@std@@V?$allocator@_W@2@@std@@QEAA@U_String_constructor_concat_tag@1@AEAV01@1@Z 00000001800221c0 f i IntChecker2-Far3.obj
 0001:000213e0       ??$_Resize_reallocate@U_Value_init_tag@std@@@?$vector@_WV?$allocator@_W@std@@@std@@AEAAX_KAEBU_Value_init_tag@1@@Z 00000001800223e0 f i IntChecker2-Far3.obj
 0001:00021540       ??$_Uninitialized_move@PEAUPanelFileInfo@@V?$allocator@UPanelFileInfo@@@std@@@std@@YAPEAUPanelFileInfo@@QEAU1@0PEAU1@AEAV?$allocator@UPanelFileInfo@@@0@@Z 0000000180022540 f i IntChecker2-Far3.obj
 0001:000215e0       ??$_Uninitialized_move@PEAV?$function@$$A6AX_J@Z@std@@V?$allocator@V?$function@$$A6AX_J@Z@std@@@2@@std@@YAPEAV?$function@$$A6AX_J@Z@0@QEAV10@0PEAV10@AEAV?$allocator@V?$function@$$A6AX_J@Z@std@@@0@@Z 00000001800225e0 f i IntChecker2-Far3.obj
[...]
 0002:00027438       $unwind$__acrt_GetModuleFileNameA 000000018008c438     libucrt:getmodulefilenamea.obj
 0002:00027454       $unwind$_setmbcp_nolock    000000018008c454     libucrt:mbctype.obj
 0002:00027474       $unwind$?update_thread_multibyte_data_internal@@YAPEAU__crt_multibyte_data@@QEAU__acrt_ptd@@QEAPEAU1@@Z 000000018008c474     libucrt:mbctype.obj
 0002:0002749c       $unwind$?setmbcp_internal@@YAHH_NQEAU__acrt_ptd@@QEAPEAU__crt_multibyte_data@@@Z 000000018008c49c     libucrt:mbctype.obj
 0002:000274b4       $unwind$?setSBUpLow@@YAXPEAU__crt_multibyte_data@@@Z 000000018008c4b4     libucrt:mbctype.obj
 0002:000274d0       $unwind$??$?RV<lambda_efdfa57d1f175319df784efa44bb7b81>@@AEAV<lambda_5f0a4c1567f8adc6734073e5d1e1b35c>@@V<lambda_2e8a7d3640ea6ccb4c2413664c2db6fd>@@@?$__crt_seh_guarded_call@X@@QEAAX$$QEAV<lambda_efdfa57d1f175319df784efa44bb7b81>@@AEAV<lambda_5f0a4c1567f8adc6734073e5d1e1b35c>@@$$QEAV<lambda_2e8a7d3640ea6ccb4c2413664c2db6fd>@@@Z 000000018008c4d0     libucrt:mbctype.obj
 0002:000274f4       $unwind$?x_ismbbtype_l@@YAHPEAU__crt_locale_pointers@@IHH@Z 000000018008c4f4     libucrt:ismbbyte.obj
 0002:00027504       $unwind$__acrt_update_thread_locale_data 000000018008c504     libucrt:locale_refcounting.obj
 0002:00027528       $unwind$__acrt_locale_initialize_monetary 000000018008c528     libucrt:initmon.obj
 0002:00027528       $unwind$?initialize_lc_time@@YA_NQEAU__crt_lc_time_data@@QEAU__crt_locale_data@@@Z 000000018008c528     libucrt:inittime.obj
 0002:00027544       $unwind$__acrt_locale_free_monetary 000000018008c544     libucrt:initmon.obj
 0002:0002754c       $unwind$__acrt_locale_free_time 000000018008c54c     libucrt:inittime.obj
 0002:0002755c       $unwind$__acrt_fp_strflt_to_string 000000018008c55c     libucrt:_fptostr.obj
 0002:0002755c       $unwind$__acrt_get_qualified_locale 000000018008c55c     libucrt:get_qualified_locale.obj
 0002:00027578       $unwind$LangCountryEnumProcEx 000000018008c578     libucrt:get_qualified_locale.obj
 0002:00027598       $unwind$LanguageEnumProcEx 000000018008c598     libucrt:get_qualified_locale.obj
 0002:000275b4       $unwind$GetLocaleNameFromDefault 000000018008c5b4     libucrt:get_qualified_locale.obj
 0002:000275cc       $unwind$TestDefaultCountry 000000018008c5cc     libucrt:get_qualified_locale.obj
 0002:000275dc       $unwind$__acrt_get_qualified_locale_downlevel 000000018008c5dc     libucrt:getqloc_downlevel.obj
 0002:000275f8       $unwind$LangCountryEnumProc 000000018008c5f8     libucrt:getqloc_downlevel.obj
 0002:00027618       $unwind$LanguageEnumProc   000000018008c618     libucrt:getqloc_downlevel.obj
 0002:00027634       $unwind$CountryEnumProc    000000018008c634     libucrt:getqloc_downlevel.obj
 0002:00027654       $unwind$_fcloseall         000000018008c654     libucrt:closeall.obj
 0002:00027678       $unwind$_wsopen_nolock     000000018008c678     libucrt:open.obj
 0002:00027698       $unwind$??$common_sopen_dispatch@_W@@YAHQEB_WHHHQEAHH@Z 000000018008c698     libucrt:open.obj
 0002:000276bc       $unwind$?fin$0@?0???$common_sopen_dispatch@_W@@YAHQEB_WHHHQEAHH@Z@4HA 000000018008c6bc     libucrt:open.obj
 0002:000276c4       $unwind$?truncate_ctrl_z_if_present@@YAHH@Z 000000018008c6c4     libucrt:open.obj
 0002:000276d4       $unwind$?configure_text_mode@@YAHHUfile_options@?A0xa9d50aae@@HAEAW4__crt_lowio_text_mode@@@Z 000000018008c6d4     libucrt:open.obj
 0002:000276ec       $unwind$_alloc_osfhnd      000000018008c6ec     libucrt:osfinfo.obj
 0002:0002771c       $unwind$__acrt_lowio_destroy_handle_array 000000018008c71c     libucrt:osfinfo.obj
 0002:0002772c       $unwind$__acrt_lowio_ensure_fh_exists 000000018008c72c     libucrt:osfinfo.obj
 0002:00027758       $unwind$_commit            000000018008c758     libucrt:commit.obj
 0002:00027760       $unwind$??$?RV<lambda_a37b2b86f63e897a80ea819b0eb08c01>@@AEAV<lambda_38ce7e780aa69e748d6df282ebc68efe>@@V<lambda_99fb1378e971ab6e7edea83e3a7a83a2>@@@?$__crt_seh_guarded_call@H@@QEAAH$$QEAV<lambda_a37b2b86f63e897a80ea819b0eb08c01>@@AEAV<lambda_38ce7e780aa69e748d6df282ebc68efe>@@$$QEAV<lambda_99fb1378e971ab6e7edea83e3a7a83a2>@@@Z 000000018008c760     libucrt:commit.obj
 0002:00027784       $unwind$_write_nolock      000000018008c784     libucrt:write.obj
 0002:0002779c       $unwind$_write_internal    000000018008c79c     libucrt:write.obj
 0002:000277cc       $unwind$?write_double_translated_ansi_nolock@@YA?AUwrite_result@?A0x17268360@@HQEBDIAEAV__crt_cached_ptd_host@@@Z 000000018008c7cc     libucrt:write.obj
 0002:000277f8       $ip2state$?write_double_translated_ansi_nolock@@YA?AUwrite_result@?A0x17268360@@HQEBDIAEAV__crt_cached_ptd_host@@@Z 000000018008c7f8     libucrt:write.obj
 0002:00027800       $unwind$?write_text_ansi_nolock@@YA?AUwrite_result@?A0x17268360@@HQEBDI@Z 000000018008c800     libucrt:write.obj
 0002:00027800       $unwind$?write_text_utf16le_nolock@@YA?AUwrite_result@?A0x17268360@@HQEBDI@Z 000000018008c800     libucrt:write.obj
 0002:00027820       $unwind$?write_text_utf8_nolock@@YA?AUwrite_result@?A0x17268360@@HQEBDI@Z 000000018008c820     libucrt:write.obj
 0002:00027844       $unwind$__acrt_fltout      000000018008c844     libucrt:cfout.obj
 0002:00027864       $unwind$?__mbsrtowcs_utf8@__crt_mbstring@@YA_KPEA_WPEAPEBD_KPEAU_Mbstatet@@AEAV__crt_cached_ptd_host@@@Z 000000018008c864     libucrt:mbrtowc.obj
 0002:0002787c       $unwind$?__wcsrtombs_utf8@__crt_mbstring@@YA_KPEADPEAPEB_W_KPEAU_Mbstatet@@AEAV__crt_cached_ptd_host@@@Z 000000018008c87c     libucrt:wcrtomb.obj
 0002:000278a0       $xdatasym                  000000018008c8a0     libucrt:fpsr.obj
 0002:000278a8       $unwind$__acrt_fenv_set_control 000000018008c8a8     libucrt:_fenvutils.obj
 0002:000278b8       $unwind$_call_matherr      000000018008c8b8     libucrt:libm_error.obj
 0002:000278c0       $unwind$_handle_error      000000018008c8c0     libucrt:libm_error.obj
 0002:000278c0       $unwind$_handle_errorf     000000018008c8c0     libucrt:libm_error.obj
 0002:000278e0       $unwind$qsort              000000018008c8e0     libucrt:qsort.obj
 0002:000278f8       $chain$4$qsort             000000018008c8f8     libucrt:qsort.obj
 0002:0002791c       $chain$5$qsort             000000018008c91c     libucrt:qsort.obj
 0002:0002792c       $unwind$strpbrk            000000018008c92c     libucrt:strpbrk.obj
 0002:0002793c       $unwind$fallbackMethod     000000018008c93c     libucrt:strpbrk.obj
 0002:0002794c       $unwind$_setmode_nolock    000000018008c94c     libucrt:setmode.obj
 0002:00027960       $xdatasym                  000000018008c960     libucrt:log10.obj
 0002:0002796c       $unwind$?__mbrtoc32_utf8@__crt_mbstring@@YA_KPEA_UPEBD_KPEAU_Mbstatet@@AEAV__crt_cached_ptd_host@@@Z 000000018008c96c     libucrt:mbrtoc32.obj
 0002:00027988       $unwind$common_control87   000000018008c988     libucrt:ieee.obj
 0002:000279b4       $unwind$_log_special_common 000000018008c9b4     libucrt:log_special.obj
 0002:000279c0       $unwind$_IsNonwritableInCurrentImage 000000018008c9c0     LIBCMT:pesect.obj
 0002:00027f40       .edata                     000000018008cf40     IntChecker2.exp
 0002:00027f68       rgpv                       000000018008cf68     IntChecker2.exp
 0002:00027f80       rgszName                   000000018008cf80     IntChecker2.exp
 0002:00027f98       rgwOrd                     000000018008cf98     IntChecker2.exp
 0002:00027fa4       szName                     000000018008cfa4     IntChecker2.exp
 0002:00027fb4       $N00001                    000000018008cfb4     IntChecker2.exp
 0002:00027fbf       $N00002                    000000018008cfbf     IntChecker2.exp
 0002:00027fc8       $N00003                    000000018008cfc8     IntChecker2.exp
 0002:00027fd7       $N00004                    000000018008cfd7     IntChecker2.exp
 0002:00027fe6       $N00005                    000000018008cfe6     IntChecker2.exp
 0002:00027fec       $N00006                    000000018008cfec     IntChecker2.exp
 0002:000283ee       .idata$6                   000000018008d3ee     Shlwapi:SHLWAPI.dll
 0002:0002840c       .idata$6                   000000018008d40c     wintrust:WINTRUST.dll
 0002:00028574       .idata$6                   000000018008d574     kernel32:KERNEL32.dll
 0002:000285de       .idata$6                   000000018008d5de     user32:USER32.dll
 0003:00000004       ?init@std@@3JA             000000018008e004     libcpmt:xlock.obj
 0003:00000008       ?atcount_cdecl@@3_KA       000000018008e008     libcpmt:iosptrs.obj
 0003:00000050       ?__vcrt_flsindex@@3KA      000000018008e050     libvcruntime:per_thread_data.obj
 0003:00000060       ?errno_no_memory@@3HA      000000018008e060     libucrt:errno.obj
 0003:00000064       ?doserrno_no_memory@@3KA   000000018008e064     libucrt:errno.obj
 0003:00000140       ?__acrt_flsindex@@3KA      000000018008e140     libucrt:per_thread_data.obj
 0003:00000148       _ctype_loc_style           000000018008e148     libucrt:wsetlocale.obj
 0003:00000524       ?dazSupported@?1??_ctrlfp@@9@9 000000018008e524     libucrt:fpctrl.obj
 0003:00000530       ?tzstd_program@@3PADA      000000018008e530     libucrt:timeset.obj
 0003:00000570       ?tzdst_program@@3PADA      000000018008e570     libucrt:timeset.obj
 0003:000005b0       ?w_tzstd_program@@3PA_WA   000000018008e5b0     libucrt:timeset.obj
 0003:00000630       ?w_tzdst_program@@3PA_WA   000000018008e630     libucrt:timeset.obj
 0003:000006b0       ?tzname_states@@3PAY01PEADA 000000018008e6b0     libucrt:timeset.obj
 0003:000006c0       ?w_tzname_states@@3PAY01PEA_WA 000000018008e6c0     libucrt:timeset.obj
 0003:00000900       _mbctypes                  000000018008e900     libucrt:mbctype.obj
 0003:00000a10       _mbcasemaps                000000018008ea10     libucrt:mbctype.obj
 0003:00000b10       ?__rgctypeflag@@3PADA      000000018008eb10     libucrt:mbctype.obj
 0003:00000b20       ?__rgcode_page_info@@3PAUcode_page_info@@A 000000018008eb20     libucrt:mbctype.obj
 0003:00000c10       ?__dcrt_lowio_console_output_handle@@3PEAXEA 000000018008ec10     libucrt:initcon.obj
 0003:00000c18       ?dazSupported@?1??common_control87@@9@9 000000018008ec18     libucrt:ieee.obj
 0003:000078f8       ?optDetectHashFiles@@3HA   00000001800958f8     IntChecker2-Far3.obj
 0003:000078fc       ?optClearSelectionOnComplete@@3HA 00000001800958fc     IntChecker2-Far3.obj
 0003:00007900       ?optConfirmAbort@@3HA      0000000180095900     IntChecker2-Far3.obj
 0003:00007904       ?optAutoExtension@@3HA     0000000180095904     IntChecker2-Far3.obj
 0003:00007908       ?optDefaultAlgo@@3HA       0000000180095908     IntChecker2-Far3.obj
 0003:0000790c       ?optUsePrefix@@3HA         000000018009590c     IntChecker2-Far3.obj
 0003:00007910       ?optListDefaultCodepage@@3HA 0000000180095910     IntChecker2-Far3.obj
 0003:00007920       ?optPrefix@@3PA_WA         0000000180095920     IntChecker2-Far3.obj
 0003:00007bd0       ??_R0?AV<lambda_e249c70d12b28e046aa37836257b4bd8>@@@8 0000000180095bd0     IntChecker2-Far3.obj
 0003:00008890       ??_R0?AV?$_Func_impl_no_alloc@V<lambda_e249c70d12b28e046aa37836257b4bd8>@@HPEB_W@std@@@8 0000000180096890     IntChecker2-Far3.obj
 0003:00008c30       ?freq_cached@?1??_Query_perf_frequency@@9@4U?$atomic@_J@std@@A 0000000180096c30     libcpmt:xtime.obj
 0003:00008c50       ?stdstr@std@@3PAPEAVios_base@1@A 0000000180096c50     libcpmt:ios.obj
 0003:00008ca0       ?stdopens@std@@3PADA       0000000180096ca0     libcpmt:ios.obj
 0003:00008ce0       ?classic_locale@std@@3Vlocale@1@A 0000000180096ce0     libcpmt:locale0.obj
 0003:00008cf8       ?_Fac_head@std@@3PEAU_Fac_node@1@EA 0000000180096cf8     libcpmt:locale0.obj
 0003:00008d00       ?_Fac_tidy_reg@std@@3U_Fac_tidy_reg_t@1@B 0000000180096d00     libcpmt:locale0.obj
 0003:00008d08       global_locale              0000000180096d08     libcpmt:locale0.obj
 0003:00008d10       ?registered@?1??_Setgloballocale@locale@std@@CAXPEAX@Z@4_NA 0000000180096d10     libcpmt:locale0.obj
 0003:00008d20       ?initlocks@std@@3V_Init_locks@1@A 0000000180096d20     libcpmt:xlock.obj
 0003:00008d30       ?mtx@std@@3PAU_RTL_CRITICAL_SECTION@@A 0000000180096d30     libcpmt:xlock.obj
 0003:00009010       ?initlocks@std@@3V_Init_locks@1@A 0000000180097010     libcpmt:iosptrs.obj
 0003:00009011       ?init_atexit@@3U_Init_atexit@@A 0000000180097011     libcpmt:iosptrs.obj
 0003:00009020       ?atfuns_cdecl@@3PAP6AXXZA  0000000180097020     libcpmt:iosptrs.obj
 0003:00009168       ?is_initialized_as_dll@@3_NA 0000000180097168     LIBCMT:utility.obj
 0003:00009169       ?module_local_atexit_table_initialized@@3_NA 0000000180097169     LIBCMT:utility.obj
 0003:00009170       ?module_local_atexit_table@@3U_onexit_table_t@@A 0000000180097170     LIBCMT:utility.obj
 0003:00009188       ?module_local_at_quick_exit_table@@3U_onexit_table_t@@A 0000000180097188     LIBCMT:utility.obj
 0003:000091a0       ?__proc_attached@@3HA      00000001800971a0     LIBCMT:dll_dllmain.obj
 0003:000091b0       GS_ExceptionRecord         00000001800971b0     LIBCMT:gs_report.obj
 0003:00009250       GS_ContextRecord           0000000180097250     LIBCMT:gs_report.obj
 0003:00009750       ?__vcrt_startup_thread_ptd@@3U__vcrt_ptd@@A 0000000180097750     libvcruntime:per_thread_data.obj
 0003:000097d8       __vcrt_lock_table          00000001800977d8     libvcruntime:locks.obj
 0003:00009800       __vcrt_locks_initialized   0000000180097800     libvcruntime:locks.obj
 0003:00009848       ?heap@@3V_HeapManager@@A   0000000180097848     libvcruntime:undname.obj
 0003:00009870       ?module_handles@@3PAPEAUHINSTANCE__@@A 0000000180097870     libvcruntime:winapi_downlevel.obj
 0003:00009888       ?function_pointers@@3PAPEAXA 0000000180097888     libvcruntime:winapi_downlevel.obj
 0003:000098b0       ?__acrt_invalid_parameter_handler@@3V?$dual_state_global@P6AXPEB_W00I_K@Z@__crt_state_management@@A 00000001800978b0     libucrt:invalid_parameter.obj
 0003:000098c0       ?__acrt_lock_table@@3PAU_RTL_CRITICAL_SECTION@@A 00000001800978c0     libucrt:locks.obj
 0003:00009af0       ?__acrt_locks_initialized@@3IA 0000000180097af0     libucrt:locks.obj
 0003:00009b00       ?__acrt_new_handler@@3V?$dual_state_global@P6AH_K@Z@__crt_state_management@@A 0000000180097b00     libucrt:new_handler.obj
 0003:00009b08       ?c_termination_complete@@3JA 0000000180097b08     libucrt:exit.obj
 0003:00009b10       ?thread_local_exit_callback_func@@3P6AXPEAXK0@ZEA 0000000180097b10     libucrt:exit.obj
 0003:00009b20       ?program_name@?1???$common_configure_argv@D@@YAHW4_crt_argv_mode@@@Z@4PADA 0000000180097b20     libucrt:argv_parsing.obj
 0003:0000a0a8       ?internal_state@?1??_mbtowc_internal@@9@4U_Mbstatet@@A 00000001800980a8     libucrt:mbtowc.obj
 0003:0000a0b0       ?enable_percent_n@@3_KA    00000001800980b0     libucrt:printf_count_output.obj
 0003:0000a0d0       ?module_handles@@3PAPEAUHINSTANCE__@@A 00000001800980d0     libucrt:winapi_thunks.obj
 0003:0000a170       ?encoded_function_pointers@@3PAPEAXA 0000000180098170     libucrt:winapi_thunks.obj
 0003:0000a260       ?static_enum_proc@?1??enum_system_locales_ex_nolock@@YAHQ6AHPEA_WK_J@Z@Z@4P6AH0K1@ZEA 0000000180098260     libucrt:winapi_thunks.obj
 0003:0000a270       ?ctrlc_action@@3V?$dual_state_global@P6AXH@Z@__crt_state_management@@A 0000000180098270     libucrt:signal.obj
 0003:0000a278       ?ctrlbreak_action@@3V?$dual_state_global@P6AXH@Z@__crt_state_management@@A 0000000180098278     libucrt:signal.obj
 0003:0000a280       ?abort_action@@3V?$dual_state_global@P6AXH@Z@__crt_state_management@@A 0000000180098280     libucrt:signal.obj
 0003:0000a288       ?term_action@@3V?$dual_state_global@P6AXH@Z@__crt_state_management@@A 0000000180098288     libucrt:signal.obj
 0003:0000a2a0       ?_tzname@@3V?$dual_state_global@PEAPEAD@__crt_state_management@@A 00000001800982a0     libucrt:timeset.obj
 0003:0000a2a8       ?w_tzname@@3V?$dual_state_global@PEAPEA_W@__crt_state_management@@A 00000001800982a8     libucrt:timeset.obj
 0003:0000a2b0       ?tz_api_used@@3HA          00000001800982b0     libucrt:tzset.obj
 0003:0000a2b4       ?tzset_init_state@@3V?$dual_state_global@J@__crt_state_management@@A 00000001800982b4     libucrt:tzset.obj
 0003:0000a2c0       ?tz_info@@3U_TIME_ZONE_INFORMATION@@A 00000001800982c0     libucrt:tzset.obj
 0003:0000a388       ?fSystemSet@@3HA           0000000180098388     libucrt:mbctype.obj
 0003:0000a38c       ?initialized@?1??__acrt_initialize_multibyte@@9@4_NA 000000018009838c     libucrt:mbctype.obj
 0003:0000a3c8       ?user_matherr@@3V?$dual_state_global@P6AHPEAU_exception@@@Z@__crt_state_management@@A 00000001800983c8     libucrt:matherr.obj
 0003:0000a3d4       ?__acrt_global_new_mode@@3V?$dual_state_global@J@__crt_state_management@@A 00000001800983d4     libucrt:new_mode.obj
 0003:0000a3dc       ?__acrt_app_type@@3W4_crt_app_type@@A 00000001800983dc     libucrt:report_runtime_error.obj
 0003:0000a3e0       ?internal_pst@?1??__mbrtoc32_utf8@__crt_mbstring@@YA_KPEA_UPEBD_KPEAU_Mbstatet@@AEAV__crt_cached_ptd_host@@@Z@4U3@A 00000001800983e0     libucrt:mbrtoc32.obj
 0003:0000a3e8       ?internal_pst@?1??__c16rtomb_utf8@__crt_mbstring@@YA_KPEAD_SPEAU_Mbstatet@@AEAV__crt_cached_ptd_host@@@Z@4U3@A 00000001800983e8     libucrt:c16rtomb.obj
 0003:0000a410       ?hashValue@?BP@??OpenW@@9@4PA_WA 0000000180098410     IntChecker2-Far3.obj
 0003:0000a610       ?szGeneratingLine@?M@??FileHashingProgress@@YA_NPEAX_J@Z@4PA_WA 0000000180098610     IntChecker2-Far3.obj
 0003:0000a720       ?optIgnoreMissingFiles@@3HA 0000000180098720     IntChecker2-Far3.obj
 0003:0000a840       ?FSF@@3UFarStandardFunctions@@A 0000000180098840     IntChecker2-Far3.obj
 0003:0000a9c8       ?optDefaultOutputTarget@@3HA 00000001800989c8     IntChecker2-Far3.obj
 0003:0000a9cc       ?optHashUppercase@@3HA     00000001800989cc     IntChecker2-Far3.obj
 0003:0000a9d0       ?optRememberLastUsedAlgo@@3HA 00000001800989d0     IntChecker2-Far3.obj
 0003:0000a9e0       ?MsgLines@?1??DisplayMessage@@YAXPEB_W00_N1@Z@4PAPEB_WA 00000001800989e0     IntChecker2-Far3.obj
 0003:0000a9f8       ?MsgLines@?1??ConfirmMessage@@YA_NPEB_W0_N@Z@4PAPEB_WA 00000001800989f8     IntChecker2-Far3.obj
 0003:0000aa10       ?InfoLines@?M@??FileHashingProgress@@YA_NPEAX_J@Z@4PAPEB_WA 0000000180098a10     IntChecker2-Far3.obj
 0003:0000aa60       ?DlgLines@?1??DisplayHashGenerateError@@YAHAEBV?$basic_string@_WU?$char_traits@_W@std@@V?$allocator@_W@2@@std@@@Z@4PAPEB_WA 0000000180098a60     IntChecker2-Far3.obj
 0003:0000aaa0       ?wszGoodMessage@?4??DisplayValidationResults@@YAXAEAVFar3Panel@@AEAV?$vector@V?$basic_string@_WU?$char_traits@_W@std@@V?$allocator@_W@2@@std@@V?$allocator@V?$basic_string@_WU?$char_traits@_W@std@@V?$allocator@_W@2@@std@@@2@@std@@1H@Z@4PA_WA 0000000180098aa0     IntChecker2-Far3.obj
 0003:0000aca0       ?InfoLines@?N@??RunVerifySignatures@@YAXAEAVFar3Panel@@@Z@4PAPEB_WA 0000000180098ca0     IntChecker2-Far3.obj
 0003:0000acb8       ?DlgLines@?BA@??RunVerifySignatures@@YAXAEAVFar3Panel@@@Z@4PAPEB_WA 0000000180098cb8     IntChecker2-Far3.obj
 0003:0000ace0       ?PluginMenuStrings@?1??GetPluginInfoW@@9@4PAPEB_WA 0000000180098ce0     IntChecker2-Far3.obj
 0003:0000ace8       ?ConfigMenuStrings@?1??GetPluginInfoW@@9@4PAPEB_WA 0000000180098ce8     IntChecker2-Far3.obj
 0005:00000000       MoveSmall                  000000018009e000     libvcruntime:memcpy.obj
 0005:00000040       MoveSmallYmm               000000018009e040     libvcruntime:memcpy.obj
 0005:00000064       MoveSmallYmmNT             000000018009e064     libvcruntime:memcpy.obj
 0005:00000088       MoveSmallXmm               000000018009e088     libvcruntime:memcpy.obj
 0005:000000b0       MsetTab                    000000018009e0b0     libvcruntime:memset.obj
 0006:00000060       $R000000                   000000018009f060     IntChecker2.res
