 AdvCmpEx

 Timestamp is 60182d49 (Mon Feb  1 21:33:13 2021)

 Preferred load address is 0000000180000000

 Start         Length     Name                   Class
 0001:00000000 0002af80H .text$mn                CODE
 0001:0002af80 00000040H .text$mn$00             CODE
 0001:0002afc0 00000590H .text$x                 CODE
 0002:00000000 00000348H .idata$5                DATA
 0002:00000348 00000028H .00cfg                  DATA
 0002:00000370 00000008H .CRT$XCA                DATA
 0002:00000378 00000008H .CRT$XCZ                DATA
 0002:00000380 00000008H .CRT$XIA                DATA
 0002:00000388 00000018H .CRT$XIC                DATA
 0002:000003a0 00000008H .CRT$XIZ                DATA
 0002:000003a8 00000008H .CRT$XPA                DATA
 0002:000003b0 00000010H .CRT$XPX                DATA
 0002:000003c0 00000008H .CRT$XPXA               DATA
 0002:000003c8 00000008H .CRT$XPZ                DATA
 0002:000003d0 00000008H .CRT$XTA                DATA
 0002:000003d8 00000008H .CRT$XTZ                DATA
 0002:000003e0 00000000H .gehcont$y              DATA
 0002:000003e0 00000000H .gfids$y                DATA
 0002:000003e0 000088a0H .rdata                  DATA
 0002:00008c80 00000000H .rdata$CastGuardVftablesA DATA
 0002:00008c80 00000000H .rdata$CastGuardVftablesC DATA
 0002:00008c80 0000016cH .rdata$r                DATA
 0002:00008dec 0000032cH .rdata$zzzdbg           DATA
 0002:00009118 00000008H .rtc$IAA                DATA
 0002:00009120 00000008H .rtc$IZZ                DATA
 0002:00009128 00000008H .rtc$TAA                DATA
 0002:00009130 00000008H .rtc$TZZ                DATA
 0002:00009138 00001d38H .xdata                  DATA
 0002:0000ae70 00000090H .xdata$x                DATA
 0002:0000af00 000000a4H .edata                  DATA
 0002:0000afa4 0000003cH .idata$2                DATA
 0002:0000afe0 00000018H .idata$3                DATA
 0002:0000aff8 00000348H .idata$4                DATA
 0002:0000b340 0000078cH .idata$6                DATA
 0003:00000000 00000f18H .data                   DATA
 0003:00000f18 00000078H .data$r                 DATA
 0003:00000f90 000224d8H .bss                    DATA
 0004:00000000 000016d4H .pdata                  DATA
 0005:00000000 00000094H _RDATA                  DATA
 0006:00000000 00000060H .rsrc$01                DATA
 0006:00000060 000002d0H .rsrc$02                DATA

  Address         Publics by Value              Rva+Base               Lib:Object

 0000:00000000       ___safe_se_handler_table   0000000000000000     <absolute>
 0000:00000000       __guard_longjmp_table      0000000000000000     <absolute>
 0000:00000000       __x64_code_ranges_to_entry_points 0000000000000000     <absolute>
 0000:00000000       __arm64x_redirection_metadata 0000000000000000     <absolute>
 0000:00000000       __guard_iat_table          0000000000000000     <absolute>
 0000:00000000       __guard_fids_count         0000000000000000     <absolute>
 0000:00000000       __arm64x_extra_rfe_table   0000000000000000     <absolute>
 0000:00000000       __guard_iat_count          0000000000000000     <absolute>
 0000:00000000       __guard_longjmp_count      0000000000000000     <absolute>
 0000:00000000       __dynamic_value_reloc_table 0000000000000000     <absolute>
 0000:00000000       __hybrid_code_map          0000000000000000     <absolute>
 0000:00000000       __x64_code_ranges_to_entry_points_count 0000000000000000     <absolute>
 0000:00000000       __volatile_metadata        0000000000000000     <absolute>
 0000:00000000       __hybrid_auxiliary_iat     0000000000000000     <absolute>
 0000:00000000       __arm64x_extra_rfe_table_size 0000000000000000     <absolute>
 0000:00000000       ___safe_se_handler_count   0000000000000000     <absolute>
 0000:00000000       __AbsoluteZero             0000000000000000     <absolute>
 0000:00000000       __guard_eh_cont_count      0000000000000000     <absolute>
 0000:00000000       __guard_fids_table         0000000000000000     <absolute>
 0000:00000000       __arm64x_redirection_metadata_count 0000000000000000     <absolute>
 0000:00000000       __enclave_config           0000000000000000     <absolute>
 0000:00000000       __guard_eh_cont_table      0000000000000000     <absolute>
 0000:00000000       __arm64x_native_entrypoint 0000000000000000     <absolute>
 0000:00000000       __hybrid_code_map_count    0000000000000000     <absolute>
 0000:00000100       __guard_flags              0000000000000100     <absolute>
 0000:00000000       __ImageBase                0000000180000000     <linker-defined>
 0001:00000000       ??3@YAXPEAX@Z              0000000180001000 f i AdvCmp.cpp.obj
 0001:00000030       ?ErrorMsg@@YAXKK@Z         0000000180001030 f   AdvCmp.cpp.obj
 0001:000000c0       ?YesNoMsg@@YA_NKK@Z        00000001800010c0 f   AdvCmp.cpp.obj
 0001:00000150       ?GetFarSetting@@YA_JW4FARSETTINGS_SUBFOLDERS@@PEB_W@Z 0000000180001150 f   AdvCmp.cpp.obj
 0001:00000230       ?GetDirList@@YAXAEAUFarPanelInfo@@AEAUDirList@@@Z 0000000180001230 f   AdvCmp.cpp.obj
 0001:00000630       ?FreeDirList@@YAXPEAUDirList@@@Z 0000000180001630 f   AdvCmp.cpp.obj
 0001:00000700       ?FindFile@@YA_NPEA_W0AEAVstring@@@Z 0000000180001700 f   AdvCmp.cpp.obj
 0001:00000c70       ?UnLoadGfl@@YA_NXZ         0000000180001c70 f   AdvCmp.cpp.obj
 0001:00000cb0       ?LoadGfl@@YA_NPEA_W@Z      0000000180001cb0 f   AdvCmp.cpp.obj
 0001:00001090       ?UnLoadBASS@@YA_NXZ        0000000180002090 f   AdvCmp.cpp.obj
 0001:000010d0       ?LoadBASS@@YA_NPEA_W@Z     00000001800020d0 f   AdvCmp.cpp.obj
 0001:000014d0       GetGlobalInfoW             00000001800024d0 f   AdvCmp.cpp.obj
 0001:00001550       SetStartupInfoW            0000000180002550 f   AdvCmp.cpp.obj
 0001:00001750       GetPluginInfoW             0000000180002750 f   AdvCmp.cpp.obj
 0001:000017a0       OpenW                      00000001800027a0 f   AdvCmp.cpp.obj
 0001:00001f60       ExitFARW                   0000000180002f60 f   AdvCmp.cpp.obj
 0001:00002000       ?ShowOptDialogProcThunk@AdvCmpDlgOpt@@CA_JPEAX_J10@Z 0000000180003000 f   AdvCmpDlgOpt.cpp.obj
 0001:00002060       ?ShowOptDialogProc@AdvCmpDlgOpt@@AEAA_JPEAX_J10@Z 0000000180003060 f   AdvCmpDlgOpt.cpp.obj
 0001:000042f0       ?ShowOptDialog@AdvCmpDlgOpt@@QEAAHXZ 00000001800052f0 f   AdvCmpDlgOpt.cpp.obj
 0001:000065e0       ?CutSubstr@@YAPEA_WAEAVstring@@PEA_W@Z 00000001800075e0 f   AdvCmpProc.cpp.obj
 0001:00006d50       ?strcentr@@YAXPEA_WPEB_WH_W@Z 0000000180007d50 f   AdvCmpProc.cpp.obj
 0001:00006e20       ?itoaa@@YAPEA_W_JPEA_W@Z   0000000180007e20 f   AdvCmpProc.cpp.obj
 0001:00006ee0       ?ProgressLine@@YAXPEA_W_K1@Z 0000000180007ee0 f   AdvCmpProc.cpp.obj
 0001:00006ff0       ?GetPosToName@@YAPEA_WPEB_W@Z 0000000180007ff0 f   AdvCmpProc.cpp.obj
 0001:00007030       ?CheckForEsc@@YA_NXZ       0000000180008030 f   AdvCmpProc.cpp.obj
 0001:000071b0       ?TruncCopy@@YAXPEA_WPEB_WH1@Z 00000001800081b0 f   AdvCmpProc.cpp.obj
 0001:00007380       ?GetArgv@@YAHPEB_WPEAPEAPEA_W@Z 0000000180008380 f   AdvCmpProc.cpp.obj
 0001:000075a0       ?Init@AdvCmpProc@@QEAAXXZ  00000001800085a0 f   AdvCmpProc.cpp.obj
 0001:00007810       ?Close@AdvCmpProc@@QEAAXXZ 0000000180008810 f   AdvCmpProc.cpp.obj
 0001:00007ac0       ?mySetFilePointer@AdvCmpProc@@AEAA_NPEAX_KK@Z 0000000180008ac0 f   AdvCmpProc.cpp.obj
 0001:00007b10       ?ProcessCRC@AdvCmpProc@@AEAAKPEAXHK@Z 0000000180008b10 f   AdvCmpProc.cpp.obj
 0001:00007bd0       ?GetDirList@AdvCmpProc@@AEAAHPEB_WH_NPEAUDirList@@@Z 0000000180008bd0 f   AdvCmpProc.cpp.obj
 0001:00008520       ?FreeDirList@AdvCmpProc@@AEAAXPEAUDirList@@@Z 0000000180009520 f   AdvCmpProc.cpp.obj
 0001:000085f0       ?PICompare@@YAHPEBX0PEAX@Z 00000001800095f0 f   AdvCmpProc.cpp.obj
 0001:000088a0       ?BuildItemsIndex@AdvCmpProc@@AEAA_N_NPEBUDirList@@PEAUItemsIndex@1@H@Z 00000001800098a0 f   AdvCmpProc.cpp.obj
 0001:00008f10       ?SetCacheResult@AdvCmpProc@@AEAA_NKK_K0K@Z 0000000180009f10 f   AdvCmpProc.cpp.obj
 0001:00009110       ?ShowCmpMsg@AdvCmpProc@@AEAAXPEB_W000_N@Z 000000018000a110 f   AdvCmpProc.cpp.obj
 0001:00009820       ?ShowDupMsg@AdvCmpProc@@AEAAXPEB_W0_N@Z 000000018000a820 f   AdvCmpProc.cpp.obj
 0001:00009e60       ?CompareFiles@AdvCmpProc@@AEAA_NPEB_WPEBUPluginPanelItem@@01HPEAK@Z 000000018000ae60 f   AdvCmpProc.cpp.obj
 0001:0000c200       ?CompareDirs@AdvCmpProc@@QEAA_NPEBUDirList@@0_NH@Z 000000018000d200 f   AdvCmpProc.cpp.obj
 0001:0000d1f0       ?MakeFileList@AdvCmpProc@@AEAA_NPEB_WPEBUPluginPanelItem@@01K@Z 000000018000e1f0 f   AdvCmpProc.cpp.obj
 0001:0000d560       ?cmpSortList@@YAHPEBX0PEAX@Z 000000018000e560 f   AdvCmpProc.cpp.obj
 0001:0000d610       ?MakeListItemText@@YAXPEA_WPEAUcmpFile@@_W@Z 000000018000e610 f   AdvCmpProc.cpp.obj
 0001:0000dee0       ?SetBottom@@YAXPEAXPEAUcmpFileList@@PEA_W@Z 000000018000eee0 f   AdvCmpProc.cpp.obj
 0001:0000e0e0       ?MakeCmpFarList@@YA_NPEAXPEAUcmpFileList@@_N2@Z 000000018000f0e0 f   AdvCmpProc.cpp.obj
 0001:0000eee0       ?ShowCmpDialogProc@@YA_JPEAX_J10@Z 000000018000fee0 f   AdvCmpProc.cpp.obj
 0001:00010ea0       ?ShowCmpDialog@AdvCmpProc@@QEAAHPEBUDirList@@0@Z 0000000180011ea0 f   AdvCmpProc.cpp.obj
 0001:00011c30       ?MakeFileList@AdvCmpProc@@AEAA_NPEB_WPEBUPluginPanelItem@@@Z 0000000180012c30 f   AdvCmpProc.cpp.obj
 0001:00011f10       ?GetDupOpt@@YAHPEAUdupFileList@@@Z 0000000180012f10 f   AdvCmpProc.cpp.obj
 0001:00012580       ?dupSortListByName@@YAHPEBX0PEAX@Z 0000000180013580 f   AdvCmpProc.cpp.obj
 0001:00012590       ?dupSortListByGroup@@YAHPEBX0PEAX@Z 0000000180013590 f   AdvCmpProc.cpp.obj
 0001:000125a0       ?dupSortListByGroupEx@@YAHPEBX0PEAX@Z 00000001800135a0 f   AdvCmpProc.cpp.obj
 0001:000125f0       ?SetBottom@@YAXPEAXPEAUdupFileList@@PEAUdupFile@@@Z 00000001800135f0 f   AdvCmpProc.cpp.obj
 0001:000128f0       ?MakeDupFarList@@YA_NPEAXPEAUdupFileList@@_N2@Z 00000001800138f0 f   AdvCmpProc.cpp.obj
 0001:000130d0       ?ShowDupDialogProc@@YA_JPEAX_J10@Z 00000001800140d0 f   AdvCmpProc.cpp.obj
 0001:00014240       ?ShowDupDialog@AdvCmpProc@@AEAAHXZ 0000000180015240 f   AdvCmpProc.cpp.obj
 0001:00014480       ?ScanDir@AdvCmpProc@@AEAAHPEB_WH@Z 0000000180015480 f   AdvCmpProc.cpp.obj
 0001:00014b00       ?GetCRC@AdvCmpProc@@AEAAKPEBUdupFile@@@Z 0000000180015b00 f   AdvCmpProc.cpp.obj
 0001:00015010       ?ID3_ReadFrameText@@YA_NDPEADHPEA_WH@Z 0000000180016010 f   AdvCmpProc.cpp.obj
 0001:00015160       ?ID3V23_ReadFrame@@YA_NHPEADIPEA_WH@Z 0000000180016160 f   AdvCmpProc.cpp.obj
 0001:00015240       ?GetMp3@AdvCmpProc@@AEAAHPEAUdupFile@@H@Z 0000000180016240 f   AdvCmpProc.cpp.obj
 0001:00016090       ?GetPic@AdvCmpProc@@AEAAHPEAUdupFile@@H@Z 0000000180017090 f   AdvCmpProc.cpp.obj
 0001:000166f0       ?CmpNameEx@@YA_NPEB_W0@Z   00000001800176f0 f   AdvCmpProc.cpp.obj
 0001:00016950       ?Duplicate@AdvCmpProc@@QEAAHPEBUDirList@@@Z 0000000180017950 f   AdvCmpProc.cpp.obj
 0001:00018260       ?GetSyncOpt@@YAHPEAUcmpFileList@@@Z 0000000180019260 f   AdvCmpProc.cpp.obj
 0001:000189f0       ?QueryOverwriteFile@AdvCmpProc@@AEAAHPEB_WPEAU_FILETIME@@1_K2H_N@Z 00000001800199f0 f   AdvCmpProc.cpp.obj
 0001:00018d60       ?QueryDelete@AdvCmpProc@@AEAAHPEB_W_N1@Z 0000000180019d60 f   AdvCmpProc.cpp.obj
 0001:00018f20       ?ShowSyncMsg@@YAXPEB_W0_K1_N@Z 0000000180019f20 f   AdvCmpProc.cpp.obj
 0001:00019110       ?SynchronizeFileCopyCallback@@YAKT_LARGE_INTEGER@@000KKPEAX11@Z 000000018001a110 f   AdvCmpProc.cpp.obj
 0001:000192b0       ?FileExists@AdvCmpProc@@AEAAHPEB_WAEAU_WIN32_FIND_DATAW@@H@Z 000000018001a2b0 f   AdvCmpProc.cpp.obj
 0001:000193e0       ?SyncFile@AdvCmpProc@@AEAAHPEB_W0HK@Z 000000018001a3e0 f   AdvCmpProc.cpp.obj
 0001:00019c30       ?DelFile@AdvCmpProc@@AEAAHPEB_W@Z 000000018001ac30 f   AdvCmpProc.cpp.obj
 0001:0001a110       ?SyncDir@AdvCmpProc@@AEAAHPEB_W0H@Z 000000018001b110 f   AdvCmpProc.cpp.obj
 0001:0001ac10       ?DelDir@AdvCmpProc@@AEAAHPEB_W@Z 000000018001bc10 f   AdvCmpProc.cpp.obj
 0001:0001b3e0       ?Synchronize@AdvCmpProc@@AEAAHXZ 000000018001c3e0 f   AdvCmpProc.cpp.obj
 0001:0001c5c0       ?UpdateImage@@YA_NPEAUPicData@@_N@Z 000000018001d5c0 f   AdvCmpProc.cpp.obj
 0001:0001c920       ?CompareCurFile@AdvCmpProc@@QEAA_NPEB_W000H@Z 000000018001d920 f   AdvCmpProc.cpp.obj
 0001:0001d900       ?copy@string@@AEAAXPEB_W@Z 000000018001e900 f   string.cpp.obj
 0001:0001d980       ?enlarge@string@@AEAA_N_K@Z 000000018001e980 f   string.cpp.obj
 0001:0001da00       ??1string@@QEAA@XZ         000000018001ea00 f   string.cpp.obj
 0001:0001da20       ??Ystring@@QEAAAEAV0@PEB_W@Z 000000018001ea20 f   string.cpp.obj
 0001:0001de10       _DllMainCRTStartup         000000018001ee10 f   LIBCMT:dll_dllmain.obj
 0001:0001de50       __security_init_cookie     000000018001ee50 f   LIBCMT:gs_support.obj
 0001:0001defc       DllMain                    000000018001eefc f   LIBCMT:dll_dllmain_stub.obj
 0001:0001defc       _get_startup_argv_mode     000000018001eefc f   LIBCMT:argv_mode.obj
 0001:0001df04       ?__scrt_initialize_type_info@@YAXXZ 000000018001ef04 f   LIBCMT:tncleanup.obj
 0001:0001df14       ?__scrt_uninitialize_type_info@@YAXXZ 000000018001ef14 f   LIBCMT:tncleanup.obj
 0001:0001df20       __local_stdio_printf_options 000000018001ef20 f i LIBCMT:default_local_stdio_options.obj
 0001:0001df28       __local_stdio_scanf_options 000000018001ef28 f i LIBCMT:default_local_stdio_options.obj
 0001:0001df30       __scrt_initialize_default_local_stdio_options 000000018001ef30 f   LIBCMT:default_local_stdio_options.obj
 0001:0001df4c       __scrt_acquire_startup_lock 000000018001ef4c f   LIBCMT:utility.obj
 0001:0001df88       __scrt_dllmain_after_initialize_c 000000018001ef88 f   LIBCMT:utility.obj
 0001:0001dfbc       __scrt_dllmain_before_initialize_c 000000018001efbc f   LIBCMT:utility.obj
 0001:0001dfd4       __scrt_dllmain_crt_thread_attach 000000018001efd4 f   LIBCMT:utility.obj
 0001:0001dffc       __scrt_dllmain_crt_thread_detach 000000018001effc f   LIBCMT:utility.obj
 0001:0001e014       __scrt_dllmain_exception_filter 000000018001f014 f   LIBCMT:utility.obj
 0001:0001e074       __scrt_dllmain_uninitialize_c 000000018001f074 f   LIBCMT:utility.obj
 0001:0001e0a4       __scrt_dllmain_uninitialize_critical 000000018001f0a4 f   LIBCMT:utility.obj
 0001:0001e0b8       __scrt_initialize_crt      000000018001f0b8 f   LIBCMT:utility.obj
 0001:0001e104       __scrt_initialize_onexit_tables 000000018001f104 f   LIBCMT:utility.obj
 0001:0001e190       __scrt_is_nonwritable_in_current_image 000000018001f190 f   LIBCMT:utility.obj
 0001:0001e228       __scrt_release_startup_lock 000000018001f228 f   LIBCMT:utility.obj
 0001:0001e24c       __scrt_uninitialize_crt    000000018001f24c f   LIBCMT:utility.obj
 0001:0001e278       __scrt_get_dyn_tls_init_callback 000000018001f278 f   LIBCMT:dyn_tls_init.obj
 0001:0001e280       __crt_debugger_hook        000000018001f280 f   LIBCMT:utility_desktop.obj
 0001:0001e288       __scrt_fastfail            000000018001f288 f   LIBCMT:utility_desktop.obj
 0001:0001e3d4       _RTC_Initialize            000000018001f3d4 f   LIBCMT:initsect.obj
 0001:0001e410       _RTC_Terminate             000000018001f410 f   LIBCMT:initsect.obj
 0001:0001e44c       _guard_check_icall_nop     000000018001f44c f i LIBCMT:guard_support.obj
 0001:0001e450       __isa_available_init       000000018001f450 f   LIBCMT:cpu_disp.obj
 0001:0001e5f4       __scrt_is_ucrt_dll_in_use  000000018001f5f4 f   LIBCMT:ucrt_detection.obj
 0001:0001e600       ??$_CallSETranslator@V__FrameHandler4@@@@YAHPEAUEHExceptionRecord@@PEA_KPEAU_CONTEXT@@PEAU_xDISPATCHER_CONTEXT@@PEAUFuncInfo4@FH4@@K1H@Z 000000018001f600 f i libvcruntime:risctrnsctrl.obj
 0001:0001e654       ?DecompFuncInfo@FH4@@YA_JPEAEAEAUFuncInfo4@1@_KH_N@Z 000000018001f654 f i libvcruntime:risctrnsctrl.obj
 0001:0001e778       ?ExecutionInCatch@__FrameHandler4@@SA_NPEAU_xDISPATCHER_CONTEXT@@PEAUFuncInfo4@FH4@@@Z 000000018001f778 f   libvcruntime:risctrnsctrl.obj
 0001:0001e780       ?FrameUnwindToEmptyState@__FrameHandler4@@SAXPEA_KPEAU_xDISPATCHER_CONTEXT@@PEAUFuncInfo4@FH4@@@Z 000000018001f780 f   libvcruntime:risctrnsctrl.obj
 0001:0001e7b4       ?GetEstablisherFrame@__FrameHandler4@@SAPEA_KPEA_KPEAU_xDISPATCHER_CONTEXT@@PEAUFuncInfo4@FH4@@0@Z 000000018001f7b4 f   libvcruntime:risctrnsctrl.obj
 0001:0001e7d8       ?GetRangeOfTrysToCheck@__FrameHandler4@@SA?AU?$pair@Viterator@TryBlockMap4@FH4@@V123@@std@@AEAVTryBlockMap4@FH4@@HPEAU_xDISPATCHER_CONTEXT@@PEAUFuncInfo4@5@H@Z 000000018001f7d8 f   libvcruntime:risctrnsctrl.obj
 0001:0001e940       ?UnwindNestedFrames@__FrameHandler4@@SAXPEA_KPEAUEHExceptionRecord@@PEAU_CONTEXT@@0PEAXPEAUFuncInfo4@FH4@@HHPEAUHandlerType4@5@PEAU_xDISPATCHER_CONTEXT@@E@Z 000000018001f940 f   libvcruntime:risctrnsctrl.obj
 0001:0001ea60       ?setBuffer@TryBlockMap4@FH4@@QEAAXViterator@12@@Z 000000018001fa60 f i libvcruntime:risctrnsctrl.obj
 0001:0001ec20       _CreateFrameInfo           000000018001fc20 f   libvcruntime:risctrnsctrl.obj
 0001:0001ec5c       _FindAndUnlinkFrame        000000018001fc5c f   libvcruntime:risctrnsctrl.obj
 0001:0001ecb0       _GetImageBase              000000018001fcb0 f   libvcruntime:risctrnsctrl.obj
 0001:0001ecc4       _GetThrowImageBase         000000018001fcc4 f   libvcruntime:risctrnsctrl.obj
 0001:0001ecd8       _SetImageBase              000000018001fcd8 f   libvcruntime:risctrnsctrl.obj
 0001:0001ecf0       _SetThrowImageBase         000000018001fcf0 f   libvcruntime:risctrnsctrl.obj
 0001:0001ed08       __CxxFrameHandler4         000000018001fd08 f   libvcruntime:risctrnsctrl.obj
 0001:0001edc8       __DestructExceptionObject  000000018001fdc8 f   libvcruntime:ehhelpers.obj
 0001:0001ee38       ?_CallMemberFunction0@@YAXQEAX0@Z 000000018001fe38 f i libvcruntime:ehhelpers.obj
 0001:0001ee3c       _IsExceptionObjectToBeDestroyed 000000018001fe3c f   libvcruntime:ehhelpers.obj
 0001:0001ee6c       __AdjustPointer            000000018001fe6c f   libvcruntime:ehhelpers.obj
 0001:0001ee90       __FrameUnwindFilter        000000018001fe90 f   libvcruntime:ehhelpers.obj
 0001:0001eef8       wcschr                     000000018001fef8 f   libvcruntime:wcschr.obj
 0001:0001ef74       __C_specific_handler       000000018001ff74 f   libvcruntime:riscchandler.obj
 0001:0001f180       __std_type_info_compare    0000000180020180 f   libvcruntime:std_type_info.obj
 0001:0001f1a8       __std_type_info_destroy_list 00000001800201a8 f   libvcruntime:std_type_info.obj
 0001:0001f1d4       __vcrt_initialize          00000001800201d4 f   libvcruntime:initialization.obj
 0001:0001f1fc       __vcrt_thread_attach       00000001800201fc f   libvcruntime:initialization.obj
 0001:0001f210       __vcrt_thread_detach       0000000180020210 f   libvcruntime:initialization.obj
 0001:0001f224       __vcrt_uninitialize        0000000180020224 f   libvcruntime:initialization.obj
 0001:0001f240       __vcrt_uninitialize_critical 0000000180020240 f   libvcruntime:initialization.obj
 0001:0001f260       memset_repmovs             0000000180020260 f   libvcruntime:memset.obj
 0001:0001f280       memset                     0000000180020280 f   libvcruntime:memset.obj
 0001:0001f410       __vcrt_freefls             0000000180020410 f   libvcruntime:per_thread_data.obj
 0001:0001f430       __vcrt_freeptd             0000000180020430 f   libvcruntime:per_thread_data.obj
 0001:0001f480       __vcrt_getptd              0000000180020480 f   libvcruntime:per_thread_data.obj
 0001:0001f49c       __vcrt_getptd_noexit       000000018002049c f   libvcruntime:per_thread_data.obj
 0001:0001f55c       __vcrt_initialize_ptd      000000018002055c f   libvcruntime:per_thread_data.obj
 0001:0001f5a4       __vcrt_uninitialize_ptd    00000001800205a4 f   libvcruntime:per_thread_data.obj
 0001:0001f5c8       ?StateFromControlPc@__FrameHandler4@@SAHPEAUFuncInfo4@FH4@@PEAU_xDISPATCHER_CONTEXT@@@Z 00000001800205c8 f   libvcruntime:ehstate.obj
 0001:0001f5d0       ?StateFromIp@__FrameHandler4@@SAHPEAUFuncInfo4@FH4@@PEAU_xDISPATCHER_CONTEXT@@_K@Z 00000001800205d0 f   libvcruntime:ehstate.obj
 0001:00020254       ??$TypeMatchHelper@V__FrameHandler3@@@@YAHPEBU_s_HandlerType@@PEBU_s_CatchableType@@PEBU_s_ThrowInfo@@@Z 0000000180021254 f i libvcruntime:frame.obj
 0001:00020394       ??$TypeMatchHelper@V__FrameHandler4@@@@YAHPEAUHandlerType4@FH4@@PEBU_s_CatchableType@@PEBU_s_ThrowInfo@@@Z 0000000180021394 f i libvcruntime:frame.obj
 0001:000204d8       ??$__InternalCxxFrameHandler@V__FrameHandler4@@@@YA?AW4_EXCEPTION_DISPOSITION@@PEAUEHExceptionRecord@@PEA_KPEAU_CONTEXT@@PEAU_xDISPATCHER_CONTEXT@@PEAUFuncInfo4@FH4@@H1E@Z 00000001800214d8 f i libvcruntime:frame.obj
 0001:0002076c       ??0HandlerMap4@FH4@@QEAA@PEBUTryBlockMapEntry4@1@_KH@Z 000000018002176c f i libvcruntime:frame.obj
 0001:000207e8       ??0TryBlockMap4@FH4@@QEAA@PEBUFuncInfo4@1@_K@Z 00000001800217e8 f i libvcruntime:frame.obj
 0001:000208c0       ??0bad_exception@std@@QEAA@AEBV01@@Z 00000001800218c0 f i libvcruntime:frame.obj
 0001:000208fc       ??0bad_exception@std@@QEAA@XZ 00000001800218fc f i libvcruntime:frame.obj
 0001:0002091c       ??0exception@std@@QEAA@AEBV01@@Z 000000018002191c f i libvcruntime:frame.obj
 0001:00020950       ??1bad_exception@std@@UEAA@XZ 0000000180021950 f i libvcruntime:frame.obj
 0001:00020964       ??_Ebad_exception@std@@UEAAPEAXI@Z 0000000180021964 f i libvcruntime:frame.obj
 0001:00020964       ??_Eexception@std@@UEAAPEAXI@Z 0000000180021964 f i libvcruntime:frame.obj
 0001:00020964       ??_Gbad_exception@std@@UEAAPEAXI@Z 0000000180021964 f i libvcruntime:frame.obj
 0001:00020964       ??_Gexception@std@@UEAAPEAXI@Z 0000000180021964 f i libvcruntime:frame.obj
 0001:000209a8       ?CxxCallCatchBlock@__FrameHandler4@@SAPEAXPEAU_EXCEPTION_RECORD@@@Z 00000001800219a8 f   libvcruntime:frame.obj
 0001:00020bf8       ?DecompHandler@HandlerMap4@FH4@@AEAAXXZ 0000000180021bf8 f i libvcruntime:frame.obj
 0001:00020e38       ?FrameUnwindToState@__FrameHandler4@@SAXPEA_KPEAU_xDISPATCHER_CONTEXT@@PEAUFuncInfo4@FH4@@H@Z 0000000180021e38 f   libvcruntime:frame.obj
 0001:00021298       ?ReadEntry@UWMap4@FH4@@AEAAXPEAPEAE@Z 0000000180022298 f i libvcruntime:frame.obj
 0001:00021338       ?_CallMemberFunction1@@YAXQEAX00@Z 0000000180022338 f i libvcruntime:frame.obj
 0001:00021344       ?_CallMemberFunction2@@YAXQEAX00H@Z 0000000180022344 f i libvcruntime:frame.obj
 0001:00021354       ?getStartStop@UWMap4@FH4@@QEAAXHHAEAViterator@12@0@Z 0000000180022354 f i libvcruntime:frame.obj
 0001:00021424       ?getStateFromIterators@UWMap4@FH4@@SAHAEBViterator@12@H0H0@Z 0000000180022424 f i libvcruntime:frame.obj
 0001:000214ec       ?what@exception@std@@UEBAPEBDXZ 00000001800224ec f i libvcruntime:frame.obj
 0001:00021510       _NLG_Notify                0000000180022510 f   libvcruntime:notify.obj
 0001:00021530       __NLG_Dispatch2            0000000180022530 f   libvcruntime:notify.obj
 0001:00021540       __NLG_Return2              0000000180022540 f   libvcruntime:notify.obj
 0001:00021544       __except_validate_context_record 0000000180022544 f   libvcruntime:jbcxrval.obj
 0001:0002157c       __vcrt_initialize_locks    000000018002257c f   libvcruntime:locks.obj
 0001:000215b0       __vcrt_uninitialize_locks  00000001800225b0 f   libvcruntime:locks.obj
 0001:00021734       __vcrt_FlsAlloc            0000000180022734 f   libvcruntime:winapi_downlevel.obj
 0001:0002177c       __vcrt_FlsFree             000000018002277c f   libvcruntime:winapi_downlevel.obj
 0001:000217c4       __vcrt_FlsGetValue         00000001800227c4 f   libvcruntime:winapi_downlevel.obj
 0001:0002180c       __vcrt_FlsSetValue         000000018002280c f   libvcruntime:winapi_downlevel.obj
 0001:00021860       __vcrt_InitializeCriticalSectionEx 0000000180022860 f   libvcruntime:winapi_downlevel.obj
 0001:000218e0       _CallSettingFrame          00000001800228e0 f   libvcruntime:handlers.obj
 0001:00021930       _CallSettingFrame_LookupContinuationIndex 0000000180022930 f   libvcruntime:handlers.obj
 0001:00021960       _CallSettingFrame_NotifyContinuationAddr 0000000180022960 f   libvcruntime:handlers.obj
 0001:00021990       _CallSettingFrameEncoded   0000000180022990 f   libvcruntime:handlers.obj
 0001:000219d8       __std_exception_copy       00000001800229d8 f   libvcruntime:std_exception.obj
 0001:00021a68       __std_exception_destroy    0000000180022a68 f   libvcruntime:std_exception.obj
 0001:00021a90       _CxxThrowException         0000000180022a90 f   libvcruntime:throw.obj
 0001:00021b40       memcpy_repmovs             0000000180022b40 f   libvcruntime:memcpy.obj
 0001:00021b60       memcpy                     0000000180022b60 f   libvcruntime:memcpy.obj
 0001:00021b60       memmove                    0000000180022b60 f   libvcruntime:memcpy.obj
 0001:00021f38       wcspbrk                    0000000180022f38 f   libucrt:wcspbrk.obj
 0001:00021f6c       _initterm                  0000000180022f6c f   libucrt:initterm.obj
 0001:00021fd0       _initterm_e                0000000180022fd0 f   libucrt:initterm.obj
 0001:00022010       _seh_filter_dll            0000000180023010 f   libucrt:exception_filter.obj
 0001:00022024       _seh_filter_exe            0000000180023024 f   libucrt:exception_filter.obj
 0001:00022414       __acrt_initialize_thread_local_exit_callback 0000000180023414 f   libucrt:exit.obj
 0001:0002241c       _cexit                     000000018002341c f   libucrt:exit.obj
 0001:0002242c       _exit                      000000018002342c f   libucrt:exit.obj
 0001:00022438       _is_c_termination_complete 0000000180023438 f   libucrt:exit.obj
 0001:00022604       __acrt_allocate_buffer_for_argv 0000000180023604 f   libucrt:argv_parsing.obj
 0001:00022664       _configure_narrow_argv     0000000180023664 f   libucrt:argv_parsing.obj
 0001:000229dc       __dcrt_uninitialize_environments_nolock 00000001800239dc f   libucrt:environment_initialization.obj
 0001:00022a14       _initialize_narrow_environment 0000000180023a14 f   libucrt:environment_initialization.obj
 0001:00022b70       _execute_onexit_table      0000000180023b70 f   libucrt:onexit.obj
 0001:00022bac       _initialize_onexit_table   0000000180023bac f   libucrt:onexit.obj
 0001:00022c0c       __acrt_uninitialize_command_line 0000000180023c0c f   libucrt:argv_data.obj
 0001:00022d04       __acrt_initialize          0000000180023d04 f   libucrt:initialization.obj
 0001:00022d18       __acrt_thread_attach       0000000180023d18 f   libucrt:initialization.obj
 0001:00022d2c       __acrt_thread_detach       0000000180023d2c f   libucrt:initialization.obj
 0001:00022d3c       __acrt_uninitialize        0000000180023d3c f   libucrt:initialization.obj
 0001:00022d74       __acrt_uninitialize_critical 0000000180023d74 f   libucrt:initialization.obj
 0001:00022d84       terminate                  0000000180023d84 f   libucrt:terminate.obj
 0001:00022da4       abort                      0000000180023da4 f   libucrt:abort.obj
 0001:00022dfc       free                       0000000180023dfc f   libucrt:free.obj
 0001:00022e10       malloc                     0000000180023e10 f   libucrt:malloc.obj
 0001:00022e18       strcpy_s                   0000000180023e18 f   libucrt:strcpy_s.obj
 0001:00022e78       calloc                     0000000180023e78 f   libucrt:calloc.obj
 0001:00022e80       ??0_LocaleUpdate@@QEAA@QEAU__crt_locale_pointers@@@Z 0000000180023e80 f i libucrt:output.obj
 0001:00022f30       strncmp                    0000000180023f30 f   libucrt:strncmp.obj
 0001:00022fb0       wcsncmp                    0000000180023fb0 f   libucrt:wcsncmp.obj
 0001:00023354       __acrt_freeptd             0000000180024354 f   libucrt:per_thread_data.obj
 0001:00023398       __acrt_getptd              0000000180024398 f   libucrt:per_thread_data.obj
 0001:0002346c       __acrt_getptd_head         000000018002446c f   libucrt:per_thread_data.obj
 0001:00023514       __acrt_getptd_noexit       0000000180024514 f   libucrt:per_thread_data.obj
 0001:000235e0       __acrt_initialize_ptd      00000001800245e0 f   libucrt:per_thread_data.obj
 0001:0002361c       __acrt_uninitialize_ptd    000000018002461c f   libucrt:per_thread_data.obj
 0001:00023640       __acrt_initialize_locks    0000000180024640 f   libucrt:locks.obj
 0001:00023688       __acrt_lock                0000000180024688 f   libucrt:locks.obj
 0001:000236a4       __acrt_uninitialize_locks  00000001800246a4 f   libucrt:locks.obj
 0001:000236dc       __acrt_unlock              00000001800246dc f   libucrt:locks.obj
 0001:000236f8       __acrt_get_process_end_policy 00000001800246f8 f   libucrt:win_policies.obj
 0001:00023734       __acrt_call_reportfault    0000000180024734 f   libucrt:invalid_parameter.obj
 0001:00023890       __acrt_initialize_invalid_parameter_handler 0000000180024890 f   libucrt:invalid_parameter.obj
 0001:00023898       _invalid_parameter         0000000180024898 f   libucrt:invalid_parameter.obj
 0001:00023948       _invalid_parameter_noinfo  0000000180024948 f   libucrt:invalid_parameter.obj
 0001:00023968       _invoke_watson             0000000180024968 f   libucrt:invalid_parameter.obj
 0001:000239b0       __acrt_errno_from_os_error 00000001800249b0 f   libucrt:errno.obj
 0001:000239f8       __acrt_errno_map_os_error  00000001800249f8 f   libucrt:errno.obj
 0001:00023a48       __doserrno                 0000000180024a48 f   libucrt:errno.obj
 0001:00023a68       _errno                     0000000180024a68 f   libucrt:errno.obj
 0001:00023a88       _calloc_base               0000000180024a88 f   libucrt:calloc_base.obj
 0001:00023b00       _free_base                 0000000180024b00 f   libucrt:free_base.obj
 0001:00023b54       ??$__acrt_mbs_to_wcs_cp@U__crt_win32_buffer_internal_dynamic_resizing@@@@YAHQEBDAEAV?$__crt_win32_buffer@_WU__crt_win32_buffer_internal_dynamic_resizing@@@@I@Z 0000000180024b54 f i libucrt:argv_wildcards.obj
 0001:00023ccc       ??$__acrt_wcs_to_mbs_cp@U__crt_win32_buffer_internal_dynamic_resizing@@@@YAHQEB_WAEAV?$__crt_win32_buffer@DU__crt_win32_buffer_internal_dynamic_resizing@@@@I@Z 0000000180024ccc f i libucrt:argv_wildcards.obj
 0001:000244fc       __acrt_expand_narrow_argv_wildcards 00000001800254fc f   libucrt:argv_wildcards.obj
 0001:00024504       ??$__acrt_wcs_to_mbs_cp@U__crt_win32_buffer_no_resizing@@@@YAHQEB_WAEAV?$__crt_win32_buffer@DU__crt_win32_buffer_no_resizing@@@@I@Z 0000000180025504 f i libucrt:getmodulefilenamea.obj
 0001:00024618       __acrt_GetModuleFileNameA  0000000180025618 f   libucrt:getmodulefilenamea.obj
 0001:00024e64       __acrt_initialize_multibyte 0000000180025e64 f   libucrt:mbctype.obj
 0001:00024ec4       __acrt_update_thread_multibyte_data 0000000180025ec4 f   libucrt:mbctype.obj
 0001:00024ee0       _setmbcp_nolock            0000000180025ee0 f   libucrt:mbctype.obj
 0001:00025214       _ismbblead                 0000000180026214 f   libucrt:ismbbyte.obj
 0001:00025228       __acrt_initialize_command_line 0000000180026228 f   libucrt:argv_data.obj
 0001:00025250       __acrt_MultiByteToWideChar 0000000180026250 f   libucrt:multibytetowidechar.obj
 0001:000252ac       __acrt_WideCharToMultiByte 00000001800262ac f   libucrt:widechartomultibyte.obj
 0001:00025344       __dcrt_get_narrow_environment_from_os 0000000180026344 f   libucrt:get_environment_from_os.obj
 0001:00025448       _recalloc_base             0000000180026448 f   libucrt:recalloc.obj
 0001:000256b8       __acrt_AppPolicyGetProcessTerminationMethodInternal 00000001800266b8 f   libucrt:winapi_thunks.obj
 0001:00025708       __acrt_AreFileApisANSI     0000000180026708 f   libucrt:winapi_thunks.obj
 0001:00025744       __acrt_FlsAlloc            0000000180026744 f   libucrt:winapi_thunks.obj
 0001:0002578c       __acrt_FlsFree             000000018002678c f   libucrt:winapi_thunks.obj
 0001:000257d4       __acrt_FlsGetValue         00000001800267d4 f   libucrt:winapi_thunks.obj
 0001:0002581c       __acrt_FlsSetValue         000000018002681c f   libucrt:winapi_thunks.obj
 0001:00025870       __acrt_InitializeCriticalSectionEx 0000000180026870 f   libucrt:winapi_thunks.obj
 0001:000258d4       __acrt_LCMapStringEx       00000001800268d4 f   libucrt:winapi_thunks.obj
 0001:000259b0       __acrt_LocaleNameToLCID    00000001800269b0 f   libucrt:winapi_thunks.obj
 0001:00025a00       __acrt_initialize_winapi_thunks 0000000180026a00 f   libucrt:winapi_thunks.obj
 0001:00025a34       __acrt_uninitialize_winapi_thunks 0000000180026a34 f   libucrt:winapi_thunks.obj
 0001:00025a78       __acrt_initialize_heap     0000000180026a78 f   libucrt:heap_handle.obj
 0001:00025a94       __acrt_uninitialize_heap   0000000180026a94 f   libucrt:heap_handle.obj
 0001:00025c9c       __acrt_initialize_lowio    0000000180026c9c f   libucrt:ioinit.obj
 0001:00025cd8       __acrt_uninitialize_lowio  0000000180026cd8 f   libucrt:ioinit.obj
 0001:00025d18       __acrt_execute_initializers 0000000180026d18 f   libucrt:shared_initialization.obj
 0001:00025d98       __acrt_execute_uninitializers 0000000180026d98 f   libucrt:shared_initialization.obj
 0001:00025dd4       __acrt_initialize_new_handler 0000000180026dd4 f   libucrt:new_handler.obj
 0001:00025ddc       _callnewh                  0000000180026ddc f   libucrt:new_handler.obj
 0001:00025e0c       _query_new_handler         0000000180026e0c f   libucrt:new_handler.obj
 0001:00025e88       __acrt_get_sigabrt_handler 0000000180026e88 f   libucrt:signal.obj
 0001:00025eb8       __acrt_initialize_signal_handlers 0000000180026eb8 f   libucrt:signal.obj
 0001:00025ed8       raise                      0000000180026ed8 f   libucrt:signal.obj
 0001:00026144       __acrt_has_user_matherr    0000000180027144 f   libucrt:matherr.obj
 0001:00026164       __acrt_initialize_user_matherr 0000000180027164 f   libucrt:matherr.obj
 0001:0002616c       __acrt_invoke_user_matherr 000000018002716c f   libucrt:matherr.obj
 0001:00026378       __acrt_stdio_flush_nolock  0000000180027378 f   libucrt:fflush.obj
 0001:000263f4       _fflush_nolock             00000001800273f4 f   libucrt:fflush.obj
 0001:00026440       _flushall                  0000000180027440 f   libucrt:fflush.obj
 0001:00026448       __acrt_initialize_stdio    0000000180027448 f   libucrt:_file.obj
 0001:00026568       __acrt_uninitialize_stdio  0000000180027568 f   libucrt:_file.obj
 0001:000265c4       _lock_file                 00000001800275c4 f   libucrt:_file.obj
 0001:000265d0       _unlock_file               00000001800275d0 f   libucrt:_file.obj
 0001:000265dc       _malloc_base               00000001800275dc f   libucrt:malloc_base.obj
 0001:0002663c       _mbtowc_l                  000000018002763c f   libucrt:mbtowc.obj
 0001:000267bc       mbtowc                     00000001800277bc f   libucrt:mbtowc.obj
 0001:000267c4       __acrt_update_locale_info  00000001800277c4 f   libucrt:locale_update.obj
 0001:000267f8       __acrt_update_multibyte_info 00000001800277f8 f   libucrt:locale_update.obj
 0001:0002682c       _fileno                    000000018002782c f   libucrt:fileno.obj
 0001:000268c4       __acrt_set_locale_changed  00000001800278c4 f   libucrt:wsetlocale.obj
 0001:000268d0       __acrt_uninitialize_locale 00000001800278d0 f   libucrt:wsetlocale.obj
 0001:00026900       __pctype_func              0000000180027900 f   libucrt:ctype.obj
 0001:00026930       __acrt_add_locale_ref      0000000180027930 f   libucrt:locale_refcounting.obj
 0001:000269bc       __acrt_free_locale         00000001800279bc f   libucrt:locale_refcounting.obj
 0001:00026b34       __acrt_locale_add_lc_time_reference 0000000180027b34 f   libucrt:locale_refcounting.obj
 0001:00026b5c       __acrt_locale_free_lc_time_if_unreferenced 0000000180027b5c f   libucrt:locale_refcounting.obj
 0001:00026b94       __acrt_locale_release_lc_time_reference 0000000180027b94 f   libucrt:locale_refcounting.obj
 0001:00026bbc       __acrt_release_locale_ref  0000000180027bbc f   libucrt:locale_refcounting.obj
 0001:00026c64       __acrt_update_thread_locale_data 0000000180027c64 f   libucrt:locale_refcounting.obj
 0001:00026cd0       _updatetlocinfoEx_nolock   0000000180027cd0 f   libucrt:locale_refcounting.obj
 0001:00026d38       _query_new_mode            0000000180027d38 f   libucrt:new_mode.obj
 0001:00026d40       qsort                      0000000180027d40 f   libucrt:qsort.obj
 0001:000270f0       strncpy_s                  00000001800280f0 f   libucrt:strncpy_s.obj
 0001:00027270       strpbrk                    0000000180028270 f   libucrt:strpbrk.obj
 0001:00027650       _mbsdec                    0000000180028650 f   libucrt:mbsdec.obj
 0001:00027658       _mbsdec_l                  0000000180028658 f   libucrt:mbsdec.obj
 0001:000276ec       __acrt_GetStringTypeA      00000001800286ec f   libucrt:getstringtypea.obj
 0001:00027b94       __acrt_LCMapStringA        0000000180028b94 f   libucrt:lcmapstringa.obj
 0001:00027c44       _msize_base                0000000180028c44 f   libucrt:msize.obj
 0001:00027c80       _realloc_base              0000000180028c80 f   libucrt:realloc_base.obj
 0001:00027cfc       __acrt_DownlevelLocaleNameToLCID 0000000180028cfc f   libucrt:lcidtoname_downlevel.obj
 0001:00027dac       __acrt_lowio_create_handle_array 0000000180028dac f   libucrt:osfinfo.obj
 0001:00027e54       __acrt_lowio_destroy_handle_array 0000000180028e54 f   libucrt:osfinfo.obj
 0001:00027ea4       __acrt_lowio_ensure_fh_exists 0000000180028ea4 f   libucrt:osfinfo.obj
 0001:00027f4c       __acrt_lowio_lock_fh       0000000180028f4c f   libucrt:osfinfo.obj
 0001:00027f74       __acrt_lowio_unlock_fh     0000000180028f74 f   libucrt:osfinfo.obj
 0001:00027f9c       _free_osfhnd               0000000180028f9c f   libucrt:osfinfo.obj
 0001:00028058       _get_osfhandle             0000000180029058 f   libucrt:osfinfo.obj
 0001:0002815c       _commit                    000000018002915c f   libucrt:commit.obj
 0001:00028a50       _write                     0000000180029a50 f   libucrt:write.obj
 0001:00028b3c       _write_nolock              0000000180029b3c f   libucrt:write.obj
 0001:00028e18       _fcloseall                 0000000180029e18 f   libucrt:closeall.obj
 0001:00028ecc       __acrt_stdio_free_buffer_nolock 0000000180029ecc f   libucrt:_freebuf.obj
 0001:00028f0c       _isatty                    0000000180029f0c f   libucrt:isatty.obj
 0001:00028f6c       _isleadbyte_l              0000000180029f6c f i libucrt:_wctype.obj
 0001:00028fb8       ?__mbrtowc_utf8@__crt_mbstring@@YA_KPEA_WPEBD_KPEAU_Mbstatet@@@Z 0000000180029fb8 f   libucrt:mbrtowc.obj
 0001:00028ff4       ?__mbsrtowcs_utf8@__crt_mbstring@@YA_KPEA_WPEAPEBD_KPEAU_Mbstatet@@@Z 0000000180029ff4 f   libucrt:mbrtowc.obj
 0001:0002916c       __acrt_locale_free_monetary 000000018002a16c f   libucrt:initmon.obj
 0001:00029278       __acrt_locale_free_numeric 000000018002a278 f   libucrt:initnum.obj
 0001:0002933c       __acrt_locale_free_time    000000018002a33c f   libucrt:inittime.obj
 0001:00029444       __strncnt                  000000018002a444 f   libucrt:strncnt.obj
 0001:0002945c       __ascii_wcsnicmp           000000018002a45c f   libucrt:wcsnicmp.obj
 0001:000294a8       _query_app_type            000000018002a4a8 f   libucrt:report_runtime_error.obj
 0001:0002954c       _lseeki64_nolock           000000018002a54c f   libucrt:lseek.obj
 0001:00029554       _putwch_nolock             000000018002a554 f   libucrt:putwch.obj
 0001:00029590       _fclose_nolock             000000018002a590 f   libucrt:fclose.obj
 0001:00029614       fclose                     000000018002a614 f   libucrt:fclose.obj
 0001:00029678       ?__mbrtoc32_utf8@__crt_mbstring@@YA_KPEA_UPEBD_KPEAU_Mbstatet@@@Z 000000018002a678 f   libucrt:mbrtoc32.obj
 0001:00029860       log10                      000000018002a860 f   libucrt:log10.obj
 0001:00029e0c       __dcrt_lowio_ensure_console_output_initialized 000000018002ae0c f   libucrt:initcon.obj
 0001:00029e60       __dcrt_terminate_console_output 000000018002ae60 f   libucrt:initcon.obj
 0001:00029e7c       __dcrt_write_console       000000018002ae7c f   libucrt:initcon.obj
 0001:00029fb0       _close                     000000018002afb0 f   libucrt:close.obj
 0001:0002a054       _close_nolock              000000018002b054 f   libucrt:close.obj
 0001:0002a114       ?__acrt_stdio_free_stream@@YAXV__crt_stdio_stream@@@Z 000000018002b114 f   libucrt:stream.obj
 0001:0002a254       _handle_error              000000018002b254 f   libucrt:libm_error.obj
 0001:0002a380       __acrt_initialize_fma3     000000018002b380 f   libucrt:fma3_available.obj
 0001:0002a3f0       _log10_special             000000018002b3f0 f   libucrt:log_special.obj
 0001:0002a4c0       _get_fpsr                  000000018002b4c0 f   libucrt:fpsr.obj
 0001:0002a4d0       _set_fpsr                  000000018002b4d0 f   libucrt:fpsr.obj
 0001:0002a4da       _fclrf                     000000018002b4da f   libucrt:fpsr.obj
 0001:0002a4ee       _frnd                      000000018002b4ee f   libucrt:fpsr.obj
 0001:0002a510       _raise_exc                 000000018002b510 f   libucrt:fpexcept.obj
 0001:0002a538       _raise_exc_ex              000000018002b538 f   libucrt:fpexcept.obj
 0001:0002a848       _set_errno_from_matherr    000000018002b848 f   libucrt:fpexcept.obj
 0001:0002a878       _clrfp                     000000018002b878 f   libucrt:fpctrl.obj
 0001:0002a898       _ctrlfp                    000000018002b898 f   libucrt:fpctrl.obj
 0001:0002a914       _set_statfp                000000018002b914 f   libucrt:fpctrl.obj
 0001:0002a934       _statfp                    000000018002b934 f   libucrt:fpctrl.obj
 0001:0002a945       IsProcessorFeaturePresent  000000018002b945 f   kernel32:KERNEL32.dll
 0001:0002a94c       __GSHandlerCheck           000000018002b94c f   LIBCMT:gshandler.obj
 0001:0002a96c       __GSHandlerCheckCommon     000000018002b96c f   LIBCMT:gshandler.obj
 0001:0002a9e0       __security_check_cookie    000000018002b9e0 f   LIBCMT:amdsecgs.obj
 0001:0002aa04       ??_Gtype_info@@UEAAPEAXI@Z 000000018002ba04 f i LIBCMT:std_type_info_static.obj
 0001:0002aa04       ??_Etype_info@@UEAAPEAXI@Z 000000018002ba04 f i LIBCMT:std_type_info_static.obj
 0001:0002aa30       _FindPESection             000000018002ba30 f   LIBCMT:pesect.obj
 0001:0002aa80       _IsNonwritableInCurrentImage 000000018002ba80 f   LIBCMT:pesect.obj
 0001:0002aad0       _ValidateImageBase         000000018002bad0 f   LIBCMT:pesect.obj
 0001:0002ab00       ??3@YAXPEAX_K@Z            000000018002bb00 f   LIBCMT:delete_scalar_size.obj
 0001:0002ab08       __GSHandlerCheck_SEH       000000018002bb08 f   LIBCMT:gshandlerseh.obj
 0001:0002ab90       __raise_securityfailure    000000018002bb90 f   LIBCMT:gs_report.obj
 0001:0002abc4       __report_gsfailure         000000018002bbc4 f   LIBCMT:gs_report.obj
 0001:0002ac98       __report_rangecheckfailure 000000018002bc98 f   LIBCMT:gs_report.obj
 0001:0002acac       __report_securityfailure   000000018002bcac f   LIBCMT:gs_report.obj
 0001:0002ae40       _alloca_probe              000000018002be40 f   LIBCMT:chkstk.obj
 0001:0002ae40       __chkstk                   000000018002be40 f   LIBCMT:chkstk.obj
 0001:0002aeb0       memcmp                     000000018002beb0 f   libvcruntime:memcmp.obj
 0001:0002af90       _guard_dispatch_icall_nop  000000018002bf90 f   LIBCMT:guard_dispatch.obj
 0001:0002afb0       _guard_xfg_dispatch_icall_nop 000000018002bfb0 f   LIBCMT:guard_xfg_dispatch.obj
 0002:00000000       __imp_FindNextFileW        000000018002d000     kernel32:KERNEL32.dll
 0002:00000008       __imp_ExpandEnvironmentStringsW 000000018002d008     kernel32:KERNEL32.dll
 0002:00000010       __imp_FindClose            000000018002d010     kernel32:KERNEL32.dll
 0002:00000018       __imp_CreateFileW          000000018002d018     kernel32:KERNEL32.dll
 0002:00000020       __imp_lstrcmpA             000000018002d020     kernel32:KERNEL32.dll
 0002:00000028       __imp_CloseHandle          000000018002d028     kernel32:KERNEL32.dll
 0002:00000030       __imp_LoadLibraryW         000000018002d030     kernel32:KERNEL32.dll
 0002:00000038       __imp_HeapAlloc            000000018002d038     kernel32:KERNEL32.dll
 0002:00000040       __imp_GetProcAddress       000000018002d040     kernel32:KERNEL32.dll
 0002:00000048       __imp_GetProcessHeap       000000018002d048     kernel32:KERNEL32.dll
 0002:00000050       __imp_GetModuleHandleW     000000018002d050     kernel32:KERNEL32.dll
 0002:00000058       __imp_FreeLibrary          000000018002d058     kernel32:KERNEL32.dll
 0002:00000060       __imp_GetTickCount         000000018002d060     kernel32:KERNEL32.dll
 0002:00000068       __imp_SetConsoleTitleW     000000018002d068     kernel32:KERNEL32.dll
 0002:00000070       __imp_CreateDirectoryW     000000018002d070     kernel32:KERNEL32.dll
 0002:00000078       __imp_ReadFile             000000018002d078     kernel32:KERNEL32.dll
 0002:00000080       __imp_CompareStringW       000000018002d080     kernel32:KERNEL32.dll
 0002:00000088       __imp_SetLastError         000000018002d088     kernel32:KERNEL32.dll
 0002:00000090       __imp_lstrcpynW            000000018002d090     kernel32:KERNEL32.dll
 0002:00000098       __imp_RemoveDirectoryW     000000018002d098     kernel32:KERNEL32.dll
 0002:000000a0       __imp_SetFileTime          000000018002d0a0     kernel32:KERNEL32.dll
 0002:000000a8       __imp_SetFilePointer       000000018002d0a8     kernel32:KERNEL32.dll
 0002:000000b0       __imp_GetConsoleTitleW     000000018002d0b0     kernel32:KERNEL32.dll
 0002:000000b8       __imp_lstrlenA             000000018002d0b8     kernel32:KERNEL32.dll
 0002:000000c0       __imp_WaitForSingleObject  000000018002d0c0     kernel32:KERNEL32.dll
 0002:000000c8       __imp_HeapFree             000000018002d0c8     kernel32:KERNEL32.dll
 0002:000000d0       __imp_SetFileAttributesW   000000018002d0d0     kernel32:KERNEL32.dll
 0002:000000d8       __imp_MultiByteToWideChar  000000018002d0d8     kernel32:KERNEL32.dll
 0002:000000e0       __imp_GetFileInformationByHandle 000000018002d0e0     kernel32:KERNEL32.dll
 0002:000000e8       __imp_GetLastError         000000018002d0e8     kernel32:KERNEL32.dll
 0002:000000f0       __imp_ReadConsoleInputW    000000018002d0f0     kernel32:KERNEL32.dll
 0002:000000f8       __imp_FileTimeToSystemTime 000000018002d0f8     kernel32:KERNEL32.dll
 0002:00000100       __imp_DeleteFileW          000000018002d100     kernel32:KERNEL32.dll
 0002:00000108       __imp_HeapReAlloc          000000018002d108     kernel32:KERNEL32.dll
 0002:00000110       __imp_FileTimeToLocalFileTime 000000018002d110     kernel32:KERNEL32.dll
 0002:00000118       __imp_PeekConsoleInputW    000000018002d118     kernel32:KERNEL32.dll
 0002:00000120       __imp_lstrcpynA            000000018002d120     kernel32:KERNEL32.dll
 0002:00000128       __imp_SystemTimeToFileTime 000000018002d128     kernel32:KERNEL32.dll
 0002:00000130       __imp_CreateProcessW       000000018002d130     kernel32:KERNEL32.dll
 0002:00000138       __imp_CopyFileExW          000000018002d138     kernel32:KERNEL32.dll
 0002:00000140       __imp_MoveFileW            000000018002d140     kernel32:KERNEL32.dll
 0002:00000148       __imp_GetModuleFileNameW   000000018002d148     kernel32:KERNEL32.dll
 0002:00000150       __imp_WriteConsoleW        000000018002d150     kernel32:KERNEL32.dll
 0002:00000158       __imp_SetFilePointerEx     000000018002d158     kernel32:KERNEL32.dll
 0002:00000160       __imp_GetConsoleMode       000000018002d160     kernel32:KERNEL32.dll
 0002:00000168       __imp_GetConsoleCP         000000018002d168     kernel32:KERNEL32.dll
 0002:00000170       __imp_GetFileAttributesW   000000018002d170     kernel32:KERNEL32.dll
 0002:00000178       __imp_FindFirstFileW       000000018002d178     kernel32:KERNEL32.dll
 0002:00000180       __imp_WriteFile            000000018002d180     kernel32:KERNEL32.dll
 0002:00000188       __imp_FlushFileBuffers     000000018002d188     kernel32:KERNEL32.dll
 0002:00000190       __imp_SetStdHandle         000000018002d190     kernel32:KERNEL32.dll
 0002:00000198       __imp_HeapSize             000000018002d198     kernel32:KERNEL32.dll
 0002:000001a0       __imp_QueryPerformanceCounter 000000018002d1a0     kernel32:KERNEL32.dll
 0002:000001a8       __imp_GetCurrentProcessId  000000018002d1a8     kernel32:KERNEL32.dll
 0002:000001b0       __imp_GetCurrentThreadId   000000018002d1b0     kernel32:KERNEL32.dll
 0002:000001b8       __imp_GetSystemTimeAsFileTime 000000018002d1b8     kernel32:KERNEL32.dll
 0002:000001c0       __imp_InitializeSListHead  000000018002d1c0     kernel32:KERNEL32.dll
 0002:000001c8       __imp_RtlCaptureContext    000000018002d1c8     kernel32:KERNEL32.dll
 0002:000001d0       __imp_RtlLookupFunctionEntry 000000018002d1d0     kernel32:KERNEL32.dll
 0002:000001d8       __imp_RtlVirtualUnwind     000000018002d1d8     kernel32:KERNEL32.dll
 0002:000001e0       __imp_IsDebuggerPresent    000000018002d1e0     kernel32:KERNEL32.dll
 0002:000001e8       __imp_UnhandledExceptionFilter 000000018002d1e8     kernel32:KERNEL32.dll
 0002:000001f0       __imp_SetUnhandledExceptionFilter 000000018002d1f0     kernel32:KERNEL32.dll
 0002:000001f8       __imp_GetStartupInfoW      000000018002d1f8     kernel32:KERNEL32.dll
 0002:00000200       __imp_IsProcessorFeaturePresent 000000018002d200     kernel32:KERNEL32.dll
 0002:00000208       __imp_RtlUnwindEx          000000018002d208     kernel32:KERNEL32.dll
 0002:00000210       __imp_InterlockedFlushSList 000000018002d210     kernel32:KERNEL32.dll
 0002:00000218       __imp_EncodePointer        000000018002d218     kernel32:KERNEL32.dll
 0002:00000220       __imp_RaiseException       000000018002d220     kernel32:KERNEL32.dll
 0002:00000228       __imp_EnterCriticalSection 000000018002d228     kernel32:KERNEL32.dll
 0002:00000230       __imp_LeaveCriticalSection 000000018002d230     kernel32:KERNEL32.dll
 0002:00000238       __imp_DeleteCriticalSection 000000018002d238     kernel32:KERNEL32.dll
 0002:00000240       __imp_InitializeCriticalSectionAndSpinCount 000000018002d240     kernel32:KERNEL32.dll
 0002:00000248       __imp_TlsAlloc             000000018002d248     kernel32:KERNEL32.dll
 0002:00000250       __imp_TlsGetValue          000000018002d250     kernel32:KERNEL32.dll
 0002:00000258       __imp_TlsSetValue          000000018002d258     kernel32:KERNEL32.dll
 0002:00000260       __imp_TlsFree              000000018002d260     kernel32:KERNEL32.dll
 0002:00000268       __imp_LoadLibraryExW       000000018002d268     kernel32:KERNEL32.dll
 0002:00000270       __imp_RtlPcToFileHeader    000000018002d270     kernel32:KERNEL32.dll
 0002:00000278       __imp_GetCurrentProcess    000000018002d278     kernel32:KERNEL32.dll
 0002:00000280       __imp_ExitProcess          000000018002d280     kernel32:KERNEL32.dll
 0002:00000288       __imp_TerminateProcess     000000018002d288     kernel32:KERNEL32.dll
 0002:00000290       __imp_GetModuleHandleExW   000000018002d290     kernel32:KERNEL32.dll
 0002:00000298       __imp_FindFirstFileExW     000000018002d298     kernel32:KERNEL32.dll
 0002:000002a0       __imp_IsValidCodePage      000000018002d2a0     kernel32:KERNEL32.dll
 0002:000002a8       __imp_GetACP               000000018002d2a8     kernel32:KERNEL32.dll
 0002:000002b0       __imp_GetOEMCP             000000018002d2b0     kernel32:KERNEL32.dll
 0002:000002b8       __imp_GetCPInfo            000000018002d2b8     kernel32:KERNEL32.dll
 0002:000002c0       __imp_GetCommandLineA      000000018002d2c0     kernel32:KERNEL32.dll
 0002:000002c8       __imp_GetCommandLineW      000000018002d2c8     kernel32:KERNEL32.dll
 0002:000002d0       __imp_WideCharToMultiByte  000000018002d2d0     kernel32:KERNEL32.dll
 0002:000002d8       __imp_GetEnvironmentStringsW 000000018002d2d8     kernel32:KERNEL32.dll
 0002:000002e0       __imp_FreeEnvironmentStringsW 000000018002d2e0     kernel32:KERNEL32.dll
 0002:000002e8       __imp_LCMapStringW         000000018002d2e8     kernel32:KERNEL32.dll
 0002:000002f0       __imp_GetStdHandle         000000018002d2f0     kernel32:KERNEL32.dll
 0002:000002f8       __imp_GetFileType          000000018002d2f8     kernel32:KERNEL32.dll
 0002:00000300       __imp_GetStringTypeW       000000018002d300     kernel32:KERNEL32.dll
 0002:00000308       \177KERNEL32_NULL_THUNK_DATA 000000018002d308     kernel32:KERNEL32.dll
 0002:00000310       __imp_SHGetFileInfoW       000000018002d310     shell32:SHELL32.dll
 0002:00000318       __imp_SHFileOperationW     000000018002d318     shell32:SHELL32.dll
 0002:00000320       __imp_ShellExecuteExW      000000018002d320     shell32:SHELL32.dll
 0002:00000328       \177SHELL32_NULL_THUNK_DATA 000000018002d328     shell32:SHELL32.dll
 0002:00000330       __imp_MessageBeep          000000018002d330     user32:USER32.dll
 0002:00000338       __imp_GetClientRect        000000018002d338     user32:USER32.dll
 0002:00000340       \177USER32_NULL_THUNK_DATA 000000018002d340     user32:USER32.dll
 0002:00000348       __guard_check_icall_fptr   000000018002d348     LIBCMT:guard_support.obj
 0002:00000350       __guard_xfg_check_icall_fptr 000000018002d350     LIBCMT:guard_support.obj
 0002:00000358       __guard_dispatch_icall_fptr 000000018002d358     LIBCMT:guard_support.obj
 0002:00000360       __guard_xfg_dispatch_icall_fptr 000000018002d360     LIBCMT:guard_support.obj
 0002:00000368       __guard_xfg_table_dispatch_icall_fptr 000000018002d368     LIBCMT:guard_support.obj
 0002:00000370       __xc_a                     000000018002d370     LIBCMT:initializers.obj
 0002:00000378       __xc_z                     000000018002d378     LIBCMT:initializers.obj
 0002:00000380       __xi_a                     000000018002d380     LIBCMT:initializers.obj
 0002:00000388       __acrt_multibyte_initializer 000000018002d388     libucrt:multibyte_initializer.obj
 0002:00000390       __acrt_stdio_initializer   000000018002d390     libucrt:stdio_initializer.obj
 0002:00000398       __acrt_tran_fma3_initializer 000000018002d398     libucrt:fma3_initializer.obj
 0002:000003a0       __xi_z                     000000018002d3a0     LIBCMT:initializers.obj
 0002:000003a8       __xp_a                     000000018002d3a8     LIBCMT:initializers.obj
 0002:000003b0       __acrt_locale_terminator   000000018002d3b0     libucrt:locale_initializer.obj
 0002:000003b8       __dcrt_console_output_terminator 000000018002d3b8     libucrt:console_output_initializer.obj
 0002:000003c0       __acrt_stdio_terminator    000000018002d3c0     libucrt:stdio_initializer.obj
 0002:000003c8       __xp_z                     000000018002d3c8     LIBCMT:initializers.obj
 0002:000003d0       __xt_a                     000000018002d3d0     LIBCMT:initializers.obj
 0002:000003d8       __xt_z                     000000018002d3d8     LIBCMT:initializers.obj
 0002:000003e0       _pDefaultRawDllMain        000000018002d3e0     LIBCMT:dll_dllmain.obj
 0002:000003e0       _pRawDllMain               000000018002d3e0     LIBCMT:dll_dllmain.obj
 0002:000003e8       ?s_negLengthTab@FH4@@3QBCB 000000018002d3e8     libvcruntime:risctrnsctrl.obj
 0002:000003f8       ?s_shiftTab@FH4@@3QBEB     000000018002d3f8     libvcruntime:risctrnsctrl.obj
 0002:000004a8       _pDestructExceptionObject  000000018002d4a8     libvcruntime:ehhelpers.obj
 0002:000004b8       ??_7exception@std@@6B@     000000018002d4b8     libvcruntime:frame.obj
 0002:000004c8       ??_C@_0BC@EOODALEL@Unknown?5exception@ 000000018002d4c8     libvcruntime:frame.obj
 0002:000004e8       ??_7bad_exception@std@@6B@ 000000018002d4e8     libvcruntime:frame.obj
 0002:000004f8       ??_C@_0O@DPKOEFFH@bad?5exception@ 000000018002d4f8     libvcruntime:frame.obj
 0002:00000c10       ??_C@_08EHJDFFNH@__based?$CI@ 000000018002dc10     libvcruntime:undname.obj
 0002:00000c20       ??_C@_07KOLFKCDI@__cdecl@  000000018002dc20     libvcruntime:undname.obj
 0002:00000c28       ??_C@_08GHMPAG@__pascal@   000000018002dc28     libvcruntime:undname.obj
 0002:00000c38       ??_C@_09IFJBGAPI@__stdcall@ 000000018002dc38     libvcruntime:undname.obj
 0002:00000c48       ??_C@_0L@NPHFGOKO@__thiscall@ 000000018002dc48     libvcruntime:undname.obj
 0002:00000c58       ??_C@_0L@JMKHOMEK@__fastcall@ 000000018002dc58     libvcruntime:undname.obj
 0002:00000c68       ??_C@_0N@BCKKPABJ@__vectorcall@ 000000018002dc68     libvcruntime:undname.obj
 0002:00000c78       ??_C@_09HIJEGCPM@__clrcall@ 000000018002dc78     libvcruntime:undname.obj
 0002:00000c84       ??_C@_06GHPCKEAG@__eabi@   000000018002dc84     libvcruntime:undname.obj
 0002:00000c90       ??_C@_09IOPIDJLG@__swift_1@ 000000018002dc90     libvcruntime:undname.obj
 0002:00000ca0       ??_C@_09KFNFGKHF@__swift_2@ 000000018002dca0     libvcruntime:undname.obj
 0002:00000cb0       ??_C@_07JOMMBBKO@__ptr64@  000000018002dcb0     libvcruntime:undname.obj
 0002:00000cb8       ??_C@_0L@PILCLIHE@__restrict@ 000000018002dcb8     libvcruntime:undname.obj
 0002:00000cc8       ??_C@_0M@GFIIJFMG@__unaligned@ 000000018002dcc8     libvcruntime:undname.obj
 0002:00000cd8       ??_C@_09DHDLOLLB@restrict?$CI@ 000000018002dcd8     libvcruntime:undname.obj
 0002:00000ce2       ??_C@_00CNPNBAHC@@         000000018002dce2     libvcruntime:undname.obj
 0002:00000ce4       ??_C@_04NIHEBCM@?5new@     000000018002dce4     libvcruntime:undname.obj
 0002:00000cf0       ??_C@_07FPCDHGMM@?5delete@ 000000018002dcf0     libvcruntime:undname.obj
 0002:00000cf8       ??_C@_01NEMOKFLO@?$DN@     000000018002dcf8     libvcruntime:undname.obj
 0002:00000cfc       ??_C@_02GPIOPFAK@?$DO?$DO@ 000000018002dcfc     libvcruntime:undname.obj
 0002:00000d00       ??_C@_02FODMEDOG@?$DM?$DM@ 000000018002dd00     libvcruntime:undname.obj
 0002:00000d04       ??_C@_01DCLJPIOD@?$CB@     000000018002dd04     libvcruntime:undname.obj
 0002:00000d08       ??_C@_02EGOFBIJA@?$DN?$DN@ 000000018002dd08     libvcruntime:undname.obj
 0002:00000d0c       ??_C@_02FDNJECIE@?$CB?$DN@ 000000018002dd0c     libvcruntime:undname.obj
 0002:00000d10       ??_C@_02GPECMEKF@?$FL?$FN@ 000000018002dd10     libvcruntime:undname.obj
 0002:00000d18       ??_C@_08LHJFAFGD@operator@ 000000018002dd18     libvcruntime:undname.obj
 0002:00000d24       ??_C@_02HBOOOICD@?9?$DO@   000000018002dd24     libvcruntime:undname.obj
 0002:00000d28       ??_C@_01NBENCBCI@?$CK@     000000018002dd28     libvcruntime:undname.obj
 0002:00000d2c       ??_C@_02ECNGHCIF@?$CL?$CL@ 000000018002dd2c     libvcruntime:undname.obj
 0002:00000d30       ??_C@_02BAABKJLB@?9?9@     000000018002dd30     libvcruntime:undname.obj
 0002:00000d34       ??_C@_01JOAMLHOP@?9@       000000018002dd34     libvcruntime:undname.obj
 0002:00000d38       ??_C@_01MIFGBAGJ@?$CL@     000000018002dd38     libvcruntime:undname.obj
 0002:00000d3c       ??_C@_01HNPIGOCE@?$CG@     000000018002dd3c     libvcruntime:undname.obj
 0002:00000d40       ??_C@_03MNHNFDLC@?9?$DO?$CK@ 000000018002dd40     libvcruntime:undname.obj
 0002:00000d44       ??_C@_01KMDKNFGN@?1@       000000018002dd44     libvcruntime:undname.obj
 0002:00000d48       ??_C@_01FGNFDNOH@?$CF@     000000018002dd48     libvcruntime:undname.obj
 0002:00000d4c       ??_C@_01MNNFJEPP@?$DM@     000000018002dd4c     libvcruntime:undname.obj
 0002:00000d50       ??_C@_02EHCHHCKH@?$DM?$DN@ 000000018002dd50     libvcruntime:undname.obj
 0002:00000d54       ??_C@_01PPODPGHN@?$DO@     000000018002dd54     libvcruntime:undname.obj
 0002:00000d58       ??_C@_02EEKDKGMJ@?$DO?$DN@ 000000018002dd58     libvcruntime:undname.obj
 0002:00000d5c       ??_C@_01IHBHIGKO@?0@       000000018002dd5c     libvcruntime:undname.obj
 0002:00000d60       ??_C@_02HCKGKOFO@?$CI?$CJ@ 000000018002dd60     libvcruntime:undname.obj
 0002:00000d64       ??_C@_01PJKLJHI@?$HO@      000000018002dd64     libvcruntime:undname.obj
 0002:00000d68       ??_C@_01JKBOJNNK@?$FO@     000000018002dd68     libvcruntime:undname.obj
 0002:00000d6c       ??_C@_01DNKMNLPK@?$HM@     000000018002dd6c     libvcruntime:undname.obj
 0002:00000d70       ??_C@_02PPKAJPJL@?$CG?$CG@ 000000018002dd70     libvcruntime:undname.obj
 0002:00000d74       ??_C@_02NONPIBCD@?$HM?$HM@ 000000018002dd74     libvcruntime:undname.obj
 0002:00000d78       ??_C@_02FPIMKNGF@?$CK?$DN@ 000000018002dd78     libvcruntime:undname.obj
 0002:00000d7c       ??_C@_02FOEOMHFC@?$CL?$DN@ 000000018002dd7c     libvcruntime:undname.obj
 0002:00000d80       ??_C@_02FKMDLLOA@?9?$DN@   000000018002dd80     libvcruntime:undname.obj
 0002:00000d84       ??_C@_02FJEHGPIO@?1?$DN@   000000018002dd84     libvcruntime:undname.obj
 0002:00000d88       ??_C@_02FENAOKFI@?$CF?$DN@ 000000018002dd88     libvcruntime:undname.obj
 0002:00000d8c       ??_C@_03IKFCCPFF@?$DO?$DO?$DN@ 000000018002dd8c     libvcruntime:undname.obj
 0002:00000d90       ??_C@_03CDNPDDLA@?$DM?$DM?$DN@ 000000018002dd90     libvcruntime:undname.obj
 0002:00000d94       ??_C@_02FGJGFEAB@?$CG?$DN@ 000000018002dd94     libvcruntime:undname.obj
 0002:00000d98       ??_C@_02DHLNPPGH@?$HM?$DN@ 000000018002dd98     libvcruntime:undname.obj
 0002:00000d9c       ??_C@_02MHEGNOJ@?$FO?$DN@  000000018002dd9c     libvcruntime:undname.obj
 0002:00000da0       ??_C@_09IFPLHPGF@?$GAvftable?8@ 000000018002dda0     libvcruntime:undname.obj
 0002:00000db0       ??_C@_09BLBHBJP@?$GAvbtable?8@ 000000018002ddb0     libvcruntime:undname.obj
 0002:00000dc0       ??_C@_07FEEIOKP@?$GAvcall?8@ 000000018002ddc0     libvcruntime:undname.obj
 0002:00000dc8       ??_C@_08LLFFHHDJ@?$GAtypeof?8@ 000000018002ddc8     libvcruntime:undname.obj
 0002:00000dd8       ??_C@_0BF@KDPPACIK@?$GAlocal?5static?5guard?8@ 000000018002ddd8     libvcruntime:undname.obj
 0002:00000df0       ??_C@_08OBABFOLI@?$GAstring?8@ 000000018002ddf0     libvcruntime:undname.obj
 0002:00000e00       ??_C@_0BD@JDLKDPAB@?$GAvbase?5destructor?8@ 000000018002de00     libvcruntime:undname.obj
 0002:00000e18       ??_C@_0BN@DEGPLNFK@?$GAvector?5deleting?5destructor?8@ 000000018002de18     libvcruntime:undname.obj
 0002:00000e38       ??_C@_0BO@OBMKPJIG@?$GAdefault?5constructor?5closure?8@ 000000018002de38     libvcruntime:undname.obj
 0002:00000e58       ??_C@_0BN@IMDCHIKM@?$GAscalar?5deleting?5destructor?8@ 000000018002de58     libvcruntime:undname.obj
 0002:00000e78       ??_C@_0BO@PFGOCPJJ@?$GAvector?5constructor?5iterator?8@ 000000018002de78     libvcruntime:undname.obj
 0002:00000e98       ??_C@_0BN@LFPFMEDL@?$GAvector?5destructor?5iterator?8@ 000000018002de98     libvcruntime:undname.obj
 0002:00000eb8       ??_C@_0CE@IKBNEHA@?$GAvector?5vbase?5constructor?5itera@ 000000018002deb8     libvcruntime:undname.obj
 0002:00000ee0       ??_C@_0BL@NILFHHPC@?$GAvirtual?5displacement?5map?8@ 000000018002dee0     libvcruntime:undname.obj
 0002:00000f00       ??_C@_0CB@JONCMFFK@?$GAeh?5vector?5constructor?5iterator@ 000000018002df00     libvcruntime:undname.obj
 0002:00000f28       ??_C@_0CA@GCEOPDGL@?$GAeh?5vector?5destructor?5iterator?8@ 000000018002df28     libvcruntime:undname.obj
 0002:00000f48       ??_C@_0CH@OOJPLCPH@?$GAeh?5vector?5vbase?5constructor?5it@ 000000018002df48     libvcruntime:undname.obj
 0002:00000f70       ??_C@_0BL@LLKPOHJI@?$GAcopy?5constructor?5closure?8@ 000000018002df70     libvcruntime:undname.obj
 0002:00000f90       ??_C@_0BA@KBCDOMBN@?$GAudt?5returning?8@ 000000018002df90     libvcruntime:undname.obj
 0002:00000fa0       ??_C@_03KLGMFNMG@?$GAEH@   000000018002dfa0     libvcruntime:undname.obj
 0002:00000fa4       ??_C@_05KHLCHHI@?$GARTTI@  000000018002dfa4     libvcruntime:undname.obj
 0002:00000fb0       ??_C@_0BA@KKLDJDLB@?$GAlocal?5vftable?8@ 000000018002dfb0     libvcruntime:undname.obj
 0002:00000fc0       ??_C@_0CE@IIHCMGGL@?$GAlocal?5vftable?5constructor?5clos@ 000000018002dfc0     libvcruntime:undname.obj
 0002:00000fe4       ??_C@_06FHBGPFGH@?5new?$FL?$FN@ 000000018002dfe4     libvcruntime:undname.obj
 0002:00000ff0       ??_C@_09LBNFPBCA@?5delete?$FL?$FN@ 000000018002dff0     libvcruntime:undname.obj
 0002:00001000       ??_C@_0P@HJKNJFNN@?$GAomni?5callsig?8@ 000000018002e000     libvcruntime:undname.obj
 0002:00001010       ??_C@_0BL@CNOONJFP@?$GAplacement?5delete?5closure?8@ 000000018002e010     libvcruntime:undname.obj
 0002:00001030       ??_C@_0BN@CKNJLHMB@?$GAplacement?5delete?$FL?$FN?5closure?8@ 000000018002e030     libvcruntime:undname.obj
 0002:00001050       ??_C@_0CG@CFDHKGGD@?$GAmanaged?5vector?5constructor?5ite@ 000000018002e050     libvcruntime:undname.obj
 0002:00001078       ??_C@_0CF@IMGKMJNO@?$GAmanaged?5vector?5destructor?5iter@ 000000018002e078     libvcruntime:undname.obj
 0002:000010a0       ??_C@_0CG@HLDDJMAG@?$GAeh?5vector?5copy?5constructor?5ite@ 000000018002e0a0     libvcruntime:undname.obj
 0002:000010c8       ??_C@_0CM@FCBBDIGB@?$GAeh?5vector?5vbase?5copy?5construct@ 000000018002e0c8     libvcruntime:undname.obj
 0002:000010f8       ??_C@_0BL@CLIPGLGB@?$GAdynamic?5initializer?5for?5?8@ 000000018002e0f8     libvcruntime:undname.obj
 0002:00001118       ??_C@_0CB@PDBIFEP@?$GAdynamic?5atexit?5destructor?5for?5@ 000000018002e118     libvcruntime:undname.obj
 0002:00001140       ??_C@_0CD@CGAJBKEJ@?$GAvector?5copy?5constructor?5iterat@ 000000018002e140     libvcruntime:undname.obj
 0002:00001168       ??_C@_0CJ@GJELGAMM@?$GAvector?5vbase?5copy?5constructor?5@ 000000018002e168     libvcruntime:undname.obj
 0002:00001198       ??_C@_0CL@FGIJHLCE@?$GAmanaged?5vector?5copy?5constructo@ 000000018002e198     libvcruntime:undname.obj
 0002:000011c8       ??_C@_0BM@PMGGMLDN@?$GAlocal?5static?5thread?5guard?8@ 000000018002e1c8     libvcruntime:undname.obj
 0002:000011e8       ??_C@_0N@BDNMDMOL@operator?5?$CC?$CC?5@ 000000018002e1e8     libvcruntime:undname.obj
 0002:000011f8       ??_C@_0BC@GGEBGALA@operator?5co_await@ 000000018002e1f8     libvcruntime:undname.obj
 0002:00001210       ??_C@_0M@GAAIMMOH@operator?$DM?$DN?$DO@ 000000018002e210     libvcruntime:undname.obj
 0002:00001220       ??_C@_0BC@DAFEJGAK@?5Type?5Descriptor?8@ 000000018002e220     libvcruntime:undname.obj
 0002:00001238       ??_C@_0BM@LDKODKLH@?5Base?5Class?5Descriptor?5at?5?$CI@ 000000018002e238     libvcruntime:undname.obj
 0002:00001258       ??_C@_0BD@LGICGFMM@?5Base?5Class?5Array?8@ 000000018002e258     libvcruntime:undname.obj
 0002:00001270       ??_C@_0BN@MECKDCOJ@?5Class?5Hierarchy?5Descriptor?8@ 000000018002e270     libvcruntime:undname.obj
 0002:00001290       ??_C@_0BK@CFCOFLF@?5Complete?5Object?5Locator?8@ 000000018002e290     libvcruntime:undname.obj
 0002:000012b0       ??_C@_0BG@JNJLAMPM@?$GAanonymous?5namespace?8@ 000000018002e2b0     libvcruntime:undname.obj
 0002:000012e0       ??_C@_1DM@KHCHBNEB@?$AAa?$AAp?$AAi?$AA?9?$AAm?$AAs?$AA?9?$AAw?$AAi?$AAn?$AA?9?$AAc?$AAo?$AAr?$AAe@ 000000018002e2e0     libvcruntime:winapi_downlevel.obj
 0002:00001320       ??_C@_1DK@LPPGFMPP@?$AAa?$AAp?$AAi?$AA?9?$AAm?$AAs?$AA?9?$AAw?$AAi?$AAn?$AA?9?$AAc?$AAo?$AAr?$AAe@ 000000018002e320     libvcruntime:winapi_downlevel.obj
 0002:00001360       ??_C@_1BC@GDMECMAK@?$AAk?$AAe?$AAr?$AAn?$AAe?$AAl?$AA3?$AA2@ 000000018002e360     libvcruntime:winapi_downlevel.obj
 0002:00001378       ??_C@_1BA@PFFKHIOG@?$AAa?$AAp?$AAi?$AA?9?$AAm?$AAs?$AA?9@ 000000018002e378     libvcruntime:winapi_downlevel.obj
 0002:00001390       ??_C@_08KNHFBNJ@FlsAlloc@  000000018002e390     libvcruntime:winapi_downlevel.obj
 0002:000013a8       ??_C@_07PEJMOBNF@FlsFree@  000000018002e3a8     libvcruntime:winapi_downlevel.obj
 0002:000013b8       ??_C@_0M@GDNOONDI@FlsGetValue@ 000000018002e3b8     libvcruntime:winapi_downlevel.obj
 0002:000013d0       ??_C@_0M@JCPCPOEF@FlsSetValue@ 000000018002e3d0     libvcruntime:winapi_downlevel.obj
 0002:000013e8       ??_C@_0BM@HCFOFFN@InitializeCriticalSectionEx@ 000000018002e3e8     libvcruntime:winapi_downlevel.obj
 0002:00001410       __acrt_exception_action_table 000000018002e410     libucrt:exception_filter.obj
 0002:000014d0       __acrt_signal_action_table_count 000000018002e4d0     libucrt:exception_filter.obj
 0002:000014d8       __acrt_signal_action_first_fpe_index 000000018002e4d8     libucrt:exception_filter.obj
 0002:000014e0       __acrt_signal_action_fpe_count 000000018002e4e0     libucrt:exception_filter.obj
 0002:000014e8       ??_C@_1BI@BGOHAHKC@?$AAm?$AAs?$AAc?$AAo?$AAr?$AAe?$AAe?$AA?4?$AAd?$AAl?$AAl@ 000000018002e4e8     libucrt:exit.obj
 0002:00001500       ??_C@_0P@MIGLKIOC@CorExitProcess@ 000000018002e500     libucrt:exit.obj
 0002:00001798       ??_C@_1M@HPNHIDJI@?$AAj?$AAa?$AA?9?$AAJ?$AAP@ 000000018002e798     libucrt:mbctype.obj
 0002:000017a8       ??_C@_1M@BIBDDEMK@?$AAz?$AAh?$AA?9?$AAC?$AAN@ 000000018002e7a8     libucrt:mbctype.obj
 0002:000017b8       ??_C@_1M@JLOOOEGK@?$AAk?$AAo?$AA?9?$AAK?$AAR@ 000000018002e7b8     libucrt:mbctype.obj
 0002:000017c8       ??_C@_1M@CLNBBOPM@?$AAz?$AAh?$AA?9?$AAT?$AAW@ 000000018002e7c8     libucrt:mbctype.obj
 0002:00001880       ??_C@_1EA@JGEFHKEI@?$AAa?$AAp?$AAi?$AA?9?$AAm?$AAs?$AA?9?$AAw?$AAi?$AAn?$AA?9?$AAc?$AAo?$AAr?$AAe@ 000000018002e880     libucrt:winapi_thunks.obj
 0002:000018c0       ??_C@_1DI@IJCEHOCB@?$AAa?$AAp?$AAi?$AA?9?$AAm?$AAs?$AA?9?$AAw?$AAi?$AAn?$AA?9?$AAc?$AAo?$AAr?$AAe@ 000000018002e8c0     libucrt:winapi_thunks.obj
 0002:00001900       ??_C@_1EI@MPIAOHOC@?$AAa?$AAp?$AAi?$AA?9?$AAm?$AAs?$AA?9?$AAw?$AAi?$AAn?$AA?9?$AAc?$AAo?$AAr?$AAe@ 000000018002e900     libucrt:winapi_thunks.obj
 0002:00001950       ??_C@_1FK@FPHCKFIE@?$AAa?$AAp?$AAi?$AA?9?$AAm?$AAs?$AA?9?$AAw?$AAi?$AAn?$AA?9?$AAc?$AAo?$AAr?$AAe@ 000000018002e950     libucrt:winapi_thunks.obj
 0002:000019b0       ??_C@_1EM@DILCGIIO@?$AAa?$AAp?$AAi?$AA?9?$AAm?$AAs?$AA?9?$AAw?$AAi?$AAn?$AA?9?$AAc?$AAo?$AAr?$AAe@ 000000018002e9b0     libucrt:winapi_thunks.obj
 0002:00001a00       ??_C@_1DM@LNCGDDPN@?$AAa?$AAp?$AAi?$AA?9?$AAm?$AAs?$AA?9?$AAw?$AAi?$AAn?$AA?9?$AAc?$AAo?$AAr?$AAe@ 000000018002ea00     libucrt:winapi_thunks.obj
 0002:00001a40       ??_C@_1DO@FPAPJEMD@?$AAa?$AAp?$AAi?$AA?9?$AAm?$AAs?$AA?9?$AAw?$AAi?$AAn?$AA?9?$AAc?$AAo?$AAr?$AAe@ 000000018002ea40     libucrt:winapi_thunks.obj
 0002:00001a80       ??_C@_1DK@NDHNAHIO@?$AAa?$AAp?$AAi?$AA?9?$AAm?$AAs?$AA?9?$AAw?$AAi?$AAn?$AA?9?$AAc?$AAo?$AAr?$AAe@ 000000018002ea80     libucrt:winapi_thunks.obj
 0002:00001ac0       ??_C@_1DM@KGHDGBCM@?$AAa?$AAp?$AAi?$AA?9?$AAm?$AAs?$AA?9?$AAw?$AAi?$AAn?$AA?9?$AAc?$AAo?$AAr?$AAe@ 000000018002eac0     libucrt:winapi_thunks.obj
 0002:00001b00       ??_C@_1EO@IJIOEFOH@?$AAa?$AAp?$AAi?$AA?9?$AAm?$AAs?$AA?9?$AAw?$AAi?$AAn?$AA?9?$AAr?$AAt?$AAc?$AAo@ 000000018002eb00     libucrt:winapi_thunks.obj
 0002:00001b50       ??_C@_1FG@HHGEKANL@?$AAa?$AAp?$AAi?$AA?9?$AAm?$AAs?$AA?9?$AAw?$AAi?$AAn?$AA?9?$AAs?$AAe?$AAc?$AAu@ 000000018002eb50     libucrt:winapi_thunks.obj
 0002:00001bb0       ??_C@_1EG@DBIOJECG@?$AAe?$AAx?$AAt?$AA?9?$AAm?$AAs?$AA?9?$AAw?$AAi?$AAn?$AA?9?$AAn?$AAt?$AAu?$AAs@ 000000018002ebb0     libucrt:winapi_thunks.obj
 0002:00001c00       ??_C@_1EO@FIHMJCLF@?$AAe?$AAx?$AAt?$AA?9?$AAm?$AAs?$AA?9?$AAw?$AAi?$AAn?$AA?9?$AAn?$AAt?$AAu?$AAs@ 000000018002ec00     libucrt:winapi_thunks.obj
 0002:00001c50       ??_C@_1BC@DNHGCMLG@?$AAa?$AAd?$AAv?$AAa?$AAp?$AAi?$AA3?$AA2@ 000000018002ec50     libucrt:winapi_thunks.obj
 0002:00001c68       ??_C@_1M@OAIMIKLP@?$AAn?$AAt?$AAd?$AAl?$AAl@ 000000018002ec68     libucrt:winapi_thunks.obj
 0002:00001c80       ??_C@_1EG@DPGNFKGC@?$AAa?$AAp?$AAi?$AA?9?$AAm?$AAs?$AA?9?$AAw?$AAi?$AAn?$AA?9?$AAa?$AAp?$AAp?$AAm@ 000000018002ec80     libucrt:winapi_thunks.obj
 0002:00001cc8       ??_C@_1O@BCCLBEOE@?$AAu?$AAs?$AAe?$AAr?$AA3?$AA2@ 000000018002ecc8     libucrt:winapi_thunks.obj
 0002:00001cd8       ??_C@_1BA@IAIFMGEF@?$AAe?$AAx?$AAt?$AA?9?$AAm?$AAs?$AA?9@ 000000018002ecd8     libucrt:winapi_thunks.obj
 0002:00001cf0       ??_C@_0BA@FHFNEAED@AreFileApisANSI@ 000000018002ecf0     libucrt:winapi_thunks.obj
 0002:00001d30       ??_C@_0O@KKBNKAPF@LCMapStringEx@ 000000018002ed30     libucrt:winapi_thunks.obj
 0002:00001d48       ??_C@_0BB@HBDEELFH@LocaleNameToLCID@ 000000018002ed48     libucrt:winapi_thunks.obj
 0002:00001d60       ??_C@_0CF@OJOFEIGO@AppPolicyGetProcessTerminationM@ 000000018002ed60     libucrt:winapi_thunks.obj
 0002:00001d90       __lc_time_c                000000018002ed90     libucrt:nlsdata.obj
 0002:00002050       ??_C@_03KOEHGMDN@Sun@      000000018002f050     libucrt:nlsdata.obj
 0002:00002054       ??_C@_03PDAGKDH@Mon@       000000018002f054     libucrt:nlsdata.obj
 0002:00002058       ??_C@_03NAGEINEP@Tue@      000000018002f058     libucrt:nlsdata.obj
 0002:0000205c       ??_C@_03MHOMLAJA@Wed@      000000018002f05c     libucrt:nlsdata.obj
 0002:00002060       ??_C@_03IOFIKPDN@Thu@      000000018002f060     libucrt:nlsdata.obj
 0002:00002064       ??_C@_03IDIOELNC@Fri@      000000018002f064     libucrt:nlsdata.obj
 0002:00002068       ??_C@_03FEFJNEK@Sat@       000000018002f068     libucrt:nlsdata.obj
 0002:0000206c       ??_C@_06OOPIFAJ@Sunday@    000000018002f06c     libucrt:nlsdata.obj
 0002:00002074       ??_C@_06JLEDEDGH@Monday@   000000018002f074     libucrt:nlsdata.obj
 0002:00002080       ??_C@_07BAAGCFCM@Tuesday@  000000018002f080     libucrt:nlsdata.obj
 0002:00002088       ??_C@_09DLIGFAKA@Wednesday@ 000000018002f088     libucrt:nlsdata.obj
 0002:00002098       ??_C@_08HACCIKIA@Thursday@ 000000018002f098     libucrt:nlsdata.obj
 0002:000020a4       ??_C@_06JECMNKMI@Friday@   000000018002f0a4     libucrt:nlsdata.obj
 0002:000020b0       ??_C@_08INBOOONO@Saturday@ 000000018002f0b0     libucrt:nlsdata.obj
 0002:000020bc       ??_C@_03JIHJHPIE@Jan@      000000018002f0bc     libucrt:nlsdata.obj
 0002:000020c0       ??_C@_03HJBDCHOM@Feb@      000000018002f0c0     libucrt:nlsdata.obj
 0002:000020c4       ??_C@_03ODNJBKGA@Mar@      000000018002f0c4     libucrt:nlsdata.obj
 0002:000020c8       ??_C@_03LEOLGMJP@Apr@      000000018002f0c8     libucrt:nlsdata.obj
 0002:000020cc       ??_C@_03CNMDKL@May@        000000018002f0cc     libucrt:nlsdata.obj
 0002:000020d0       ??_C@_03IDFGHECI@Jun@      000000018002f0d0     libucrt:nlsdata.obj
 0002:000020d4       ??_C@_03LBGABGKK@Jul@      000000018002f0d4     libucrt:nlsdata.obj
 0002:000020d8       ??_C@_03IFJFEIGA@Aug@      000000018002f0d8     libucrt:nlsdata.obj
 0002:000020dc       ??_C@_03GGCAPAJC@Sep@      000000018002f0dc     libucrt:nlsdata.obj
 0002:000020e0       ??_C@_03BMAOKBAD@Oct@      000000018002f0e0     libucrt:nlsdata.obj
 0002:000020e4       ??_C@_03JPJOFNIA@Nov@      000000018002f0e4     libucrt:nlsdata.obj
 0002:000020e8       ??_C@_03MKABNOCG@Dec@      000000018002f0e8     libucrt:nlsdata.obj
 0002:000020f0       ??_C@_07CGJPFGJA@January@  000000018002f0f0     libucrt:nlsdata.obj
 0002:000020f8       ??_C@_08GNJGEPFN@February@ 000000018002f0f8     libucrt:nlsdata.obj
 0002:00002104       ??_C@_05HPCKOFNC@March@    000000018002f104     libucrt:nlsdata.obj
 0002:0000210c       ??_C@_05DMJDNLEJ@April@    000000018002f10c     libucrt:nlsdata.obj
 0002:00002114       ??_C@_04CNLMGBGM@June@     000000018002f114     libucrt:nlsdata.obj
 0002:0000211c       ??_C@_04MIEPOIFP@July@     000000018002f11c     libucrt:nlsdata.obj
 0002:00002124       ??_C@_06LBBHFDDG@August@   000000018002f124     libucrt:nlsdata.obj
 0002:00002130       ??_C@_09BHHEALKD@September@ 000000018002f130     libucrt:nlsdata.obj
 0002:00002140       ??_C@_07JJNFCEND@October@  000000018002f140     libucrt:nlsdata.obj
 0002:00002148       ??_C@_08HCHEGEOA@November@ 000000018002f148     libucrt:nlsdata.obj
 0002:00002158       ??_C@_08EDHMEBNP@December@ 000000018002f158     libucrt:nlsdata.obj
 0002:00002164       ??_C@_02DEDBPAFC@AM@       000000018002f164     libucrt:nlsdata.obj
 0002:00002168       ??_C@_02CJNFDJBF@PM@       000000018002f168     libucrt:nlsdata.obj
 0002:00002170       ??_C@_08BPBNCDIB@MM?1dd?1yy@ 000000018002f170     libucrt:nlsdata.obj
 0002:00002180       ??_C@_0BE@CKGJFCPC@dddd?0?5MMMM?5dd?0?5yyyy@ 000000018002f180     libucrt:nlsdata.obj
 0002:00002198       ??_C@_08JCCMCCIL@HH?3mm?3ss@ 000000018002f198     libucrt:nlsdata.obj
 0002:000021a8       ??_C@_17MBGCMIPB@?$AAS?$AAu?$AAn@ 000000018002f1a8     libucrt:nlsdata.obj
 0002:000021b0       ??_C@_17KBOMKBF@?$AAM?$AAo?$AAn@ 000000018002f1b0     libucrt:nlsdata.obj
 0002:000021b8       ??_C@_17BMKGEGOJ@?$AAT?$AAu?$AAe@ 000000018002f1b8     libucrt:nlsdata.obj
 0002:000021c0       ??_C@_17CJEDCEPE@?$AAW?$AAe?$AAd@ 000000018002f1c0     libucrt:nlsdata.obj
 0002:000021c8       ??_C@_17PDPHAADD@?$AAT?$AAh?$AAu@ 000000018002f1c8     libucrt:nlsdata.obj
 0002:000021d0       ??_C@_17HFOLPPLP@?$AAF?$AAr?$AAi@ 000000018002f1d0     libucrt:nlsdata.obj
 0002:000021d8       ??_C@_17GGIBDPIH@?$AAS?$AAa?$AAt@ 000000018002f1d8     libucrt:nlsdata.obj
 0002:000021e0       ??_C@_1O@IHNHDHPB@?$AAS?$AAu?$AAn?$AAd?$AAa?$AAy@ 000000018002f1e0     libucrt:nlsdata.obj
 0002:000021f0       ??_C@_1O@MMNBFLIA@?$AAM?$AAo?$AAn?$AAd?$AAa?$AAy@ 000000018002f1f0     libucrt:nlsdata.obj
 0002:00002200       ??_C@_1BA@ENFBFFEK@?$AAT?$AAu?$AAe?$AAs?$AAd?$AAa?$AAy@ 000000018002f200     libucrt:nlsdata.obj
 0002:00002210       ??_C@_1BE@EBOGMDOH@?$AAW?$AAe?$AAd?$AAn?$AAe?$AAs?$AAd?$AAa?$AAy@ 000000018002f210     libucrt:nlsdata.obj
 0002:00002228       ??_C@_1BC@HHMNLIHE@?$AAT?$AAh?$AAu?$AAr?$AAs?$AAd?$AAa?$AAy@ 000000018002f228     libucrt:nlsdata.obj
 0002:00002240       ??_C@_1O@PDICJHAG@?$AAF?$AAr?$AAi?$AAd?$AAa?$AAy@ 000000018002f240     libucrt:nlsdata.obj
 0002:00002250       ??_C@_1BC@ENMNNPAJ@?$AAS?$AAa?$AAt?$AAu?$AAr?$AAd?$AAa?$AAy@ 000000018002f250     libucrt:nlsdata.obj
 0002:00002268       ??_C@_17DKNBKCHM@?$AAJ?$AAa?$AAn@ 000000018002f268     libucrt:nlsdata.obj
 0002:00002270       ??_C@_17LMDJEKJN@?$AAF?$AAe?$AAb@ 000000018002f270     libucrt:nlsdata.obj
 0002:00002278       ??_C@_17CKNLEDEC@?$AAM?$AAa?$AAr@ 000000018002f278     libucrt:nlsdata.obj
 0002:00002280       ??_C@_17LFPOIHDD@?$AAA?$AAp?$AAr@ 000000018002f280     libucrt:nlsdata.obj
 0002:00002288       ??_C@_17PNNKMEED@?$AAM?$AAa?$AAy@ 000000018002f288     libucrt:nlsdata.obj
 0002:00002290       ??_C@_17KCJGOCPB@?$AAJ?$AAu?$AAn@ 000000018002f290     libucrt:nlsdata.obj
 0002:00002298       ??_C@_17IJPCKHK@?$AAJ?$AAu?$AAl@ 000000018002f298     libucrt:nlsdata.obj
 0002:000022a0       ??_C@_17ICPELBCN@?$AAA?$AAu?$AAg@ 000000018002f2a0     libucrt:nlsdata.obj
 0002:000022a8       ??_C@_17HCHCOKMG@?$AAS?$AAe?$AAp@ 000000018002f2a8     libucrt:nlsdata.obj
 0002:000022b0       ??_C@_17FNLKOI@?$AAO?$AAc?$AAt@ 000000018002f2b0     libucrt:nlsdata.obj
 0002:000022b8       ??_C@_17BBDMLCIG@?$AAN?$AAo?$AAv@ 000000018002f2b8     libucrt:nlsdata.obj
 0002:000022c0       ??_C@_17EGKACKIF@?$AAD?$AAe?$AAc@ 000000018002f2c0     libucrt:nlsdata.obj
 0002:000022c8       ??_C@_1BA@EFMEIEBA@?$AAJ?$AAa?$AAn?$AAu?$AAa?$AAr?$AAy@ 000000018002f2c8     libucrt:nlsdata.obj
 0002:000022d8       ??_C@_1BC@JGDDFFAM@?$AAF?$AAe?$AAb?$AAr?$AAu?$AAa?$AAr?$AAy@ 000000018002f2d8     libucrt:nlsdata.obj
 0002:000022f0       ??_C@_1M@IKEENEDF@?$AAM?$AAa?$AAr?$AAc?$AAh@ 000000018002f2f0     libucrt:nlsdata.obj
 0002:00002300       ??_C@_1M@GJNLMHFD@?$AAA?$AAp?$AAr?$AAi?$AAl@ 000000018002f300     libucrt:nlsdata.obj
 0002:00002310       ??_C@_19EPFLPGAP@?$AAJ?$AAu?$AAn?$AAe@ 000000018002f310     libucrt:nlsdata.obj
 0002:00002320       ??_C@_19BIFMLPCD@?$AAJ?$AAu?$AAl?$AAy@ 000000018002f320     libucrt:nlsdata.obj
 0002:00002330       ??_C@_1O@PAHLKOAC@?$AAA?$AAu?$AAg?$AAu?$AAs?$AAt@ 000000018002f330     libucrt:nlsdata.obj
 0002:00002340       ??_C@_1BE@DKAAMBJL@?$AAS?$AAe?$AAp?$AAt?$AAe?$AAm?$AAb?$AAe?$AAr@ 000000018002f340     libucrt:nlsdata.obj
 0002:00002358       ??_C@_1BA@EPANDLNG@?$AAO?$AAc?$AAt?$AAo?$AAb?$AAe?$AAr@ 000000018002f358     libucrt:nlsdata.obj
 0002:00002368       ??_C@_1BC@BGLIFPF@?$AAN?$AAo?$AAv?$AAe?$AAm?$AAb?$AAe?$AAr@ 000000018002f368     libucrt:nlsdata.obj
 0002:00002380       ??_C@_1BC@FEMKIFH@?$AAD?$AAe?$AAc?$AAe?$AAm?$AAb?$AAe?$AAr@ 000000018002f380     libucrt:nlsdata.obj
 0002:00002394       ??_C@_15ODEHAHHF@?$AAA?$AAM@ 000000018002f394     libucrt:nlsdata.obj
[...]
 0002:0000a76c       $unwind$??$?RV<lambda_f2e299630e499de9f9a165e60fcd3db5>@@AEAV<lambda_2ae9d31cdba2644fcbeaf08da7c24588>@@V<lambda_40d01ff24d0e7b3814fdbdcee8eab3c7>@@@?$__crt_seh_guarded_call@X@@QEAAX$$QEAV<lambda_f2e299630e499de9f9a165e60fcd3db5>@@AEAV<lambda_2ae9d31cdba2644fcbeaf08da7c24588>@@$$QEAV<lambda_40d01ff24d0e7b3814fdbdcee8eab3c7>@@@Z 000000018003776c     libucrt:per_thread_data.obj
 0002:0000a790       $unwind$??$?RV<lambda_2d41944a1d46af3157314b8a01080d33>@@AEAV<lambda_8f455de75cd7d7f24b4096f044d8b9e6>@@V<lambda_aa500f224e6afead328df44964fe2772>@@@?$__crt_seh_guarded_call@X@@QEAAX$$QEAV<lambda_2d41944a1d46af3157314b8a01080d33>@@AEAV<lambda_8f455de75cd7d7f24b4096f044d8b9e6>@@$$QEAV<lambda_aa500f224e6afead328df44964fe2772>@@@Z 0000000180037790     libucrt:per_thread_data.obj
 0002:0000a7b4       $unwind$_invalid_parameter_noinfo 00000001800377b4     libucrt:invalid_parameter.obj
 0002:0000a7b4       $unwind$_log10_special     00000001800377b4     libucrt:log_special.obj
 0002:0000a7bc       $unwind$__acrt_call_reportfault 00000001800377bc     libucrt:invalid_parameter.obj
 0002:0000a7dc       $unwind$??$__acrt_mbs_to_wcs_cp@U__crt_win32_buffer_internal_dynamic_resizing@@@@YAHQEBDAEAV?$__crt_win32_buffer@_WU__crt_win32_buffer_internal_dynamic_resizing@@@@I@Z 00000001800377dc     libucrt:argv_wildcards.obj
 0002:0000a7f4       $unwind$__dcrt_get_narrow_environment_from_os 00000001800377f4     libucrt:get_environment_from_os.obj
 0002:0000a7f4       $unwind$??$__acrt_wcs_to_mbs_cp@U__crt_win32_buffer_internal_dynamic_resizing@@@@YAHQEB_WAEAV?$__crt_win32_buffer@DU__crt_win32_buffer_internal_dynamic_resizing@@@@I@Z 00000001800377f4     libucrt:argv_wildcards.obj
 0002:0000a80c       $unwind$??$common_expand_argv_wildcards@D@@YAHQEAPEADQEAPEAPEAD@Z 000000018003780c     libucrt:argv_wildcards.obj
 0002:0000a824       $unwind$??$copy_and_add_argument_to_buffer@D@@YAHQEBD0_KAEAV?$argument_list@D@?A0x5f5c8891@@@Z 0000000180037824     libucrt:argv_wildcards.obj
 0002:0000a840       $unwind$??$expand_argument_wildcards@D@@YAHQEAD0AEAV?$argument_list@D@?A0x5f5c8891@@@Z 0000000180037840     libucrt:argv_wildcards.obj
 0002:0000a864       $unwind$__acrt_GetModuleFileNameA 0000000180037864     libucrt:getmodulefilenamea.obj
 0002:0000a880       $unwind$__dcrt_write_console 0000000180037880     libucrt:initcon.obj
 0002:0000a880       $unwind$??$__acrt_wcs_to_mbs_cp@U__crt_win32_buffer_no_resizing@@@@YAHQEB_WAEAV?$__crt_win32_buffer@DU__crt_win32_buffer_no_resizing@@@@I@Z 0000000180037880     libucrt:getmodulefilenamea.obj
 0002:0000a894       $unwind$_setmbcp_nolock    0000000180037894     libucrt:mbctype.obj
 0002:0000a8b4       $unwind$__dcrt_lowio_ensure_console_output_initialized 00000001800378b4     libucrt:initcon.obj
 0002:0000a8b4       $unwind$_isleadbyte_l      00000001800378b4     libucrt:_wctype.obj
 0002:0000a8b4       $unwind$?getSystemCP@@YAHH@Z 00000001800378b4     libucrt:mbctype.obj
 0002:0000a8bc       $unwind$?update_thread_multibyte_data_internal@@YAPEAU__crt_multibyte_data@@QEAU__acrt_ptd@@QEAPEAU1@@Z 00000001800378bc     libucrt:mbctype.obj
 0002:0000a8e4       $unwind$?setmbcp_internal@@YAHH_NQEAU__acrt_ptd@@QEAPEAU__crt_multibyte_data@@@Z 00000001800378e4     libucrt:mbctype.obj
 0002:0000a8f4       $unwind$?setSBUpLow@@YAXPEAU__crt_multibyte_data@@@Z 00000001800378f4     libucrt:mbctype.obj
 0002:0000a910       $unwind$??$?RV<lambda_efdfa57d1f175319df784efa44bb7b81>@@AEAV<lambda_5f0a4c1567f8adc6734073e5d1e1b35c>@@V<lambda_2e8a7d3640ea6ccb4c2413664c2db6fd>@@@?$__crt_seh_guarded_call@X@@QEAAX$$QEAV<lambda_efdfa57d1f175319df784efa44bb7b81>@@AEAV<lambda_5f0a4c1567f8adc6734073e5d1e1b35c>@@$$QEAV<lambda_2e8a7d3640ea6ccb4c2413664c2db6fd>@@@Z 0000000180037910     libucrt:mbctype.obj
 0002:0000a934       $unwind$?x_ismbbtype_l@@YAHPEAU__crt_locale_pointers@@IHH@Z 0000000180037934     libucrt:ismbbyte.obj
 0002:0000a944       $unwind$__GSHandlerCheckCommon 0000000180037944     LIBCMT:gshandler.obj
 0002:0000a944       $unwind$__acrt_WideCharToMultiByte 0000000180037944     libucrt:widechartomultibyte.obj
 0002:0000a94c       $unwind$__acrt_initialize_winapi_thunks 000000018003794c     libucrt:winapi_thunks.obj
 0002:0000a954       $unwind$_mbtowc_l          0000000180037954     libucrt:mbtowc.obj
 0002:0000a954       $unwind$__acrt_LCMapStringEx 0000000180037954     libucrt:winapi_thunks.obj
 0002:0000a968       $unwind$__acrt_initialize_lowio 0000000180037968     libucrt:ioinit.obj
 0002:0000a988       $unwind$?initialize_inherited_file_handles_nolock@@YAXXZ 0000000180037988     libucrt:ioinit.obj
 0002:0000a9a4       $unwind$_query_new_handler 00000001800379a4     libucrt:new_handler.obj
 0002:0000a9c4       $unwind$__acrt_uninitialize_locale 00000001800379c4     libucrt:wsetlocale.obj
 0002:0000a9c4       $unwind$__acrt_get_sigabrt_handler 00000001800379c4     libucrt:signal.obj
 0002:0000a9cc       $unwind$raise              00000001800379cc     libucrt:signal.obj
 0002:0000aa08       $unwind$??$?RV<lambda_450d765d439847d4c735a33c368b5fc0>@@AEAV<lambda_44731a7d0e6d81c3e6aa82d741081786>@@V<lambda_601a2a7da3b7a96e9554ac7215c4b07c>@@@?$__crt_seh_guarded_call@P6AXH@Z@@QEAAP6AXH@Z$$QEAV<lambda_450d765d439847d4c735a33c368b5fc0>@@AEAV<lambda_44731a7d0e6d81c3e6aa82d741081786>@@$$QEAV<lambda_601a2a7da3b7a96e9554ac7215c4b07c>@@@Z 0000000180037a08     libucrt:signal.obj
 0002:0000aa2c       $unwind$?common_flush_all@@YAH_N@Z 0000000180037a2c     libucrt:fflush.obj
 0002:0000aa34       $unwind$??$?RV<lambda_842d9ff0dc9ef11c61343bbaebe7f885>@@AEAV<lambda_c5860995281e5c4ce005b3de8f5874ee>@@V<lambda_d90129c13df834fdcbf8d2b88dafcf2d>@@@?$__crt_seh_guarded_call@X@@QEAAX$$QEAV<lambda_842d9ff0dc9ef11c61343bbaebe7f885>@@AEAV<lambda_c5860995281e5c4ce005b3de8f5874ee>@@$$QEAV<lambda_d90129c13df834fdcbf8d2b88dafcf2d>@@@Z 0000000180037a34     libucrt:fflush.obj
 0002:0000aa58       $unwind$??$?RV<lambda_886d6c58226a84441f68b9f2b8217b83>@@AEAV<lambda_ab61a845afdef5b7c387490eaf3616ee>@@V<lambda_f7f22ab5edc0698d5f6905b0d3f44752>@@@?$__crt_seh_guarded_call@X@@QEAAX$$QEAV<lambda_886d6c58226a84441f68b9f2b8217b83>@@AEAV<lambda_ab61a845afdef5b7c387490eaf3616ee>@@$$QEAV<lambda_f7f22ab5edc0698d5f6905b0d3f44752>@@@Z 0000000180037a58     libucrt:fflush.obj
 0002:0000aa80       $unwind$??$?RV<lambda_410d79af7f07d98d83a3f525b3859a53>@@AEAV<lambda_3e16ef9562a7dcce91392c22ab16ea36>@@V<lambda_38119f0e861e05405d8a144b9b982f0a>@@@?$__crt_seh_guarded_call@X@@QEAAX$$QEAV<lambda_410d79af7f07d98d83a3f525b3859a53>@@AEAV<lambda_3e16ef9562a7dcce91392c22ab16ea36>@@$$QEAV<lambda_38119f0e861e05405d8a144b9b982f0a>@@@Z 0000000180037a80     libucrt:wsetlocale.obj
 0002:0000aaa8       $unwind$__acrt_update_thread_locale_data 0000000180037aa8     libucrt:locale_refcounting.obj
 0002:0000aacc       $unwind$qsort              0000000180037acc     libucrt:qsort.obj
 0002:0000aae4       $chain$4$qsort             0000000180037ae4     libucrt:qsort.obj
 0002:0000ab08       $chain$5$qsort             0000000180037b08     libucrt:qsort.obj
 0002:0000ab18       $unwind$fallbackMethod     0000000180037b18     libucrt:strpbrk.obj
 0002:0000ab28       $unwind$_mbsdec_l          0000000180037b28     libucrt:mbsdec.obj
 0002:0000ab34       $unwind$__acrt_GetStringTypeA 0000000180037b34     libucrt:getstringtypea.obj
 0002:0000ab5c       $unwind$__acrt_LCMapStringA 0000000180037b5c     libucrt:lcmapstringa.obj
 0002:0000ab6c       $unwind$?__acrt_LCMapStringA_stat@@YAHPEAU__crt_locale_pointers@@PEB_WKPEBDHPEADHHH@Z 0000000180037b6c     libucrt:lcmapstringa.obj
 0002:0000ab94       $unwind$__acrt_lowio_destroy_handle_array 0000000180037b94     libucrt:osfinfo.obj
 0002:0000aba4       $unwind$__acrt_lowio_ensure_fh_exists 0000000180037ba4     libucrt:osfinfo.obj
 0002:0000abd0       $unwind$_close             0000000180037bd0     libucrt:close.obj
 0002:0000abd0       $unwind$_commit            0000000180037bd0     libucrt:commit.obj
 0002:0000abd8       $unwind$??$?RV<lambda_a37b2b86f63e897a80ea819b0eb08c01>@@AEAV<lambda_38ce7e780aa69e748d6df282ebc68efe>@@V<lambda_99fb1378e971ab6e7edea83e3a7a83a2>@@@?$__crt_seh_guarded_call@H@@QEAAH$$QEAV<lambda_a37b2b86f63e897a80ea819b0eb08c01>@@AEAV<lambda_38ce7e780aa69e748d6df282ebc68efe>@@$$QEAV<lambda_99fb1378e971ab6e7edea83e3a7a83a2>@@@Z 0000000180037bd8     libucrt:commit.obj
 0002:0000abfc       $unwind$_write             0000000180037bfc     libucrt:write.obj
 0002:0000ac2c       $unwind$_write_nolock      0000000180037c2c     libucrt:write.obj
 0002:0000ac44       $unwind$?write_double_translated_ansi_nolock@@YA?AUwrite_result@?A0x17268360@@HQEBDI@Z 0000000180037c44     libucrt:write.obj
 0002:0000ac68       $unwind$?write_text_ansi_nolock@@YA?AUwrite_result@?A0x17268360@@HQEBDI@Z 0000000180037c68     libucrt:write.obj
 0002:0000ac68       $unwind$?write_text_utf16le_nolock@@YA?AUwrite_result@?A0x17268360@@HQEBDI@Z 0000000180037c68     libucrt:write.obj
 0002:0000ac88       $unwind$?write_text_utf8_nolock@@YA?AUwrite_result@?A0x17268360@@HQEBDI@Z 0000000180037c88     libucrt:write.obj
 0002:0000acac       $unwind$_fcloseall         0000000180037cac     libucrt:closeall.obj
 0002:0000acd0       $unwind$?__mbrtowc_utf8@__crt_mbstring@@YA_KPEA_WPEBD_KPEAU_Mbstatet@@@Z 0000000180037cd0     libucrt:mbrtowc.obj
 0002:0000acd8       $unwind$?__mbsrtowcs_utf8@__crt_mbstring@@YA_KPEA_WPEAPEBD_KPEAU_Mbstatet@@@Z 0000000180037cd8     libucrt:mbrtowc.obj
 0002:0000acf0       $unwind$__acrt_locale_free_monetary 0000000180037cf0     libucrt:initmon.obj
 0002:0000acf8       $unwind$__acrt_locale_free_time 0000000180037cf8     libucrt:inittime.obj
 0002:0000ad08       $unwind$_putwch_nolock     0000000180037d08     libucrt:putwch.obj
 0002:0000ad10       $unwind$fclose             0000000180037d10     libucrt:fclose.obj
 0002:0000ad34       $unwind$?__mbrtoc32_utf8@__crt_mbstring@@YA_KPEA_UPEBD_KPEAU_Mbstatet@@@Z 0000000180037d34     libucrt:mbrtoc32.obj
 0002:0000ad50       $xdatasym                  0000000180037d50     libucrt:log10.obj
 0002:0000ad5c       $unwind$??$?RV<lambda_751a882b2c74d4b022dec766aa51a29a>@@AEAV<lambda_628dfdc04ba53c8bfc02c9951375f3f5>@@V<lambda_f6c7be5f7998530c34de24c7437d6b54>@@@?$__crt_seh_guarded_call@H@@QEAAH$$QEAV<lambda_751a882b2c74d4b022dec766aa51a29a>@@AEAV<lambda_628dfdc04ba53c8bfc02c9951375f3f5>@@$$QEAV<lambda_f6c7be5f7998530c34de24c7437d6b54>@@@Z 0000000180037d5c     libucrt:close.obj
 0002:0000ad80       $unwind$_call_matherr      0000000180037d80     libucrt:libm_error.obj
 0002:0000ad88       $unwind$_handle_error      0000000180037d88     libucrt:libm_error.obj
 0002:0000ada8       $unwind$__acrt_initialize_fma3 0000000180037da8     libucrt:fma3_available.obj
 0002:0000adb0       $unwind$_log_special_common 0000000180037db0     libucrt:log_special.obj
 0002:0000adc0       $xdatasym                  0000000180037dc0     libucrt:fpsr.obj
 0002:0000adc8       $unwind$_raise_exc         0000000180037dc8     libucrt:fpexcept.obj
 0002:0000add0       $unwind$_raise_exc_ex      0000000180037dd0     libucrt:fpexcept.obj
 0002:0000ade4       $unwind$_ctrlfp            0000000180037de4     libucrt:fpctrl.obj
 0002:0000ae10       $xdatasym                  0000000180037e10     LIBCMT:amdsecgs.obj
 0002:0000ae14       $unwind$_IsNonwritableInCurrentImage 0000000180037e14     LIBCMT:pesect.obj
 0002:0000ae38       $unwind$__report_securityfailure 0000000180037e38     LIBCMT:gs_report.obj
 0002:0000ae40       $unwind$__report_gsfailure 0000000180037e40     LIBCMT:gs_report.obj
 0002:0000ae48       $unwind$capture_current_context 0000000180037e48     LIBCMT:gs_report.obj
 0002:0000ae54       $unwind$capture_previous_context 0000000180037e54     LIBCMT:gs_report.obj
 0002:0000ae60       $xdatasym                  0000000180037e60     LIBCMT:chkstk.obj
 0002:0000ae68       $xdatasym                  0000000180037e68     libvcruntime:memcmp.obj
 0002:0000af00       .edata                     0000000180037f00     AdvCmpEx.exp
 0002:0000af28       rgpv                       0000000180037f28     AdvCmpEx.exp
 0002:0000af3c       rgszName                   0000000180037f3c     AdvCmpEx.exp
 0002:0000af50       rgwOrd                     0000000180037f50     AdvCmpEx.exp
 0002:0000af5a       szName                     0000000180037f5a     AdvCmpEx.exp
 0002:0000af67       $N00001                    0000000180037f67     AdvCmpEx.exp
 0002:0000af70       $N00002                    0000000180037f70     AdvCmpEx.exp
 0002:0000af7f       $N00003                    0000000180037f7f     AdvCmpEx.exp
 0002:0000af8e       $N00004                    0000000180037f8e     AdvCmpEx.exp
 0002:0000af94       $N00005                    0000000180037f94     AdvCmpEx.exp
 0002:0000b648       .idata$6                   0000000180038648     kernel32:KERNEL32.dll
 0002:0000b674       .idata$6                   0000000180038674     user32:USER32.dll
 0002:0000b6b8       .idata$6                   00000001800386b8     shell32:SHELL32.dll
 0003:00000030       ?__vcrt_flsindex@@3KA      0000000180039030     libvcruntime:per_thread_data.obj
 0003:00000050       ?__acrt_flsindex@@3KA      0000000180039050     libucrt:per_thread_data.obj
 0003:00000054       ?errno_no_memory@@3HA      0000000180039054     libucrt:errno.obj
 0003:00000058       ?doserrno_no_memory@@3KA   0000000180039058     libucrt:errno.obj
 0003:00000290       _mbctypes                  0000000180039290     libucrt:mbctype.obj
 0003:000003a0       _mbcasemaps                00000001800393a0     libucrt:mbctype.obj
 0003:000004a0       ?__rgctypeflag@@3PADA      00000001800394a0     libucrt:mbctype.obj
 0003:000004b0       ?__rgcode_page_info@@3PAUcode_page_info@@A 00000001800394b0     libucrt:mbctype.obj
 0003:000009c0       ?__dcrt_lowio_console_output_handle@@3PEAXEA 00000001800399c0     libucrt:initcon.obj
 0003:000009d0       ?dazSupported@?1??_ctrlfp@@9@9 00000001800399d0     libucrt:fpctrl.obj
 0003:00000f10       ?iCounter@?CJ@??CompareDirs@AdvCmpProc@@QEAA_NPEBUDirList@@0_NH@Z@4HA 0000000180039f10     AdvCmpProc.cpp.obj
 0003:00000f90       ?__proc_attached@@3HA      0000000180039f90     LIBCMT:dll_dllmain.obj
 0003:00000fd0       ?is_initialized_as_dll@@3_NA 0000000180039fd0     LIBCMT:utility.obj
 0003:00000fd1       ?module_local_atexit_table_initialized@@3_NA 0000000180039fd1     LIBCMT:utility.obj
 0003:00000fd8       ?module_local_atexit_table@@3U_onexit_table_t@@A 0000000180039fd8     LIBCMT:utility.obj
 0003:00000ff0       ?module_local_at_quick_exit_table@@3U_onexit_table_t@@A 0000000180039ff0     LIBCMT:utility.obj
 0003:00001030       ?__vcrt_startup_thread_ptd@@3U__vcrt_ptd@@A 000000018003a030     libvcruntime:per_thread_data.obj
 0003:000010f0       ?heap@@3V_HeapManager@@A   000000018003a0f0     libvcruntime:undname.obj
 0003:00001118       __vcrt_lock_table          000000018003a118     libvcruntime:locks.obj
 0003:00001140       __vcrt_locks_initialized   000000018003a140     libvcruntime:locks.obj
 0003:00001148       ?module_handles@@3PAPEAUHINSTANCE__@@A 000000018003a148     libvcruntime:winapi_downlevel.obj
 0003:00001160       ?function_pointers@@3PAPEAXA 000000018003a160     libvcruntime:winapi_downlevel.obj
 0003:00001190       ?c_termination_complete@@3JA 000000018003a190     libucrt:exit.obj
 0003:00001198       ?thread_local_exit_callback_func@@3P6AXPEAXK0@ZEA 000000018003a198     libucrt:exit.obj
 0003:000011b0       ?program_name@?1???$common_configure_argv@D@@YAHW4_crt_argv_mode@@@Z@4PADA 000000018003a1b0     libucrt:argv_parsing.obj
 0003:00001310       ?__acrt_lock_table@@3PAU_RTL_CRITICAL_SECTION@@A 000000018003a310     libucrt:locks.obj
 0003:00001540       ?__acrt_locks_initialized@@3IA 000000018003a540     libucrt:locks.obj
 0003:00001548       ?__acrt_invalid_parameter_handler@@3V?$dual_state_global@P6AXPEB_W00I_K@Z@__crt_state_management@@A 000000018003a548     libucrt:invalid_parameter.obj
 0003:00001568       ?fSystemSet@@3HA           000000018003a568     libucrt:mbctype.obj
 0003:0000156c       ?initialized@?1??__acrt_initialize_multibyte@@9@4_NA 000000018003a56c     libucrt:mbctype.obj
 0003:000015a0       ?module_handles@@3PAPEAUHINSTANCE__@@A 000000018003a5a0     libucrt:winapi_thunks.obj
 0003:00001640       ?encoded_function_pointers@@3PAPEAXA 000000018003a640     libucrt:winapi_thunks.obj
 0003:00001b68       ?__acrt_new_handler@@3V?$dual_state_global@P6AH_K@Z@__crt_state_management@@A 000000018003ab68     libucrt:new_handler.obj
 0003:00001b70       ?ctrlc_action@@3V?$dual_state_global@P6AXH@Z@__crt_state_management@@A 000000018003ab70     libucrt:signal.obj
 0003:00001b78       ?ctrlbreak_action@@3V?$dual_state_global@P6AXH@Z@__crt_state_management@@A 000000018003ab78     libucrt:signal.obj
 0003:00001b80       ?abort_action@@3V?$dual_state_global@P6AXH@Z@__crt_state_management@@A 000000018003ab80     libucrt:signal.obj
 0003:00001b88       ?term_action@@3V?$dual_state_global@P6AXH@Z@__crt_state_management@@A 000000018003ab88     libucrt:signal.obj
 0003:00001b90       ?user_matherr@@3V?$dual_state_global@P6AHPEAU_exception@@@Z@__crt_state_management@@A 000000018003ab90     libucrt:matherr.obj
 0003:00001bc0       ?internal_state@?1??_mbtowc_l@@9@4U_Mbstatet@@A 000000018003abc0     libucrt:mbtowc.obj
 0003:00001bcc       ?__acrt_global_new_mode@@3V?$dual_state_global@J@__crt_state_management@@A 000000018003abcc     libucrt:new_mode.obj
 0003:00001bd8       ?__acrt_app_type@@3W4_crt_app_type@@A 000000018003abd8     libucrt:report_runtime_error.obj
 0003:00001be0       ?internal_pst@?1??__mbrtoc32_utf8@__crt_mbstring@@YA_KPEA_UPEBD_KPEAU_Mbstatet@@@Z@4U3@A 000000018003abe0     libucrt:mbrtoc32.obj
 0003:00001bf0       GS_ExceptionRecord         000000018003abf0     LIBCMT:gs_report.obj
 0003:00001c90       GS_ContextRecord           000000018003ac90     LIBCMT:gs_report.obj
 0003:000227b0       ?PluginMenuStrings@?1??GetPluginInfoW@@9@4PAPEB_WA 000000018005b7b0     AdvCmp.cpp.obj
 0003:000227b8       ?buf@?BF@??ShowOptDialog@AdvCmpDlgOpt@@QEAAHXZ@4PA_WA 000000018005b7b8     AdvCmpDlgOpt.cpp.obj
 0003:000227c8       ?buf@?BB@??ShowOptDialog@AdvCmpDlgOpt@@QEAAHXZ@4PA_WA 000000018005b7c8     AdvCmpDlgOpt.cpp.obj
 0003:000227d8       ?buf@?N@??ShowOptDialog@AdvCmpDlgOpt@@QEAAHXZ@4PA_WA 000000018005b7d8     AdvCmpDlgOpt.cpp.obj
 0003:00022800       ?dwTicks@?4??ShowSyncMsg@@YAXPEB_W0_K1_N@Z@4KA 000000018005b800     AdvCmpProc.cpp.obj
 0003:00022810       ?Title@?4??SetBottom@@YAXPEAXPEAUdupFileList@@PEAUdupFile@@@Z@4PA_WA 000000018005b810     AdvCmpProc.cpp.obj
 0003:00022a18       ?dwTicks@?1??CheckForEsc@@YA_NXZ@4KA 000000018005ba18     AdvCmpProc.cpp.obj
 0003:00022a20       ?TableCRC@?1??ProcessCRC@AdvCmpProc@@AEAAKPEAXHK@Z@4PAIA 000000018005ba20     AdvCmpProc.cpp.obj
 0003:00022e20       ?dwTicks@?4??ShowCmpMsg@AdvCmpProc@@AEAAXPEB_W000_N@Z@4KA 000000018005be20     AdvCmpProc.cpp.obj
 0003:00022e24       ?dwTicks@?4??ShowDupMsg@AdvCmpProc@@AEAAXPEB_W0_N@Z@4KA 000000018005be24     AdvCmpProc.cpp.obj
 0003:00022e30       ?Title@?1??SetBottom@@YAXPEAXPEAUcmpFileList@@PEA_W@Z@4PA_WA 000000018005be30     AdvCmpProc.cpp.obj
 0003:00023040       ?Bottom@?4??SetBottom@@YAXPEAXPEAUdupFileList@@PEAUdupFile@@@Z@4PA_WA 000000018005c040     AdvCmpProc.cpp.obj
 0003:00023250       ?Bottom@?1??SetBottom@@YAXPEAXPEAUcmpFileList@@PEA_W@Z@4PA_WA 000000018005c250     AdvCmpProc.cpp.obj
 0005:00000000       MsetTab                    000000018005f000     libvcruntime:memset.obj
 0005:00000050       MoveSmall                  000000018005f050     libvcruntime:memcpy.obj
 0006:00000060       $R000000                   0000000180060060     AdvCmpEx.rc.res
